<?xml version="1.0" encoding="UTF-8"?>
<testsuites>
	<testsuite name="test_app.AppTestCase-20240412155730" tests="2" file="test_app.py" time="0.084" timestamp="2024-04-12T15:57:30" failures="0" errors="0" skipped="0">
		<testcase classname="test_app.AppTestCase" name="test_app_exists" time="0.047" timestamp="2024-04-12T15:57:30" file="tests/test_app.py" line="11"/>
		<testcase classname="test_app.AppTestCase" name="test_app_is_testing" time="0.036" timestamp="2024-04-12T15:57:30" file="tests/test_app.py" line="14"/>
	</testsuite>
	<testsuite name="test_app.RouteIndexTestCase-20240412155730" tests="1" file="test_app.py" time="0.063" timestamp="2024-04-12T15:57:30" failures="0" errors="0" skipped="0">
		<testcase classname="test_app.RouteIndexTestCase" name="test_index_route" time="0.063" timestamp="2024-04-12T15:57:30" file="tests/test_app.py" line="19"/>
	</testsuite>
	<testsuite name="test_app.RouteMetaTestCase-20240412155730" tests="2" file="test_app.py" time="0.230" timestamp="2024-04-12T15:57:30" failures="0" errors="0" skipped="0">
		<testcase classname="test_app.RouteMetaTestCase" name="test_meta_healthcheck_canary_failure_db" time="0.102" timestamp="2024-04-12T15:57:30" file="tests/test_app.py" line="54"/>
		<testcase classname="test_app.RouteMetaTestCase" name="test_meta_healthcheck_canary_success" time="0.128" timestamp="2024-04-12T15:57:30" file="tests/test_app.py" line="36"/>
	</testsuite>
	<testsuite name="test_commands.ImportCommandTestCase-20240412155730" tests="3" file="test_commands.py" time="0.249" timestamp="2024-04-12T15:57:30" failures="0" errors="3" skipped="0">
		<testcase classname="test_commands.ImportCommandTestCase" name="test_import_categories_from_file" time="0.096" timestamp="2024-04-12T15:57:30" file="tests/test_commands.py" line="26">
			<error type="ProgrammingError" message="(psycopg2.errors.DuplicateObject) type &quot;project_country&quot; already exists

[SQL: CREATE TYPE project_country AS ENUM ('AFG', 'ALA', 'ALB', 'DZA', 'ASM', 'AND', 'AGO', 'AIA', 'ATA', 'ATG', 'ARG', 'ARM', 'ABW', 'AUS', 'AUT', 'AZE', 'BHS', 'BHR', 'BGD', 'BRB', 'BLR', 'BEL', 'BLZ', 'BEN', 'BMU', 'BTN', 'BOL', 'BES', 'BIH', 'BWA', 'BVT', 'BRA', 'IOT', 'BRN', 'BGR', 'BFA', 'BDI', 'KHM', 'CMR', 'CAN', 'CPV', 'CYM', 'CAF', 'TCD', 'CHL', 'CHN', 'CXR', 'CCK', 'COL', 'COM', 'COG', 'COD', 'COK', 'CRI', 'CIV', 'HRV', 'CUB', 'CUW', 'CYP', 'CZE', 'DNK', 'DJI', 'DMA', 'DOM', 'ECU', 'EGY', 'SLV', 'GNQ', 'ERI', 'EST', 'ETH', 'FLK', 'FRO', 'FJI', 'FIN', 'FRA', 'GUF', 'PYF', 'ATF', 'GAB', 'GMB', 'GEO', 'DEU', 'GHA', 'GIB', 'GRC', 'GRL', 'GRD', 'GLP', 'GUM', 'GTM', 'GGY', 'GIN', 'GNB', 'GUY', 'HTI', 'HMD', 'VAT', 'HND', 'HKG', 'HUN', 'ISL', 'IND', 'IDN', 'IRN', 'IRQ', 'IRL', 'IMN', 'ISR', 'ITA', 'JAM', 'JPN', 'JEY', 'JOR', 'KAZ', 'KEN', 'KIR', 'PRK', 'KOR', 'XKX', 'KWT', 'KGZ', 'LAO', 'LVA', 'LBN', 'LSO', 'LBR', 'LBY', 'LIE', 'LTU', 'LUX', 'MAC', 'MKD', 'MDG', 'MWI', 'MYS', 'MDV', 'MLI', 'MLT', 'MHL', 'MTQ', 'MRT', 'MUS', 'MYT', 'MEX', 'FSM', 'MDA', 'MCO', 'MNG', 'MNE', 'MSR', 'MAR', 'MOZ', 'MMR', 'NAM', 'NRU', 'NPL', 'NLD', 'NCL', 'NZL', 'NIC', 'NER', 'NGA', 'NIU', 'NFK', 'MNP', 'NOR', 'OMN', 'PAK', 'PLW', 'PSE', 'PAN', 'PNG', 'PRY', 'PER', 'PHL', 'PCN', 'POL', 'PRT', 'PRI', 'QAT', 'REU', 'ROU', 'RUS', 'RWA', 'BLM', 'SHN', 'KNA', 'LCA', 'MAF', 'SPM', 'VCT', 'WSM', 'SMR', 'STP', 'SAU', 'SEN', 'SRB', 'SYC', 'SLE', 'SGP', 'SXM', 'SVK', 'SVN', 'SLB', 'SOM', 'ZAF', 'SGS', 'SSD', 'ESP', 'LKA', 'SDN', 'SUR', 'SJM', 'SWZ', 'SWE', 'CHE', 'SYR', 'TWN', 'TJK', 'TZA', 'THA', 'TLS', 'TGO', 'TKL', 'TON', 'TTO', 'TUN', 'TUR', 'TKM', 'TCA', 'TUV', 'UGA', 'UKR', 'ARE', 'GBR', 'USA', 'UMI', 'URY', 'UZB', 'VUT', 'VEN', 'VNM', 'VGB', 'VIR', 'WLF', 'ESH', 'YEM', 'ZMB', 'ZWE')]
(Background on this error at: https://sqlalche.me/e/20/f405)"><![CDATA[Traceback (most recent call last):
  File "/usr/src/app/.venv/lib/python3.9/site-packages/sqlalchemy/engine/base.py", line 1971, in _exec_single_context
    self.dialect.do_execute(
  File "/usr/src/app/.venv/lib/python3.9/site-packages/sqlalchemy/engine/default.py", line 919, in do_execute
    cursor.execute(statement, parameters)
psycopg2.errors.DuplicateObject: type "project_country" already exists


The above exception was the direct cause of the following exception:

Traceback (most recent call last):
  File "/usr/src/app/tests/base_test.py", line 86, in setUp
    upgrade()
  File "/usr/src/app/.venv/lib/python3.9/site-packages/flask_migrate/__init__.py", line 111, in wrapped
    f(*args, **kwargs)
  File "/usr/src/app/.venv/lib/python3.9/site-packages/flask_migrate/__init__.py", line 200, in upgrade
    command.upgrade(config, revision, sql=sql, tag=tag)
  File "/usr/src/app/.venv/lib/python3.9/site-packages/alembic/command.py", line 403, in upgrade
    script.run_env()
  File "/usr/src/app/.venv/lib/python3.9/site-packages/alembic/script/base.py", line 583, in run_env
    util.load_python_file(self.dir, "env.py")
  File "/usr/src/app/.venv/lib/python3.9/site-packages/alembic/util/pyfiles.py", line 95, in load_python_file
    module = load_module_py(module_id, path)
  File "/usr/src/app/.venv/lib/python3.9/site-packages/alembic/util/pyfiles.py", line 113, in load_module_py
    spec.loader.exec_module(module)  # type: ignore
  File "<frozen importlib._bootstrap_external>", line 850, in exec_module
  File "<frozen importlib._bootstrap>", line 228, in _call_with_frames_removed
  File "migrations/env.py", line 113, in <module>
    run_migrations_online()
  File "migrations/env.py", line 107, in run_migrations_online
    context.run_migrations()
  File "<string>", line 8, in run_migrations
  File "/usr/src/app/.venv/lib/python3.9/site-packages/alembic/runtime/environment.py", line 948, in run_migrations
    self.get_context().run_migrations(**kw)
  File "/usr/src/app/.venv/lib/python3.9/site-packages/alembic/runtime/migration.py", line 627, in run_migrations
    step.migration_fn(**kw)
  File "/usr/src/app/migrations/versions/1af632eb25cf_.py", line 65, in upgrade
    op.create_table('projects',
  File "<string>", line 8, in create_table
  File "<string>", line 3, in create_table
  File "/usr/src/app/.venv/lib/python3.9/site-packages/alembic/operations/ops.py", line 1311, in create_table
    return operations.invoke(op)
  File "/usr/src/app/.venv/lib/python3.9/site-packages/alembic/operations/base.py", line 445, in invoke
    return fn(self, operation)
  File "/usr/src/app/.venv/lib/python3.9/site-packages/alembic/operations/toimpl.py", line 131, in create_table
    operations.impl.create_table(table)
  File "/usr/src/app/.venv/lib/python3.9/site-packages/alembic/ddl/impl.py", line 363, in create_table
    table.dispatch.before_create(
  File "/usr/src/app/.venv/lib/python3.9/site-packages/sqlalchemy/event/attr.py", line 497, in __call__
    fn(*args, **kw)
  File "/usr/src/app/.venv/lib/python3.9/site-packages/sqlalchemy/util/langhelpers.py", line 852, in __call__
    return getattr(self.target, self.name)(*arg, **kw)
  File "/usr/src/app/.venv/lib/python3.9/site-packages/sqlalchemy/sql/sqltypes.py", line 1120, in _on_table_create
    t._on_table_create(target, bind, **kw)
  File "/usr/src/app/.venv/lib/python3.9/site-packages/sqlalchemy/dialects/postgresql/named_types.py", line 98, in _on_table_create
    self.create(bind=bind, checkfirst=checkfirst)
  File "/usr/src/app/.venv/lib/python3.9/site-packages/sqlalchemy/dialects/postgresql/named_types.py", line 338, in create
    super().create(bind, checkfirst=checkfirst)
  File "/usr/src/app/.venv/lib/python3.9/site-packages/sqlalchemy/dialects/postgresql/named_types.py", line 51, in create
    bind._run_ddl_visitor(self.DDLGenerator, self, checkfirst=checkfirst)
  File "/usr/src/app/.venv/lib/python3.9/site-packages/sqlalchemy/engine/base.py", line 2461, in _run_ddl_visitor
    visitorcallable(self.dialect, self, **kwargs).traverse_single(element)
  File "/usr/src/app/.venv/lib/python3.9/site-packages/sqlalchemy/sql/visitors.py", line 664, in traverse_single
    return meth(obj, **kw)
  File "/usr/src/app/.venv/lib/python3.9/site-packages/sqlalchemy/dialects/postgresql/named_types.py", line 153, in visit_enum
    self.connection.execute(CreateEnumType(enum))
  File "/usr/src/app/.venv/lib/python3.9/site-packages/sqlalchemy/engine/base.py", line 1422, in execute
    return meth(
  File "/usr/src/app/.venv/lib/python3.9/site-packages/sqlalchemy/sql/ddl.py", line 180, in _execute_on_connection
    return connection._execute_ddl(
  File "/usr/src/app/.venv/lib/python3.9/site-packages/sqlalchemy/engine/base.py", line 1533, in _execute_ddl
    ret = self._execute_context(
  File "/usr/src/app/.venv/lib/python3.9/site-packages/sqlalchemy/engine/base.py", line 1850, in _execute_context
    return self._exec_single_context(
  File "/usr/src/app/.venv/lib/python3.9/site-packages/sqlalchemy/engine/base.py", line 1990, in _exec_single_context
    self._handle_dbapi_exception(
  File "/usr/src/app/.venv/lib/python3.9/site-packages/sqlalchemy/engine/base.py", line 2357, in _handle_dbapi_exception
    raise sqlalchemy_exception.with_traceback(exc_info[2]) from e
  File "/usr/src/app/.venv/lib/python3.9/site-packages/sqlalchemy/engine/base.py", line 1971, in _exec_single_context
    self.dialect.do_execute(
  File "/usr/src/app/.venv/lib/python3.9/site-packages/sqlalchemy/engine/default.py", line 919, in do_execute
    cursor.execute(statement, parameters)
sqlalchemy.exc.ProgrammingError: (psycopg2.errors.DuplicateObject) type "project_country" already exists

[SQL: CREATE TYPE project_country AS ENUM ('AFG', 'ALA', 'ALB', 'DZA', 'ASM', 'AND', 'AGO', 'AIA', 'ATA', 'ATG', 'ARG', 'ARM', 'ABW', 'AUS', 'AUT', 'AZE', 'BHS', 'BHR', 'BGD', 'BRB', 'BLR', 'BEL', 'BLZ', 'BEN', 'BMU', 'BTN', 'BOL', 'BES', 'BIH', 'BWA', 'BVT', 'BRA', 'IOT', 'BRN', 'BGR', 'BFA', 'BDI', 'KHM', 'CMR', 'CAN', 'CPV', 'CYM', 'CAF', 'TCD', 'CHL', 'CHN', 'CXR', 'CCK', 'COL', 'COM', 'COG', 'COD', 'COK', 'CRI', 'CIV', 'HRV', 'CUB', 'CUW', 'CYP', 'CZE', 'DNK', 'DJI', 'DMA', 'DOM', 'ECU', 'EGY', 'SLV', 'GNQ', 'ERI', 'EST', 'ETH', 'FLK', 'FRO', 'FJI', 'FIN', 'FRA', 'GUF', 'PYF', 'ATF', 'GAB', 'GMB', 'GEO', 'DEU', 'GHA', 'GIB', 'GRC', 'GRL', 'GRD', 'GLP', 'GUM', 'GTM', 'GGY', 'GIN', 'GNB', 'GUY', 'HTI', 'HMD', 'VAT', 'HND', 'HKG', 'HUN', 'ISL', 'IND', 'IDN', 'IRN', 'IRQ', 'IRL', 'IMN', 'ISR', 'ITA', 'JAM', 'JPN', 'JEY', 'JOR', 'KAZ', 'KEN', 'KIR', 'PRK', 'KOR', 'XKX', 'KWT', 'KGZ', 'LAO', 'LVA', 'LBN', 'LSO', 'LBR', 'LBY', 'LIE', 'LTU', 'LUX', 'MAC', 'MKD', 'MDG', 'MWI', 'MYS', 'MDV', 'MLI', 'MLT', 'MHL', 'MTQ', 'MRT', 'MUS', 'MYT', 'MEX', 'FSM', 'MDA', 'MCO', 'MNG', 'MNE', 'MSR', 'MAR', 'MOZ', 'MMR', 'NAM', 'NRU', 'NPL', 'NLD', 'NCL', 'NZL', 'NIC', 'NER', 'NGA', 'NIU', 'NFK', 'MNP', 'NOR', 'OMN', 'PAK', 'PLW', 'PSE', 'PAN', 'PNG', 'PRY', 'PER', 'PHL', 'PCN', 'POL', 'PRT', 'PRI', 'QAT', 'REU', 'ROU', 'RUS', 'RWA', 'BLM', 'SHN', 'KNA', 'LCA', 'MAF', 'SPM', 'VCT', 'WSM', 'SMR', 'STP', 'SAU', 'SEN', 'SRB', 'SYC', 'SLE', 'SGP', 'SXM', 'SVK', 'SVN', 'SLB', 'SOM', 'ZAF', 'SGS', 'SSD', 'ESP', 'LKA', 'SDN', 'SUR', 'SJM', 'SWZ', 'SWE', 'CHE', 'SYR', 'TWN', 'TJK', 'TZA', 'THA', 'TLS', 'TGO', 'TKL', 'TON', 'TTO', 'TUN', 'TUR', 'TKM', 'TCA', 'TUV', 'UGA', 'UKR', 'ARE', 'GBR', 'USA', 'UMI', 'URY', 'UZB', 'VUT', 'VEN', 'VNM', 'VGB', 'VIR', 'WLF', 'ESH', 'YEM', 'ZMB', 'ZWE')]
(Background on this error at: https://sqlalche.me/e/20/f405)
]]></error>
			<system-err><![CDATA[INFO  [alembic.runtime.migration] Context impl PostgresqlImpl.
INFO  [alembic.runtime.migration] Will assume transactional DDL.
INFO  [alembic.runtime.migration] Running upgrade  -> 1af632eb25cf, empty message
]]></system-err>
		</testcase>
		<testcase classname="test_commands.ImportCommandTestCase" name="test_import_grant_from_gtr" time="0.083" timestamp="2024-04-12T15:57:30" file="tests/test_commands.py" line="34">
			<error type="ProgrammingError" message="(psycopg2.errors.DuplicateObject) type &quot;project_country&quot; already exists

[SQL: CREATE TYPE project_country AS ENUM ('AFG', 'ALA', 'ALB', 'DZA', 'ASM', 'AND', 'AGO', 'AIA', 'ATA', 'ATG', 'ARG', 'ARM', 'ABW', 'AUS', 'AUT', 'AZE', 'BHS', 'BHR', 'BGD', 'BRB', 'BLR', 'BEL', 'BLZ', 'BEN', 'BMU', 'BTN', 'BOL', 'BES', 'BIH', 'BWA', 'BVT', 'BRA', 'IOT', 'BRN', 'BGR', 'BFA', 'BDI', 'KHM', 'CMR', 'CAN', 'CPV', 'CYM', 'CAF', 'TCD', 'CHL', 'CHN', 'CXR', 'CCK', 'COL', 'COM', 'COG', 'COD', 'COK', 'CRI', 'CIV', 'HRV', 'CUB', 'CUW', 'CYP', 'CZE', 'DNK', 'DJI', 'DMA', 'DOM', 'ECU', 'EGY', 'SLV', 'GNQ', 'ERI', 'EST', 'ETH', 'FLK', 'FRO', 'FJI', 'FIN', 'FRA', 'GUF', 'PYF', 'ATF', 'GAB', 'GMB', 'GEO', 'DEU', 'GHA', 'GIB', 'GRC', 'GRL', 'GRD', 'GLP', 'GUM', 'GTM', 'GGY', 'GIN', 'GNB', 'GUY', 'HTI', 'HMD', 'VAT', 'HND', 'HKG', 'HUN', 'ISL', 'IND', 'IDN', 'IRN', 'IRQ', 'IRL', 'IMN', 'ISR', 'ITA', 'JAM', 'JPN', 'JEY', 'JOR', 'KAZ', 'KEN', 'KIR', 'PRK', 'KOR', 'XKX', 'KWT', 'KGZ', 'LAO', 'LVA', 'LBN', 'LSO', 'LBR', 'LBY', 'LIE', 'LTU', 'LUX', 'MAC', 'MKD', 'MDG', 'MWI', 'MYS', 'MDV', 'MLI', 'MLT', 'MHL', 'MTQ', 'MRT', 'MUS', 'MYT', 'MEX', 'FSM', 'MDA', 'MCO', 'MNG', 'MNE', 'MSR', 'MAR', 'MOZ', 'MMR', 'NAM', 'NRU', 'NPL', 'NLD', 'NCL', 'NZL', 'NIC', 'NER', 'NGA', 'NIU', 'NFK', 'MNP', 'NOR', 'OMN', 'PAK', 'PLW', 'PSE', 'PAN', 'PNG', 'PRY', 'PER', 'PHL', 'PCN', 'POL', 'PRT', 'PRI', 'QAT', 'REU', 'ROU', 'RUS', 'RWA', 'BLM', 'SHN', 'KNA', 'LCA', 'MAF', 'SPM', 'VCT', 'WSM', 'SMR', 'STP', 'SAU', 'SEN', 'SRB', 'SYC', 'SLE', 'SGP', 'SXM', 'SVK', 'SVN', 'SLB', 'SOM', 'ZAF', 'SGS', 'SSD', 'ESP', 'LKA', 'SDN', 'SUR', 'SJM', 'SWZ', 'SWE', 'CHE', 'SYR', 'TWN', 'TJK', 'TZA', 'THA', 'TLS', 'TGO', 'TKL', 'TON', 'TTO', 'TUN', 'TUR', 'TKM', 'TCA', 'TUV', 'UGA', 'UKR', 'ARE', 'GBR', 'USA', 'UMI', 'URY', 'UZB', 'VUT', 'VEN', 'VNM', 'VGB', 'VIR', 'WLF', 'ESH', 'YEM', 'ZMB', 'ZWE')]
(Background on this error at: https://sqlalche.me/e/20/f405)"><![CDATA[Traceback (most recent call last):
  File "/usr/src/app/.venv/lib/python3.9/site-packages/sqlalchemy/engine/base.py", line 1971, in _exec_single_context
    self.dialect.do_execute(
  File "/usr/src/app/.venv/lib/python3.9/site-packages/sqlalchemy/engine/default.py", line 919, in do_execute
    cursor.execute(statement, parameters)
psycopg2.errors.DuplicateObject: type "project_country" already exists


The above exception was the direct cause of the following exception:

Traceback (most recent call last):
  File "/usr/src/app/tests/base_test.py", line 86, in setUp
    upgrade()
  File "/usr/src/app/.venv/lib/python3.9/site-packages/flask_migrate/__init__.py", line 111, in wrapped
    f(*args, **kwargs)
  File "/usr/src/app/.venv/lib/python3.9/site-packages/flask_migrate/__init__.py", line 200, in upgrade
    command.upgrade(config, revision, sql=sql, tag=tag)
  File "/usr/src/app/.venv/lib/python3.9/site-packages/alembic/command.py", line 403, in upgrade
    script.run_env()
  File "/usr/src/app/.venv/lib/python3.9/site-packages/alembic/script/base.py", line 583, in run_env
    util.load_python_file(self.dir, "env.py")
  File "/usr/src/app/.venv/lib/python3.9/site-packages/alembic/util/pyfiles.py", line 95, in load_python_file
    module = load_module_py(module_id, path)
  File "/usr/src/app/.venv/lib/python3.9/site-packages/alembic/util/pyfiles.py", line 113, in load_module_py
    spec.loader.exec_module(module)  # type: ignore
  File "<frozen importlib._bootstrap_external>", line 850, in exec_module
  File "<frozen importlib._bootstrap>", line 228, in _call_with_frames_removed
  File "migrations/env.py", line 113, in <module>
    run_migrations_online()
  File "migrations/env.py", line 107, in run_migrations_online
    context.run_migrations()
  File "<string>", line 8, in run_migrations
  File "/usr/src/app/.venv/lib/python3.9/site-packages/alembic/runtime/environment.py", line 948, in run_migrations
    self.get_context().run_migrations(**kw)
  File "/usr/src/app/.venv/lib/python3.9/site-packages/alembic/runtime/migration.py", line 627, in run_migrations
    step.migration_fn(**kw)
  File "/usr/src/app/migrations/versions/1af632eb25cf_.py", line 65, in upgrade
    op.create_table('projects',
  File "<string>", line 8, in create_table
  File "<string>", line 3, in create_table
  File "/usr/src/app/.venv/lib/python3.9/site-packages/alembic/operations/ops.py", line 1311, in create_table
    return operations.invoke(op)
  File "/usr/src/app/.venv/lib/python3.9/site-packages/alembic/operations/base.py", line 445, in invoke
    return fn(self, operation)
  File "/usr/src/app/.venv/lib/python3.9/site-packages/alembic/operations/toimpl.py", line 131, in create_table
    operations.impl.create_table(table)
  File "/usr/src/app/.venv/lib/python3.9/site-packages/alembic/ddl/impl.py", line 363, in create_table
    table.dispatch.before_create(
  File "/usr/src/app/.venv/lib/python3.9/site-packages/sqlalchemy/event/attr.py", line 497, in __call__
    fn(*args, **kw)
  File "/usr/src/app/.venv/lib/python3.9/site-packages/sqlalchemy/util/langhelpers.py", line 852, in __call__
    return getattr(self.target, self.name)(*arg, **kw)
  File "/usr/src/app/.venv/lib/python3.9/site-packages/sqlalchemy/sql/sqltypes.py", line 1120, in _on_table_create
    t._on_table_create(target, bind, **kw)
  File "/usr/src/app/.venv/lib/python3.9/site-packages/sqlalchemy/dialects/postgresql/named_types.py", line 98, in _on_table_create
    self.create(bind=bind, checkfirst=checkfirst)
  File "/usr/src/app/.venv/lib/python3.9/site-packages/sqlalchemy/dialects/postgresql/named_types.py", line 338, in create
    super().create(bind, checkfirst=checkfirst)
  File "/usr/src/app/.venv/lib/python3.9/site-packages/sqlalchemy/dialects/postgresql/named_types.py", line 51, in create
    bind._run_ddl_visitor(self.DDLGenerator, self, checkfirst=checkfirst)
  File "/usr/src/app/.venv/lib/python3.9/site-packages/sqlalchemy/engine/base.py", line 2461, in _run_ddl_visitor
    visitorcallable(self.dialect, self, **kwargs).traverse_single(element)
  File "/usr/src/app/.venv/lib/python3.9/site-packages/sqlalchemy/sql/visitors.py", line 664, in traverse_single
    return meth(obj, **kw)
  File "/usr/src/app/.venv/lib/python3.9/site-packages/sqlalchemy/dialects/postgresql/named_types.py", line 153, in visit_enum
    self.connection.execute(CreateEnumType(enum))
  File "/usr/src/app/.venv/lib/python3.9/site-packages/sqlalchemy/engine/base.py", line 1422, in execute
    return meth(
  File "/usr/src/app/.venv/lib/python3.9/site-packages/sqlalchemy/sql/ddl.py", line 180, in _execute_on_connection
    return connection._execute_ddl(
  File "/usr/src/app/.venv/lib/python3.9/site-packages/sqlalchemy/engine/base.py", line 1533, in _execute_ddl
    ret = self._execute_context(
  File "/usr/src/app/.venv/lib/python3.9/site-packages/sqlalchemy/engine/base.py", line 1850, in _execute_context
    return self._exec_single_context(
  File "/usr/src/app/.venv/lib/python3.9/site-packages/sqlalchemy/engine/base.py", line 1990, in _exec_single_context
    self._handle_dbapi_exception(
  File "/usr/src/app/.venv/lib/python3.9/site-packages/sqlalchemy/engine/base.py", line 2357, in _handle_dbapi_exception
    raise sqlalchemy_exception.with_traceback(exc_info[2]) from e
  File "/usr/src/app/.venv/lib/python3.9/site-packages/sqlalchemy/engine/base.py", line 1971, in _exec_single_context
    self.dialect.do_execute(
  File "/usr/src/app/.venv/lib/python3.9/site-packages/sqlalchemy/engine/default.py", line 919, in do_execute
    cursor.execute(statement, parameters)
sqlalchemy.exc.ProgrammingError: (psycopg2.errors.DuplicateObject) type "project_country" already exists

[SQL: CREATE TYPE project_country AS ENUM ('AFG', 'ALA', 'ALB', 'DZA', 'ASM', 'AND', 'AGO', 'AIA', 'ATA', 'ATG', 'ARG', 'ARM', 'ABW', 'AUS', 'AUT', 'AZE', 'BHS', 'BHR', 'BGD', 'BRB', 'BLR', 'BEL', 'BLZ', 'BEN', 'BMU', 'BTN', 'BOL', 'BES', 'BIH', 'BWA', 'BVT', 'BRA', 'IOT', 'BRN', 'BGR', 'BFA', 'BDI', 'KHM', 'CMR', 'CAN', 'CPV', 'CYM', 'CAF', 'TCD', 'CHL', 'CHN', 'CXR', 'CCK', 'COL', 'COM', 'COG', 'COD', 'COK', 'CRI', 'CIV', 'HRV', 'CUB', 'CUW', 'CYP', 'CZE', 'DNK', 'DJI', 'DMA', 'DOM', 'ECU', 'EGY', 'SLV', 'GNQ', 'ERI', 'EST', 'ETH', 'FLK', 'FRO', 'FJI', 'FIN', 'FRA', 'GUF', 'PYF', 'ATF', 'GAB', 'GMB', 'GEO', 'DEU', 'GHA', 'GIB', 'GRC', 'GRL', 'GRD', 'GLP', 'GUM', 'GTM', 'GGY', 'GIN', 'GNB', 'GUY', 'HTI', 'HMD', 'VAT', 'HND', 'HKG', 'HUN', 'ISL', 'IND', 'IDN', 'IRN', 'IRQ', 'IRL', 'IMN', 'ISR', 'ITA', 'JAM', 'JPN', 'JEY', 'JOR', 'KAZ', 'KEN', 'KIR', 'PRK', 'KOR', 'XKX', 'KWT', 'KGZ', 'LAO', 'LVA', 'LBN', 'LSO', 'LBR', 'LBY', 'LIE', 'LTU', 'LUX', 'MAC', 'MKD', 'MDG', 'MWI', 'MYS', 'MDV', 'MLI', 'MLT', 'MHL', 'MTQ', 'MRT', 'MUS', 'MYT', 'MEX', 'FSM', 'MDA', 'MCO', 'MNG', 'MNE', 'MSR', 'MAR', 'MOZ', 'MMR', 'NAM', 'NRU', 'NPL', 'NLD', 'NCL', 'NZL', 'NIC', 'NER', 'NGA', 'NIU', 'NFK', 'MNP', 'NOR', 'OMN', 'PAK', 'PLW', 'PSE', 'PAN', 'PNG', 'PRY', 'PER', 'PHL', 'PCN', 'POL', 'PRT', 'PRI', 'QAT', 'REU', 'ROU', 'RUS', 'RWA', 'BLM', 'SHN', 'KNA', 'LCA', 'MAF', 'SPM', 'VCT', 'WSM', 'SMR', 'STP', 'SAU', 'SEN', 'SRB', 'SYC', 'SLE', 'SGP', 'SXM', 'SVK', 'SVN', 'SLB', 'SOM', 'ZAF', 'SGS', 'SSD', 'ESP', 'LKA', 'SDN', 'SUR', 'SJM', 'SWZ', 'SWE', 'CHE', 'SYR', 'TWN', 'TJK', 'TZA', 'THA', 'TLS', 'TGO', 'TKL', 'TON', 'TTO', 'TUN', 'TUR', 'TKM', 'TCA', 'TUV', 'UGA', 'UKR', 'ARE', 'GBR', 'USA', 'UMI', 'URY', 'UZB', 'VUT', 'VEN', 'VNM', 'VGB', 'VIR', 'WLF', 'ESH', 'YEM', 'ZMB', 'ZWE')]
(Background on this error at: https://sqlalche.me/e/20/f405)
]]></error>
			<system-err><![CDATA[INFO  [alembic.runtime.migration] Context impl PostgresqlImpl.
INFO  [alembic.runtime.migration] Will assume transactional DDL.
INFO  [alembic.runtime.migration] Running upgrade  -> 1af632eb25cf, empty message
]]></system-err>
		</testcase>
		<testcase classname="test_commands.ImportCommandTestCase" name="test_import_organisations_from_file" time="0.069" timestamp="2024-04-12T15:57:30" file="tests/test_commands.py" line="30">
			<error type="ProgrammingError" message="(psycopg2.errors.DuplicateObject) type &quot;project_country&quot; already exists

[SQL: CREATE TYPE project_country AS ENUM ('AFG', 'ALA', 'ALB', 'DZA', 'ASM', 'AND', 'AGO', 'AIA', 'ATA', 'ATG', 'ARG', 'ARM', 'ABW', 'AUS', 'AUT', 'AZE', 'BHS', 'BHR', 'BGD', 'BRB', 'BLR', 'BEL', 'BLZ', 'BEN', 'BMU', 'BTN', 'BOL', 'BES', 'BIH', 'BWA', 'BVT', 'BRA', 'IOT', 'BRN', 'BGR', 'BFA', 'BDI', 'KHM', 'CMR', 'CAN', 'CPV', 'CYM', 'CAF', 'TCD', 'CHL', 'CHN', 'CXR', 'CCK', 'COL', 'COM', 'COG', 'COD', 'COK', 'CRI', 'CIV', 'HRV', 'CUB', 'CUW', 'CYP', 'CZE', 'DNK', 'DJI', 'DMA', 'DOM', 'ECU', 'EGY', 'SLV', 'GNQ', 'ERI', 'EST', 'ETH', 'FLK', 'FRO', 'FJI', 'FIN', 'FRA', 'GUF', 'PYF', 'ATF', 'GAB', 'GMB', 'GEO', 'DEU', 'GHA', 'GIB', 'GRC', 'GRL', 'GRD', 'GLP', 'GUM', 'GTM', 'GGY', 'GIN', 'GNB', 'GUY', 'HTI', 'HMD', 'VAT', 'HND', 'HKG', 'HUN', 'ISL', 'IND', 'IDN', 'IRN', 'IRQ', 'IRL', 'IMN', 'ISR', 'ITA', 'JAM', 'JPN', 'JEY', 'JOR', 'KAZ', 'KEN', 'KIR', 'PRK', 'KOR', 'XKX', 'KWT', 'KGZ', 'LAO', 'LVA', 'LBN', 'LSO', 'LBR', 'LBY', 'LIE', 'LTU', 'LUX', 'MAC', 'MKD', 'MDG', 'MWI', 'MYS', 'MDV', 'MLI', 'MLT', 'MHL', 'MTQ', 'MRT', 'MUS', 'MYT', 'MEX', 'FSM', 'MDA', 'MCO', 'MNG', 'MNE', 'MSR', 'MAR', 'MOZ', 'MMR', 'NAM', 'NRU', 'NPL', 'NLD', 'NCL', 'NZL', 'NIC', 'NER', 'NGA', 'NIU', 'NFK', 'MNP', 'NOR', 'OMN', 'PAK', 'PLW', 'PSE', 'PAN', 'PNG', 'PRY', 'PER', 'PHL', 'PCN', 'POL', 'PRT', 'PRI', 'QAT', 'REU', 'ROU', 'RUS', 'RWA', 'BLM', 'SHN', 'KNA', 'LCA', 'MAF', 'SPM', 'VCT', 'WSM', 'SMR', 'STP', 'SAU', 'SEN', 'SRB', 'SYC', 'SLE', 'SGP', 'SXM', 'SVK', 'SVN', 'SLB', 'SOM', 'ZAF', 'SGS', 'SSD', 'ESP', 'LKA', 'SDN', 'SUR', 'SJM', 'SWZ', 'SWE', 'CHE', 'SYR', 'TWN', 'TJK', 'TZA', 'THA', 'TLS', 'TGO', 'TKL', 'TON', 'TTO', 'TUN', 'TUR', 'TKM', 'TCA', 'TUV', 'UGA', 'UKR', 'ARE', 'GBR', 'USA', 'UMI', 'URY', 'UZB', 'VUT', 'VEN', 'VNM', 'VGB', 'VIR', 'WLF', 'ESH', 'YEM', 'ZMB', 'ZWE')]
(Background on this error at: https://sqlalche.me/e/20/f405)"><![CDATA[Traceback (most recent call last):
  File "/usr/src/app/.venv/lib/python3.9/site-packages/sqlalchemy/engine/base.py", line 1971, in _exec_single_context
    self.dialect.do_execute(
  File "/usr/src/app/.venv/lib/python3.9/site-packages/sqlalchemy/engine/default.py", line 919, in do_execute
    cursor.execute(statement, parameters)
psycopg2.errors.DuplicateObject: type "project_country" already exists


The above exception was the direct cause of the following exception:

Traceback (most recent call last):
  File "/usr/src/app/tests/base_test.py", line 86, in setUp
    upgrade()
  File "/usr/src/app/.venv/lib/python3.9/site-packages/flask_migrate/__init__.py", line 111, in wrapped
    f(*args, **kwargs)
  File "/usr/src/app/.venv/lib/python3.9/site-packages/flask_migrate/__init__.py", line 200, in upgrade
    command.upgrade(config, revision, sql=sql, tag=tag)
  File "/usr/src/app/.venv/lib/python3.9/site-packages/alembic/command.py", line 403, in upgrade
    script.run_env()
  File "/usr/src/app/.venv/lib/python3.9/site-packages/alembic/script/base.py", line 583, in run_env
    util.load_python_file(self.dir, "env.py")
  File "/usr/src/app/.venv/lib/python3.9/site-packages/alembic/util/pyfiles.py", line 95, in load_python_file
    module = load_module_py(module_id, path)
  File "/usr/src/app/.venv/lib/python3.9/site-packages/alembic/util/pyfiles.py", line 113, in load_module_py
    spec.loader.exec_module(module)  # type: ignore
  File "<frozen importlib._bootstrap_external>", line 850, in exec_module
  File "<frozen importlib._bootstrap>", line 228, in _call_with_frames_removed
  File "migrations/env.py", line 113, in <module>
    run_migrations_online()
  File "migrations/env.py", line 107, in run_migrations_online
    context.run_migrations()
  File "<string>", line 8, in run_migrations
  File "/usr/src/app/.venv/lib/python3.9/site-packages/alembic/runtime/environment.py", line 948, in run_migrations
    self.get_context().run_migrations(**kw)
  File "/usr/src/app/.venv/lib/python3.9/site-packages/alembic/runtime/migration.py", line 627, in run_migrations
    step.migration_fn(**kw)
  File "/usr/src/app/migrations/versions/1af632eb25cf_.py", line 65, in upgrade
    op.create_table('projects',
  File "<string>", line 8, in create_table
  File "<string>", line 3, in create_table
  File "/usr/src/app/.venv/lib/python3.9/site-packages/alembic/operations/ops.py", line 1311, in create_table
    return operations.invoke(op)
  File "/usr/src/app/.venv/lib/python3.9/site-packages/alembic/operations/base.py", line 445, in invoke
    return fn(self, operation)
  File "/usr/src/app/.venv/lib/python3.9/site-packages/alembic/operations/toimpl.py", line 131, in create_table
    operations.impl.create_table(table)
  File "/usr/src/app/.venv/lib/python3.9/site-packages/alembic/ddl/impl.py", line 363, in create_table
    table.dispatch.before_create(
  File "/usr/src/app/.venv/lib/python3.9/site-packages/sqlalchemy/event/attr.py", line 497, in __call__
    fn(*args, **kw)
  File "/usr/src/app/.venv/lib/python3.9/site-packages/sqlalchemy/util/langhelpers.py", line 852, in __call__
    return getattr(self.target, self.name)(*arg, **kw)
  File "/usr/src/app/.venv/lib/python3.9/site-packages/sqlalchemy/sql/sqltypes.py", line 1120, in _on_table_create
    t._on_table_create(target, bind, **kw)
  File "/usr/src/app/.venv/lib/python3.9/site-packages/sqlalchemy/dialects/postgresql/named_types.py", line 98, in _on_table_create
    self.create(bind=bind, checkfirst=checkfirst)
  File "/usr/src/app/.venv/lib/python3.9/site-packages/sqlalchemy/dialects/postgresql/named_types.py", line 338, in create
    super().create(bind, checkfirst=checkfirst)
  File "/usr/src/app/.venv/lib/python3.9/site-packages/sqlalchemy/dialects/postgresql/named_types.py", line 51, in create
    bind._run_ddl_visitor(self.DDLGenerator, self, checkfirst=checkfirst)
  File "/usr/src/app/.venv/lib/python3.9/site-packages/sqlalchemy/engine/base.py", line 2461, in _run_ddl_visitor
    visitorcallable(self.dialect, self, **kwargs).traverse_single(element)
  File "/usr/src/app/.venv/lib/python3.9/site-packages/sqlalchemy/sql/visitors.py", line 664, in traverse_single
    return meth(obj, **kw)
  File "/usr/src/app/.venv/lib/python3.9/site-packages/sqlalchemy/dialects/postgresql/named_types.py", line 153, in visit_enum
    self.connection.execute(CreateEnumType(enum))
  File "/usr/src/app/.venv/lib/python3.9/site-packages/sqlalchemy/engine/base.py", line 1422, in execute
    return meth(
  File "/usr/src/app/.venv/lib/python3.9/site-packages/sqlalchemy/sql/ddl.py", line 180, in _execute_on_connection
    return connection._execute_ddl(
  File "/usr/src/app/.venv/lib/python3.9/site-packages/sqlalchemy/engine/base.py", line 1533, in _execute_ddl
    ret = self._execute_context(
  File "/usr/src/app/.venv/lib/python3.9/site-packages/sqlalchemy/engine/base.py", line 1850, in _execute_context
    return self._exec_single_context(
  File "/usr/src/app/.venv/lib/python3.9/site-packages/sqlalchemy/engine/base.py", line 1990, in _exec_single_context
    self._handle_dbapi_exception(
  File "/usr/src/app/.venv/lib/python3.9/site-packages/sqlalchemy/engine/base.py", line 2357, in _handle_dbapi_exception
    raise sqlalchemy_exception.with_traceback(exc_info[2]) from e
  File "/usr/src/app/.venv/lib/python3.9/site-packages/sqlalchemy/engine/base.py", line 1971, in _exec_single_context
    self.dialect.do_execute(
  File "/usr/src/app/.venv/lib/python3.9/site-packages/sqlalchemy/engine/default.py", line 919, in do_execute
    cursor.execute(statement, parameters)
sqlalchemy.exc.ProgrammingError: (psycopg2.errors.DuplicateObject) type "project_country" already exists

[SQL: CREATE TYPE project_country AS ENUM ('AFG', 'ALA', 'ALB', 'DZA', 'ASM', 'AND', 'AGO', 'AIA', 'ATA', 'ATG', 'ARG', 'ARM', 'ABW', 'AUS', 'AUT', 'AZE', 'BHS', 'BHR', 'BGD', 'BRB', 'BLR', 'BEL', 'BLZ', 'BEN', 'BMU', 'BTN', 'BOL', 'BES', 'BIH', 'BWA', 'BVT', 'BRA', 'IOT', 'BRN', 'BGR', 'BFA', 'BDI', 'KHM', 'CMR', 'CAN', 'CPV', 'CYM', 'CAF', 'TCD', 'CHL', 'CHN', 'CXR', 'CCK', 'COL', 'COM', 'COG', 'COD', 'COK', 'CRI', 'CIV', 'HRV', 'CUB', 'CUW', 'CYP', 'CZE', 'DNK', 'DJI', 'DMA', 'DOM', 'ECU', 'EGY', 'SLV', 'GNQ', 'ERI', 'EST', 'ETH', 'FLK', 'FRO', 'FJI', 'FIN', 'FRA', 'GUF', 'PYF', 'ATF', 'GAB', 'GMB', 'GEO', 'DEU', 'GHA', 'GIB', 'GRC', 'GRL', 'GRD', 'GLP', 'GUM', 'GTM', 'GGY', 'GIN', 'GNB', 'GUY', 'HTI', 'HMD', 'VAT', 'HND', 'HKG', 'HUN', 'ISL', 'IND', 'IDN', 'IRN', 'IRQ', 'IRL', 'IMN', 'ISR', 'ITA', 'JAM', 'JPN', 'JEY', 'JOR', 'KAZ', 'KEN', 'KIR', 'PRK', 'KOR', 'XKX', 'KWT', 'KGZ', 'LAO', 'LVA', 'LBN', 'LSO', 'LBR', 'LBY', 'LIE', 'LTU', 'LUX', 'MAC', 'MKD', 'MDG', 'MWI', 'MYS', 'MDV', 'MLI', 'MLT', 'MHL', 'MTQ', 'MRT', 'MUS', 'MYT', 'MEX', 'FSM', 'MDA', 'MCO', 'MNG', 'MNE', 'MSR', 'MAR', 'MOZ', 'MMR', 'NAM', 'NRU', 'NPL', 'NLD', 'NCL', 'NZL', 'NIC', 'NER', 'NGA', 'NIU', 'NFK', 'MNP', 'NOR', 'OMN', 'PAK', 'PLW', 'PSE', 'PAN', 'PNG', 'PRY', 'PER', 'PHL', 'PCN', 'POL', 'PRT', 'PRI', 'QAT', 'REU', 'ROU', 'RUS', 'RWA', 'BLM', 'SHN', 'KNA', 'LCA', 'MAF', 'SPM', 'VCT', 'WSM', 'SMR', 'STP', 'SAU', 'SEN', 'SRB', 'SYC', 'SLE', 'SGP', 'SXM', 'SVK', 'SVN', 'SLB', 'SOM', 'ZAF', 'SGS', 'SSD', 'ESP', 'LKA', 'SDN', 'SUR', 'SJM', 'SWZ', 'SWE', 'CHE', 'SYR', 'TWN', 'TJK', 'TZA', 'THA', 'TLS', 'TGO', 'TKL', 'TON', 'TTO', 'TUN', 'TUR', 'TKM', 'TCA', 'TUV', 'UGA', 'UKR', 'ARE', 'GBR', 'USA', 'UMI', 'URY', 'UZB', 'VUT', 'VEN', 'VNM', 'VGB', 'VIR', 'WLF', 'ESH', 'YEM', 'ZMB', 'ZWE')]
(Background on this error at: https://sqlalche.me/e/20/f405)
]]></error>
			<system-err><![CDATA[INFO  [alembic.runtime.migration] Context impl PostgresqlImpl.
INFO  [alembic.runtime.migration] Will assume transactional DDL.
INFO  [alembic.runtime.migration] Running upgrade  -> 1af632eb25cf, empty message
]]></system-err>
		</testcase>
	</testsuite>
	<testsuite name="test_commands.InbuiltCommandsTestCase-20240412155730" tests="1" file="test_commands.py" time="0.100" timestamp="2024-04-12T15:57:30" failures="0" errors="1" skipped="0">
		<testcase classname="test_commands.InbuiltCommandsTestCase" name="test_help" time="0.100" timestamp="2024-04-12T15:57:30" file="tests/test_commands.py" line="6">
			<error type="ProgrammingError" message="(psycopg2.errors.DuplicateObject) type &quot;project_country&quot; already exists

[SQL: CREATE TYPE project_country AS ENUM ('AFG', 'ALA', 'ALB', 'DZA', 'ASM', 'AND', 'AGO', 'AIA', 'ATA', 'ATG', 'ARG', 'ARM', 'ABW', 'AUS', 'AUT', 'AZE', 'BHS', 'BHR', 'BGD', 'BRB', 'BLR', 'BEL', 'BLZ', 'BEN', 'BMU', 'BTN', 'BOL', 'BES', 'BIH', 'BWA', 'BVT', 'BRA', 'IOT', 'BRN', 'BGR', 'BFA', 'BDI', 'KHM', 'CMR', 'CAN', 'CPV', 'CYM', 'CAF', 'TCD', 'CHL', 'CHN', 'CXR', 'CCK', 'COL', 'COM', 'COG', 'COD', 'COK', 'CRI', 'CIV', 'HRV', 'CUB', 'CUW', 'CYP', 'CZE', 'DNK', 'DJI', 'DMA', 'DOM', 'ECU', 'EGY', 'SLV', 'GNQ', 'ERI', 'EST', 'ETH', 'FLK', 'FRO', 'FJI', 'FIN', 'FRA', 'GUF', 'PYF', 'ATF', 'GAB', 'GMB', 'GEO', 'DEU', 'GHA', 'GIB', 'GRC', 'GRL', 'GRD', 'GLP', 'GUM', 'GTM', 'GGY', 'GIN', 'GNB', 'GUY', 'HTI', 'HMD', 'VAT', 'HND', 'HKG', 'HUN', 'ISL', 'IND', 'IDN', 'IRN', 'IRQ', 'IRL', 'IMN', 'ISR', 'ITA', 'JAM', 'JPN', 'JEY', 'JOR', 'KAZ', 'KEN', 'KIR', 'PRK', 'KOR', 'XKX', 'KWT', 'KGZ', 'LAO', 'LVA', 'LBN', 'LSO', 'LBR', 'LBY', 'LIE', 'LTU', 'LUX', 'MAC', 'MKD', 'MDG', 'MWI', 'MYS', 'MDV', 'MLI', 'MLT', 'MHL', 'MTQ', 'MRT', 'MUS', 'MYT', 'MEX', 'FSM', 'MDA', 'MCO', 'MNG', 'MNE', 'MSR', 'MAR', 'MOZ', 'MMR', 'NAM', 'NRU', 'NPL', 'NLD', 'NCL', 'NZL', 'NIC', 'NER', 'NGA', 'NIU', 'NFK', 'MNP', 'NOR', 'OMN', 'PAK', 'PLW', 'PSE', 'PAN', 'PNG', 'PRY', 'PER', 'PHL', 'PCN', 'POL', 'PRT', 'PRI', 'QAT', 'REU', 'ROU', 'RUS', 'RWA', 'BLM', 'SHN', 'KNA', 'LCA', 'MAF', 'SPM', 'VCT', 'WSM', 'SMR', 'STP', 'SAU', 'SEN', 'SRB', 'SYC', 'SLE', 'SGP', 'SXM', 'SVK', 'SVN', 'SLB', 'SOM', 'ZAF', 'SGS', 'SSD', 'ESP', 'LKA', 'SDN', 'SUR', 'SJM', 'SWZ', 'SWE', 'CHE', 'SYR', 'TWN', 'TJK', 'TZA', 'THA', 'TLS', 'TGO', 'TKL', 'TON', 'TTO', 'TUN', 'TUR', 'TKM', 'TCA', 'TUV', 'UGA', 'UKR', 'ARE', 'GBR', 'USA', 'UMI', 'URY', 'UZB', 'VUT', 'VEN', 'VNM', 'VGB', 'VIR', 'WLF', 'ESH', 'YEM', 'ZMB', 'ZWE')]
(Background on this error at: https://sqlalche.me/e/20/f405)"><![CDATA[Traceback (most recent call last):
  File "/usr/src/app/.venv/lib/python3.9/site-packages/sqlalchemy/engine/base.py", line 1971, in _exec_single_context
    self.dialect.do_execute(
  File "/usr/src/app/.venv/lib/python3.9/site-packages/sqlalchemy/engine/default.py", line 919, in do_execute
    cursor.execute(statement, parameters)
psycopg2.errors.DuplicateObject: type "project_country" already exists


The above exception was the direct cause of the following exception:

Traceback (most recent call last):
  File "/usr/src/app/tests/base_test.py", line 86, in setUp
    upgrade()
  File "/usr/src/app/.venv/lib/python3.9/site-packages/flask_migrate/__init__.py", line 111, in wrapped
    f(*args, **kwargs)
  File "/usr/src/app/.venv/lib/python3.9/site-packages/flask_migrate/__init__.py", line 200, in upgrade
    command.upgrade(config, revision, sql=sql, tag=tag)
  File "/usr/src/app/.venv/lib/python3.9/site-packages/alembic/command.py", line 403, in upgrade
    script.run_env()
  File "/usr/src/app/.venv/lib/python3.9/site-packages/alembic/script/base.py", line 583, in run_env
    util.load_python_file(self.dir, "env.py")
  File "/usr/src/app/.venv/lib/python3.9/site-packages/alembic/util/pyfiles.py", line 95, in load_python_file
    module = load_module_py(module_id, path)
  File "/usr/src/app/.venv/lib/python3.9/site-packages/alembic/util/pyfiles.py", line 113, in load_module_py
    spec.loader.exec_module(module)  # type: ignore
  File "<frozen importlib._bootstrap_external>", line 850, in exec_module
  File "<frozen importlib._bootstrap>", line 228, in _call_with_frames_removed
  File "migrations/env.py", line 113, in <module>
    run_migrations_online()
  File "migrations/env.py", line 107, in run_migrations_online
    context.run_migrations()
  File "<string>", line 8, in run_migrations
  File "/usr/src/app/.venv/lib/python3.9/site-packages/alembic/runtime/environment.py", line 948, in run_migrations
    self.get_context().run_migrations(**kw)
  File "/usr/src/app/.venv/lib/python3.9/site-packages/alembic/runtime/migration.py", line 627, in run_migrations
    step.migration_fn(**kw)
  File "/usr/src/app/migrations/versions/1af632eb25cf_.py", line 65, in upgrade
    op.create_table('projects',
  File "<string>", line 8, in create_table
  File "<string>", line 3, in create_table
  File "/usr/src/app/.venv/lib/python3.9/site-packages/alembic/operations/ops.py", line 1311, in create_table
    return operations.invoke(op)
  File "/usr/src/app/.venv/lib/python3.9/site-packages/alembic/operations/base.py", line 445, in invoke
    return fn(self, operation)
  File "/usr/src/app/.venv/lib/python3.9/site-packages/alembic/operations/toimpl.py", line 131, in create_table
    operations.impl.create_table(table)
  File "/usr/src/app/.venv/lib/python3.9/site-packages/alembic/ddl/impl.py", line 363, in create_table
    table.dispatch.before_create(
  File "/usr/src/app/.venv/lib/python3.9/site-packages/sqlalchemy/event/attr.py", line 497, in __call__
    fn(*args, **kw)
  File "/usr/src/app/.venv/lib/python3.9/site-packages/sqlalchemy/util/langhelpers.py", line 852, in __call__
    return getattr(self.target, self.name)(*arg, **kw)
  File "/usr/src/app/.venv/lib/python3.9/site-packages/sqlalchemy/sql/sqltypes.py", line 1120, in _on_table_create
    t._on_table_create(target, bind, **kw)
  File "/usr/src/app/.venv/lib/python3.9/site-packages/sqlalchemy/dialects/postgresql/named_types.py", line 98, in _on_table_create
    self.create(bind=bind, checkfirst=checkfirst)
  File "/usr/src/app/.venv/lib/python3.9/site-packages/sqlalchemy/dialects/postgresql/named_types.py", line 338, in create
    super().create(bind, checkfirst=checkfirst)
  File "/usr/src/app/.venv/lib/python3.9/site-packages/sqlalchemy/dialects/postgresql/named_types.py", line 51, in create
    bind._run_ddl_visitor(self.DDLGenerator, self, checkfirst=checkfirst)
  File "/usr/src/app/.venv/lib/python3.9/site-packages/sqlalchemy/engine/base.py", line 2461, in _run_ddl_visitor
    visitorcallable(self.dialect, self, **kwargs).traverse_single(element)
  File "/usr/src/app/.venv/lib/python3.9/site-packages/sqlalchemy/sql/visitors.py", line 664, in traverse_single
    return meth(obj, **kw)
  File "/usr/src/app/.venv/lib/python3.9/site-packages/sqlalchemy/dialects/postgresql/named_types.py", line 153, in visit_enum
    self.connection.execute(CreateEnumType(enum))
  File "/usr/src/app/.venv/lib/python3.9/site-packages/sqlalchemy/engine/base.py", line 1422, in execute
    return meth(
  File "/usr/src/app/.venv/lib/python3.9/site-packages/sqlalchemy/sql/ddl.py", line 180, in _execute_on_connection
    return connection._execute_ddl(
  File "/usr/src/app/.venv/lib/python3.9/site-packages/sqlalchemy/engine/base.py", line 1533, in _execute_ddl
    ret = self._execute_context(
  File "/usr/src/app/.venv/lib/python3.9/site-packages/sqlalchemy/engine/base.py", line 1850, in _execute_context
    return self._exec_single_context(
  File "/usr/src/app/.venv/lib/python3.9/site-packages/sqlalchemy/engine/base.py", line 1990, in _exec_single_context
    self._handle_dbapi_exception(
  File "/usr/src/app/.venv/lib/python3.9/site-packages/sqlalchemy/engine/base.py", line 2357, in _handle_dbapi_exception
    raise sqlalchemy_exception.with_traceback(exc_info[2]) from e
  File "/usr/src/app/.venv/lib/python3.9/site-packages/sqlalchemy/engine/base.py", line 1971, in _exec_single_context
    self.dialect.do_execute(
  File "/usr/src/app/.venv/lib/python3.9/site-packages/sqlalchemy/engine/default.py", line 919, in do_execute
    cursor.execute(statement, parameters)
sqlalchemy.exc.ProgrammingError: (psycopg2.errors.DuplicateObject) type "project_country" already exists

[SQL: CREATE TYPE project_country AS ENUM ('AFG', 'ALA', 'ALB', 'DZA', 'ASM', 'AND', 'AGO', 'AIA', 'ATA', 'ATG', 'ARG', 'ARM', 'ABW', 'AUS', 'AUT', 'AZE', 'BHS', 'BHR', 'BGD', 'BRB', 'BLR', 'BEL', 'BLZ', 'BEN', 'BMU', 'BTN', 'BOL', 'BES', 'BIH', 'BWA', 'BVT', 'BRA', 'IOT', 'BRN', 'BGR', 'BFA', 'BDI', 'KHM', 'CMR', 'CAN', 'CPV', 'CYM', 'CAF', 'TCD', 'CHL', 'CHN', 'CXR', 'CCK', 'COL', 'COM', 'COG', 'COD', 'COK', 'CRI', 'CIV', 'HRV', 'CUB', 'CUW', 'CYP', 'CZE', 'DNK', 'DJI', 'DMA', 'DOM', 'ECU', 'EGY', 'SLV', 'GNQ', 'ERI', 'EST', 'ETH', 'FLK', 'FRO', 'FJI', 'FIN', 'FRA', 'GUF', 'PYF', 'ATF', 'GAB', 'GMB', 'GEO', 'DEU', 'GHA', 'GIB', 'GRC', 'GRL', 'GRD', 'GLP', 'GUM', 'GTM', 'GGY', 'GIN', 'GNB', 'GUY', 'HTI', 'HMD', 'VAT', 'HND', 'HKG', 'HUN', 'ISL', 'IND', 'IDN', 'IRN', 'IRQ', 'IRL', 'IMN', 'ISR', 'ITA', 'JAM', 'JPN', 'JEY', 'JOR', 'KAZ', 'KEN', 'KIR', 'PRK', 'KOR', 'XKX', 'KWT', 'KGZ', 'LAO', 'LVA', 'LBN', 'LSO', 'LBR', 'LBY', 'LIE', 'LTU', 'LUX', 'MAC', 'MKD', 'MDG', 'MWI', 'MYS', 'MDV', 'MLI', 'MLT', 'MHL', 'MTQ', 'MRT', 'MUS', 'MYT', 'MEX', 'FSM', 'MDA', 'MCO', 'MNG', 'MNE', 'MSR', 'MAR', 'MOZ', 'MMR', 'NAM', 'NRU', 'NPL', 'NLD', 'NCL', 'NZL', 'NIC', 'NER', 'NGA', 'NIU', 'NFK', 'MNP', 'NOR', 'OMN', 'PAK', 'PLW', 'PSE', 'PAN', 'PNG', 'PRY', 'PER', 'PHL', 'PCN', 'POL', 'PRT', 'PRI', 'QAT', 'REU', 'ROU', 'RUS', 'RWA', 'BLM', 'SHN', 'KNA', 'LCA', 'MAF', 'SPM', 'VCT', 'WSM', 'SMR', 'STP', 'SAU', 'SEN', 'SRB', 'SYC', 'SLE', 'SGP', 'SXM', 'SVK', 'SVN', 'SLB', 'SOM', 'ZAF', 'SGS', 'SSD', 'ESP', 'LKA', 'SDN', 'SUR', 'SJM', 'SWZ', 'SWE', 'CHE', 'SYR', 'TWN', 'TJK', 'TZA', 'THA', 'TLS', 'TGO', 'TKL', 'TON', 'TTO', 'TUN', 'TUR', 'TKM', 'TCA', 'TUV', 'UGA', 'UKR', 'ARE', 'GBR', 'USA', 'UMI', 'URY', 'UZB', 'VUT', 'VEN', 'VNM', 'VGB', 'VIR', 'WLF', 'ESH', 'YEM', 'ZMB', 'ZWE')]
(Background on this error at: https://sqlalche.me/e/20/f405)
]]></error>
			<system-err><![CDATA[INFO  [alembic.runtime.migration] Context impl PostgresqlImpl.
INFO  [alembic.runtime.migration] Will assume transactional DDL.
INFO  [alembic.runtime.migration] Running upgrade  -> 1af632eb25cf, empty message
]]></system-err>
		</testcase>
	</testsuite>
	<testsuite name="test_commands.SeedingCommandTestCase-20240412155730" tests="1" file="test_commands.py" time="0.140" timestamp="2024-04-12T15:57:30" failures="0" errors="1" skipped="0">
		<testcase classname="test_commands.SeedingCommandTestCase" name="test_seeding_predictable" time="0.140" timestamp="2024-04-12T15:57:30" file="tests/test_commands.py" line="12">
			<error type="ProgrammingError" message="(psycopg2.errors.DuplicateObject) type &quot;project_country&quot; already exists

[SQL: CREATE TYPE project_country AS ENUM ('AFG', 'ALA', 'ALB', 'DZA', 'ASM', 'AND', 'AGO', 'AIA', 'ATA', 'ATG', 'ARG', 'ARM', 'ABW', 'AUS', 'AUT', 'AZE', 'BHS', 'BHR', 'BGD', 'BRB', 'BLR', 'BEL', 'BLZ', 'BEN', 'BMU', 'BTN', 'BOL', 'BES', 'BIH', 'BWA', 'BVT', 'BRA', 'IOT', 'BRN', 'BGR', 'BFA', 'BDI', 'KHM', 'CMR', 'CAN', 'CPV', 'CYM', 'CAF', 'TCD', 'CHL', 'CHN', 'CXR', 'CCK', 'COL', 'COM', 'COG', 'COD', 'COK', 'CRI', 'CIV', 'HRV', 'CUB', 'CUW', 'CYP', 'CZE', 'DNK', 'DJI', 'DMA', 'DOM', 'ECU', 'EGY', 'SLV', 'GNQ', 'ERI', 'EST', 'ETH', 'FLK', 'FRO', 'FJI', 'FIN', 'FRA', 'GUF', 'PYF', 'ATF', 'GAB', 'GMB', 'GEO', 'DEU', 'GHA', 'GIB', 'GRC', 'GRL', 'GRD', 'GLP', 'GUM', 'GTM', 'GGY', 'GIN', 'GNB', 'GUY', 'HTI', 'HMD', 'VAT', 'HND', 'HKG', 'HUN', 'ISL', 'IND', 'IDN', 'IRN', 'IRQ', 'IRL', 'IMN', 'ISR', 'ITA', 'JAM', 'JPN', 'JEY', 'JOR', 'KAZ', 'KEN', 'KIR', 'PRK', 'KOR', 'XKX', 'KWT', 'KGZ', 'LAO', 'LVA', 'LBN', 'LSO', 'LBR', 'LBY', 'LIE', 'LTU', 'LUX', 'MAC', 'MKD', 'MDG', 'MWI', 'MYS', 'MDV', 'MLI', 'MLT', 'MHL', 'MTQ', 'MRT', 'MUS', 'MYT', 'MEX', 'FSM', 'MDA', 'MCO', 'MNG', 'MNE', 'MSR', 'MAR', 'MOZ', 'MMR', 'NAM', 'NRU', 'NPL', 'NLD', 'NCL', 'NZL', 'NIC', 'NER', 'NGA', 'NIU', 'NFK', 'MNP', 'NOR', 'OMN', 'PAK', 'PLW', 'PSE', 'PAN', 'PNG', 'PRY', 'PER', 'PHL', 'PCN', 'POL', 'PRT', 'PRI', 'QAT', 'REU', 'ROU', 'RUS', 'RWA', 'BLM', 'SHN', 'KNA', 'LCA', 'MAF', 'SPM', 'VCT', 'WSM', 'SMR', 'STP', 'SAU', 'SEN', 'SRB', 'SYC', 'SLE', 'SGP', 'SXM', 'SVK', 'SVN', 'SLB', 'SOM', 'ZAF', 'SGS', 'SSD', 'ESP', 'LKA', 'SDN', 'SUR', 'SJM', 'SWZ', 'SWE', 'CHE', 'SYR', 'TWN', 'TJK', 'TZA', 'THA', 'TLS', 'TGO', 'TKL', 'TON', 'TTO', 'TUN', 'TUR', 'TKM', 'TCA', 'TUV', 'UGA', 'UKR', 'ARE', 'GBR', 'USA', 'UMI', 'URY', 'UZB', 'VUT', 'VEN', 'VNM', 'VGB', 'VIR', 'WLF', 'ESH', 'YEM', 'ZMB', 'ZWE')]
(Background on this error at: https://sqlalche.me/e/20/f405)"><![CDATA[Traceback (most recent call last):
  File "/usr/src/app/.venv/lib/python3.9/site-packages/sqlalchemy/engine/base.py", line 1971, in _exec_single_context
    self.dialect.do_execute(
  File "/usr/src/app/.venv/lib/python3.9/site-packages/sqlalchemy/engine/default.py", line 919, in do_execute
    cursor.execute(statement, parameters)
psycopg2.errors.DuplicateObject: type "project_country" already exists


The above exception was the direct cause of the following exception:

Traceback (most recent call last):
  File "/usr/src/app/tests/base_test.py", line 86, in setUp
    upgrade()
  File "/usr/src/app/.venv/lib/python3.9/site-packages/flask_migrate/__init__.py", line 111, in wrapped
    f(*args, **kwargs)
  File "/usr/src/app/.venv/lib/python3.9/site-packages/flask_migrate/__init__.py", line 200, in upgrade
    command.upgrade(config, revision, sql=sql, tag=tag)
  File "/usr/src/app/.venv/lib/python3.9/site-packages/alembic/command.py", line 403, in upgrade
    script.run_env()
  File "/usr/src/app/.venv/lib/python3.9/site-packages/alembic/script/base.py", line 583, in run_env
    util.load_python_file(self.dir, "env.py")
  File "/usr/src/app/.venv/lib/python3.9/site-packages/alembic/util/pyfiles.py", line 95, in load_python_file
    module = load_module_py(module_id, path)
  File "/usr/src/app/.venv/lib/python3.9/site-packages/alembic/util/pyfiles.py", line 113, in load_module_py
    spec.loader.exec_module(module)  # type: ignore
  File "<frozen importlib._bootstrap_external>", line 850, in exec_module
  File "<frozen importlib._bootstrap>", line 228, in _call_with_frames_removed
  File "migrations/env.py", line 113, in <module>
    run_migrations_online()
  File "migrations/env.py", line 107, in run_migrations_online
    context.run_migrations()
  File "<string>", line 8, in run_migrations
  File "/usr/src/app/.venv/lib/python3.9/site-packages/alembic/runtime/environment.py", line 948, in run_migrations
    self.get_context().run_migrations(**kw)
  File "/usr/src/app/.venv/lib/python3.9/site-packages/alembic/runtime/migration.py", line 627, in run_migrations
    step.migration_fn(**kw)
  File "/usr/src/app/migrations/versions/1af632eb25cf_.py", line 65, in upgrade
    op.create_table('projects',
  File "<string>", line 8, in create_table
  File "<string>", line 3, in create_table
  File "/usr/src/app/.venv/lib/python3.9/site-packages/alembic/operations/ops.py", line 1311, in create_table
    return operations.invoke(op)
  File "/usr/src/app/.venv/lib/python3.9/site-packages/alembic/operations/base.py", line 445, in invoke
    return fn(self, operation)
  File "/usr/src/app/.venv/lib/python3.9/site-packages/alembic/operations/toimpl.py", line 131, in create_table
    operations.impl.create_table(table)
  File "/usr/src/app/.venv/lib/python3.9/site-packages/alembic/ddl/impl.py", line 363, in create_table
    table.dispatch.before_create(
  File "/usr/src/app/.venv/lib/python3.9/site-packages/sqlalchemy/event/attr.py", line 497, in __call__
    fn(*args, **kw)
  File "/usr/src/app/.venv/lib/python3.9/site-packages/sqlalchemy/util/langhelpers.py", line 852, in __call__
    return getattr(self.target, self.name)(*arg, **kw)
  File "/usr/src/app/.venv/lib/python3.9/site-packages/sqlalchemy/sql/sqltypes.py", line 1120, in _on_table_create
    t._on_table_create(target, bind, **kw)
  File "/usr/src/app/.venv/lib/python3.9/site-packages/sqlalchemy/dialects/postgresql/named_types.py", line 98, in _on_table_create
    self.create(bind=bind, checkfirst=checkfirst)
  File "/usr/src/app/.venv/lib/python3.9/site-packages/sqlalchemy/dialects/postgresql/named_types.py", line 338, in create
    super().create(bind, checkfirst=checkfirst)
  File "/usr/src/app/.venv/lib/python3.9/site-packages/sqlalchemy/dialects/postgresql/named_types.py", line 51, in create
    bind._run_ddl_visitor(self.DDLGenerator, self, checkfirst=checkfirst)
  File "/usr/src/app/.venv/lib/python3.9/site-packages/sqlalchemy/engine/base.py", line 2461, in _run_ddl_visitor
    visitorcallable(self.dialect, self, **kwargs).traverse_single(element)
  File "/usr/src/app/.venv/lib/python3.9/site-packages/sqlalchemy/sql/visitors.py", line 664, in traverse_single
    return meth(obj, **kw)
  File "/usr/src/app/.venv/lib/python3.9/site-packages/sqlalchemy/dialects/postgresql/named_types.py", line 153, in visit_enum
    self.connection.execute(CreateEnumType(enum))
  File "/usr/src/app/.venv/lib/python3.9/site-packages/sqlalchemy/engine/base.py", line 1422, in execute
    return meth(
  File "/usr/src/app/.venv/lib/python3.9/site-packages/sqlalchemy/sql/ddl.py", line 180, in _execute_on_connection
    return connection._execute_ddl(
  File "/usr/src/app/.venv/lib/python3.9/site-packages/sqlalchemy/engine/base.py", line 1533, in _execute_ddl
    ret = self._execute_context(
  File "/usr/src/app/.venv/lib/python3.9/site-packages/sqlalchemy/engine/base.py", line 1850, in _execute_context
    return self._exec_single_context(
  File "/usr/src/app/.venv/lib/python3.9/site-packages/sqlalchemy/engine/base.py", line 1990, in _exec_single_context
    self._handle_dbapi_exception(
  File "/usr/src/app/.venv/lib/python3.9/site-packages/sqlalchemy/engine/base.py", line 2357, in _handle_dbapi_exception
    raise sqlalchemy_exception.with_traceback(exc_info[2]) from e
  File "/usr/src/app/.venv/lib/python3.9/site-packages/sqlalchemy/engine/base.py", line 1971, in _exec_single_context
    self.dialect.do_execute(
  File "/usr/src/app/.venv/lib/python3.9/site-packages/sqlalchemy/engine/default.py", line 919, in do_execute
    cursor.execute(statement, parameters)
sqlalchemy.exc.ProgrammingError: (psycopg2.errors.DuplicateObject) type "project_country" already exists

[SQL: CREATE TYPE project_country AS ENUM ('AFG', 'ALA', 'ALB', 'DZA', 'ASM', 'AND', 'AGO', 'AIA', 'ATA', 'ATG', 'ARG', 'ARM', 'ABW', 'AUS', 'AUT', 'AZE', 'BHS', 'BHR', 'BGD', 'BRB', 'BLR', 'BEL', 'BLZ', 'BEN', 'BMU', 'BTN', 'BOL', 'BES', 'BIH', 'BWA', 'BVT', 'BRA', 'IOT', 'BRN', 'BGR', 'BFA', 'BDI', 'KHM', 'CMR', 'CAN', 'CPV', 'CYM', 'CAF', 'TCD', 'CHL', 'CHN', 'CXR', 'CCK', 'COL', 'COM', 'COG', 'COD', 'COK', 'CRI', 'CIV', 'HRV', 'CUB', 'CUW', 'CYP', 'CZE', 'DNK', 'DJI', 'DMA', 'DOM', 'ECU', 'EGY', 'SLV', 'GNQ', 'ERI', 'EST', 'ETH', 'FLK', 'FRO', 'FJI', 'FIN', 'FRA', 'GUF', 'PYF', 'ATF', 'GAB', 'GMB', 'GEO', 'DEU', 'GHA', 'GIB', 'GRC', 'GRL', 'GRD', 'GLP', 'GUM', 'GTM', 'GGY', 'GIN', 'GNB', 'GUY', 'HTI', 'HMD', 'VAT', 'HND', 'HKG', 'HUN', 'ISL', 'IND', 'IDN', 'IRN', 'IRQ', 'IRL', 'IMN', 'ISR', 'ITA', 'JAM', 'JPN', 'JEY', 'JOR', 'KAZ', 'KEN', 'KIR', 'PRK', 'KOR', 'XKX', 'KWT', 'KGZ', 'LAO', 'LVA', 'LBN', 'LSO', 'LBR', 'LBY', 'LIE', 'LTU', 'LUX', 'MAC', 'MKD', 'MDG', 'MWI', 'MYS', 'MDV', 'MLI', 'MLT', 'MHL', 'MTQ', 'MRT', 'MUS', 'MYT', 'MEX', 'FSM', 'MDA', 'MCO', 'MNG', 'MNE', 'MSR', 'MAR', 'MOZ', 'MMR', 'NAM', 'NRU', 'NPL', 'NLD', 'NCL', 'NZL', 'NIC', 'NER', 'NGA', 'NIU', 'NFK', 'MNP', 'NOR', 'OMN', 'PAK', 'PLW', 'PSE', 'PAN', 'PNG', 'PRY', 'PER', 'PHL', 'PCN', 'POL', 'PRT', 'PRI', 'QAT', 'REU', 'ROU', 'RUS', 'RWA', 'BLM', 'SHN', 'KNA', 'LCA', 'MAF', 'SPM', 'VCT', 'WSM', 'SMR', 'STP', 'SAU', 'SEN', 'SRB', 'SYC', 'SLE', 'SGP', 'SXM', 'SVK', 'SVN', 'SLB', 'SOM', 'ZAF', 'SGS', 'SSD', 'ESP', 'LKA', 'SDN', 'SUR', 'SJM', 'SWZ', 'SWE', 'CHE', 'SYR', 'TWN', 'TJK', 'TZA', 'THA', 'TLS', 'TGO', 'TKL', 'TON', 'TTO', 'TUN', 'TUR', 'TKM', 'TCA', 'TUV', 'UGA', 'UKR', 'ARE', 'GBR', 'USA', 'UMI', 'URY', 'UZB', 'VUT', 'VEN', 'VNM', 'VGB', 'VIR', 'WLF', 'ESH', 'YEM', 'ZMB', 'ZWE')]
(Background on this error at: https://sqlalche.me/e/20/f405)
]]></error>
			<system-err><![CDATA[INFO  [alembic.runtime.migration] Context impl PostgresqlImpl.
INFO  [alembic.runtime.migration] Will assume transactional DDL.
INFO  [alembic.runtime.migration] Running upgrade  -> 1af632eb25cf, empty message
]]></system-err>
		</testcase>
	</testsuite>
	<testsuite name="test_resource_allocations.PeopleResourceTestCase-20240412155730" tests="7" file="test_resource_allocations.py" time="0.685" timestamp="2024-04-12T15:57:31" failures="0" errors="7" skipped="0">
		<testcase classname="test_resource_allocations.PeopleResourceTestCase" name="test_allocations_detail" time="0.089" timestamp="2024-04-12T15:57:30" file="tests/test_resource_allocations.py" line="411">
			<error type="ProgrammingError" message="(psycopg2.errors.DuplicateObject) type &quot;project_country&quot; already exists

[SQL: CREATE TYPE project_country AS ENUM ('AFG', 'ALA', 'ALB', 'DZA', 'ASM', 'AND', 'AGO', 'AIA', 'ATA', 'ATG', 'ARG', 'ARM', 'ABW', 'AUS', 'AUT', 'AZE', 'BHS', 'BHR', 'BGD', 'BRB', 'BLR', 'BEL', 'BLZ', 'BEN', 'BMU', 'BTN', 'BOL', 'BES', 'BIH', 'BWA', 'BVT', 'BRA', 'IOT', 'BRN', 'BGR', 'BFA', 'BDI', 'KHM', 'CMR', 'CAN', 'CPV', 'CYM', 'CAF', 'TCD', 'CHL', 'CHN', 'CXR', 'CCK', 'COL', 'COM', 'COG', 'COD', 'COK', 'CRI', 'CIV', 'HRV', 'CUB', 'CUW', 'CYP', 'CZE', 'DNK', 'DJI', 'DMA', 'DOM', 'ECU', 'EGY', 'SLV', 'GNQ', 'ERI', 'EST', 'ETH', 'FLK', 'FRO', 'FJI', 'FIN', 'FRA', 'GUF', 'PYF', 'ATF', 'GAB', 'GMB', 'GEO', 'DEU', 'GHA', 'GIB', 'GRC', 'GRL', 'GRD', 'GLP', 'GUM', 'GTM', 'GGY', 'GIN', 'GNB', 'GUY', 'HTI', 'HMD', 'VAT', 'HND', 'HKG', 'HUN', 'ISL', 'IND', 'IDN', 'IRN', 'IRQ', 'IRL', 'IMN', 'ISR', 'ITA', 'JAM', 'JPN', 'JEY', 'JOR', 'KAZ', 'KEN', 'KIR', 'PRK', 'KOR', 'XKX', 'KWT', 'KGZ', 'LAO', 'LVA', 'LBN', 'LSO', 'LBR', 'LBY', 'LIE', 'LTU', 'LUX', 'MAC', 'MKD', 'MDG', 'MWI', 'MYS', 'MDV', 'MLI', 'MLT', 'MHL', 'MTQ', 'MRT', 'MUS', 'MYT', 'MEX', 'FSM', 'MDA', 'MCO', 'MNG', 'MNE', 'MSR', 'MAR', 'MOZ', 'MMR', 'NAM', 'NRU', 'NPL', 'NLD', 'NCL', 'NZL', 'NIC', 'NER', 'NGA', 'NIU', 'NFK', 'MNP', 'NOR', 'OMN', 'PAK', 'PLW', 'PSE', 'PAN', 'PNG', 'PRY', 'PER', 'PHL', 'PCN', 'POL', 'PRT', 'PRI', 'QAT', 'REU', 'ROU', 'RUS', 'RWA', 'BLM', 'SHN', 'KNA', 'LCA', 'MAF', 'SPM', 'VCT', 'WSM', 'SMR', 'STP', 'SAU', 'SEN', 'SRB', 'SYC', 'SLE', 'SGP', 'SXM', 'SVK', 'SVN', 'SLB', 'SOM', 'ZAF', 'SGS', 'SSD', 'ESP', 'LKA', 'SDN', 'SUR', 'SJM', 'SWZ', 'SWE', 'CHE', 'SYR', 'TWN', 'TJK', 'TZA', 'THA', 'TLS', 'TGO', 'TKL', 'TON', 'TTO', 'TUN', 'TUR', 'TKM', 'TCA', 'TUV', 'UGA', 'UKR', 'ARE', 'GBR', 'USA', 'UMI', 'URY', 'UZB', 'VUT', 'VEN', 'VNM', 'VGB', 'VIR', 'WLF', 'ESH', 'YEM', 'ZMB', 'ZWE')]
(Background on this error at: https://sqlalche.me/e/20/f405)"><![CDATA[Traceback (most recent call last):
  File "/usr/src/app/.venv/lib/python3.9/site-packages/sqlalchemy/engine/base.py", line 1971, in _exec_single_context
    self.dialect.do_execute(
  File "/usr/src/app/.venv/lib/python3.9/site-packages/sqlalchemy/engine/default.py", line 919, in do_execute
    cursor.execute(statement, parameters)
psycopg2.errors.DuplicateObject: type "project_country" already exists


The above exception was the direct cause of the following exception:

Traceback (most recent call last):
  File "/usr/src/app/tests/base_test.py", line 64, in setUp
    upgrade()
  File "/usr/src/app/.venv/lib/python3.9/site-packages/flask_migrate/__init__.py", line 111, in wrapped
    f(*args, **kwargs)
  File "/usr/src/app/.venv/lib/python3.9/site-packages/flask_migrate/__init__.py", line 200, in upgrade
    command.upgrade(config, revision, sql=sql, tag=tag)
  File "/usr/src/app/.venv/lib/python3.9/site-packages/alembic/command.py", line 403, in upgrade
    script.run_env()
  File "/usr/src/app/.venv/lib/python3.9/site-packages/alembic/script/base.py", line 583, in run_env
    util.load_python_file(self.dir, "env.py")
  File "/usr/src/app/.venv/lib/python3.9/site-packages/alembic/util/pyfiles.py", line 95, in load_python_file
    module = load_module_py(module_id, path)
  File "/usr/src/app/.venv/lib/python3.9/site-packages/alembic/util/pyfiles.py", line 113, in load_module_py
    spec.loader.exec_module(module)  # type: ignore
  File "<frozen importlib._bootstrap_external>", line 850, in exec_module
  File "<frozen importlib._bootstrap>", line 228, in _call_with_frames_removed
  File "migrations/env.py", line 113, in <module>
    run_migrations_online()
  File "migrations/env.py", line 107, in run_migrations_online
    context.run_migrations()
  File "<string>", line 8, in run_migrations
  File "/usr/src/app/.venv/lib/python3.9/site-packages/alembic/runtime/environment.py", line 948, in run_migrations
    self.get_context().run_migrations(**kw)
  File "/usr/src/app/.venv/lib/python3.9/site-packages/alembic/runtime/migration.py", line 627, in run_migrations
    step.migration_fn(**kw)
  File "/usr/src/app/migrations/versions/1af632eb25cf_.py", line 65, in upgrade
    op.create_table('projects',
  File "<string>", line 8, in create_table
  File "<string>", line 3, in create_table
  File "/usr/src/app/.venv/lib/python3.9/site-packages/alembic/operations/ops.py", line 1311, in create_table
    return operations.invoke(op)
  File "/usr/src/app/.venv/lib/python3.9/site-packages/alembic/operations/base.py", line 445, in invoke
    return fn(self, operation)
  File "/usr/src/app/.venv/lib/python3.9/site-packages/alembic/operations/toimpl.py", line 131, in create_table
    operations.impl.create_table(table)
  File "/usr/src/app/.venv/lib/python3.9/site-packages/alembic/ddl/impl.py", line 363, in create_table
    table.dispatch.before_create(
  File "/usr/src/app/.venv/lib/python3.9/site-packages/sqlalchemy/event/attr.py", line 497, in __call__
    fn(*args, **kw)
  File "/usr/src/app/.venv/lib/python3.9/site-packages/sqlalchemy/util/langhelpers.py", line 852, in __call__
    return getattr(self.target, self.name)(*arg, **kw)
  File "/usr/src/app/.venv/lib/python3.9/site-packages/sqlalchemy/sql/sqltypes.py", line 1120, in _on_table_create
    t._on_table_create(target, bind, **kw)
  File "/usr/src/app/.venv/lib/python3.9/site-packages/sqlalchemy/dialects/postgresql/named_types.py", line 98, in _on_table_create
    self.create(bind=bind, checkfirst=checkfirst)
  File "/usr/src/app/.venv/lib/python3.9/site-packages/sqlalchemy/dialects/postgresql/named_types.py", line 338, in create
    super().create(bind, checkfirst=checkfirst)
  File "/usr/src/app/.venv/lib/python3.9/site-packages/sqlalchemy/dialects/postgresql/named_types.py", line 51, in create
    bind._run_ddl_visitor(self.DDLGenerator, self, checkfirst=checkfirst)
  File "/usr/src/app/.venv/lib/python3.9/site-packages/sqlalchemy/engine/base.py", line 2461, in _run_ddl_visitor
    visitorcallable(self.dialect, self, **kwargs).traverse_single(element)
  File "/usr/src/app/.venv/lib/python3.9/site-packages/sqlalchemy/sql/visitors.py", line 664, in traverse_single
    return meth(obj, **kw)
  File "/usr/src/app/.venv/lib/python3.9/site-packages/sqlalchemy/dialects/postgresql/named_types.py", line 153, in visit_enum
    self.connection.execute(CreateEnumType(enum))
  File "/usr/src/app/.venv/lib/python3.9/site-packages/sqlalchemy/engine/base.py", line 1422, in execute
    return meth(
  File "/usr/src/app/.venv/lib/python3.9/site-packages/sqlalchemy/sql/ddl.py", line 180, in _execute_on_connection
    return connection._execute_ddl(
  File "/usr/src/app/.venv/lib/python3.9/site-packages/sqlalchemy/engine/base.py", line 1533, in _execute_ddl
    ret = self._execute_context(
  File "/usr/src/app/.venv/lib/python3.9/site-packages/sqlalchemy/engine/base.py", line 1850, in _execute_context
    return self._exec_single_context(
  File "/usr/src/app/.venv/lib/python3.9/site-packages/sqlalchemy/engine/base.py", line 1990, in _exec_single_context
    self._handle_dbapi_exception(
  File "/usr/src/app/.venv/lib/python3.9/site-packages/sqlalchemy/engine/base.py", line 2357, in _handle_dbapi_exception
    raise sqlalchemy_exception.with_traceback(exc_info[2]) from e
  File "/usr/src/app/.venv/lib/python3.9/site-packages/sqlalchemy/engine/base.py", line 1971, in _exec_single_context
    self.dialect.do_execute(
  File "/usr/src/app/.venv/lib/python3.9/site-packages/sqlalchemy/engine/default.py", line 919, in do_execute
    cursor.execute(statement, parameters)
sqlalchemy.exc.ProgrammingError: (psycopg2.errors.DuplicateObject) type "project_country" already exists

[SQL: CREATE TYPE project_country AS ENUM ('AFG', 'ALA', 'ALB', 'DZA', 'ASM', 'AND', 'AGO', 'AIA', 'ATA', 'ATG', 'ARG', 'ARM', 'ABW', 'AUS', 'AUT', 'AZE', 'BHS', 'BHR', 'BGD', 'BRB', 'BLR', 'BEL', 'BLZ', 'BEN', 'BMU', 'BTN', 'BOL', 'BES', 'BIH', 'BWA', 'BVT', 'BRA', 'IOT', 'BRN', 'BGR', 'BFA', 'BDI', 'KHM', 'CMR', 'CAN', 'CPV', 'CYM', 'CAF', 'TCD', 'CHL', 'CHN', 'CXR', 'CCK', 'COL', 'COM', 'COG', 'COD', 'COK', 'CRI', 'CIV', 'HRV', 'CUB', 'CUW', 'CYP', 'CZE', 'DNK', 'DJI', 'DMA', 'DOM', 'ECU', 'EGY', 'SLV', 'GNQ', 'ERI', 'EST', 'ETH', 'FLK', 'FRO', 'FJI', 'FIN', 'FRA', 'GUF', 'PYF', 'ATF', 'GAB', 'GMB', 'GEO', 'DEU', 'GHA', 'GIB', 'GRC', 'GRL', 'GRD', 'GLP', 'GUM', 'GTM', 'GGY', 'GIN', 'GNB', 'GUY', 'HTI', 'HMD', 'VAT', 'HND', 'HKG', 'HUN', 'ISL', 'IND', 'IDN', 'IRN', 'IRQ', 'IRL', 'IMN', 'ISR', 'ITA', 'JAM', 'JPN', 'JEY', 'JOR', 'KAZ', 'KEN', 'KIR', 'PRK', 'KOR', 'XKX', 'KWT', 'KGZ', 'LAO', 'LVA', 'LBN', 'LSO', 'LBR', 'LBY', 'LIE', 'LTU', 'LUX', 'MAC', 'MKD', 'MDG', 'MWI', 'MYS', 'MDV', 'MLI', 'MLT', 'MHL', 'MTQ', 'MRT', 'MUS', 'MYT', 'MEX', 'FSM', 'MDA', 'MCO', 'MNG', 'MNE', 'MSR', 'MAR', 'MOZ', 'MMR', 'NAM', 'NRU', 'NPL', 'NLD', 'NCL', 'NZL', 'NIC', 'NER', 'NGA', 'NIU', 'NFK', 'MNP', 'NOR', 'OMN', 'PAK', 'PLW', 'PSE', 'PAN', 'PNG', 'PRY', 'PER', 'PHL', 'PCN', 'POL', 'PRT', 'PRI', 'QAT', 'REU', 'ROU', 'RUS', 'RWA', 'BLM', 'SHN', 'KNA', 'LCA', 'MAF', 'SPM', 'VCT', 'WSM', 'SMR', 'STP', 'SAU', 'SEN', 'SRB', 'SYC', 'SLE', 'SGP', 'SXM', 'SVK', 'SVN', 'SLB', 'SOM', 'ZAF', 'SGS', 'SSD', 'ESP', 'LKA', 'SDN', 'SUR', 'SJM', 'SWZ', 'SWE', 'CHE', 'SYR', 'TWN', 'TJK', 'TZA', 'THA', 'TLS', 'TGO', 'TKL', 'TON', 'TTO', 'TUN', 'TUR', 'TKM', 'TCA', 'TUV', 'UGA', 'UKR', 'ARE', 'GBR', 'USA', 'UMI', 'URY', 'UZB', 'VUT', 'VEN', 'VNM', 'VGB', 'VIR', 'WLF', 'ESH', 'YEM', 'ZMB', 'ZWE')]
(Background on this error at: https://sqlalche.me/e/20/f405)
]]></error>
			<system-err><![CDATA[INFO  [alembic.runtime.migration] Context impl PostgresqlImpl.
INFO  [alembic.runtime.migration] Will assume transactional DDL.
INFO  [alembic.runtime.migration] Running upgrade  -> 1af632eb25cf, empty message
]]></system-err>
		</testcase>
		<testcase classname="test_resource_allocations.PeopleResourceTestCase" name="test_allocations_grants" time="0.096" timestamp="2024-04-12T15:57:31" file="tests/test_resource_allocations.py" line="725">
			<error type="ProgrammingError" message="(psycopg2.errors.DuplicateObject) type &quot;project_country&quot; already exists

[SQL: CREATE TYPE project_country AS ENUM ('AFG', 'ALA', 'ALB', 'DZA', 'ASM', 'AND', 'AGO', 'AIA', 'ATA', 'ATG', 'ARG', 'ARM', 'ABW', 'AUS', 'AUT', 'AZE', 'BHS', 'BHR', 'BGD', 'BRB', 'BLR', 'BEL', 'BLZ', 'BEN', 'BMU', 'BTN', 'BOL', 'BES', 'BIH', 'BWA', 'BVT', 'BRA', 'IOT', 'BRN', 'BGR', 'BFA', 'BDI', 'KHM', 'CMR', 'CAN', 'CPV', 'CYM', 'CAF', 'TCD', 'CHL', 'CHN', 'CXR', 'CCK', 'COL', 'COM', 'COG', 'COD', 'COK', 'CRI', 'CIV', 'HRV', 'CUB', 'CUW', 'CYP', 'CZE', 'DNK', 'DJI', 'DMA', 'DOM', 'ECU', 'EGY', 'SLV', 'GNQ', 'ERI', 'EST', 'ETH', 'FLK', 'FRO', 'FJI', 'FIN', 'FRA', 'GUF', 'PYF', 'ATF', 'GAB', 'GMB', 'GEO', 'DEU', 'GHA', 'GIB', 'GRC', 'GRL', 'GRD', 'GLP', 'GUM', 'GTM', 'GGY', 'GIN', 'GNB', 'GUY', 'HTI', 'HMD', 'VAT', 'HND', 'HKG', 'HUN', 'ISL', 'IND', 'IDN', 'IRN', 'IRQ', 'IRL', 'IMN', 'ISR', 'ITA', 'JAM', 'JPN', 'JEY', 'JOR', 'KAZ', 'KEN', 'KIR', 'PRK', 'KOR', 'XKX', 'KWT', 'KGZ', 'LAO', 'LVA', 'LBN', 'LSO', 'LBR', 'LBY', 'LIE', 'LTU', 'LUX', 'MAC', 'MKD', 'MDG', 'MWI', 'MYS', 'MDV', 'MLI', 'MLT', 'MHL', 'MTQ', 'MRT', 'MUS', 'MYT', 'MEX', 'FSM', 'MDA', 'MCO', 'MNG', 'MNE', 'MSR', 'MAR', 'MOZ', 'MMR', 'NAM', 'NRU', 'NPL', 'NLD', 'NCL', 'NZL', 'NIC', 'NER', 'NGA', 'NIU', 'NFK', 'MNP', 'NOR', 'OMN', 'PAK', 'PLW', 'PSE', 'PAN', 'PNG', 'PRY', 'PER', 'PHL', 'PCN', 'POL', 'PRT', 'PRI', 'QAT', 'REU', 'ROU', 'RUS', 'RWA', 'BLM', 'SHN', 'KNA', 'LCA', 'MAF', 'SPM', 'VCT', 'WSM', 'SMR', 'STP', 'SAU', 'SEN', 'SRB', 'SYC', 'SLE', 'SGP', 'SXM', 'SVK', 'SVN', 'SLB', 'SOM', 'ZAF', 'SGS', 'SSD', 'ESP', 'LKA', 'SDN', 'SUR', 'SJM', 'SWZ', 'SWE', 'CHE', 'SYR', 'TWN', 'TJK', 'TZA', 'THA', 'TLS', 'TGO', 'TKL', 'TON', 'TTO', 'TUN', 'TUR', 'TKM', 'TCA', 'TUV', 'UGA', 'UKR', 'ARE', 'GBR', 'USA', 'UMI', 'URY', 'UZB', 'VUT', 'VEN', 'VNM', 'VGB', 'VIR', 'WLF', 'ESH', 'YEM', 'ZMB', 'ZWE')]
(Background on this error at: https://sqlalche.me/e/20/f405)"><![CDATA[Traceback (most recent call last):
  File "/usr/src/app/.venv/lib/python3.9/site-packages/sqlalchemy/engine/base.py", line 1971, in _exec_single_context
    self.dialect.do_execute(
  File "/usr/src/app/.venv/lib/python3.9/site-packages/sqlalchemy/engine/default.py", line 919, in do_execute
    cursor.execute(statement, parameters)
psycopg2.errors.DuplicateObject: type "project_country" already exists


The above exception was the direct cause of the following exception:

Traceback (most recent call last):
  File "/usr/src/app/tests/base_test.py", line 64, in setUp
    upgrade()
  File "/usr/src/app/.venv/lib/python3.9/site-packages/flask_migrate/__init__.py", line 111, in wrapped
    f(*args, **kwargs)
  File "/usr/src/app/.venv/lib/python3.9/site-packages/flask_migrate/__init__.py", line 200, in upgrade
    command.upgrade(config, revision, sql=sql, tag=tag)
  File "/usr/src/app/.venv/lib/python3.9/site-packages/alembic/command.py", line 403, in upgrade
    script.run_env()
  File "/usr/src/app/.venv/lib/python3.9/site-packages/alembic/script/base.py", line 583, in run_env
    util.load_python_file(self.dir, "env.py")
  File "/usr/src/app/.venv/lib/python3.9/site-packages/alembic/util/pyfiles.py", line 95, in load_python_file
    module = load_module_py(module_id, path)
  File "/usr/src/app/.venv/lib/python3.9/site-packages/alembic/util/pyfiles.py", line 113, in load_module_py
    spec.loader.exec_module(module)  # type: ignore
  File "<frozen importlib._bootstrap_external>", line 850, in exec_module
  File "<frozen importlib._bootstrap>", line 228, in _call_with_frames_removed
  File "migrations/env.py", line 113, in <module>
    run_migrations_online()
  File "migrations/env.py", line 107, in run_migrations_online
    context.run_migrations()
  File "<string>", line 8, in run_migrations
  File "/usr/src/app/.venv/lib/python3.9/site-packages/alembic/runtime/environment.py", line 948, in run_migrations
    self.get_context().run_migrations(**kw)
  File "/usr/src/app/.venv/lib/python3.9/site-packages/alembic/runtime/migration.py", line 627, in run_migrations
    step.migration_fn(**kw)
  File "/usr/src/app/migrations/versions/1af632eb25cf_.py", line 65, in upgrade
    op.create_table('projects',
  File "<string>", line 8, in create_table
  File "<string>", line 3, in create_table
  File "/usr/src/app/.venv/lib/python3.9/site-packages/alembic/operations/ops.py", line 1311, in create_table
    return operations.invoke(op)
  File "/usr/src/app/.venv/lib/python3.9/site-packages/alembic/operations/base.py", line 445, in invoke
    return fn(self, operation)
  File "/usr/src/app/.venv/lib/python3.9/site-packages/alembic/operations/toimpl.py", line 131, in create_table
    operations.impl.create_table(table)
  File "/usr/src/app/.venv/lib/python3.9/site-packages/alembic/ddl/impl.py", line 363, in create_table
    table.dispatch.before_create(
  File "/usr/src/app/.venv/lib/python3.9/site-packages/sqlalchemy/event/attr.py", line 497, in __call__
    fn(*args, **kw)
  File "/usr/src/app/.venv/lib/python3.9/site-packages/sqlalchemy/util/langhelpers.py", line 852, in __call__
    return getattr(self.target, self.name)(*arg, **kw)
  File "/usr/src/app/.venv/lib/python3.9/site-packages/sqlalchemy/sql/sqltypes.py", line 1120, in _on_table_create
    t._on_table_create(target, bind, **kw)
  File "/usr/src/app/.venv/lib/python3.9/site-packages/sqlalchemy/dialects/postgresql/named_types.py", line 98, in _on_table_create
    self.create(bind=bind, checkfirst=checkfirst)
  File "/usr/src/app/.venv/lib/python3.9/site-packages/sqlalchemy/dialects/postgresql/named_types.py", line 338, in create
    super().create(bind, checkfirst=checkfirst)
  File "/usr/src/app/.venv/lib/python3.9/site-packages/sqlalchemy/dialects/postgresql/named_types.py", line 51, in create
    bind._run_ddl_visitor(self.DDLGenerator, self, checkfirst=checkfirst)
  File "/usr/src/app/.venv/lib/python3.9/site-packages/sqlalchemy/engine/base.py", line 2461, in _run_ddl_visitor
    visitorcallable(self.dialect, self, **kwargs).traverse_single(element)
  File "/usr/src/app/.venv/lib/python3.9/site-packages/sqlalchemy/sql/visitors.py", line 664, in traverse_single
    return meth(obj, **kw)
  File "/usr/src/app/.venv/lib/python3.9/site-packages/sqlalchemy/dialects/postgresql/named_types.py", line 153, in visit_enum
    self.connection.execute(CreateEnumType(enum))
  File "/usr/src/app/.venv/lib/python3.9/site-packages/sqlalchemy/engine/base.py", line 1422, in execute
    return meth(
  File "/usr/src/app/.venv/lib/python3.9/site-packages/sqlalchemy/sql/ddl.py", line 180, in _execute_on_connection
    return connection._execute_ddl(
  File "/usr/src/app/.venv/lib/python3.9/site-packages/sqlalchemy/engine/base.py", line 1533, in _execute_ddl
    ret = self._execute_context(
  File "/usr/src/app/.venv/lib/python3.9/site-packages/sqlalchemy/engine/base.py", line 1850, in _execute_context
    return self._exec_single_context(
  File "/usr/src/app/.venv/lib/python3.9/site-packages/sqlalchemy/engine/base.py", line 1990, in _exec_single_context
    self._handle_dbapi_exception(
  File "/usr/src/app/.venv/lib/python3.9/site-packages/sqlalchemy/engine/base.py", line 2357, in _handle_dbapi_exception
    raise sqlalchemy_exception.with_traceback(exc_info[2]) from e
  File "/usr/src/app/.venv/lib/python3.9/site-packages/sqlalchemy/engine/base.py", line 1971, in _exec_single_context
    self.dialect.do_execute(
  File "/usr/src/app/.venv/lib/python3.9/site-packages/sqlalchemy/engine/default.py", line 919, in do_execute
    cursor.execute(statement, parameters)
sqlalchemy.exc.ProgrammingError: (psycopg2.errors.DuplicateObject) type "project_country" already exists

[SQL: CREATE TYPE project_country AS ENUM ('AFG', 'ALA', 'ALB', 'DZA', 'ASM', 'AND', 'AGO', 'AIA', 'ATA', 'ATG', 'ARG', 'ARM', 'ABW', 'AUS', 'AUT', 'AZE', 'BHS', 'BHR', 'BGD', 'BRB', 'BLR', 'BEL', 'BLZ', 'BEN', 'BMU', 'BTN', 'BOL', 'BES', 'BIH', 'BWA', 'BVT', 'BRA', 'IOT', 'BRN', 'BGR', 'BFA', 'BDI', 'KHM', 'CMR', 'CAN', 'CPV', 'CYM', 'CAF', 'TCD', 'CHL', 'CHN', 'CXR', 'CCK', 'COL', 'COM', 'COG', 'COD', 'COK', 'CRI', 'CIV', 'HRV', 'CUB', 'CUW', 'CYP', 'CZE', 'DNK', 'DJI', 'DMA', 'DOM', 'ECU', 'EGY', 'SLV', 'GNQ', 'ERI', 'EST', 'ETH', 'FLK', 'FRO', 'FJI', 'FIN', 'FRA', 'GUF', 'PYF', 'ATF', 'GAB', 'GMB', 'GEO', 'DEU', 'GHA', 'GIB', 'GRC', 'GRL', 'GRD', 'GLP', 'GUM', 'GTM', 'GGY', 'GIN', 'GNB', 'GUY', 'HTI', 'HMD', 'VAT', 'HND', 'HKG', 'HUN', 'ISL', 'IND', 'IDN', 'IRN', 'IRQ', 'IRL', 'IMN', 'ISR', 'ITA', 'JAM', 'JPN', 'JEY', 'JOR', 'KAZ', 'KEN', 'KIR', 'PRK', 'KOR', 'XKX', 'KWT', 'KGZ', 'LAO', 'LVA', 'LBN', 'LSO', 'LBR', 'LBY', 'LIE', 'LTU', 'LUX', 'MAC', 'MKD', 'MDG', 'MWI', 'MYS', 'MDV', 'MLI', 'MLT', 'MHL', 'MTQ', 'MRT', 'MUS', 'MYT', 'MEX', 'FSM', 'MDA', 'MCO', 'MNG', 'MNE', 'MSR', 'MAR', 'MOZ', 'MMR', 'NAM', 'NRU', 'NPL', 'NLD', 'NCL', 'NZL', 'NIC', 'NER', 'NGA', 'NIU', 'NFK', 'MNP', 'NOR', 'OMN', 'PAK', 'PLW', 'PSE', 'PAN', 'PNG', 'PRY', 'PER', 'PHL', 'PCN', 'POL', 'PRT', 'PRI', 'QAT', 'REU', 'ROU', 'RUS', 'RWA', 'BLM', 'SHN', 'KNA', 'LCA', 'MAF', 'SPM', 'VCT', 'WSM', 'SMR', 'STP', 'SAU', 'SEN', 'SRB', 'SYC', 'SLE', 'SGP', 'SXM', 'SVK', 'SVN', 'SLB', 'SOM', 'ZAF', 'SGS', 'SSD', 'ESP', 'LKA', 'SDN', 'SUR', 'SJM', 'SWZ', 'SWE', 'CHE', 'SYR', 'TWN', 'TJK', 'TZA', 'THA', 'TLS', 'TGO', 'TKL', 'TON', 'TTO', 'TUN', 'TUR', 'TKM', 'TCA', 'TUV', 'UGA', 'UKR', 'ARE', 'GBR', 'USA', 'UMI', 'URY', 'UZB', 'VUT', 'VEN', 'VNM', 'VGB', 'VIR', 'WLF', 'ESH', 'YEM', 'ZMB', 'ZWE')]
(Background on this error at: https://sqlalche.me/e/20/f405)
]]></error>
			<system-err><![CDATA[INFO  [alembic.runtime.migration] Context impl PostgresqlImpl.
INFO  [alembic.runtime.migration] Will assume transactional DDL.
INFO  [alembic.runtime.migration] Running upgrade  -> 1af632eb25cf, empty message
]]></system-err>
		</testcase>
		<testcase classname="test_resource_allocations.PeopleResourceTestCase" name="test_allocations_list" time="0.135" timestamp="2024-04-12T15:57:31" file="tests/test_resource_allocations.py" line="9">
			<error type="ProgrammingError" message="(psycopg2.errors.DuplicateObject) type &quot;project_country&quot; already exists

[SQL: CREATE TYPE project_country AS ENUM ('AFG', 'ALA', 'ALB', 'DZA', 'ASM', 'AND', 'AGO', 'AIA', 'ATA', 'ATG', 'ARG', 'ARM', 'ABW', 'AUS', 'AUT', 'AZE', 'BHS', 'BHR', 'BGD', 'BRB', 'BLR', 'BEL', 'BLZ', 'BEN', 'BMU', 'BTN', 'BOL', 'BES', 'BIH', 'BWA', 'BVT', 'BRA', 'IOT', 'BRN', 'BGR', 'BFA', 'BDI', 'KHM', 'CMR', 'CAN', 'CPV', 'CYM', 'CAF', 'TCD', 'CHL', 'CHN', 'CXR', 'CCK', 'COL', 'COM', 'COG', 'COD', 'COK', 'CRI', 'CIV', 'HRV', 'CUB', 'CUW', 'CYP', 'CZE', 'DNK', 'DJI', 'DMA', 'DOM', 'ECU', 'EGY', 'SLV', 'GNQ', 'ERI', 'EST', 'ETH', 'FLK', 'FRO', 'FJI', 'FIN', 'FRA', 'GUF', 'PYF', 'ATF', 'GAB', 'GMB', 'GEO', 'DEU', 'GHA', 'GIB', 'GRC', 'GRL', 'GRD', 'GLP', 'GUM', 'GTM', 'GGY', 'GIN', 'GNB', 'GUY', 'HTI', 'HMD', 'VAT', 'HND', 'HKG', 'HUN', 'ISL', 'IND', 'IDN', 'IRN', 'IRQ', 'IRL', 'IMN', 'ISR', 'ITA', 'JAM', 'JPN', 'JEY', 'JOR', 'KAZ', 'KEN', 'KIR', 'PRK', 'KOR', 'XKX', 'KWT', 'KGZ', 'LAO', 'LVA', 'LBN', 'LSO', 'LBR', 'LBY', 'LIE', 'LTU', 'LUX', 'MAC', 'MKD', 'MDG', 'MWI', 'MYS', 'MDV', 'MLI', 'MLT', 'MHL', 'MTQ', 'MRT', 'MUS', 'MYT', 'MEX', 'FSM', 'MDA', 'MCO', 'MNG', 'MNE', 'MSR', 'MAR', 'MOZ', 'MMR', 'NAM', 'NRU', 'NPL', 'NLD', 'NCL', 'NZL', 'NIC', 'NER', 'NGA', 'NIU', 'NFK', 'MNP', 'NOR', 'OMN', 'PAK', 'PLW', 'PSE', 'PAN', 'PNG', 'PRY', 'PER', 'PHL', 'PCN', 'POL', 'PRT', 'PRI', 'QAT', 'REU', 'ROU', 'RUS', 'RWA', 'BLM', 'SHN', 'KNA', 'LCA', 'MAF', 'SPM', 'VCT', 'WSM', 'SMR', 'STP', 'SAU', 'SEN', 'SRB', 'SYC', 'SLE', 'SGP', 'SXM', 'SVK', 'SVN', 'SLB', 'SOM', 'ZAF', 'SGS', 'SSD', 'ESP', 'LKA', 'SDN', 'SUR', 'SJM', 'SWZ', 'SWE', 'CHE', 'SYR', 'TWN', 'TJK', 'TZA', 'THA', 'TLS', 'TGO', 'TKL', 'TON', 'TTO', 'TUN', 'TUR', 'TKM', 'TCA', 'TUV', 'UGA', 'UKR', 'ARE', 'GBR', 'USA', 'UMI', 'URY', 'UZB', 'VUT', 'VEN', 'VNM', 'VGB', 'VIR', 'WLF', 'ESH', 'YEM', 'ZMB', 'ZWE')]
(Background on this error at: https://sqlalche.me/e/20/f405)"><![CDATA[Traceback (most recent call last):
  File "/usr/src/app/.venv/lib/python3.9/site-packages/sqlalchemy/engine/base.py", line 1971, in _exec_single_context
    self.dialect.do_execute(
  File "/usr/src/app/.venv/lib/python3.9/site-packages/sqlalchemy/engine/default.py", line 919, in do_execute
    cursor.execute(statement, parameters)
psycopg2.errors.DuplicateObject: type "project_country" already exists


The above exception was the direct cause of the following exception:

Traceback (most recent call last):
  File "/usr/src/app/tests/base_test.py", line 64, in setUp
    upgrade()
  File "/usr/src/app/.venv/lib/python3.9/site-packages/flask_migrate/__init__.py", line 111, in wrapped
    f(*args, **kwargs)
  File "/usr/src/app/.venv/lib/python3.9/site-packages/flask_migrate/__init__.py", line 200, in upgrade
    command.upgrade(config, revision, sql=sql, tag=tag)
  File "/usr/src/app/.venv/lib/python3.9/site-packages/alembic/command.py", line 403, in upgrade
    script.run_env()
  File "/usr/src/app/.venv/lib/python3.9/site-packages/alembic/script/base.py", line 583, in run_env
    util.load_python_file(self.dir, "env.py")
  File "/usr/src/app/.venv/lib/python3.9/site-packages/alembic/util/pyfiles.py", line 95, in load_python_file
    module = load_module_py(module_id, path)
  File "/usr/src/app/.venv/lib/python3.9/site-packages/alembic/util/pyfiles.py", line 113, in load_module_py
    spec.loader.exec_module(module)  # type: ignore
  File "<frozen importlib._bootstrap_external>", line 850, in exec_module
  File "<frozen importlib._bootstrap>", line 228, in _call_with_frames_removed
  File "migrations/env.py", line 113, in <module>
    run_migrations_online()
  File "migrations/env.py", line 107, in run_migrations_online
    context.run_migrations()
  File "<string>", line 8, in run_migrations
  File "/usr/src/app/.venv/lib/python3.9/site-packages/alembic/runtime/environment.py", line 948, in run_migrations
    self.get_context().run_migrations(**kw)
  File "/usr/src/app/.venv/lib/python3.9/site-packages/alembic/runtime/migration.py", line 627, in run_migrations
    step.migration_fn(**kw)
  File "/usr/src/app/migrations/versions/1af632eb25cf_.py", line 65, in upgrade
    op.create_table('projects',
  File "<string>", line 8, in create_table
  File "<string>", line 3, in create_table
  File "/usr/src/app/.venv/lib/python3.9/site-packages/alembic/operations/ops.py", line 1311, in create_table
    return operations.invoke(op)
  File "/usr/src/app/.venv/lib/python3.9/site-packages/alembic/operations/base.py", line 445, in invoke
    return fn(self, operation)
  File "/usr/src/app/.venv/lib/python3.9/site-packages/alembic/operations/toimpl.py", line 131, in create_table
    operations.impl.create_table(table)
  File "/usr/src/app/.venv/lib/python3.9/site-packages/alembic/ddl/impl.py", line 363, in create_table
    table.dispatch.before_create(
  File "/usr/src/app/.venv/lib/python3.9/site-packages/sqlalchemy/event/attr.py", line 497, in __call__
    fn(*args, **kw)
  File "/usr/src/app/.venv/lib/python3.9/site-packages/sqlalchemy/util/langhelpers.py", line 852, in __call__
    return getattr(self.target, self.name)(*arg, **kw)
  File "/usr/src/app/.venv/lib/python3.9/site-packages/sqlalchemy/sql/sqltypes.py", line 1120, in _on_table_create
    t._on_table_create(target, bind, **kw)
  File "/usr/src/app/.venv/lib/python3.9/site-packages/sqlalchemy/dialects/postgresql/named_types.py", line 98, in _on_table_create
    self.create(bind=bind, checkfirst=checkfirst)
  File "/usr/src/app/.venv/lib/python3.9/site-packages/sqlalchemy/dialects/postgresql/named_types.py", line 338, in create
    super().create(bind, checkfirst=checkfirst)
  File "/usr/src/app/.venv/lib/python3.9/site-packages/sqlalchemy/dialects/postgresql/named_types.py", line 51, in create
    bind._run_ddl_visitor(self.DDLGenerator, self, checkfirst=checkfirst)
  File "/usr/src/app/.venv/lib/python3.9/site-packages/sqlalchemy/engine/base.py", line 2461, in _run_ddl_visitor
    visitorcallable(self.dialect, self, **kwargs).traverse_single(element)
  File "/usr/src/app/.venv/lib/python3.9/site-packages/sqlalchemy/sql/visitors.py", line 664, in traverse_single
    return meth(obj, **kw)
  File "/usr/src/app/.venv/lib/python3.9/site-packages/sqlalchemy/dialects/postgresql/named_types.py", line 153, in visit_enum
    self.connection.execute(CreateEnumType(enum))
  File "/usr/src/app/.venv/lib/python3.9/site-packages/sqlalchemy/engine/base.py", line 1422, in execute
    return meth(
  File "/usr/src/app/.venv/lib/python3.9/site-packages/sqlalchemy/sql/ddl.py", line 180, in _execute_on_connection
    return connection._execute_ddl(
  File "/usr/src/app/.venv/lib/python3.9/site-packages/sqlalchemy/engine/base.py", line 1533, in _execute_ddl
    ret = self._execute_context(
  File "/usr/src/app/.venv/lib/python3.9/site-packages/sqlalchemy/engine/base.py", line 1850, in _execute_context
    return self._exec_single_context(
  File "/usr/src/app/.venv/lib/python3.9/site-packages/sqlalchemy/engine/base.py", line 1990, in _exec_single_context
    self._handle_dbapi_exception(
  File "/usr/src/app/.venv/lib/python3.9/site-packages/sqlalchemy/engine/base.py", line 2357, in _handle_dbapi_exception
    raise sqlalchemy_exception.with_traceback(exc_info[2]) from e
  File "/usr/src/app/.venv/lib/python3.9/site-packages/sqlalchemy/engine/base.py", line 1971, in _exec_single_context
    self.dialect.do_execute(
  File "/usr/src/app/.venv/lib/python3.9/site-packages/sqlalchemy/engine/default.py", line 919, in do_execute
    cursor.execute(statement, parameters)
sqlalchemy.exc.ProgrammingError: (psycopg2.errors.DuplicateObject) type "project_country" already exists

[SQL: CREATE TYPE project_country AS ENUM ('AFG', 'ALA', 'ALB', 'DZA', 'ASM', 'AND', 'AGO', 'AIA', 'ATA', 'ATG', 'ARG', 'ARM', 'ABW', 'AUS', 'AUT', 'AZE', 'BHS', 'BHR', 'BGD', 'BRB', 'BLR', 'BEL', 'BLZ', 'BEN', 'BMU', 'BTN', 'BOL', 'BES', 'BIH', 'BWA', 'BVT', 'BRA', 'IOT', 'BRN', 'BGR', 'BFA', 'BDI', 'KHM', 'CMR', 'CAN', 'CPV', 'CYM', 'CAF', 'TCD', 'CHL', 'CHN', 'CXR', 'CCK', 'COL', 'COM', 'COG', 'COD', 'COK', 'CRI', 'CIV', 'HRV', 'CUB', 'CUW', 'CYP', 'CZE', 'DNK', 'DJI', 'DMA', 'DOM', 'ECU', 'EGY', 'SLV', 'GNQ', 'ERI', 'EST', 'ETH', 'FLK', 'FRO', 'FJI', 'FIN', 'FRA', 'GUF', 'PYF', 'ATF', 'GAB', 'GMB', 'GEO', 'DEU', 'GHA', 'GIB', 'GRC', 'GRL', 'GRD', 'GLP', 'GUM', 'GTM', 'GGY', 'GIN', 'GNB', 'GUY', 'HTI', 'HMD', 'VAT', 'HND', 'HKG', 'HUN', 'ISL', 'IND', 'IDN', 'IRN', 'IRQ', 'IRL', 'IMN', 'ISR', 'ITA', 'JAM', 'JPN', 'JEY', 'JOR', 'KAZ', 'KEN', 'KIR', 'PRK', 'KOR', 'XKX', 'KWT', 'KGZ', 'LAO', 'LVA', 'LBN', 'LSO', 'LBR', 'LBY', 'LIE', 'LTU', 'LUX', 'MAC', 'MKD', 'MDG', 'MWI', 'MYS', 'MDV', 'MLI', 'MLT', 'MHL', 'MTQ', 'MRT', 'MUS', 'MYT', 'MEX', 'FSM', 'MDA', 'MCO', 'MNG', 'MNE', 'MSR', 'MAR', 'MOZ', 'MMR', 'NAM', 'NRU', 'NPL', 'NLD', 'NCL', 'NZL', 'NIC', 'NER', 'NGA', 'NIU', 'NFK', 'MNP', 'NOR', 'OMN', 'PAK', 'PLW', 'PSE', 'PAN', 'PNG', 'PRY', 'PER', 'PHL', 'PCN', 'POL', 'PRT', 'PRI', 'QAT', 'REU', 'ROU', 'RUS', 'RWA', 'BLM', 'SHN', 'KNA', 'LCA', 'MAF', 'SPM', 'VCT', 'WSM', 'SMR', 'STP', 'SAU', 'SEN', 'SRB', 'SYC', 'SLE', 'SGP', 'SXM', 'SVK', 'SVN', 'SLB', 'SOM', 'ZAF', 'SGS', 'SSD', 'ESP', 'LKA', 'SDN', 'SUR', 'SJM', 'SWZ', 'SWE', 'CHE', 'SYR', 'TWN', 'TJK', 'TZA', 'THA', 'TLS', 'TGO', 'TKL', 'TON', 'TTO', 'TUN', 'TUR', 'TKM', 'TCA', 'TUV', 'UGA', 'UKR', 'ARE', 'GBR', 'USA', 'UMI', 'URY', 'UZB', 'VUT', 'VEN', 'VNM', 'VGB', 'VIR', 'WLF', 'ESH', 'YEM', 'ZMB', 'ZWE')]
(Background on this error at: https://sqlalche.me/e/20/f405)
]]></error>
			<system-err><![CDATA[INFO  [alembic.runtime.migration] Context impl PostgresqlImpl.
INFO  [alembic.runtime.migration] Will assume transactional DDL.
INFO  [alembic.runtime.migration] Running upgrade  -> 1af632eb25cf, empty message
]]></system-err>
		</testcase>
		<testcase classname="test_resource_allocations.PeopleResourceTestCase" name="test_allocations_projects" time="0.073" timestamp="2024-04-12T15:57:31" file="tests/test_resource_allocations.py" line="829">
			<error type="ProgrammingError" message="(psycopg2.errors.DuplicateObject) type &quot;project_country&quot; already exists

[SQL: CREATE TYPE project_country AS ENUM ('AFG', 'ALA', 'ALB', 'DZA', 'ASM', 'AND', 'AGO', 'AIA', 'ATA', 'ATG', 'ARG', 'ARM', 'ABW', 'AUS', 'AUT', 'AZE', 'BHS', 'BHR', 'BGD', 'BRB', 'BLR', 'BEL', 'BLZ', 'BEN', 'BMU', 'BTN', 'BOL', 'BES', 'BIH', 'BWA', 'BVT', 'BRA', 'IOT', 'BRN', 'BGR', 'BFA', 'BDI', 'KHM', 'CMR', 'CAN', 'CPV', 'CYM', 'CAF', 'TCD', 'CHL', 'CHN', 'CXR', 'CCK', 'COL', 'COM', 'COG', 'COD', 'COK', 'CRI', 'CIV', 'HRV', 'CUB', 'CUW', 'CYP', 'CZE', 'DNK', 'DJI', 'DMA', 'DOM', 'ECU', 'EGY', 'SLV', 'GNQ', 'ERI', 'EST', 'ETH', 'FLK', 'FRO', 'FJI', 'FIN', 'FRA', 'GUF', 'PYF', 'ATF', 'GAB', 'GMB', 'GEO', 'DEU', 'GHA', 'GIB', 'GRC', 'GRL', 'GRD', 'GLP', 'GUM', 'GTM', 'GGY', 'GIN', 'GNB', 'GUY', 'HTI', 'HMD', 'VAT', 'HND', 'HKG', 'HUN', 'ISL', 'IND', 'IDN', 'IRN', 'IRQ', 'IRL', 'IMN', 'ISR', 'ITA', 'JAM', 'JPN', 'JEY', 'JOR', 'KAZ', 'KEN', 'KIR', 'PRK', 'KOR', 'XKX', 'KWT', 'KGZ', 'LAO', 'LVA', 'LBN', 'LSO', 'LBR', 'LBY', 'LIE', 'LTU', 'LUX', 'MAC', 'MKD', 'MDG', 'MWI', 'MYS', 'MDV', 'MLI', 'MLT', 'MHL', 'MTQ', 'MRT', 'MUS', 'MYT', 'MEX', 'FSM', 'MDA', 'MCO', 'MNG', 'MNE', 'MSR', 'MAR', 'MOZ', 'MMR', 'NAM', 'NRU', 'NPL', 'NLD', 'NCL', 'NZL', 'NIC', 'NER', 'NGA', 'NIU', 'NFK', 'MNP', 'NOR', 'OMN', 'PAK', 'PLW', 'PSE', 'PAN', 'PNG', 'PRY', 'PER', 'PHL', 'PCN', 'POL', 'PRT', 'PRI', 'QAT', 'REU', 'ROU', 'RUS', 'RWA', 'BLM', 'SHN', 'KNA', 'LCA', 'MAF', 'SPM', 'VCT', 'WSM', 'SMR', 'STP', 'SAU', 'SEN', 'SRB', 'SYC', 'SLE', 'SGP', 'SXM', 'SVK', 'SVN', 'SLB', 'SOM', 'ZAF', 'SGS', 'SSD', 'ESP', 'LKA', 'SDN', 'SUR', 'SJM', 'SWZ', 'SWE', 'CHE', 'SYR', 'TWN', 'TJK', 'TZA', 'THA', 'TLS', 'TGO', 'TKL', 'TON', 'TTO', 'TUN', 'TUR', 'TKM', 'TCA', 'TUV', 'UGA', 'UKR', 'ARE', 'GBR', 'USA', 'UMI', 'URY', 'UZB', 'VUT', 'VEN', 'VNM', 'VGB', 'VIR', 'WLF', 'ESH', 'YEM', 'ZMB', 'ZWE')]
(Background on this error at: https://sqlalche.me/e/20/f405)"><![CDATA[Traceback (most recent call last):
  File "/usr/src/app/.venv/lib/python3.9/site-packages/sqlalchemy/engine/base.py", line 1971, in _exec_single_context
    self.dialect.do_execute(
  File "/usr/src/app/.venv/lib/python3.9/site-packages/sqlalchemy/engine/default.py", line 919, in do_execute
    cursor.execute(statement, parameters)
psycopg2.errors.DuplicateObject: type "project_country" already exists


The above exception was the direct cause of the following exception:

Traceback (most recent call last):
  File "/usr/src/app/tests/base_test.py", line 64, in setUp
    upgrade()
  File "/usr/src/app/.venv/lib/python3.9/site-packages/flask_migrate/__init__.py", line 111, in wrapped
    f(*args, **kwargs)
  File "/usr/src/app/.venv/lib/python3.9/site-packages/flask_migrate/__init__.py", line 200, in upgrade
    command.upgrade(config, revision, sql=sql, tag=tag)
  File "/usr/src/app/.venv/lib/python3.9/site-packages/alembic/command.py", line 403, in upgrade
    script.run_env()
  File "/usr/src/app/.venv/lib/python3.9/site-packages/alembic/script/base.py", line 583, in run_env
    util.load_python_file(self.dir, "env.py")
  File "/usr/src/app/.venv/lib/python3.9/site-packages/alembic/util/pyfiles.py", line 95, in load_python_file
    module = load_module_py(module_id, path)
  File "/usr/src/app/.venv/lib/python3.9/site-packages/alembic/util/pyfiles.py", line 113, in load_module_py
    spec.loader.exec_module(module)  # type: ignore
  File "<frozen importlib._bootstrap_external>", line 850, in exec_module
  File "<frozen importlib._bootstrap>", line 228, in _call_with_frames_removed
  File "migrations/env.py", line 113, in <module>
    run_migrations_online()
  File "migrations/env.py", line 107, in run_migrations_online
    context.run_migrations()
  File "<string>", line 8, in run_migrations
  File "/usr/src/app/.venv/lib/python3.9/site-packages/alembic/runtime/environment.py", line 948, in run_migrations
    self.get_context().run_migrations(**kw)
  File "/usr/src/app/.venv/lib/python3.9/site-packages/alembic/runtime/migration.py", line 627, in run_migrations
    step.migration_fn(**kw)
  File "/usr/src/app/migrations/versions/1af632eb25cf_.py", line 65, in upgrade
    op.create_table('projects',
  File "<string>", line 8, in create_table
  File "<string>", line 3, in create_table
  File "/usr/src/app/.venv/lib/python3.9/site-packages/alembic/operations/ops.py", line 1311, in create_table
    return operations.invoke(op)
  File "/usr/src/app/.venv/lib/python3.9/site-packages/alembic/operations/base.py", line 445, in invoke
    return fn(self, operation)
  File "/usr/src/app/.venv/lib/python3.9/site-packages/alembic/operations/toimpl.py", line 131, in create_table
    operations.impl.create_table(table)
  File "/usr/src/app/.venv/lib/python3.9/site-packages/alembic/ddl/impl.py", line 363, in create_table
    table.dispatch.before_create(
  File "/usr/src/app/.venv/lib/python3.9/site-packages/sqlalchemy/event/attr.py", line 497, in __call__
    fn(*args, **kw)
  File "/usr/src/app/.venv/lib/python3.9/site-packages/sqlalchemy/util/langhelpers.py", line 852, in __call__
    return getattr(self.target, self.name)(*arg, **kw)
  File "/usr/src/app/.venv/lib/python3.9/site-packages/sqlalchemy/sql/sqltypes.py", line 1120, in _on_table_create
    t._on_table_create(target, bind, **kw)
  File "/usr/src/app/.venv/lib/python3.9/site-packages/sqlalchemy/dialects/postgresql/named_types.py", line 98, in _on_table_create
    self.create(bind=bind, checkfirst=checkfirst)
  File "/usr/src/app/.venv/lib/python3.9/site-packages/sqlalchemy/dialects/postgresql/named_types.py", line 338, in create
    super().create(bind, checkfirst=checkfirst)
  File "/usr/src/app/.venv/lib/python3.9/site-packages/sqlalchemy/dialects/postgresql/named_types.py", line 51, in create
    bind._run_ddl_visitor(self.DDLGenerator, self, checkfirst=checkfirst)
  File "/usr/src/app/.venv/lib/python3.9/site-packages/sqlalchemy/engine/base.py", line 2461, in _run_ddl_visitor
    visitorcallable(self.dialect, self, **kwargs).traverse_single(element)
  File "/usr/src/app/.venv/lib/python3.9/site-packages/sqlalchemy/sql/visitors.py", line 664, in traverse_single
    return meth(obj, **kw)
  File "/usr/src/app/.venv/lib/python3.9/site-packages/sqlalchemy/dialects/postgresql/named_types.py", line 153, in visit_enum
    self.connection.execute(CreateEnumType(enum))
  File "/usr/src/app/.venv/lib/python3.9/site-packages/sqlalchemy/engine/base.py", line 1422, in execute
    return meth(
  File "/usr/src/app/.venv/lib/python3.9/site-packages/sqlalchemy/sql/ddl.py", line 180, in _execute_on_connection
    return connection._execute_ddl(
  File "/usr/src/app/.venv/lib/python3.9/site-packages/sqlalchemy/engine/base.py", line 1533, in _execute_ddl
    ret = self._execute_context(
  File "/usr/src/app/.venv/lib/python3.9/site-packages/sqlalchemy/engine/base.py", line 1850, in _execute_context
    return self._exec_single_context(
  File "/usr/src/app/.venv/lib/python3.9/site-packages/sqlalchemy/engine/base.py", line 1990, in _exec_single_context
    self._handle_dbapi_exception(
  File "/usr/src/app/.venv/lib/python3.9/site-packages/sqlalchemy/engine/base.py", line 2357, in _handle_dbapi_exception
    raise sqlalchemy_exception.with_traceback(exc_info[2]) from e
  File "/usr/src/app/.venv/lib/python3.9/site-packages/sqlalchemy/engine/base.py", line 1971, in _exec_single_context
    self.dialect.do_execute(
  File "/usr/src/app/.venv/lib/python3.9/site-packages/sqlalchemy/engine/default.py", line 919, in do_execute
    cursor.execute(statement, parameters)
sqlalchemy.exc.ProgrammingError: (psycopg2.errors.DuplicateObject) type "project_country" already exists

[SQL: CREATE TYPE project_country AS ENUM ('AFG', 'ALA', 'ALB', 'DZA', 'ASM', 'AND', 'AGO', 'AIA', 'ATA', 'ATG', 'ARG', 'ARM', 'ABW', 'AUS', 'AUT', 'AZE', 'BHS', 'BHR', 'BGD', 'BRB', 'BLR', 'BEL', 'BLZ', 'BEN', 'BMU', 'BTN', 'BOL', 'BES', 'BIH', 'BWA', 'BVT', 'BRA', 'IOT', 'BRN', 'BGR', 'BFA', 'BDI', 'KHM', 'CMR', 'CAN', 'CPV', 'CYM', 'CAF', 'TCD', 'CHL', 'CHN', 'CXR', 'CCK', 'COL', 'COM', 'COG', 'COD', 'COK', 'CRI', 'CIV', 'HRV', 'CUB', 'CUW', 'CYP', 'CZE', 'DNK', 'DJI', 'DMA', 'DOM', 'ECU', 'EGY', 'SLV', 'GNQ', 'ERI', 'EST', 'ETH', 'FLK', 'FRO', 'FJI', 'FIN', 'FRA', 'GUF', 'PYF', 'ATF', 'GAB', 'GMB', 'GEO', 'DEU', 'GHA', 'GIB', 'GRC', 'GRL', 'GRD', 'GLP', 'GUM', 'GTM', 'GGY', 'GIN', 'GNB', 'GUY', 'HTI', 'HMD', 'VAT', 'HND', 'HKG', 'HUN', 'ISL', 'IND', 'IDN', 'IRN', 'IRQ', 'IRL', 'IMN', 'ISR', 'ITA', 'JAM', 'JPN', 'JEY', 'JOR', 'KAZ', 'KEN', 'KIR', 'PRK', 'KOR', 'XKX', 'KWT', 'KGZ', 'LAO', 'LVA', 'LBN', 'LSO', 'LBR', 'LBY', 'LIE', 'LTU', 'LUX', 'MAC', 'MKD', 'MDG', 'MWI', 'MYS', 'MDV', 'MLI', 'MLT', 'MHL', 'MTQ', 'MRT', 'MUS', 'MYT', 'MEX', 'FSM', 'MDA', 'MCO', 'MNG', 'MNE', 'MSR', 'MAR', 'MOZ', 'MMR', 'NAM', 'NRU', 'NPL', 'NLD', 'NCL', 'NZL', 'NIC', 'NER', 'NGA', 'NIU', 'NFK', 'MNP', 'NOR', 'OMN', 'PAK', 'PLW', 'PSE', 'PAN', 'PNG', 'PRY', 'PER', 'PHL', 'PCN', 'POL', 'PRT', 'PRI', 'QAT', 'REU', 'ROU', 'RUS', 'RWA', 'BLM', 'SHN', 'KNA', 'LCA', 'MAF', 'SPM', 'VCT', 'WSM', 'SMR', 'STP', 'SAU', 'SEN', 'SRB', 'SYC', 'SLE', 'SGP', 'SXM', 'SVK', 'SVN', 'SLB', 'SOM', 'ZAF', 'SGS', 'SSD', 'ESP', 'LKA', 'SDN', 'SUR', 'SJM', 'SWZ', 'SWE', 'CHE', 'SYR', 'TWN', 'TJK', 'TZA', 'THA', 'TLS', 'TGO', 'TKL', 'TON', 'TTO', 'TUN', 'TUR', 'TKM', 'TCA', 'TUV', 'UGA', 'UKR', 'ARE', 'GBR', 'USA', 'UMI', 'URY', 'UZB', 'VUT', 'VEN', 'VNM', 'VGB', 'VIR', 'WLF', 'ESH', 'YEM', 'ZMB', 'ZWE')]
(Background on this error at: https://sqlalche.me/e/20/f405)
]]></error>
			<system-err><![CDATA[INFO  [alembic.runtime.migration] Context impl PostgresqlImpl.
INFO  [alembic.runtime.migration] Will assume transactional DDL.
INFO  [alembic.runtime.migration] Running upgrade  -> 1af632eb25cf, empty message
]]></system-err>
		</testcase>
		<testcase classname="test_resource_allocations.PeopleResourceTestCase" name="test_allocations_relationship_grants" time="0.099" timestamp="2024-04-12T15:57:31" file="tests/test_resource_allocations.py" line="681">
			<error type="ProgrammingError" message="(psycopg2.errors.DuplicateObject) type &quot;project_country&quot; already exists

[SQL: CREATE TYPE project_country AS ENUM ('AFG', 'ALA', 'ALB', 'DZA', 'ASM', 'AND', 'AGO', 'AIA', 'ATA', 'ATG', 'ARG', 'ARM', 'ABW', 'AUS', 'AUT', 'AZE', 'BHS', 'BHR', 'BGD', 'BRB', 'BLR', 'BEL', 'BLZ', 'BEN', 'BMU', 'BTN', 'BOL', 'BES', 'BIH', 'BWA', 'BVT', 'BRA', 'IOT', 'BRN', 'BGR', 'BFA', 'BDI', 'KHM', 'CMR', 'CAN', 'CPV', 'CYM', 'CAF', 'TCD', 'CHL', 'CHN', 'CXR', 'CCK', 'COL', 'COM', 'COG', 'COD', 'COK', 'CRI', 'CIV', 'HRV', 'CUB', 'CUW', 'CYP', 'CZE', 'DNK', 'DJI', 'DMA', 'DOM', 'ECU', 'EGY', 'SLV', 'GNQ', 'ERI', 'EST', 'ETH', 'FLK', 'FRO', 'FJI', 'FIN', 'FRA', 'GUF', 'PYF', 'ATF', 'GAB', 'GMB', 'GEO', 'DEU', 'GHA', 'GIB', 'GRC', 'GRL', 'GRD', 'GLP', 'GUM', 'GTM', 'GGY', 'GIN', 'GNB', 'GUY', 'HTI', 'HMD', 'VAT', 'HND', 'HKG', 'HUN', 'ISL', 'IND', 'IDN', 'IRN', 'IRQ', 'IRL', 'IMN', 'ISR', 'ITA', 'JAM', 'JPN', 'JEY', 'JOR', 'KAZ', 'KEN', 'KIR', 'PRK', 'KOR', 'XKX', 'KWT', 'KGZ', 'LAO', 'LVA', 'LBN', 'LSO', 'LBR', 'LBY', 'LIE', 'LTU', 'LUX', 'MAC', 'MKD', 'MDG', 'MWI', 'MYS', 'MDV', 'MLI', 'MLT', 'MHL', 'MTQ', 'MRT', 'MUS', 'MYT', 'MEX', 'FSM', 'MDA', 'MCO', 'MNG', 'MNE', 'MSR', 'MAR', 'MOZ', 'MMR', 'NAM', 'NRU', 'NPL', 'NLD', 'NCL', 'NZL', 'NIC', 'NER', 'NGA', 'NIU', 'NFK', 'MNP', 'NOR', 'OMN', 'PAK', 'PLW', 'PSE', 'PAN', 'PNG', 'PRY', 'PER', 'PHL', 'PCN', 'POL', 'PRT', 'PRI', 'QAT', 'REU', 'ROU', 'RUS', 'RWA', 'BLM', 'SHN', 'KNA', 'LCA', 'MAF', 'SPM', 'VCT', 'WSM', 'SMR', 'STP', 'SAU', 'SEN', 'SRB', 'SYC', 'SLE', 'SGP', 'SXM', 'SVK', 'SVN', 'SLB', 'SOM', 'ZAF', 'SGS', 'SSD', 'ESP', 'LKA', 'SDN', 'SUR', 'SJM', 'SWZ', 'SWE', 'CHE', 'SYR', 'TWN', 'TJK', 'TZA', 'THA', 'TLS', 'TGO', 'TKL', 'TON', 'TTO', 'TUN', 'TUR', 'TKM', 'TCA', 'TUV', 'UGA', 'UKR', 'ARE', 'GBR', 'USA', 'UMI', 'URY', 'UZB', 'VUT', 'VEN', 'VNM', 'VGB', 'VIR', 'WLF', 'ESH', 'YEM', 'ZMB', 'ZWE')]
(Background on this error at: https://sqlalche.me/e/20/f405)"><![CDATA[Traceback (most recent call last):
  File "/usr/src/app/.venv/lib/python3.9/site-packages/sqlalchemy/engine/base.py", line 1971, in _exec_single_context
    self.dialect.do_execute(
  File "/usr/src/app/.venv/lib/python3.9/site-packages/sqlalchemy/engine/default.py", line 919, in do_execute
    cursor.execute(statement, parameters)
psycopg2.errors.DuplicateObject: type "project_country" already exists


The above exception was the direct cause of the following exception:

Traceback (most recent call last):
  File "/usr/src/app/tests/base_test.py", line 64, in setUp
    upgrade()
  File "/usr/src/app/.venv/lib/python3.9/site-packages/flask_migrate/__init__.py", line 111, in wrapped
    f(*args, **kwargs)
  File "/usr/src/app/.venv/lib/python3.9/site-packages/flask_migrate/__init__.py", line 200, in upgrade
    command.upgrade(config, revision, sql=sql, tag=tag)
  File "/usr/src/app/.venv/lib/python3.9/site-packages/alembic/command.py", line 403, in upgrade
    script.run_env()
  File "/usr/src/app/.venv/lib/python3.9/site-packages/alembic/script/base.py", line 583, in run_env
    util.load_python_file(self.dir, "env.py")
  File "/usr/src/app/.venv/lib/python3.9/site-packages/alembic/util/pyfiles.py", line 95, in load_python_file
    module = load_module_py(module_id, path)
  File "/usr/src/app/.venv/lib/python3.9/site-packages/alembic/util/pyfiles.py", line 113, in load_module_py
    spec.loader.exec_module(module)  # type: ignore
  File "<frozen importlib._bootstrap_external>", line 850, in exec_module
  File "<frozen importlib._bootstrap>", line 228, in _call_with_frames_removed
  File "migrations/env.py", line 113, in <module>
    run_migrations_online()
  File "migrations/env.py", line 107, in run_migrations_online
    context.run_migrations()
  File "<string>", line 8, in run_migrations
  File "/usr/src/app/.venv/lib/python3.9/site-packages/alembic/runtime/environment.py", line 948, in run_migrations
    self.get_context().run_migrations(**kw)
  File "/usr/src/app/.venv/lib/python3.9/site-packages/alembic/runtime/migration.py", line 627, in run_migrations
    step.migration_fn(**kw)
  File "/usr/src/app/migrations/versions/1af632eb25cf_.py", line 65, in upgrade
    op.create_table('projects',
  File "<string>", line 8, in create_table
  File "<string>", line 3, in create_table
  File "/usr/src/app/.venv/lib/python3.9/site-packages/alembic/operations/ops.py", line 1311, in create_table
    return operations.invoke(op)
  File "/usr/src/app/.venv/lib/python3.9/site-packages/alembic/operations/base.py", line 445, in invoke
    return fn(self, operation)
  File "/usr/src/app/.venv/lib/python3.9/site-packages/alembic/operations/toimpl.py", line 131, in create_table
    operations.impl.create_table(table)
  File "/usr/src/app/.venv/lib/python3.9/site-packages/alembic/ddl/impl.py", line 363, in create_table
    table.dispatch.before_create(
  File "/usr/src/app/.venv/lib/python3.9/site-packages/sqlalchemy/event/attr.py", line 497, in __call__
    fn(*args, **kw)
  File "/usr/src/app/.venv/lib/python3.9/site-packages/sqlalchemy/util/langhelpers.py", line 852, in __call__
    return getattr(self.target, self.name)(*arg, **kw)
  File "/usr/src/app/.venv/lib/python3.9/site-packages/sqlalchemy/sql/sqltypes.py", line 1120, in _on_table_create
    t._on_table_create(target, bind, **kw)
  File "/usr/src/app/.venv/lib/python3.9/site-packages/sqlalchemy/dialects/postgresql/named_types.py", line 98, in _on_table_create
    self.create(bind=bind, checkfirst=checkfirst)
  File "/usr/src/app/.venv/lib/python3.9/site-packages/sqlalchemy/dialects/postgresql/named_types.py", line 338, in create
    super().create(bind, checkfirst=checkfirst)
  File "/usr/src/app/.venv/lib/python3.9/site-packages/sqlalchemy/dialects/postgresql/named_types.py", line 51, in create
    bind._run_ddl_visitor(self.DDLGenerator, self, checkfirst=checkfirst)
  File "/usr/src/app/.venv/lib/python3.9/site-packages/sqlalchemy/engine/base.py", line 2461, in _run_ddl_visitor
    visitorcallable(self.dialect, self, **kwargs).traverse_single(element)
  File "/usr/src/app/.venv/lib/python3.9/site-packages/sqlalchemy/sql/visitors.py", line 664, in traverse_single
    return meth(obj, **kw)
  File "/usr/src/app/.venv/lib/python3.9/site-packages/sqlalchemy/dialects/postgresql/named_types.py", line 153, in visit_enum
    self.connection.execute(CreateEnumType(enum))
  File "/usr/src/app/.venv/lib/python3.9/site-packages/sqlalchemy/engine/base.py", line 1422, in execute
    return meth(
  File "/usr/src/app/.venv/lib/python3.9/site-packages/sqlalchemy/sql/ddl.py", line 180, in _execute_on_connection
    return connection._execute_ddl(
  File "/usr/src/app/.venv/lib/python3.9/site-packages/sqlalchemy/engine/base.py", line 1533, in _execute_ddl
    ret = self._execute_context(
  File "/usr/src/app/.venv/lib/python3.9/site-packages/sqlalchemy/engine/base.py", line 1850, in _execute_context
    return self._exec_single_context(
  File "/usr/src/app/.venv/lib/python3.9/site-packages/sqlalchemy/engine/base.py", line 1990, in _exec_single_context
    self._handle_dbapi_exception(
  File "/usr/src/app/.venv/lib/python3.9/site-packages/sqlalchemy/engine/base.py", line 2357, in _handle_dbapi_exception
    raise sqlalchemy_exception.with_traceback(exc_info[2]) from e
  File "/usr/src/app/.venv/lib/python3.9/site-packages/sqlalchemy/engine/base.py", line 1971, in _exec_single_context
    self.dialect.do_execute(
  File "/usr/src/app/.venv/lib/python3.9/site-packages/sqlalchemy/engine/default.py", line 919, in do_execute
    cursor.execute(statement, parameters)
sqlalchemy.exc.ProgrammingError: (psycopg2.errors.DuplicateObject) type "project_country" already exists

[SQL: CREATE TYPE project_country AS ENUM ('AFG', 'ALA', 'ALB', 'DZA', 'ASM', 'AND', 'AGO', 'AIA', 'ATA', 'ATG', 'ARG', 'ARM', 'ABW', 'AUS', 'AUT', 'AZE', 'BHS', 'BHR', 'BGD', 'BRB', 'BLR', 'BEL', 'BLZ', 'BEN', 'BMU', 'BTN', 'BOL', 'BES', 'BIH', 'BWA', 'BVT', 'BRA', 'IOT', 'BRN', 'BGR', 'BFA', 'BDI', 'KHM', 'CMR', 'CAN', 'CPV', 'CYM', 'CAF', 'TCD', 'CHL', 'CHN', 'CXR', 'CCK', 'COL', 'COM', 'COG', 'COD', 'COK', 'CRI', 'CIV', 'HRV', 'CUB', 'CUW', 'CYP', 'CZE', 'DNK', 'DJI', 'DMA', 'DOM', 'ECU', 'EGY', 'SLV', 'GNQ', 'ERI', 'EST', 'ETH', 'FLK', 'FRO', 'FJI', 'FIN', 'FRA', 'GUF', 'PYF', 'ATF', 'GAB', 'GMB', 'GEO', 'DEU', 'GHA', 'GIB', 'GRC', 'GRL', 'GRD', 'GLP', 'GUM', 'GTM', 'GGY', 'GIN', 'GNB', 'GUY', 'HTI', 'HMD', 'VAT', 'HND', 'HKG', 'HUN', 'ISL', 'IND', 'IDN', 'IRN', 'IRQ', 'IRL', 'IMN', 'ISR', 'ITA', 'JAM', 'JPN', 'JEY', 'JOR', 'KAZ', 'KEN', 'KIR', 'PRK', 'KOR', 'XKX', 'KWT', 'KGZ', 'LAO', 'LVA', 'LBN', 'LSO', 'LBR', 'LBY', 'LIE', 'LTU', 'LUX', 'MAC', 'MKD', 'MDG', 'MWI', 'MYS', 'MDV', 'MLI', 'MLT', 'MHL', 'MTQ', 'MRT', 'MUS', 'MYT', 'MEX', 'FSM', 'MDA', 'MCO', 'MNG', 'MNE', 'MSR', 'MAR', 'MOZ', 'MMR', 'NAM', 'NRU', 'NPL', 'NLD', 'NCL', 'NZL', 'NIC', 'NER', 'NGA', 'NIU', 'NFK', 'MNP', 'NOR', 'OMN', 'PAK', 'PLW', 'PSE', 'PAN', 'PNG', 'PRY', 'PER', 'PHL', 'PCN', 'POL', 'PRT', 'PRI', 'QAT', 'REU', 'ROU', 'RUS', 'RWA', 'BLM', 'SHN', 'KNA', 'LCA', 'MAF', 'SPM', 'VCT', 'WSM', 'SMR', 'STP', 'SAU', 'SEN', 'SRB', 'SYC', 'SLE', 'SGP', 'SXM', 'SVK', 'SVN', 'SLB', 'SOM', 'ZAF', 'SGS', 'SSD', 'ESP', 'LKA', 'SDN', 'SUR', 'SJM', 'SWZ', 'SWE', 'CHE', 'SYR', 'TWN', 'TJK', 'TZA', 'THA', 'TLS', 'TGO', 'TKL', 'TON', 'TTO', 'TUN', 'TUR', 'TKM', 'TCA', 'TUV', 'UGA', 'UKR', 'ARE', 'GBR', 'USA', 'UMI', 'URY', 'UZB', 'VUT', 'VEN', 'VNM', 'VGB', 'VIR', 'WLF', 'ESH', 'YEM', 'ZMB', 'ZWE')]
(Background on this error at: https://sqlalche.me/e/20/f405)
]]></error>
			<system-err><![CDATA[INFO  [alembic.runtime.migration] Context impl PostgresqlImpl.
INFO  [alembic.runtime.migration] Will assume transactional DDL.
INFO  [alembic.runtime.migration] Running upgrade  -> 1af632eb25cf, empty message
]]></system-err>
		</testcase>
		<testcase classname="test_resource_allocations.PeopleResourceTestCase" name="test_allocations_relationship_projects" time="0.074" timestamp="2024-04-12T15:57:31" file="tests/test_resource_allocations.py" line="703">
			<error type="ProgrammingError" message="(psycopg2.errors.DuplicateObject) type &quot;project_country&quot; already exists

[SQL: CREATE TYPE project_country AS ENUM ('AFG', 'ALA', 'ALB', 'DZA', 'ASM', 'AND', 'AGO', 'AIA', 'ATA', 'ATG', 'ARG', 'ARM', 'ABW', 'AUS', 'AUT', 'AZE', 'BHS', 'BHR', 'BGD', 'BRB', 'BLR', 'BEL', 'BLZ', 'BEN', 'BMU', 'BTN', 'BOL', 'BES', 'BIH', 'BWA', 'BVT', 'BRA', 'IOT', 'BRN', 'BGR', 'BFA', 'BDI', 'KHM', 'CMR', 'CAN', 'CPV', 'CYM', 'CAF', 'TCD', 'CHL', 'CHN', 'CXR', 'CCK', 'COL', 'COM', 'COG', 'COD', 'COK', 'CRI', 'CIV', 'HRV', 'CUB', 'CUW', 'CYP', 'CZE', 'DNK', 'DJI', 'DMA', 'DOM', 'ECU', 'EGY', 'SLV', 'GNQ', 'ERI', 'EST', 'ETH', 'FLK', 'FRO', 'FJI', 'FIN', 'FRA', 'GUF', 'PYF', 'ATF', 'GAB', 'GMB', 'GEO', 'DEU', 'GHA', 'GIB', 'GRC', 'GRL', 'GRD', 'GLP', 'GUM', 'GTM', 'GGY', 'GIN', 'GNB', 'GUY', 'HTI', 'HMD', 'VAT', 'HND', 'HKG', 'HUN', 'ISL', 'IND', 'IDN', 'IRN', 'IRQ', 'IRL', 'IMN', 'ISR', 'ITA', 'JAM', 'JPN', 'JEY', 'JOR', 'KAZ', 'KEN', 'KIR', 'PRK', 'KOR', 'XKX', 'KWT', 'KGZ', 'LAO', 'LVA', 'LBN', 'LSO', 'LBR', 'LBY', 'LIE', 'LTU', 'LUX', 'MAC', 'MKD', 'MDG', 'MWI', 'MYS', 'MDV', 'MLI', 'MLT', 'MHL', 'MTQ', 'MRT', 'MUS', 'MYT', 'MEX', 'FSM', 'MDA', 'MCO', 'MNG', 'MNE', 'MSR', 'MAR', 'MOZ', 'MMR', 'NAM', 'NRU', 'NPL', 'NLD', 'NCL', 'NZL', 'NIC', 'NER', 'NGA', 'NIU', 'NFK', 'MNP', 'NOR', 'OMN', 'PAK', 'PLW', 'PSE', 'PAN', 'PNG', 'PRY', 'PER', 'PHL', 'PCN', 'POL', 'PRT', 'PRI', 'QAT', 'REU', 'ROU', 'RUS', 'RWA', 'BLM', 'SHN', 'KNA', 'LCA', 'MAF', 'SPM', 'VCT', 'WSM', 'SMR', 'STP', 'SAU', 'SEN', 'SRB', 'SYC', 'SLE', 'SGP', 'SXM', 'SVK', 'SVN', 'SLB', 'SOM', 'ZAF', 'SGS', 'SSD', 'ESP', 'LKA', 'SDN', 'SUR', 'SJM', 'SWZ', 'SWE', 'CHE', 'SYR', 'TWN', 'TJK', 'TZA', 'THA', 'TLS', 'TGO', 'TKL', 'TON', 'TTO', 'TUN', 'TUR', 'TKM', 'TCA', 'TUV', 'UGA', 'UKR', 'ARE', 'GBR', 'USA', 'UMI', 'URY', 'UZB', 'VUT', 'VEN', 'VNM', 'VGB', 'VIR', 'WLF', 'ESH', 'YEM', 'ZMB', 'ZWE')]
(Background on this error at: https://sqlalche.me/e/20/f405)"><![CDATA[Traceback (most recent call last):
  File "/usr/src/app/.venv/lib/python3.9/site-packages/sqlalchemy/engine/base.py", line 1971, in _exec_single_context
    self.dialect.do_execute(
  File "/usr/src/app/.venv/lib/python3.9/site-packages/sqlalchemy/engine/default.py", line 919, in do_execute
    cursor.execute(statement, parameters)
psycopg2.errors.DuplicateObject: type "project_country" already exists


The above exception was the direct cause of the following exception:

Traceback (most recent call last):
  File "/usr/src/app/tests/base_test.py", line 64, in setUp
    upgrade()
  File "/usr/src/app/.venv/lib/python3.9/site-packages/flask_migrate/__init__.py", line 111, in wrapped
    f(*args, **kwargs)
  File "/usr/src/app/.venv/lib/python3.9/site-packages/flask_migrate/__init__.py", line 200, in upgrade
    command.upgrade(config, revision, sql=sql, tag=tag)
  File "/usr/src/app/.venv/lib/python3.9/site-packages/alembic/command.py", line 403, in upgrade
    script.run_env()
  File "/usr/src/app/.venv/lib/python3.9/site-packages/alembic/script/base.py", line 583, in run_env
    util.load_python_file(self.dir, "env.py")
  File "/usr/src/app/.venv/lib/python3.9/site-packages/alembic/util/pyfiles.py", line 95, in load_python_file
    module = load_module_py(module_id, path)
  File "/usr/src/app/.venv/lib/python3.9/site-packages/alembic/util/pyfiles.py", line 113, in load_module_py
    spec.loader.exec_module(module)  # type: ignore
  File "<frozen importlib._bootstrap_external>", line 850, in exec_module
  File "<frozen importlib._bootstrap>", line 228, in _call_with_frames_removed
  File "migrations/env.py", line 113, in <module>
    run_migrations_online()
  File "migrations/env.py", line 107, in run_migrations_online
    context.run_migrations()
  File "<string>", line 8, in run_migrations
  File "/usr/src/app/.venv/lib/python3.9/site-packages/alembic/runtime/environment.py", line 948, in run_migrations
    self.get_context().run_migrations(**kw)
  File "/usr/src/app/.venv/lib/python3.9/site-packages/alembic/runtime/migration.py", line 627, in run_migrations
    step.migration_fn(**kw)
  File "/usr/src/app/migrations/versions/1af632eb25cf_.py", line 65, in upgrade
    op.create_table('projects',
  File "<string>", line 8, in create_table
  File "<string>", line 3, in create_table
  File "/usr/src/app/.venv/lib/python3.9/site-packages/alembic/operations/ops.py", line 1311, in create_table
    return operations.invoke(op)
  File "/usr/src/app/.venv/lib/python3.9/site-packages/alembic/operations/base.py", line 445, in invoke
    return fn(self, operation)
  File "/usr/src/app/.venv/lib/python3.9/site-packages/alembic/operations/toimpl.py", line 131, in create_table
    operations.impl.create_table(table)
  File "/usr/src/app/.venv/lib/python3.9/site-packages/alembic/ddl/impl.py", line 363, in create_table
    table.dispatch.before_create(
  File "/usr/src/app/.venv/lib/python3.9/site-packages/sqlalchemy/event/attr.py", line 497, in __call__
    fn(*args, **kw)
  File "/usr/src/app/.venv/lib/python3.9/site-packages/sqlalchemy/util/langhelpers.py", line 852, in __call__
    return getattr(self.target, self.name)(*arg, **kw)
  File "/usr/src/app/.venv/lib/python3.9/site-packages/sqlalchemy/sql/sqltypes.py", line 1120, in _on_table_create
    t._on_table_create(target, bind, **kw)
  File "/usr/src/app/.venv/lib/python3.9/site-packages/sqlalchemy/dialects/postgresql/named_types.py", line 98, in _on_table_create
    self.create(bind=bind, checkfirst=checkfirst)
  File "/usr/src/app/.venv/lib/python3.9/site-packages/sqlalchemy/dialects/postgresql/named_types.py", line 338, in create
    super().create(bind, checkfirst=checkfirst)
  File "/usr/src/app/.venv/lib/python3.9/site-packages/sqlalchemy/dialects/postgresql/named_types.py", line 51, in create
    bind._run_ddl_visitor(self.DDLGenerator, self, checkfirst=checkfirst)
  File "/usr/src/app/.venv/lib/python3.9/site-packages/sqlalchemy/engine/base.py", line 2461, in _run_ddl_visitor
    visitorcallable(self.dialect, self, **kwargs).traverse_single(element)
  File "/usr/src/app/.venv/lib/python3.9/site-packages/sqlalchemy/sql/visitors.py", line 664, in traverse_single
    return meth(obj, **kw)
  File "/usr/src/app/.venv/lib/python3.9/site-packages/sqlalchemy/dialects/postgresql/named_types.py", line 153, in visit_enum
    self.connection.execute(CreateEnumType(enum))
  File "/usr/src/app/.venv/lib/python3.9/site-packages/sqlalchemy/engine/base.py", line 1422, in execute
    return meth(
  File "/usr/src/app/.venv/lib/python3.9/site-packages/sqlalchemy/sql/ddl.py", line 180, in _execute_on_connection
    return connection._execute_ddl(
  File "/usr/src/app/.venv/lib/python3.9/site-packages/sqlalchemy/engine/base.py", line 1533, in _execute_ddl
    ret = self._execute_context(
  File "/usr/src/app/.venv/lib/python3.9/site-packages/sqlalchemy/engine/base.py", line 1850, in _execute_context
    return self._exec_single_context(
  File "/usr/src/app/.venv/lib/python3.9/site-packages/sqlalchemy/engine/base.py", line 1990, in _exec_single_context
    self._handle_dbapi_exception(
  File "/usr/src/app/.venv/lib/python3.9/site-packages/sqlalchemy/engine/base.py", line 2357, in _handle_dbapi_exception
    raise sqlalchemy_exception.with_traceback(exc_info[2]) from e
  File "/usr/src/app/.venv/lib/python3.9/site-packages/sqlalchemy/engine/base.py", line 1971, in _exec_single_context
    self.dialect.do_execute(
  File "/usr/src/app/.venv/lib/python3.9/site-packages/sqlalchemy/engine/default.py", line 919, in do_execute
    cursor.execute(statement, parameters)
sqlalchemy.exc.ProgrammingError: (psycopg2.errors.DuplicateObject) type "project_country" already exists

[SQL: CREATE TYPE project_country AS ENUM ('AFG', 'ALA', 'ALB', 'DZA', 'ASM', 'AND', 'AGO', 'AIA', 'ATA', 'ATG', 'ARG', 'ARM', 'ABW', 'AUS', 'AUT', 'AZE', 'BHS', 'BHR', 'BGD', 'BRB', 'BLR', 'BEL', 'BLZ', 'BEN', 'BMU', 'BTN', 'BOL', 'BES', 'BIH', 'BWA', 'BVT', 'BRA', 'IOT', 'BRN', 'BGR', 'BFA', 'BDI', 'KHM', 'CMR', 'CAN', 'CPV', 'CYM', 'CAF', 'TCD', 'CHL', 'CHN', 'CXR', 'CCK', 'COL', 'COM', 'COG', 'COD', 'COK', 'CRI', 'CIV', 'HRV', 'CUB', 'CUW', 'CYP', 'CZE', 'DNK', 'DJI', 'DMA', 'DOM', 'ECU', 'EGY', 'SLV', 'GNQ', 'ERI', 'EST', 'ETH', 'FLK', 'FRO', 'FJI', 'FIN', 'FRA', 'GUF', 'PYF', 'ATF', 'GAB', 'GMB', 'GEO', 'DEU', 'GHA', 'GIB', 'GRC', 'GRL', 'GRD', 'GLP', 'GUM', 'GTM', 'GGY', 'GIN', 'GNB', 'GUY', 'HTI', 'HMD', 'VAT', 'HND', 'HKG', 'HUN', 'ISL', 'IND', 'IDN', 'IRN', 'IRQ', 'IRL', 'IMN', 'ISR', 'ITA', 'JAM', 'JPN', 'JEY', 'JOR', 'KAZ', 'KEN', 'KIR', 'PRK', 'KOR', 'XKX', 'KWT', 'KGZ', 'LAO', 'LVA', 'LBN', 'LSO', 'LBR', 'LBY', 'LIE', 'LTU', 'LUX', 'MAC', 'MKD', 'MDG', 'MWI', 'MYS', 'MDV', 'MLI', 'MLT', 'MHL', 'MTQ', 'MRT', 'MUS', 'MYT', 'MEX', 'FSM', 'MDA', 'MCO', 'MNG', 'MNE', 'MSR', 'MAR', 'MOZ', 'MMR', 'NAM', 'NRU', 'NPL', 'NLD', 'NCL', 'NZL', 'NIC', 'NER', 'NGA', 'NIU', 'NFK', 'MNP', 'NOR', 'OMN', 'PAK', 'PLW', 'PSE', 'PAN', 'PNG', 'PRY', 'PER', 'PHL', 'PCN', 'POL', 'PRT', 'PRI', 'QAT', 'REU', 'ROU', 'RUS', 'RWA', 'BLM', 'SHN', 'KNA', 'LCA', 'MAF', 'SPM', 'VCT', 'WSM', 'SMR', 'STP', 'SAU', 'SEN', 'SRB', 'SYC', 'SLE', 'SGP', 'SXM', 'SVK', 'SVN', 'SLB', 'SOM', 'ZAF', 'SGS', 'SSD', 'ESP', 'LKA', 'SDN', 'SUR', 'SJM', 'SWZ', 'SWE', 'CHE', 'SYR', 'TWN', 'TJK', 'TZA', 'THA', 'TLS', 'TGO', 'TKL', 'TON', 'TTO', 'TUN', 'TUR', 'TKM', 'TCA', 'TUV', 'UGA', 'UKR', 'ARE', 'GBR', 'USA', 'UMI', 'URY', 'UZB', 'VUT', 'VEN', 'VNM', 'VGB', 'VIR', 'WLF', 'ESH', 'YEM', 'ZMB', 'ZWE')]
(Background on this error at: https://sqlalche.me/e/20/f405)
]]></error>
			<system-err><![CDATA[INFO  [alembic.runtime.migration] Context impl PostgresqlImpl.
INFO  [alembic.runtime.migration] Will assume transactional DDL.
INFO  [alembic.runtime.migration] Running upgrade  -> 1af632eb25cf, empty message
]]></system-err>
		</testcase>
		<testcase classname="test_resource_allocations.PeopleResourceTestCase" name="test_allocations_single_missing_unknown_id" time="0.119" timestamp="2024-04-12T15:57:31" file="tests/test_resource_allocations.py" line="664">
			<error type="ProgrammingError" message="(psycopg2.errors.DuplicateObject) type &quot;project_country&quot; already exists

[SQL: CREATE TYPE project_country AS ENUM ('AFG', 'ALA', 'ALB', 'DZA', 'ASM', 'AND', 'AGO', 'AIA', 'ATA', 'ATG', 'ARG', 'ARM', 'ABW', 'AUS', 'AUT', 'AZE', 'BHS', 'BHR', 'BGD', 'BRB', 'BLR', 'BEL', 'BLZ', 'BEN', 'BMU', 'BTN', 'BOL', 'BES', 'BIH', 'BWA', 'BVT', 'BRA', 'IOT', 'BRN', 'BGR', 'BFA', 'BDI', 'KHM', 'CMR', 'CAN', 'CPV', 'CYM', 'CAF', 'TCD', 'CHL', 'CHN', 'CXR', 'CCK', 'COL', 'COM', 'COG', 'COD', 'COK', 'CRI', 'CIV', 'HRV', 'CUB', 'CUW', 'CYP', 'CZE', 'DNK', 'DJI', 'DMA', 'DOM', 'ECU', 'EGY', 'SLV', 'GNQ', 'ERI', 'EST', 'ETH', 'FLK', 'FRO', 'FJI', 'FIN', 'FRA', 'GUF', 'PYF', 'ATF', 'GAB', 'GMB', 'GEO', 'DEU', 'GHA', 'GIB', 'GRC', 'GRL', 'GRD', 'GLP', 'GUM', 'GTM', 'GGY', 'GIN', 'GNB', 'GUY', 'HTI', 'HMD', 'VAT', 'HND', 'HKG', 'HUN', 'ISL', 'IND', 'IDN', 'IRN', 'IRQ', 'IRL', 'IMN', 'ISR', 'ITA', 'JAM', 'JPN', 'JEY', 'JOR', 'KAZ', 'KEN', 'KIR', 'PRK', 'KOR', 'XKX', 'KWT', 'KGZ', 'LAO', 'LVA', 'LBN', 'LSO', 'LBR', 'LBY', 'LIE', 'LTU', 'LUX', 'MAC', 'MKD', 'MDG', 'MWI', 'MYS', 'MDV', 'MLI', 'MLT', 'MHL', 'MTQ', 'MRT', 'MUS', 'MYT', 'MEX', 'FSM', 'MDA', 'MCO', 'MNG', 'MNE', 'MSR', 'MAR', 'MOZ', 'MMR', 'NAM', 'NRU', 'NPL', 'NLD', 'NCL', 'NZL', 'NIC', 'NER', 'NGA', 'NIU', 'NFK', 'MNP', 'NOR', 'OMN', 'PAK', 'PLW', 'PSE', 'PAN', 'PNG', 'PRY', 'PER', 'PHL', 'PCN', 'POL', 'PRT', 'PRI', 'QAT', 'REU', 'ROU', 'RUS', 'RWA', 'BLM', 'SHN', 'KNA', 'LCA', 'MAF', 'SPM', 'VCT', 'WSM', 'SMR', 'STP', 'SAU', 'SEN', 'SRB', 'SYC', 'SLE', 'SGP', 'SXM', 'SVK', 'SVN', 'SLB', 'SOM', 'ZAF', 'SGS', 'SSD', 'ESP', 'LKA', 'SDN', 'SUR', 'SJM', 'SWZ', 'SWE', 'CHE', 'SYR', 'TWN', 'TJK', 'TZA', 'THA', 'TLS', 'TGO', 'TKL', 'TON', 'TTO', 'TUN', 'TUR', 'TKM', 'TCA', 'TUV', 'UGA', 'UKR', 'ARE', 'GBR', 'USA', 'UMI', 'URY', 'UZB', 'VUT', 'VEN', 'VNM', 'VGB', 'VIR', 'WLF', 'ESH', 'YEM', 'ZMB', 'ZWE')]
(Background on this error at: https://sqlalche.me/e/20/f405)"><![CDATA[Traceback (most recent call last):
  File "/usr/src/app/.venv/lib/python3.9/site-packages/sqlalchemy/engine/base.py", line 1971, in _exec_single_context
    self.dialect.do_execute(
  File "/usr/src/app/.venv/lib/python3.9/site-packages/sqlalchemy/engine/default.py", line 919, in do_execute
    cursor.execute(statement, parameters)
psycopg2.errors.DuplicateObject: type "project_country" already exists


The above exception was the direct cause of the following exception:

Traceback (most recent call last):
  File "/usr/src/app/tests/base_test.py", line 64, in setUp
    upgrade()
  File "/usr/src/app/.venv/lib/python3.9/site-packages/flask_migrate/__init__.py", line 111, in wrapped
    f(*args, **kwargs)
  File "/usr/src/app/.venv/lib/python3.9/site-packages/flask_migrate/__init__.py", line 200, in upgrade
    command.upgrade(config, revision, sql=sql, tag=tag)
  File "/usr/src/app/.venv/lib/python3.9/site-packages/alembic/command.py", line 403, in upgrade
    script.run_env()
  File "/usr/src/app/.venv/lib/python3.9/site-packages/alembic/script/base.py", line 583, in run_env
    util.load_python_file(self.dir, "env.py")
  File "/usr/src/app/.venv/lib/python3.9/site-packages/alembic/util/pyfiles.py", line 95, in load_python_file
    module = load_module_py(module_id, path)
  File "/usr/src/app/.venv/lib/python3.9/site-packages/alembic/util/pyfiles.py", line 113, in load_module_py
    spec.loader.exec_module(module)  # type: ignore
  File "<frozen importlib._bootstrap_external>", line 850, in exec_module
  File "<frozen importlib._bootstrap>", line 228, in _call_with_frames_removed
  File "migrations/env.py", line 113, in <module>
    run_migrations_online()
  File "migrations/env.py", line 107, in run_migrations_online
    context.run_migrations()
  File "<string>", line 8, in run_migrations
  File "/usr/src/app/.venv/lib/python3.9/site-packages/alembic/runtime/environment.py", line 948, in run_migrations
    self.get_context().run_migrations(**kw)
  File "/usr/src/app/.venv/lib/python3.9/site-packages/alembic/runtime/migration.py", line 627, in run_migrations
    step.migration_fn(**kw)
  File "/usr/src/app/migrations/versions/1af632eb25cf_.py", line 65, in upgrade
    op.create_table('projects',
  File "<string>", line 8, in create_table
  File "<string>", line 3, in create_table
  File "/usr/src/app/.venv/lib/python3.9/site-packages/alembic/operations/ops.py", line 1311, in create_table
    return operations.invoke(op)
  File "/usr/src/app/.venv/lib/python3.9/site-packages/alembic/operations/base.py", line 445, in invoke
    return fn(self, operation)
  File "/usr/src/app/.venv/lib/python3.9/site-packages/alembic/operations/toimpl.py", line 131, in create_table
    operations.impl.create_table(table)
  File "/usr/src/app/.venv/lib/python3.9/site-packages/alembic/ddl/impl.py", line 363, in create_table
    table.dispatch.before_create(
  File "/usr/src/app/.venv/lib/python3.9/site-packages/sqlalchemy/event/attr.py", line 497, in __call__
    fn(*args, **kw)
  File "/usr/src/app/.venv/lib/python3.9/site-packages/sqlalchemy/util/langhelpers.py", line 852, in __call__
    return getattr(self.target, self.name)(*arg, **kw)
  File "/usr/src/app/.venv/lib/python3.9/site-packages/sqlalchemy/sql/sqltypes.py", line 1120, in _on_table_create
    t._on_table_create(target, bind, **kw)
  File "/usr/src/app/.venv/lib/python3.9/site-packages/sqlalchemy/dialects/postgresql/named_types.py", line 98, in _on_table_create
    self.create(bind=bind, checkfirst=checkfirst)
  File "/usr/src/app/.venv/lib/python3.9/site-packages/sqlalchemy/dialects/postgresql/named_types.py", line 338, in create
    super().create(bind, checkfirst=checkfirst)
  File "/usr/src/app/.venv/lib/python3.9/site-packages/sqlalchemy/dialects/postgresql/named_types.py", line 51, in create
    bind._run_ddl_visitor(self.DDLGenerator, self, checkfirst=checkfirst)
  File "/usr/src/app/.venv/lib/python3.9/site-packages/sqlalchemy/engine/base.py", line 2461, in _run_ddl_visitor
    visitorcallable(self.dialect, self, **kwargs).traverse_single(element)
  File "/usr/src/app/.venv/lib/python3.9/site-packages/sqlalchemy/sql/visitors.py", line 664, in traverse_single
    return meth(obj, **kw)
  File "/usr/src/app/.venv/lib/python3.9/site-packages/sqlalchemy/dialects/postgresql/named_types.py", line 153, in visit_enum
    self.connection.execute(CreateEnumType(enum))
  File "/usr/src/app/.venv/lib/python3.9/site-packages/sqlalchemy/engine/base.py", line 1422, in execute
    return meth(
  File "/usr/src/app/.venv/lib/python3.9/site-packages/sqlalchemy/sql/ddl.py", line 180, in _execute_on_connection
    return connection._execute_ddl(
  File "/usr/src/app/.venv/lib/python3.9/site-packages/sqlalchemy/engine/base.py", line 1533, in _execute_ddl
    ret = self._execute_context(
  File "/usr/src/app/.venv/lib/python3.9/site-packages/sqlalchemy/engine/base.py", line 1850, in _execute_context
    return self._exec_single_context(
  File "/usr/src/app/.venv/lib/python3.9/site-packages/sqlalchemy/engine/base.py", line 1990, in _exec_single_context
    self._handle_dbapi_exception(
  File "/usr/src/app/.venv/lib/python3.9/site-packages/sqlalchemy/engine/base.py", line 2357, in _handle_dbapi_exception
    raise sqlalchemy_exception.with_traceback(exc_info[2]) from e
  File "/usr/src/app/.venv/lib/python3.9/site-packages/sqlalchemy/engine/base.py", line 1971, in _exec_single_context
    self.dialect.do_execute(
  File "/usr/src/app/.venv/lib/python3.9/site-packages/sqlalchemy/engine/default.py", line 919, in do_execute
    cursor.execute(statement, parameters)
sqlalchemy.exc.ProgrammingError: (psycopg2.errors.DuplicateObject) type "project_country" already exists

[SQL: CREATE TYPE project_country AS ENUM ('AFG', 'ALA', 'ALB', 'DZA', 'ASM', 'AND', 'AGO', 'AIA', 'ATA', 'ATG', 'ARG', 'ARM', 'ABW', 'AUS', 'AUT', 'AZE', 'BHS', 'BHR', 'BGD', 'BRB', 'BLR', 'BEL', 'BLZ', 'BEN', 'BMU', 'BTN', 'BOL', 'BES', 'BIH', 'BWA', 'BVT', 'BRA', 'IOT', 'BRN', 'BGR', 'BFA', 'BDI', 'KHM', 'CMR', 'CAN', 'CPV', 'CYM', 'CAF', 'TCD', 'CHL', 'CHN', 'CXR', 'CCK', 'COL', 'COM', 'COG', 'COD', 'COK', 'CRI', 'CIV', 'HRV', 'CUB', 'CUW', 'CYP', 'CZE', 'DNK', 'DJI', 'DMA', 'DOM', 'ECU', 'EGY', 'SLV', 'GNQ', 'ERI', 'EST', 'ETH', 'FLK', 'FRO', 'FJI', 'FIN', 'FRA', 'GUF', 'PYF', 'ATF', 'GAB', 'GMB', 'GEO', 'DEU', 'GHA', 'GIB', 'GRC', 'GRL', 'GRD', 'GLP', 'GUM', 'GTM', 'GGY', 'GIN', 'GNB', 'GUY', 'HTI', 'HMD', 'VAT', 'HND', 'HKG', 'HUN', 'ISL', 'IND', 'IDN', 'IRN', 'IRQ', 'IRL', 'IMN', 'ISR', 'ITA', 'JAM', 'JPN', 'JEY', 'JOR', 'KAZ', 'KEN', 'KIR', 'PRK', 'KOR', 'XKX', 'KWT', 'KGZ', 'LAO', 'LVA', 'LBN', 'LSO', 'LBR', 'LBY', 'LIE', 'LTU', 'LUX', 'MAC', 'MKD', 'MDG', 'MWI', 'MYS', 'MDV', 'MLI', 'MLT', 'MHL', 'MTQ', 'MRT', 'MUS', 'MYT', 'MEX', 'FSM', 'MDA', 'MCO', 'MNG', 'MNE', 'MSR', 'MAR', 'MOZ', 'MMR', 'NAM', 'NRU', 'NPL', 'NLD', 'NCL', 'NZL', 'NIC', 'NER', 'NGA', 'NIU', 'NFK', 'MNP', 'NOR', 'OMN', 'PAK', 'PLW', 'PSE', 'PAN', 'PNG', 'PRY', 'PER', 'PHL', 'PCN', 'POL', 'PRT', 'PRI', 'QAT', 'REU', 'ROU', 'RUS', 'RWA', 'BLM', 'SHN', 'KNA', 'LCA', 'MAF', 'SPM', 'VCT', 'WSM', 'SMR', 'STP', 'SAU', 'SEN', 'SRB', 'SYC', 'SLE', 'SGP', 'SXM', 'SVK', 'SVN', 'SLB', 'SOM', 'ZAF', 'SGS', 'SSD', 'ESP', 'LKA', 'SDN', 'SUR', 'SJM', 'SWZ', 'SWE', 'CHE', 'SYR', 'TWN', 'TJK', 'TZA', 'THA', 'TLS', 'TGO', 'TKL', 'TON', 'TTO', 'TUN', 'TUR', 'TKM', 'TCA', 'TUV', 'UGA', 'UKR', 'ARE', 'GBR', 'USA', 'UMI', 'URY', 'UZB', 'VUT', 'VEN', 'VNM', 'VGB', 'VIR', 'WLF', 'ESH', 'YEM', 'ZMB', 'ZWE')]
(Background on this error at: https://sqlalche.me/e/20/f405)
]]></error>
			<system-err><![CDATA[INFO  [alembic.runtime.migration] Context impl PostgresqlImpl.
INFO  [alembic.runtime.migration] Will assume transactional DDL.
INFO  [alembic.runtime.migration] Running upgrade  -> 1af632eb25cf, empty message
]]></system-err>
		</testcase>
	</testsuite>
	<testsuite name="test_resource_categorisations.CategorisationsResourceTestCase-20240412155730" tests="7" file="test_resource_categorisations.py" time="0.788" timestamp="2024-04-12T15:57:32" failures="0" errors="7" skipped="0">
		<testcase classname="test_resource_categorisations.CategorisationsResourceTestCase" name="test_categorisations_categories" time="0.084" timestamp="2024-04-12T15:57:31" file="tests/test_resource_categorisations.py" line="1068">
			<error type="ProgrammingError" message="(psycopg2.errors.DuplicateObject) type &quot;project_country&quot; already exists

[SQL: CREATE TYPE project_country AS ENUM ('AFG', 'ALA', 'ALB', 'DZA', 'ASM', 'AND', 'AGO', 'AIA', 'ATA', 'ATG', 'ARG', 'ARM', 'ABW', 'AUS', 'AUT', 'AZE', 'BHS', 'BHR', 'BGD', 'BRB', 'BLR', 'BEL', 'BLZ', 'BEN', 'BMU', 'BTN', 'BOL', 'BES', 'BIH', 'BWA', 'BVT', 'BRA', 'IOT', 'BRN', 'BGR', 'BFA', 'BDI', 'KHM', 'CMR', 'CAN', 'CPV', 'CYM', 'CAF', 'TCD', 'CHL', 'CHN', 'CXR', 'CCK', 'COL', 'COM', 'COG', 'COD', 'COK', 'CRI', 'CIV', 'HRV', 'CUB', 'CUW', 'CYP', 'CZE', 'DNK', 'DJI', 'DMA', 'DOM', 'ECU', 'EGY', 'SLV', 'GNQ', 'ERI', 'EST', 'ETH', 'FLK', 'FRO', 'FJI', 'FIN', 'FRA', 'GUF', 'PYF', 'ATF', 'GAB', 'GMB', 'GEO', 'DEU', 'GHA', 'GIB', 'GRC', 'GRL', 'GRD', 'GLP', 'GUM', 'GTM', 'GGY', 'GIN', 'GNB', 'GUY', 'HTI', 'HMD', 'VAT', 'HND', 'HKG', 'HUN', 'ISL', 'IND', 'IDN', 'IRN', 'IRQ', 'IRL', 'IMN', 'ISR', 'ITA', 'JAM', 'JPN', 'JEY', 'JOR', 'KAZ', 'KEN', 'KIR', 'PRK', 'KOR', 'XKX', 'KWT', 'KGZ', 'LAO', 'LVA', 'LBN', 'LSO', 'LBR', 'LBY', 'LIE', 'LTU', 'LUX', 'MAC', 'MKD', 'MDG', 'MWI', 'MYS', 'MDV', 'MLI', 'MLT', 'MHL', 'MTQ', 'MRT', 'MUS', 'MYT', 'MEX', 'FSM', 'MDA', 'MCO', 'MNG', 'MNE', 'MSR', 'MAR', 'MOZ', 'MMR', 'NAM', 'NRU', 'NPL', 'NLD', 'NCL', 'NZL', 'NIC', 'NER', 'NGA', 'NIU', 'NFK', 'MNP', 'NOR', 'OMN', 'PAK', 'PLW', 'PSE', 'PAN', 'PNG', 'PRY', 'PER', 'PHL', 'PCN', 'POL', 'PRT', 'PRI', 'QAT', 'REU', 'ROU', 'RUS', 'RWA', 'BLM', 'SHN', 'KNA', 'LCA', 'MAF', 'SPM', 'VCT', 'WSM', 'SMR', 'STP', 'SAU', 'SEN', 'SRB', 'SYC', 'SLE', 'SGP', 'SXM', 'SVK', 'SVN', 'SLB', 'SOM', 'ZAF', 'SGS', 'SSD', 'ESP', 'LKA', 'SDN', 'SUR', 'SJM', 'SWZ', 'SWE', 'CHE', 'SYR', 'TWN', 'TJK', 'TZA', 'THA', 'TLS', 'TGO', 'TKL', 'TON', 'TTO', 'TUN', 'TUR', 'TKM', 'TCA', 'TUV', 'UGA', 'UKR', 'ARE', 'GBR', 'USA', 'UMI', 'URY', 'UZB', 'VUT', 'VEN', 'VNM', 'VGB', 'VIR', 'WLF', 'ESH', 'YEM', 'ZMB', 'ZWE')]
(Background on this error at: https://sqlalche.me/e/20/f405)"><![CDATA[Traceback (most recent call last):
  File "/usr/src/app/.venv/lib/python3.9/site-packages/sqlalchemy/engine/base.py", line 1971, in _exec_single_context
    self.dialect.do_execute(
  File "/usr/src/app/.venv/lib/python3.9/site-packages/sqlalchemy/engine/default.py", line 919, in do_execute
    cursor.execute(statement, parameters)
psycopg2.errors.DuplicateObject: type "project_country" already exists


The above exception was the direct cause of the following exception:

Traceback (most recent call last):
  File "/usr/src/app/tests/base_test.py", line 64, in setUp
    upgrade()
  File "/usr/src/app/.venv/lib/python3.9/site-packages/flask_migrate/__init__.py", line 111, in wrapped
    f(*args, **kwargs)
  File "/usr/src/app/.venv/lib/python3.9/site-packages/flask_migrate/__init__.py", line 200, in upgrade
    command.upgrade(config, revision, sql=sql, tag=tag)
  File "/usr/src/app/.venv/lib/python3.9/site-packages/alembic/command.py", line 403, in upgrade
    script.run_env()
  File "/usr/src/app/.venv/lib/python3.9/site-packages/alembic/script/base.py", line 583, in run_env
    util.load_python_file(self.dir, "env.py")
  File "/usr/src/app/.venv/lib/python3.9/site-packages/alembic/util/pyfiles.py", line 95, in load_python_file
    module = load_module_py(module_id, path)
  File "/usr/src/app/.venv/lib/python3.9/site-packages/alembic/util/pyfiles.py", line 113, in load_module_py
    spec.loader.exec_module(module)  # type: ignore
  File "<frozen importlib._bootstrap_external>", line 850, in exec_module
  File "<frozen importlib._bootstrap>", line 228, in _call_with_frames_removed
  File "migrations/env.py", line 113, in <module>
    run_migrations_online()
  File "migrations/env.py", line 107, in run_migrations_online
    context.run_migrations()
  File "<string>", line 8, in run_migrations
  File "/usr/src/app/.venv/lib/python3.9/site-packages/alembic/runtime/environment.py", line 948, in run_migrations
    self.get_context().run_migrations(**kw)
  File "/usr/src/app/.venv/lib/python3.9/site-packages/alembic/runtime/migration.py", line 627, in run_migrations
    step.migration_fn(**kw)
  File "/usr/src/app/migrations/versions/1af632eb25cf_.py", line 65, in upgrade
    op.create_table('projects',
  File "<string>", line 8, in create_table
  File "<string>", line 3, in create_table
  File "/usr/src/app/.venv/lib/python3.9/site-packages/alembic/operations/ops.py", line 1311, in create_table
    return operations.invoke(op)
  File "/usr/src/app/.venv/lib/python3.9/site-packages/alembic/operations/base.py", line 445, in invoke
    return fn(self, operation)
  File "/usr/src/app/.venv/lib/python3.9/site-packages/alembic/operations/toimpl.py", line 131, in create_table
    operations.impl.create_table(table)
  File "/usr/src/app/.venv/lib/python3.9/site-packages/alembic/ddl/impl.py", line 363, in create_table
    table.dispatch.before_create(
  File "/usr/src/app/.venv/lib/python3.9/site-packages/sqlalchemy/event/attr.py", line 497, in __call__
    fn(*args, **kw)
  File "/usr/src/app/.venv/lib/python3.9/site-packages/sqlalchemy/util/langhelpers.py", line 852, in __call__
    return getattr(self.target, self.name)(*arg, **kw)
  File "/usr/src/app/.venv/lib/python3.9/site-packages/sqlalchemy/sql/sqltypes.py", line 1120, in _on_table_create
    t._on_table_create(target, bind, **kw)
  File "/usr/src/app/.venv/lib/python3.9/site-packages/sqlalchemy/dialects/postgresql/named_types.py", line 98, in _on_table_create
    self.create(bind=bind, checkfirst=checkfirst)
  File "/usr/src/app/.venv/lib/python3.9/site-packages/sqlalchemy/dialects/postgresql/named_types.py", line 338, in create
    super().create(bind, checkfirst=checkfirst)
  File "/usr/src/app/.venv/lib/python3.9/site-packages/sqlalchemy/dialects/postgresql/named_types.py", line 51, in create
    bind._run_ddl_visitor(self.DDLGenerator, self, checkfirst=checkfirst)
  File "/usr/src/app/.venv/lib/python3.9/site-packages/sqlalchemy/engine/base.py", line 2461, in _run_ddl_visitor
    visitorcallable(self.dialect, self, **kwargs).traverse_single(element)
  File "/usr/src/app/.venv/lib/python3.9/site-packages/sqlalchemy/sql/visitors.py", line 664, in traverse_single
    return meth(obj, **kw)
  File "/usr/src/app/.venv/lib/python3.9/site-packages/sqlalchemy/dialects/postgresql/named_types.py", line 153, in visit_enum
    self.connection.execute(CreateEnumType(enum))
  File "/usr/src/app/.venv/lib/python3.9/site-packages/sqlalchemy/engine/base.py", line 1422, in execute
    return meth(
  File "/usr/src/app/.venv/lib/python3.9/site-packages/sqlalchemy/sql/ddl.py", line 180, in _execute_on_connection
    return connection._execute_ddl(
  File "/usr/src/app/.venv/lib/python3.9/site-packages/sqlalchemy/engine/base.py", line 1533, in _execute_ddl
    ret = self._execute_context(
  File "/usr/src/app/.venv/lib/python3.9/site-packages/sqlalchemy/engine/base.py", line 1850, in _execute_context
    return self._exec_single_context(
  File "/usr/src/app/.venv/lib/python3.9/site-packages/sqlalchemy/engine/base.py", line 1990, in _exec_single_context
    self._handle_dbapi_exception(
  File "/usr/src/app/.venv/lib/python3.9/site-packages/sqlalchemy/engine/base.py", line 2357, in _handle_dbapi_exception
    raise sqlalchemy_exception.with_traceback(exc_info[2]) from e
  File "/usr/src/app/.venv/lib/python3.9/site-packages/sqlalchemy/engine/base.py", line 1971, in _exec_single_context
    self.dialect.do_execute(
  File "/usr/src/app/.venv/lib/python3.9/site-packages/sqlalchemy/engine/default.py", line 919, in do_execute
    cursor.execute(statement, parameters)
sqlalchemy.exc.ProgrammingError: (psycopg2.errors.DuplicateObject) type "project_country" already exists

[SQL: CREATE TYPE project_country AS ENUM ('AFG', 'ALA', 'ALB', 'DZA', 'ASM', 'AND', 'AGO', 'AIA', 'ATA', 'ATG', 'ARG', 'ARM', 'ABW', 'AUS', 'AUT', 'AZE', 'BHS', 'BHR', 'BGD', 'BRB', 'BLR', 'BEL', 'BLZ', 'BEN', 'BMU', 'BTN', 'BOL', 'BES', 'BIH', 'BWA', 'BVT', 'BRA', 'IOT', 'BRN', 'BGR', 'BFA', 'BDI', 'KHM', 'CMR', 'CAN', 'CPV', 'CYM', 'CAF', 'TCD', 'CHL', 'CHN', 'CXR', 'CCK', 'COL', 'COM', 'COG', 'COD', 'COK', 'CRI', 'CIV', 'HRV', 'CUB', 'CUW', 'CYP', 'CZE', 'DNK', 'DJI', 'DMA', 'DOM', 'ECU', 'EGY', 'SLV', 'GNQ', 'ERI', 'EST', 'ETH', 'FLK', 'FRO', 'FJI', 'FIN', 'FRA', 'GUF', 'PYF', 'ATF', 'GAB', 'GMB', 'GEO', 'DEU', 'GHA', 'GIB', 'GRC', 'GRL', 'GRD', 'GLP', 'GUM', 'GTM', 'GGY', 'GIN', 'GNB', 'GUY', 'HTI', 'HMD', 'VAT', 'HND', 'HKG', 'HUN', 'ISL', 'IND', 'IDN', 'IRN', 'IRQ', 'IRL', 'IMN', 'ISR', 'ITA', 'JAM', 'JPN', 'JEY', 'JOR', 'KAZ', 'KEN', 'KIR', 'PRK', 'KOR', 'XKX', 'KWT', 'KGZ', 'LAO', 'LVA', 'LBN', 'LSO', 'LBR', 'LBY', 'LIE', 'LTU', 'LUX', 'MAC', 'MKD', 'MDG', 'MWI', 'MYS', 'MDV', 'MLI', 'MLT', 'MHL', 'MTQ', 'MRT', 'MUS', 'MYT', 'MEX', 'FSM', 'MDA', 'MCO', 'MNG', 'MNE', 'MSR', 'MAR', 'MOZ', 'MMR', 'NAM', 'NRU', 'NPL', 'NLD', 'NCL', 'NZL', 'NIC', 'NER', 'NGA', 'NIU', 'NFK', 'MNP', 'NOR', 'OMN', 'PAK', 'PLW', 'PSE', 'PAN', 'PNG', 'PRY', 'PER', 'PHL', 'PCN', 'POL', 'PRT', 'PRI', 'QAT', 'REU', 'ROU', 'RUS', 'RWA', 'BLM', 'SHN', 'KNA', 'LCA', 'MAF', 'SPM', 'VCT', 'WSM', 'SMR', 'STP', 'SAU', 'SEN', 'SRB', 'SYC', 'SLE', 'SGP', 'SXM', 'SVK', 'SVN', 'SLB', 'SOM', 'ZAF', 'SGS', 'SSD', 'ESP', 'LKA', 'SDN', 'SUR', 'SJM', 'SWZ', 'SWE', 'CHE', 'SYR', 'TWN', 'TJK', 'TZA', 'THA', 'TLS', 'TGO', 'TKL', 'TON', 'TTO', 'TUN', 'TUR', 'TKM', 'TCA', 'TUV', 'UGA', 'UKR', 'ARE', 'GBR', 'USA', 'UMI', 'URY', 'UZB', 'VUT', 'VEN', 'VNM', 'VGB', 'VIR', 'WLF', 'ESH', 'YEM', 'ZMB', 'ZWE')]
(Background on this error at: https://sqlalche.me/e/20/f405)
]]></error>
			<system-err><![CDATA[INFO  [alembic.runtime.migration] Context impl PostgresqlImpl.
INFO  [alembic.runtime.migration] Will assume transactional DDL.
INFO  [alembic.runtime.migration] Running upgrade  -> 1af632eb25cf, empty message
]]></system-err>
		</testcase>
		<testcase classname="test_resource_categorisations.CategorisationsResourceTestCase" name="test_categorisations_detail" time="0.098" timestamp="2024-04-12T15:57:31" file="tests/test_resource_categorisations.py" line="550">
			<error type="ProgrammingError" message="(psycopg2.errors.DuplicateObject) type &quot;project_country&quot; already exists

[SQL: CREATE TYPE project_country AS ENUM ('AFG', 'ALA', 'ALB', 'DZA', 'ASM', 'AND', 'AGO', 'AIA', 'ATA', 'ATG', 'ARG', 'ARM', 'ABW', 'AUS', 'AUT', 'AZE', 'BHS', 'BHR', 'BGD', 'BRB', 'BLR', 'BEL', 'BLZ', 'BEN', 'BMU', 'BTN', 'BOL', 'BES', 'BIH', 'BWA', 'BVT', 'BRA', 'IOT', 'BRN', 'BGR', 'BFA', 'BDI', 'KHM', 'CMR', 'CAN', 'CPV', 'CYM', 'CAF', 'TCD', 'CHL', 'CHN', 'CXR', 'CCK', 'COL', 'COM', 'COG', 'COD', 'COK', 'CRI', 'CIV', 'HRV', 'CUB', 'CUW', 'CYP', 'CZE', 'DNK', 'DJI', 'DMA', 'DOM', 'ECU', 'EGY', 'SLV', 'GNQ', 'ERI', 'EST', 'ETH', 'FLK', 'FRO', 'FJI', 'FIN', 'FRA', 'GUF', 'PYF', 'ATF', 'GAB', 'GMB', 'GEO', 'DEU', 'GHA', 'GIB', 'GRC', 'GRL', 'GRD', 'GLP', 'GUM', 'GTM', 'GGY', 'GIN', 'GNB', 'GUY', 'HTI', 'HMD', 'VAT', 'HND', 'HKG', 'HUN', 'ISL', 'IND', 'IDN', 'IRN', 'IRQ', 'IRL', 'IMN', 'ISR', 'ITA', 'JAM', 'JPN', 'JEY', 'JOR', 'KAZ', 'KEN', 'KIR', 'PRK', 'KOR', 'XKX', 'KWT', 'KGZ', 'LAO', 'LVA', 'LBN', 'LSO', 'LBR', 'LBY', 'LIE', 'LTU', 'LUX', 'MAC', 'MKD', 'MDG', 'MWI', 'MYS', 'MDV', 'MLI', 'MLT', 'MHL', 'MTQ', 'MRT', 'MUS', 'MYT', 'MEX', 'FSM', 'MDA', 'MCO', 'MNG', 'MNE', 'MSR', 'MAR', 'MOZ', 'MMR', 'NAM', 'NRU', 'NPL', 'NLD', 'NCL', 'NZL', 'NIC', 'NER', 'NGA', 'NIU', 'NFK', 'MNP', 'NOR', 'OMN', 'PAK', 'PLW', 'PSE', 'PAN', 'PNG', 'PRY', 'PER', 'PHL', 'PCN', 'POL', 'PRT', 'PRI', 'QAT', 'REU', 'ROU', 'RUS', 'RWA', 'BLM', 'SHN', 'KNA', 'LCA', 'MAF', 'SPM', 'VCT', 'WSM', 'SMR', 'STP', 'SAU', 'SEN', 'SRB', 'SYC', 'SLE', 'SGP', 'SXM', 'SVK', 'SVN', 'SLB', 'SOM', 'ZAF', 'SGS', 'SSD', 'ESP', 'LKA', 'SDN', 'SUR', 'SJM', 'SWZ', 'SWE', 'CHE', 'SYR', 'TWN', 'TJK', 'TZA', 'THA', 'TLS', 'TGO', 'TKL', 'TON', 'TTO', 'TUN', 'TUR', 'TKM', 'TCA', 'TUV', 'UGA', 'UKR', 'ARE', 'GBR', 'USA', 'UMI', 'URY', 'UZB', 'VUT', 'VEN', 'VNM', 'VGB', 'VIR', 'WLF', 'ESH', 'YEM', 'ZMB', 'ZWE')]
(Background on this error at: https://sqlalche.me/e/20/f405)"><![CDATA[Traceback (most recent call last):
  File "/usr/src/app/.venv/lib/python3.9/site-packages/sqlalchemy/engine/base.py", line 1971, in _exec_single_context
    self.dialect.do_execute(
  File "/usr/src/app/.venv/lib/python3.9/site-packages/sqlalchemy/engine/default.py", line 919, in do_execute
    cursor.execute(statement, parameters)
psycopg2.errors.DuplicateObject: type "project_country" already exists


The above exception was the direct cause of the following exception:

Traceback (most recent call last):
  File "/usr/src/app/tests/base_test.py", line 64, in setUp
    upgrade()
  File "/usr/src/app/.venv/lib/python3.9/site-packages/flask_migrate/__init__.py", line 111, in wrapped
    f(*args, **kwargs)
  File "/usr/src/app/.venv/lib/python3.9/site-packages/flask_migrate/__init__.py", line 200, in upgrade
    command.upgrade(config, revision, sql=sql, tag=tag)
  File "/usr/src/app/.venv/lib/python3.9/site-packages/alembic/command.py", line 403, in upgrade
    script.run_env()
  File "/usr/src/app/.venv/lib/python3.9/site-packages/alembic/script/base.py", line 583, in run_env
    util.load_python_file(self.dir, "env.py")
  File "/usr/src/app/.venv/lib/python3.9/site-packages/alembic/util/pyfiles.py", line 95, in load_python_file
    module = load_module_py(module_id, path)
  File "/usr/src/app/.venv/lib/python3.9/site-packages/alembic/util/pyfiles.py", line 113, in load_module_py
    spec.loader.exec_module(module)  # type: ignore
  File "<frozen importlib._bootstrap_external>", line 850, in exec_module
  File "<frozen importlib._bootstrap>", line 228, in _call_with_frames_removed
  File "migrations/env.py", line 113, in <module>
    run_migrations_online()
  File "migrations/env.py", line 107, in run_migrations_online
    context.run_migrations()
  File "<string>", line 8, in run_migrations
  File "/usr/src/app/.venv/lib/python3.9/site-packages/alembic/runtime/environment.py", line 948, in run_migrations
    self.get_context().run_migrations(**kw)
  File "/usr/src/app/.venv/lib/python3.9/site-packages/alembic/runtime/migration.py", line 627, in run_migrations
    step.migration_fn(**kw)
  File "/usr/src/app/migrations/versions/1af632eb25cf_.py", line 65, in upgrade
    op.create_table('projects',
  File "<string>", line 8, in create_table
  File "<string>", line 3, in create_table
  File "/usr/src/app/.venv/lib/python3.9/site-packages/alembic/operations/ops.py", line 1311, in create_table
    return operations.invoke(op)
  File "/usr/src/app/.venv/lib/python3.9/site-packages/alembic/operations/base.py", line 445, in invoke
    return fn(self, operation)
  File "/usr/src/app/.venv/lib/python3.9/site-packages/alembic/operations/toimpl.py", line 131, in create_table
    operations.impl.create_table(table)
  File "/usr/src/app/.venv/lib/python3.9/site-packages/alembic/ddl/impl.py", line 363, in create_table
    table.dispatch.before_create(
  File "/usr/src/app/.venv/lib/python3.9/site-packages/sqlalchemy/event/attr.py", line 497, in __call__
    fn(*args, **kw)
  File "/usr/src/app/.venv/lib/python3.9/site-packages/sqlalchemy/util/langhelpers.py", line 852, in __call__
    return getattr(self.target, self.name)(*arg, **kw)
  File "/usr/src/app/.venv/lib/python3.9/site-packages/sqlalchemy/sql/sqltypes.py", line 1120, in _on_table_create
    t._on_table_create(target, bind, **kw)
  File "/usr/src/app/.venv/lib/python3.9/site-packages/sqlalchemy/dialects/postgresql/named_types.py", line 98, in _on_table_create
    self.create(bind=bind, checkfirst=checkfirst)
  File "/usr/src/app/.venv/lib/python3.9/site-packages/sqlalchemy/dialects/postgresql/named_types.py", line 338, in create
    super().create(bind, checkfirst=checkfirst)
  File "/usr/src/app/.venv/lib/python3.9/site-packages/sqlalchemy/dialects/postgresql/named_types.py", line 51, in create
    bind._run_ddl_visitor(self.DDLGenerator, self, checkfirst=checkfirst)
  File "/usr/src/app/.venv/lib/python3.9/site-packages/sqlalchemy/engine/base.py", line 2461, in _run_ddl_visitor
    visitorcallable(self.dialect, self, **kwargs).traverse_single(element)
  File "/usr/src/app/.venv/lib/python3.9/site-packages/sqlalchemy/sql/visitors.py", line 664, in traverse_single
    return meth(obj, **kw)
  File "/usr/src/app/.venv/lib/python3.9/site-packages/sqlalchemy/dialects/postgresql/named_types.py", line 153, in visit_enum
    self.connection.execute(CreateEnumType(enum))
  File "/usr/src/app/.venv/lib/python3.9/site-packages/sqlalchemy/engine/base.py", line 1422, in execute
    return meth(
  File "/usr/src/app/.venv/lib/python3.9/site-packages/sqlalchemy/sql/ddl.py", line 180, in _execute_on_connection
    return connection._execute_ddl(
  File "/usr/src/app/.venv/lib/python3.9/site-packages/sqlalchemy/engine/base.py", line 1533, in _execute_ddl
    ret = self._execute_context(
  File "/usr/src/app/.venv/lib/python3.9/site-packages/sqlalchemy/engine/base.py", line 1850, in _execute_context
    return self._exec_single_context(
  File "/usr/src/app/.venv/lib/python3.9/site-packages/sqlalchemy/engine/base.py", line 1990, in _exec_single_context
    self._handle_dbapi_exception(
  File "/usr/src/app/.venv/lib/python3.9/site-packages/sqlalchemy/engine/base.py", line 2357, in _handle_dbapi_exception
    raise sqlalchemy_exception.with_traceback(exc_info[2]) from e
  File "/usr/src/app/.venv/lib/python3.9/site-packages/sqlalchemy/engine/base.py", line 1971, in _exec_single_context
    self.dialect.do_execute(
  File "/usr/src/app/.venv/lib/python3.9/site-packages/sqlalchemy/engine/default.py", line 919, in do_execute
    cursor.execute(statement, parameters)
sqlalchemy.exc.ProgrammingError: (psycopg2.errors.DuplicateObject) type "project_country" already exists

[SQL: CREATE TYPE project_country AS ENUM ('AFG', 'ALA', 'ALB', 'DZA', 'ASM', 'AND', 'AGO', 'AIA', 'ATA', 'ATG', 'ARG', 'ARM', 'ABW', 'AUS', 'AUT', 'AZE', 'BHS', 'BHR', 'BGD', 'BRB', 'BLR', 'BEL', 'BLZ', 'BEN', 'BMU', 'BTN', 'BOL', 'BES', 'BIH', 'BWA', 'BVT', 'BRA', 'IOT', 'BRN', 'BGR', 'BFA', 'BDI', 'KHM', 'CMR', 'CAN', 'CPV', 'CYM', 'CAF', 'TCD', 'CHL', 'CHN', 'CXR', 'CCK', 'COL', 'COM', 'COG', 'COD', 'COK', 'CRI', 'CIV', 'HRV', 'CUB', 'CUW', 'CYP', 'CZE', 'DNK', 'DJI', 'DMA', 'DOM', 'ECU', 'EGY', 'SLV', 'GNQ', 'ERI', 'EST', 'ETH', 'FLK', 'FRO', 'FJI', 'FIN', 'FRA', 'GUF', 'PYF', 'ATF', 'GAB', 'GMB', 'GEO', 'DEU', 'GHA', 'GIB', 'GRC', 'GRL', 'GRD', 'GLP', 'GUM', 'GTM', 'GGY', 'GIN', 'GNB', 'GUY', 'HTI', 'HMD', 'VAT', 'HND', 'HKG', 'HUN', 'ISL', 'IND', 'IDN', 'IRN', 'IRQ', 'IRL', 'IMN', 'ISR', 'ITA', 'JAM', 'JPN', 'JEY', 'JOR', 'KAZ', 'KEN', 'KIR', 'PRK', 'KOR', 'XKX', 'KWT', 'KGZ', 'LAO', 'LVA', 'LBN', 'LSO', 'LBR', 'LBY', 'LIE', 'LTU', 'LUX', 'MAC', 'MKD', 'MDG', 'MWI', 'MYS', 'MDV', 'MLI', 'MLT', 'MHL', 'MTQ', 'MRT', 'MUS', 'MYT', 'MEX', 'FSM', 'MDA', 'MCO', 'MNG', 'MNE', 'MSR', 'MAR', 'MOZ', 'MMR', 'NAM', 'NRU', 'NPL', 'NLD', 'NCL', 'NZL', 'NIC', 'NER', 'NGA', 'NIU', 'NFK', 'MNP', 'NOR', 'OMN', 'PAK', 'PLW', 'PSE', 'PAN', 'PNG', 'PRY', 'PER', 'PHL', 'PCN', 'POL', 'PRT', 'PRI', 'QAT', 'REU', 'ROU', 'RUS', 'RWA', 'BLM', 'SHN', 'KNA', 'LCA', 'MAF', 'SPM', 'VCT', 'WSM', 'SMR', 'STP', 'SAU', 'SEN', 'SRB', 'SYC', 'SLE', 'SGP', 'SXM', 'SVK', 'SVN', 'SLB', 'SOM', 'ZAF', 'SGS', 'SSD', 'ESP', 'LKA', 'SDN', 'SUR', 'SJM', 'SWZ', 'SWE', 'CHE', 'SYR', 'TWN', 'TJK', 'TZA', 'THA', 'TLS', 'TGO', 'TKL', 'TON', 'TTO', 'TUN', 'TUR', 'TKM', 'TCA', 'TUV', 'UGA', 'UKR', 'ARE', 'GBR', 'USA', 'UMI', 'URY', 'UZB', 'VUT', 'VEN', 'VNM', 'VGB', 'VIR', 'WLF', 'ESH', 'YEM', 'ZMB', 'ZWE')]
(Background on this error at: https://sqlalche.me/e/20/f405)
]]></error>
			<system-err><![CDATA[INFO  [alembic.runtime.migration] Context impl PostgresqlImpl.
INFO  [alembic.runtime.migration] Will assume transactional DDL.
INFO  [alembic.runtime.migration] Running upgrade  -> 1af632eb25cf, empty message
]]></system-err>
		</testcase>
		<testcase classname="test_resource_categorisations.CategorisationsResourceTestCase" name="test_categorisations_list" time="0.122" timestamp="2024-04-12T15:57:31" file="tests/test_resource_categorisations.py" line="9">
			<error type="ProgrammingError" message="(psycopg2.errors.DuplicateObject) type &quot;project_country&quot; already exists

[SQL: CREATE TYPE project_country AS ENUM ('AFG', 'ALA', 'ALB', 'DZA', 'ASM', 'AND', 'AGO', 'AIA', 'ATA', 'ATG', 'ARG', 'ARM', 'ABW', 'AUS', 'AUT', 'AZE', 'BHS', 'BHR', 'BGD', 'BRB', 'BLR', 'BEL', 'BLZ', 'BEN', 'BMU', 'BTN', 'BOL', 'BES', 'BIH', 'BWA', 'BVT', 'BRA', 'IOT', 'BRN', 'BGR', 'BFA', 'BDI', 'KHM', 'CMR', 'CAN', 'CPV', 'CYM', 'CAF', 'TCD', 'CHL', 'CHN', 'CXR', 'CCK', 'COL', 'COM', 'COG', 'COD', 'COK', 'CRI', 'CIV', 'HRV', 'CUB', 'CUW', 'CYP', 'CZE', 'DNK', 'DJI', 'DMA', 'DOM', 'ECU', 'EGY', 'SLV', 'GNQ', 'ERI', 'EST', 'ETH', 'FLK', 'FRO', 'FJI', 'FIN', 'FRA', 'GUF', 'PYF', 'ATF', 'GAB', 'GMB', 'GEO', 'DEU', 'GHA', 'GIB', 'GRC', 'GRL', 'GRD', 'GLP', 'GUM', 'GTM', 'GGY', 'GIN', 'GNB', 'GUY', 'HTI', 'HMD', 'VAT', 'HND', 'HKG', 'HUN', 'ISL', 'IND', 'IDN', 'IRN', 'IRQ', 'IRL', 'IMN', 'ISR', 'ITA', 'JAM', 'JPN', 'JEY', 'JOR', 'KAZ', 'KEN', 'KIR', 'PRK', 'KOR', 'XKX', 'KWT', 'KGZ', 'LAO', 'LVA', 'LBN', 'LSO', 'LBR', 'LBY', 'LIE', 'LTU', 'LUX', 'MAC', 'MKD', 'MDG', 'MWI', 'MYS', 'MDV', 'MLI', 'MLT', 'MHL', 'MTQ', 'MRT', 'MUS', 'MYT', 'MEX', 'FSM', 'MDA', 'MCO', 'MNG', 'MNE', 'MSR', 'MAR', 'MOZ', 'MMR', 'NAM', 'NRU', 'NPL', 'NLD', 'NCL', 'NZL', 'NIC', 'NER', 'NGA', 'NIU', 'NFK', 'MNP', 'NOR', 'OMN', 'PAK', 'PLW', 'PSE', 'PAN', 'PNG', 'PRY', 'PER', 'PHL', 'PCN', 'POL', 'PRT', 'PRI', 'QAT', 'REU', 'ROU', 'RUS', 'RWA', 'BLM', 'SHN', 'KNA', 'LCA', 'MAF', 'SPM', 'VCT', 'WSM', 'SMR', 'STP', 'SAU', 'SEN', 'SRB', 'SYC', 'SLE', 'SGP', 'SXM', 'SVK', 'SVN', 'SLB', 'SOM', 'ZAF', 'SGS', 'SSD', 'ESP', 'LKA', 'SDN', 'SUR', 'SJM', 'SWZ', 'SWE', 'CHE', 'SYR', 'TWN', 'TJK', 'TZA', 'THA', 'TLS', 'TGO', 'TKL', 'TON', 'TTO', 'TUN', 'TUR', 'TKM', 'TCA', 'TUV', 'UGA', 'UKR', 'ARE', 'GBR', 'USA', 'UMI', 'URY', 'UZB', 'VUT', 'VEN', 'VNM', 'VGB', 'VIR', 'WLF', 'ESH', 'YEM', 'ZMB', 'ZWE')]
(Background on this error at: https://sqlalche.me/e/20/f405)"><![CDATA[Traceback (most recent call last):
  File "/usr/src/app/.venv/lib/python3.9/site-packages/sqlalchemy/engine/base.py", line 1971, in _exec_single_context
    self.dialect.do_execute(
  File "/usr/src/app/.venv/lib/python3.9/site-packages/sqlalchemy/engine/default.py", line 919, in do_execute
    cursor.execute(statement, parameters)
psycopg2.errors.DuplicateObject: type "project_country" already exists


The above exception was the direct cause of the following exception:

Traceback (most recent call last):
  File "/usr/src/app/tests/base_test.py", line 64, in setUp
    upgrade()
  File "/usr/src/app/.venv/lib/python3.9/site-packages/flask_migrate/__init__.py", line 111, in wrapped
    f(*args, **kwargs)
  File "/usr/src/app/.venv/lib/python3.9/site-packages/flask_migrate/__init__.py", line 200, in upgrade
    command.upgrade(config, revision, sql=sql, tag=tag)
  File "/usr/src/app/.venv/lib/python3.9/site-packages/alembic/command.py", line 403, in upgrade
    script.run_env()
  File "/usr/src/app/.venv/lib/python3.9/site-packages/alembic/script/base.py", line 583, in run_env
    util.load_python_file(self.dir, "env.py")
  File "/usr/src/app/.venv/lib/python3.9/site-packages/alembic/util/pyfiles.py", line 95, in load_python_file
    module = load_module_py(module_id, path)
  File "/usr/src/app/.venv/lib/python3.9/site-packages/alembic/util/pyfiles.py", line 113, in load_module_py
    spec.loader.exec_module(module)  # type: ignore
  File "<frozen importlib._bootstrap_external>", line 850, in exec_module
  File "<frozen importlib._bootstrap>", line 228, in _call_with_frames_removed
  File "migrations/env.py", line 113, in <module>
    run_migrations_online()
  File "migrations/env.py", line 107, in run_migrations_online
    context.run_migrations()
  File "<string>", line 8, in run_migrations
  File "/usr/src/app/.venv/lib/python3.9/site-packages/alembic/runtime/environment.py", line 948, in run_migrations
    self.get_context().run_migrations(**kw)
  File "/usr/src/app/.venv/lib/python3.9/site-packages/alembic/runtime/migration.py", line 627, in run_migrations
    step.migration_fn(**kw)
  File "/usr/src/app/migrations/versions/1af632eb25cf_.py", line 65, in upgrade
    op.create_table('projects',
  File "<string>", line 8, in create_table
  File "<string>", line 3, in create_table
  File "/usr/src/app/.venv/lib/python3.9/site-packages/alembic/operations/ops.py", line 1311, in create_table
    return operations.invoke(op)
  File "/usr/src/app/.venv/lib/python3.9/site-packages/alembic/operations/base.py", line 445, in invoke
    return fn(self, operation)
  File "/usr/src/app/.venv/lib/python3.9/site-packages/alembic/operations/toimpl.py", line 131, in create_table
    operations.impl.create_table(table)
  File "/usr/src/app/.venv/lib/python3.9/site-packages/alembic/ddl/impl.py", line 363, in create_table
    table.dispatch.before_create(
  File "/usr/src/app/.venv/lib/python3.9/site-packages/sqlalchemy/event/attr.py", line 497, in __call__
    fn(*args, **kw)
  File "/usr/src/app/.venv/lib/python3.9/site-packages/sqlalchemy/util/langhelpers.py", line 852, in __call__
    return getattr(self.target, self.name)(*arg, **kw)
  File "/usr/src/app/.venv/lib/python3.9/site-packages/sqlalchemy/sql/sqltypes.py", line 1120, in _on_table_create
    t._on_table_create(target, bind, **kw)
  File "/usr/src/app/.venv/lib/python3.9/site-packages/sqlalchemy/dialects/postgresql/named_types.py", line 98, in _on_table_create
    self.create(bind=bind, checkfirst=checkfirst)
  File "/usr/src/app/.venv/lib/python3.9/site-packages/sqlalchemy/dialects/postgresql/named_types.py", line 338, in create
    super().create(bind, checkfirst=checkfirst)
  File "/usr/src/app/.venv/lib/python3.9/site-packages/sqlalchemy/dialects/postgresql/named_types.py", line 51, in create
    bind._run_ddl_visitor(self.DDLGenerator, self, checkfirst=checkfirst)
  File "/usr/src/app/.venv/lib/python3.9/site-packages/sqlalchemy/engine/base.py", line 2461, in _run_ddl_visitor
    visitorcallable(self.dialect, self, **kwargs).traverse_single(element)
  File "/usr/src/app/.venv/lib/python3.9/site-packages/sqlalchemy/sql/visitors.py", line 664, in traverse_single
    return meth(obj, **kw)
  File "/usr/src/app/.venv/lib/python3.9/site-packages/sqlalchemy/dialects/postgresql/named_types.py", line 153, in visit_enum
    self.connection.execute(CreateEnumType(enum))
  File "/usr/src/app/.venv/lib/python3.9/site-packages/sqlalchemy/engine/base.py", line 1422, in execute
    return meth(
  File "/usr/src/app/.venv/lib/python3.9/site-packages/sqlalchemy/sql/ddl.py", line 180, in _execute_on_connection
    return connection._execute_ddl(
  File "/usr/src/app/.venv/lib/python3.9/site-packages/sqlalchemy/engine/base.py", line 1533, in _execute_ddl
    ret = self._execute_context(
  File "/usr/src/app/.venv/lib/python3.9/site-packages/sqlalchemy/engine/base.py", line 1850, in _execute_context
    return self._exec_single_context(
  File "/usr/src/app/.venv/lib/python3.9/site-packages/sqlalchemy/engine/base.py", line 1990, in _exec_single_context
    self._handle_dbapi_exception(
  File "/usr/src/app/.venv/lib/python3.9/site-packages/sqlalchemy/engine/base.py", line 2357, in _handle_dbapi_exception
    raise sqlalchemy_exception.with_traceback(exc_info[2]) from e
  File "/usr/src/app/.venv/lib/python3.9/site-packages/sqlalchemy/engine/base.py", line 1971, in _exec_single_context
    self.dialect.do_execute(
  File "/usr/src/app/.venv/lib/python3.9/site-packages/sqlalchemy/engine/default.py", line 919, in do_execute
    cursor.execute(statement, parameters)
sqlalchemy.exc.ProgrammingError: (psycopg2.errors.DuplicateObject) type "project_country" already exists

[SQL: CREATE TYPE project_country AS ENUM ('AFG', 'ALA', 'ALB', 'DZA', 'ASM', 'AND', 'AGO', 'AIA', 'ATA', 'ATG', 'ARG', 'ARM', 'ABW', 'AUS', 'AUT', 'AZE', 'BHS', 'BHR', 'BGD', 'BRB', 'BLR', 'BEL', 'BLZ', 'BEN', 'BMU', 'BTN', 'BOL', 'BES', 'BIH', 'BWA', 'BVT', 'BRA', 'IOT', 'BRN', 'BGR', 'BFA', 'BDI', 'KHM', 'CMR', 'CAN', 'CPV', 'CYM', 'CAF', 'TCD', 'CHL', 'CHN', 'CXR', 'CCK', 'COL', 'COM', 'COG', 'COD', 'COK', 'CRI', 'CIV', 'HRV', 'CUB', 'CUW', 'CYP', 'CZE', 'DNK', 'DJI', 'DMA', 'DOM', 'ECU', 'EGY', 'SLV', 'GNQ', 'ERI', 'EST', 'ETH', 'FLK', 'FRO', 'FJI', 'FIN', 'FRA', 'GUF', 'PYF', 'ATF', 'GAB', 'GMB', 'GEO', 'DEU', 'GHA', 'GIB', 'GRC', 'GRL', 'GRD', 'GLP', 'GUM', 'GTM', 'GGY', 'GIN', 'GNB', 'GUY', 'HTI', 'HMD', 'VAT', 'HND', 'HKG', 'HUN', 'ISL', 'IND', 'IDN', 'IRN', 'IRQ', 'IRL', 'IMN', 'ISR', 'ITA', 'JAM', 'JPN', 'JEY', 'JOR', 'KAZ', 'KEN', 'KIR', 'PRK', 'KOR', 'XKX', 'KWT', 'KGZ', 'LAO', 'LVA', 'LBN', 'LSO', 'LBR', 'LBY', 'LIE', 'LTU', 'LUX', 'MAC', 'MKD', 'MDG', 'MWI', 'MYS', 'MDV', 'MLI', 'MLT', 'MHL', 'MTQ', 'MRT', 'MUS', 'MYT', 'MEX', 'FSM', 'MDA', 'MCO', 'MNG', 'MNE', 'MSR', 'MAR', 'MOZ', 'MMR', 'NAM', 'NRU', 'NPL', 'NLD', 'NCL', 'NZL', 'NIC', 'NER', 'NGA', 'NIU', 'NFK', 'MNP', 'NOR', 'OMN', 'PAK', 'PLW', 'PSE', 'PAN', 'PNG', 'PRY', 'PER', 'PHL', 'PCN', 'POL', 'PRT', 'PRI', 'QAT', 'REU', 'ROU', 'RUS', 'RWA', 'BLM', 'SHN', 'KNA', 'LCA', 'MAF', 'SPM', 'VCT', 'WSM', 'SMR', 'STP', 'SAU', 'SEN', 'SRB', 'SYC', 'SLE', 'SGP', 'SXM', 'SVK', 'SVN', 'SLB', 'SOM', 'ZAF', 'SGS', 'SSD', 'ESP', 'LKA', 'SDN', 'SUR', 'SJM', 'SWZ', 'SWE', 'CHE', 'SYR', 'TWN', 'TJK', 'TZA', 'THA', 'TLS', 'TGO', 'TKL', 'TON', 'TTO', 'TUN', 'TUR', 'TKM', 'TCA', 'TUV', 'UGA', 'UKR', 'ARE', 'GBR', 'USA', 'UMI', 'URY', 'UZB', 'VUT', 'VEN', 'VNM', 'VGB', 'VIR', 'WLF', 'ESH', 'YEM', 'ZMB', 'ZWE')]
(Background on this error at: https://sqlalche.me/e/20/f405)
]]></error>
			<system-err><![CDATA[INFO  [alembic.runtime.migration] Context impl PostgresqlImpl.
INFO  [alembic.runtime.migration] Will assume transactional DDL.
INFO  [alembic.runtime.migration] Running upgrade  -> 1af632eb25cf, empty message
]]></system-err>
		</testcase>
		<testcase classname="test_resource_categorisations.CategorisationsResourceTestCase" name="test_categorisations_projects" time="0.173" timestamp="2024-04-12T15:57:32" file="tests/test_resource_categorisations.py" line="941">
			<error type="ProgrammingError" message="(psycopg2.errors.DuplicateObject) type &quot;project_country&quot; already exists

[SQL: CREATE TYPE project_country AS ENUM ('AFG', 'ALA', 'ALB', 'DZA', 'ASM', 'AND', 'AGO', 'AIA', 'ATA', 'ATG', 'ARG', 'ARM', 'ABW', 'AUS', 'AUT', 'AZE', 'BHS', 'BHR', 'BGD', 'BRB', 'BLR', 'BEL', 'BLZ', 'BEN', 'BMU', 'BTN', 'BOL', 'BES', 'BIH', 'BWA', 'BVT', 'BRA', 'IOT', 'BRN', 'BGR', 'BFA', 'BDI', 'KHM', 'CMR', 'CAN', 'CPV', 'CYM', 'CAF', 'TCD', 'CHL', 'CHN', 'CXR', 'CCK', 'COL', 'COM', 'COG', 'COD', 'COK', 'CRI', 'CIV', 'HRV', 'CUB', 'CUW', 'CYP', 'CZE', 'DNK', 'DJI', 'DMA', 'DOM', 'ECU', 'EGY', 'SLV', 'GNQ', 'ERI', 'EST', 'ETH', 'FLK', 'FRO', 'FJI', 'FIN', 'FRA', 'GUF', 'PYF', 'ATF', 'GAB', 'GMB', 'GEO', 'DEU', 'GHA', 'GIB', 'GRC', 'GRL', 'GRD', 'GLP', 'GUM', 'GTM', 'GGY', 'GIN', 'GNB', 'GUY', 'HTI', 'HMD', 'VAT', 'HND', 'HKG', 'HUN', 'ISL', 'IND', 'IDN', 'IRN', 'IRQ', 'IRL', 'IMN', 'ISR', 'ITA', 'JAM', 'JPN', 'JEY', 'JOR', 'KAZ', 'KEN', 'KIR', 'PRK', 'KOR', 'XKX', 'KWT', 'KGZ', 'LAO', 'LVA', 'LBN', 'LSO', 'LBR', 'LBY', 'LIE', 'LTU', 'LUX', 'MAC', 'MKD', 'MDG', 'MWI', 'MYS', 'MDV', 'MLI', 'MLT', 'MHL', 'MTQ', 'MRT', 'MUS', 'MYT', 'MEX', 'FSM', 'MDA', 'MCO', 'MNG', 'MNE', 'MSR', 'MAR', 'MOZ', 'MMR', 'NAM', 'NRU', 'NPL', 'NLD', 'NCL', 'NZL', 'NIC', 'NER', 'NGA', 'NIU', 'NFK', 'MNP', 'NOR', 'OMN', 'PAK', 'PLW', 'PSE', 'PAN', 'PNG', 'PRY', 'PER', 'PHL', 'PCN', 'POL', 'PRT', 'PRI', 'QAT', 'REU', 'ROU', 'RUS', 'RWA', 'BLM', 'SHN', 'KNA', 'LCA', 'MAF', 'SPM', 'VCT', 'WSM', 'SMR', 'STP', 'SAU', 'SEN', 'SRB', 'SYC', 'SLE', 'SGP', 'SXM', 'SVK', 'SVN', 'SLB', 'SOM', 'ZAF', 'SGS', 'SSD', 'ESP', 'LKA', 'SDN', 'SUR', 'SJM', 'SWZ', 'SWE', 'CHE', 'SYR', 'TWN', 'TJK', 'TZA', 'THA', 'TLS', 'TGO', 'TKL', 'TON', 'TTO', 'TUN', 'TUR', 'TKM', 'TCA', 'TUV', 'UGA', 'UKR', 'ARE', 'GBR', 'USA', 'UMI', 'URY', 'UZB', 'VUT', 'VEN', 'VNM', 'VGB', 'VIR', 'WLF', 'ESH', 'YEM', 'ZMB', 'ZWE')]
(Background on this error at: https://sqlalche.me/e/20/f405)"><![CDATA[Traceback (most recent call last):
  File "/usr/src/app/.venv/lib/python3.9/site-packages/sqlalchemy/engine/base.py", line 1971, in _exec_single_context
    self.dialect.do_execute(
  File "/usr/src/app/.venv/lib/python3.9/site-packages/sqlalchemy/engine/default.py", line 919, in do_execute
    cursor.execute(statement, parameters)
psycopg2.errors.DuplicateObject: type "project_country" already exists


The above exception was the direct cause of the following exception:

Traceback (most recent call last):
  File "/usr/src/app/tests/base_test.py", line 64, in setUp
    upgrade()
  File "/usr/src/app/.venv/lib/python3.9/site-packages/flask_migrate/__init__.py", line 111, in wrapped
    f(*args, **kwargs)
  File "/usr/src/app/.venv/lib/python3.9/site-packages/flask_migrate/__init__.py", line 200, in upgrade
    command.upgrade(config, revision, sql=sql, tag=tag)
  File "/usr/src/app/.venv/lib/python3.9/site-packages/alembic/command.py", line 403, in upgrade
    script.run_env()
  File "/usr/src/app/.venv/lib/python3.9/site-packages/alembic/script/base.py", line 583, in run_env
    util.load_python_file(self.dir, "env.py")
  File "/usr/src/app/.venv/lib/python3.9/site-packages/alembic/util/pyfiles.py", line 95, in load_python_file
    module = load_module_py(module_id, path)
  File "/usr/src/app/.venv/lib/python3.9/site-packages/alembic/util/pyfiles.py", line 113, in load_module_py
    spec.loader.exec_module(module)  # type: ignore
  File "<frozen importlib._bootstrap_external>", line 850, in exec_module
  File "<frozen importlib._bootstrap>", line 228, in _call_with_frames_removed
  File "migrations/env.py", line 113, in <module>
    run_migrations_online()
  File "migrations/env.py", line 107, in run_migrations_online
    context.run_migrations()
  File "<string>", line 8, in run_migrations
  File "/usr/src/app/.venv/lib/python3.9/site-packages/alembic/runtime/environment.py", line 948, in run_migrations
    self.get_context().run_migrations(**kw)
  File "/usr/src/app/.venv/lib/python3.9/site-packages/alembic/runtime/migration.py", line 627, in run_migrations
    step.migration_fn(**kw)
  File "/usr/src/app/migrations/versions/1af632eb25cf_.py", line 65, in upgrade
    op.create_table('projects',
  File "<string>", line 8, in create_table
  File "<string>", line 3, in create_table
  File "/usr/src/app/.venv/lib/python3.9/site-packages/alembic/operations/ops.py", line 1311, in create_table
    return operations.invoke(op)
  File "/usr/src/app/.venv/lib/python3.9/site-packages/alembic/operations/base.py", line 445, in invoke
    return fn(self, operation)
  File "/usr/src/app/.venv/lib/python3.9/site-packages/alembic/operations/toimpl.py", line 131, in create_table
    operations.impl.create_table(table)
  File "/usr/src/app/.venv/lib/python3.9/site-packages/alembic/ddl/impl.py", line 363, in create_table
    table.dispatch.before_create(
  File "/usr/src/app/.venv/lib/python3.9/site-packages/sqlalchemy/event/attr.py", line 497, in __call__
    fn(*args, **kw)
  File "/usr/src/app/.venv/lib/python3.9/site-packages/sqlalchemy/util/langhelpers.py", line 852, in __call__
    return getattr(self.target, self.name)(*arg, **kw)
  File "/usr/src/app/.venv/lib/python3.9/site-packages/sqlalchemy/sql/sqltypes.py", line 1120, in _on_table_create
    t._on_table_create(target, bind, **kw)
  File "/usr/src/app/.venv/lib/python3.9/site-packages/sqlalchemy/dialects/postgresql/named_types.py", line 98, in _on_table_create
    self.create(bind=bind, checkfirst=checkfirst)
  File "/usr/src/app/.venv/lib/python3.9/site-packages/sqlalchemy/dialects/postgresql/named_types.py", line 338, in create
    super().create(bind, checkfirst=checkfirst)
  File "/usr/src/app/.venv/lib/python3.9/site-packages/sqlalchemy/dialects/postgresql/named_types.py", line 51, in create
    bind._run_ddl_visitor(self.DDLGenerator, self, checkfirst=checkfirst)
  File "/usr/src/app/.venv/lib/python3.9/site-packages/sqlalchemy/engine/base.py", line 2461, in _run_ddl_visitor
    visitorcallable(self.dialect, self, **kwargs).traverse_single(element)
  File "/usr/src/app/.venv/lib/python3.9/site-packages/sqlalchemy/sql/visitors.py", line 664, in traverse_single
    return meth(obj, **kw)
  File "/usr/src/app/.venv/lib/python3.9/site-packages/sqlalchemy/dialects/postgresql/named_types.py", line 153, in visit_enum
    self.connection.execute(CreateEnumType(enum))
  File "/usr/src/app/.venv/lib/python3.9/site-packages/sqlalchemy/engine/base.py", line 1422, in execute
    return meth(
  File "/usr/src/app/.venv/lib/python3.9/site-packages/sqlalchemy/sql/ddl.py", line 180, in _execute_on_connection
    return connection._execute_ddl(
  File "/usr/src/app/.venv/lib/python3.9/site-packages/sqlalchemy/engine/base.py", line 1533, in _execute_ddl
    ret = self._execute_context(
  File "/usr/src/app/.venv/lib/python3.9/site-packages/sqlalchemy/engine/base.py", line 1850, in _execute_context
    return self._exec_single_context(
  File "/usr/src/app/.venv/lib/python3.9/site-packages/sqlalchemy/engine/base.py", line 1990, in _exec_single_context
    self._handle_dbapi_exception(
  File "/usr/src/app/.venv/lib/python3.9/site-packages/sqlalchemy/engine/base.py", line 2357, in _handle_dbapi_exception
    raise sqlalchemy_exception.with_traceback(exc_info[2]) from e
  File "/usr/src/app/.venv/lib/python3.9/site-packages/sqlalchemy/engine/base.py", line 1971, in _exec_single_context
    self.dialect.do_execute(
  File "/usr/src/app/.venv/lib/python3.9/site-packages/sqlalchemy/engine/default.py", line 919, in do_execute
    cursor.execute(statement, parameters)
sqlalchemy.exc.ProgrammingError: (psycopg2.errors.DuplicateObject) type "project_country" already exists

[SQL: CREATE TYPE project_country AS ENUM ('AFG', 'ALA', 'ALB', 'DZA', 'ASM', 'AND', 'AGO', 'AIA', 'ATA', 'ATG', 'ARG', 'ARM', 'ABW', 'AUS', 'AUT', 'AZE', 'BHS', 'BHR', 'BGD', 'BRB', 'BLR', 'BEL', 'BLZ', 'BEN', 'BMU', 'BTN', 'BOL', 'BES', 'BIH', 'BWA', 'BVT', 'BRA', 'IOT', 'BRN', 'BGR', 'BFA', 'BDI', 'KHM', 'CMR', 'CAN', 'CPV', 'CYM', 'CAF', 'TCD', 'CHL', 'CHN', 'CXR', 'CCK', 'COL', 'COM', 'COG', 'COD', 'COK', 'CRI', 'CIV', 'HRV', 'CUB', 'CUW', 'CYP', 'CZE', 'DNK', 'DJI', 'DMA', 'DOM', 'ECU', 'EGY', 'SLV', 'GNQ', 'ERI', 'EST', 'ETH', 'FLK', 'FRO', 'FJI', 'FIN', 'FRA', 'GUF', 'PYF', 'ATF', 'GAB', 'GMB', 'GEO', 'DEU', 'GHA', 'GIB', 'GRC', 'GRL', 'GRD', 'GLP', 'GUM', 'GTM', 'GGY', 'GIN', 'GNB', 'GUY', 'HTI', 'HMD', 'VAT', 'HND', 'HKG', 'HUN', 'ISL', 'IND', 'IDN', 'IRN', 'IRQ', 'IRL', 'IMN', 'ISR', 'ITA', 'JAM', 'JPN', 'JEY', 'JOR', 'KAZ', 'KEN', 'KIR', 'PRK', 'KOR', 'XKX', 'KWT', 'KGZ', 'LAO', 'LVA', 'LBN', 'LSO', 'LBR', 'LBY', 'LIE', 'LTU', 'LUX', 'MAC', 'MKD', 'MDG', 'MWI', 'MYS', 'MDV', 'MLI', 'MLT', 'MHL', 'MTQ', 'MRT', 'MUS', 'MYT', 'MEX', 'FSM', 'MDA', 'MCO', 'MNG', 'MNE', 'MSR', 'MAR', 'MOZ', 'MMR', 'NAM', 'NRU', 'NPL', 'NLD', 'NCL', 'NZL', 'NIC', 'NER', 'NGA', 'NIU', 'NFK', 'MNP', 'NOR', 'OMN', 'PAK', 'PLW', 'PSE', 'PAN', 'PNG', 'PRY', 'PER', 'PHL', 'PCN', 'POL', 'PRT', 'PRI', 'QAT', 'REU', 'ROU', 'RUS', 'RWA', 'BLM', 'SHN', 'KNA', 'LCA', 'MAF', 'SPM', 'VCT', 'WSM', 'SMR', 'STP', 'SAU', 'SEN', 'SRB', 'SYC', 'SLE', 'SGP', 'SXM', 'SVK', 'SVN', 'SLB', 'SOM', 'ZAF', 'SGS', 'SSD', 'ESP', 'LKA', 'SDN', 'SUR', 'SJM', 'SWZ', 'SWE', 'CHE', 'SYR', 'TWN', 'TJK', 'TZA', 'THA', 'TLS', 'TGO', 'TKL', 'TON', 'TTO', 'TUN', 'TUR', 'TKM', 'TCA', 'TUV', 'UGA', 'UKR', 'ARE', 'GBR', 'USA', 'UMI', 'URY', 'UZB', 'VUT', 'VEN', 'VNM', 'VGB', 'VIR', 'WLF', 'ESH', 'YEM', 'ZMB', 'ZWE')]
(Background on this error at: https://sqlalche.me/e/20/f405)
]]></error>
			<system-err><![CDATA[INFO  [alembic.runtime.migration] Context impl PostgresqlImpl.
INFO  [alembic.runtime.migration] Will assume transactional DDL.
INFO  [alembic.runtime.migration] Running upgrade  -> 1af632eb25cf, empty message
]]></system-err>
		</testcase>
		<testcase classname="test_resource_categorisations.CategorisationsResourceTestCase" name="test_categorisations_relationship_categories" time="0.139" timestamp="2024-04-12T15:57:32" file="tests/test_resource_categorisations.py" line="919">
			<error type="ProgrammingError" message="(psycopg2.errors.DuplicateObject) type &quot;project_country&quot; already exists

[SQL: CREATE TYPE project_country AS ENUM ('AFG', 'ALA', 'ALB', 'DZA', 'ASM', 'AND', 'AGO', 'AIA', 'ATA', 'ATG', 'ARG', 'ARM', 'ABW', 'AUS', 'AUT', 'AZE', 'BHS', 'BHR', 'BGD', 'BRB', 'BLR', 'BEL', 'BLZ', 'BEN', 'BMU', 'BTN', 'BOL', 'BES', 'BIH', 'BWA', 'BVT', 'BRA', 'IOT', 'BRN', 'BGR', 'BFA', 'BDI', 'KHM', 'CMR', 'CAN', 'CPV', 'CYM', 'CAF', 'TCD', 'CHL', 'CHN', 'CXR', 'CCK', 'COL', 'COM', 'COG', 'COD', 'COK', 'CRI', 'CIV', 'HRV', 'CUB', 'CUW', 'CYP', 'CZE', 'DNK', 'DJI', 'DMA', 'DOM', 'ECU', 'EGY', 'SLV', 'GNQ', 'ERI', 'EST', 'ETH', 'FLK', 'FRO', 'FJI', 'FIN', 'FRA', 'GUF', 'PYF', 'ATF', 'GAB', 'GMB', 'GEO', 'DEU', 'GHA', 'GIB', 'GRC', 'GRL', 'GRD', 'GLP', 'GUM', 'GTM', 'GGY', 'GIN', 'GNB', 'GUY', 'HTI', 'HMD', 'VAT', 'HND', 'HKG', 'HUN', 'ISL', 'IND', 'IDN', 'IRN', 'IRQ', 'IRL', 'IMN', 'ISR', 'ITA', 'JAM', 'JPN', 'JEY', 'JOR', 'KAZ', 'KEN', 'KIR', 'PRK', 'KOR', 'XKX', 'KWT', 'KGZ', 'LAO', 'LVA', 'LBN', 'LSO', 'LBR', 'LBY', 'LIE', 'LTU', 'LUX', 'MAC', 'MKD', 'MDG', 'MWI', 'MYS', 'MDV', 'MLI', 'MLT', 'MHL', 'MTQ', 'MRT', 'MUS', 'MYT', 'MEX', 'FSM', 'MDA', 'MCO', 'MNG', 'MNE', 'MSR', 'MAR', 'MOZ', 'MMR', 'NAM', 'NRU', 'NPL', 'NLD', 'NCL', 'NZL', 'NIC', 'NER', 'NGA', 'NIU', 'NFK', 'MNP', 'NOR', 'OMN', 'PAK', 'PLW', 'PSE', 'PAN', 'PNG', 'PRY', 'PER', 'PHL', 'PCN', 'POL', 'PRT', 'PRI', 'QAT', 'REU', 'ROU', 'RUS', 'RWA', 'BLM', 'SHN', 'KNA', 'LCA', 'MAF', 'SPM', 'VCT', 'WSM', 'SMR', 'STP', 'SAU', 'SEN', 'SRB', 'SYC', 'SLE', 'SGP', 'SXM', 'SVK', 'SVN', 'SLB', 'SOM', 'ZAF', 'SGS', 'SSD', 'ESP', 'LKA', 'SDN', 'SUR', 'SJM', 'SWZ', 'SWE', 'CHE', 'SYR', 'TWN', 'TJK', 'TZA', 'THA', 'TLS', 'TGO', 'TKL', 'TON', 'TTO', 'TUN', 'TUR', 'TKM', 'TCA', 'TUV', 'UGA', 'UKR', 'ARE', 'GBR', 'USA', 'UMI', 'URY', 'UZB', 'VUT', 'VEN', 'VNM', 'VGB', 'VIR', 'WLF', 'ESH', 'YEM', 'ZMB', 'ZWE')]
(Background on this error at: https://sqlalche.me/e/20/f405)"><![CDATA[Traceback (most recent call last):
  File "/usr/src/app/.venv/lib/python3.9/site-packages/sqlalchemy/engine/base.py", line 1971, in _exec_single_context
    self.dialect.do_execute(
  File "/usr/src/app/.venv/lib/python3.9/site-packages/sqlalchemy/engine/default.py", line 919, in do_execute
    cursor.execute(statement, parameters)
psycopg2.errors.DuplicateObject: type "project_country" already exists


The above exception was the direct cause of the following exception:

Traceback (most recent call last):
  File "/usr/src/app/tests/base_test.py", line 64, in setUp
    upgrade()
  File "/usr/src/app/.venv/lib/python3.9/site-packages/flask_migrate/__init__.py", line 111, in wrapped
    f(*args, **kwargs)
  File "/usr/src/app/.venv/lib/python3.9/site-packages/flask_migrate/__init__.py", line 200, in upgrade
    command.upgrade(config, revision, sql=sql, tag=tag)
  File "/usr/src/app/.venv/lib/python3.9/site-packages/alembic/command.py", line 403, in upgrade
    script.run_env()
  File "/usr/src/app/.venv/lib/python3.9/site-packages/alembic/script/base.py", line 583, in run_env
    util.load_python_file(self.dir, "env.py")
  File "/usr/src/app/.venv/lib/python3.9/site-packages/alembic/util/pyfiles.py", line 95, in load_python_file
    module = load_module_py(module_id, path)
  File "/usr/src/app/.venv/lib/python3.9/site-packages/alembic/util/pyfiles.py", line 113, in load_module_py
    spec.loader.exec_module(module)  # type: ignore
  File "<frozen importlib._bootstrap_external>", line 850, in exec_module
  File "<frozen importlib._bootstrap>", line 228, in _call_with_frames_removed
  File "migrations/env.py", line 113, in <module>
    run_migrations_online()
  File "migrations/env.py", line 107, in run_migrations_online
    context.run_migrations()
  File "<string>", line 8, in run_migrations
  File "/usr/src/app/.venv/lib/python3.9/site-packages/alembic/runtime/environment.py", line 948, in run_migrations
    self.get_context().run_migrations(**kw)
  File "/usr/src/app/.venv/lib/python3.9/site-packages/alembic/runtime/migration.py", line 627, in run_migrations
    step.migration_fn(**kw)
  File "/usr/src/app/migrations/versions/1af632eb25cf_.py", line 65, in upgrade
    op.create_table('projects',
  File "<string>", line 8, in create_table
  File "<string>", line 3, in create_table
  File "/usr/src/app/.venv/lib/python3.9/site-packages/alembic/operations/ops.py", line 1311, in create_table
    return operations.invoke(op)
  File "/usr/src/app/.venv/lib/python3.9/site-packages/alembic/operations/base.py", line 445, in invoke
    return fn(self, operation)
  File "/usr/src/app/.venv/lib/python3.9/site-packages/alembic/operations/toimpl.py", line 131, in create_table
    operations.impl.create_table(table)
  File "/usr/src/app/.venv/lib/python3.9/site-packages/alembic/ddl/impl.py", line 363, in create_table
    table.dispatch.before_create(
  File "/usr/src/app/.venv/lib/python3.9/site-packages/sqlalchemy/event/attr.py", line 497, in __call__
    fn(*args, **kw)
  File "/usr/src/app/.venv/lib/python3.9/site-packages/sqlalchemy/util/langhelpers.py", line 852, in __call__
    return getattr(self.target, self.name)(*arg, **kw)
  File "/usr/src/app/.venv/lib/python3.9/site-packages/sqlalchemy/sql/sqltypes.py", line 1120, in _on_table_create
    t._on_table_create(target, bind, **kw)
  File "/usr/src/app/.venv/lib/python3.9/site-packages/sqlalchemy/dialects/postgresql/named_types.py", line 98, in _on_table_create
    self.create(bind=bind, checkfirst=checkfirst)
  File "/usr/src/app/.venv/lib/python3.9/site-packages/sqlalchemy/dialects/postgresql/named_types.py", line 338, in create
    super().create(bind, checkfirst=checkfirst)
  File "/usr/src/app/.venv/lib/python3.9/site-packages/sqlalchemy/dialects/postgresql/named_types.py", line 51, in create
    bind._run_ddl_visitor(self.DDLGenerator, self, checkfirst=checkfirst)
  File "/usr/src/app/.venv/lib/python3.9/site-packages/sqlalchemy/engine/base.py", line 2461, in _run_ddl_visitor
    visitorcallable(self.dialect, self, **kwargs).traverse_single(element)
  File "/usr/src/app/.venv/lib/python3.9/site-packages/sqlalchemy/sql/visitors.py", line 664, in traverse_single
    return meth(obj, **kw)
  File "/usr/src/app/.venv/lib/python3.9/site-packages/sqlalchemy/dialects/postgresql/named_types.py", line 153, in visit_enum
    self.connection.execute(CreateEnumType(enum))
  File "/usr/src/app/.venv/lib/python3.9/site-packages/sqlalchemy/engine/base.py", line 1422, in execute
    return meth(
  File "/usr/src/app/.venv/lib/python3.9/site-packages/sqlalchemy/sql/ddl.py", line 180, in _execute_on_connection
    return connection._execute_ddl(
  File "/usr/src/app/.venv/lib/python3.9/site-packages/sqlalchemy/engine/base.py", line 1533, in _execute_ddl
    ret = self._execute_context(
  File "/usr/src/app/.venv/lib/python3.9/site-packages/sqlalchemy/engine/base.py", line 1850, in _execute_context
    return self._exec_single_context(
  File "/usr/src/app/.venv/lib/python3.9/site-packages/sqlalchemy/engine/base.py", line 1990, in _exec_single_context
    self._handle_dbapi_exception(
  File "/usr/src/app/.venv/lib/python3.9/site-packages/sqlalchemy/engine/base.py", line 2357, in _handle_dbapi_exception
    raise sqlalchemy_exception.with_traceback(exc_info[2]) from e
  File "/usr/src/app/.venv/lib/python3.9/site-packages/sqlalchemy/engine/base.py", line 1971, in _exec_single_context
    self.dialect.do_execute(
  File "/usr/src/app/.venv/lib/python3.9/site-packages/sqlalchemy/engine/default.py", line 919, in do_execute
    cursor.execute(statement, parameters)
sqlalchemy.exc.ProgrammingError: (psycopg2.errors.DuplicateObject) type "project_country" already exists

[SQL: CREATE TYPE project_country AS ENUM ('AFG', 'ALA', 'ALB', 'DZA', 'ASM', 'AND', 'AGO', 'AIA', 'ATA', 'ATG', 'ARG', 'ARM', 'ABW', 'AUS', 'AUT', 'AZE', 'BHS', 'BHR', 'BGD', 'BRB', 'BLR', 'BEL', 'BLZ', 'BEN', 'BMU', 'BTN', 'BOL', 'BES', 'BIH', 'BWA', 'BVT', 'BRA', 'IOT', 'BRN', 'BGR', 'BFA', 'BDI', 'KHM', 'CMR', 'CAN', 'CPV', 'CYM', 'CAF', 'TCD', 'CHL', 'CHN', 'CXR', 'CCK', 'COL', 'COM', 'COG', 'COD', 'COK', 'CRI', 'CIV', 'HRV', 'CUB', 'CUW', 'CYP', 'CZE', 'DNK', 'DJI', 'DMA', 'DOM', 'ECU', 'EGY', 'SLV', 'GNQ', 'ERI', 'EST', 'ETH', 'FLK', 'FRO', 'FJI', 'FIN', 'FRA', 'GUF', 'PYF', 'ATF', 'GAB', 'GMB', 'GEO', 'DEU', 'GHA', 'GIB', 'GRC', 'GRL', 'GRD', 'GLP', 'GUM', 'GTM', 'GGY', 'GIN', 'GNB', 'GUY', 'HTI', 'HMD', 'VAT', 'HND', 'HKG', 'HUN', 'ISL', 'IND', 'IDN', 'IRN', 'IRQ', 'IRL', 'IMN', 'ISR', 'ITA', 'JAM', 'JPN', 'JEY', 'JOR', 'KAZ', 'KEN', 'KIR', 'PRK', 'KOR', 'XKX', 'KWT', 'KGZ', 'LAO', 'LVA', 'LBN', 'LSO', 'LBR', 'LBY', 'LIE', 'LTU', 'LUX', 'MAC', 'MKD', 'MDG', 'MWI', 'MYS', 'MDV', 'MLI', 'MLT', 'MHL', 'MTQ', 'MRT', 'MUS', 'MYT', 'MEX', 'FSM', 'MDA', 'MCO', 'MNG', 'MNE', 'MSR', 'MAR', 'MOZ', 'MMR', 'NAM', 'NRU', 'NPL', 'NLD', 'NCL', 'NZL', 'NIC', 'NER', 'NGA', 'NIU', 'NFK', 'MNP', 'NOR', 'OMN', 'PAK', 'PLW', 'PSE', 'PAN', 'PNG', 'PRY', 'PER', 'PHL', 'PCN', 'POL', 'PRT', 'PRI', 'QAT', 'REU', 'ROU', 'RUS', 'RWA', 'BLM', 'SHN', 'KNA', 'LCA', 'MAF', 'SPM', 'VCT', 'WSM', 'SMR', 'STP', 'SAU', 'SEN', 'SRB', 'SYC', 'SLE', 'SGP', 'SXM', 'SVK', 'SVN', 'SLB', 'SOM', 'ZAF', 'SGS', 'SSD', 'ESP', 'LKA', 'SDN', 'SUR', 'SJM', 'SWZ', 'SWE', 'CHE', 'SYR', 'TWN', 'TJK', 'TZA', 'THA', 'TLS', 'TGO', 'TKL', 'TON', 'TTO', 'TUN', 'TUR', 'TKM', 'TCA', 'TUV', 'UGA', 'UKR', 'ARE', 'GBR', 'USA', 'UMI', 'URY', 'UZB', 'VUT', 'VEN', 'VNM', 'VGB', 'VIR', 'WLF', 'ESH', 'YEM', 'ZMB', 'ZWE')]
(Background on this error at: https://sqlalche.me/e/20/f405)
]]></error>
			<system-err><![CDATA[INFO  [alembic.runtime.migration] Context impl PostgresqlImpl.
INFO  [alembic.runtime.migration] Will assume transactional DDL.
INFO  [alembic.runtime.migration] Running upgrade  -> 1af632eb25cf, empty message
]]></system-err>
		</testcase>
		<testcase classname="test_resource_categorisations.CategorisationsResourceTestCase" name="test_categorisations_relationship_projects" time="0.092" timestamp="2024-04-12T15:57:32" file="tests/test_resource_categorisations.py" line="897">
			<error type="ProgrammingError" message="(psycopg2.errors.DuplicateObject) type &quot;project_country&quot; already exists

[SQL: CREATE TYPE project_country AS ENUM ('AFG', 'ALA', 'ALB', 'DZA', 'ASM', 'AND', 'AGO', 'AIA', 'ATA', 'ATG', 'ARG', 'ARM', 'ABW', 'AUS', 'AUT', 'AZE', 'BHS', 'BHR', 'BGD', 'BRB', 'BLR', 'BEL', 'BLZ', 'BEN', 'BMU', 'BTN', 'BOL', 'BES', 'BIH', 'BWA', 'BVT', 'BRA', 'IOT', 'BRN', 'BGR', 'BFA', 'BDI', 'KHM', 'CMR', 'CAN', 'CPV', 'CYM', 'CAF', 'TCD', 'CHL', 'CHN', 'CXR', 'CCK', 'COL', 'COM', 'COG', 'COD', 'COK', 'CRI', 'CIV', 'HRV', 'CUB', 'CUW', 'CYP', 'CZE', 'DNK', 'DJI', 'DMA', 'DOM', 'ECU', 'EGY', 'SLV', 'GNQ', 'ERI', 'EST', 'ETH', 'FLK', 'FRO', 'FJI', 'FIN', 'FRA', 'GUF', 'PYF', 'ATF', 'GAB', 'GMB', 'GEO', 'DEU', 'GHA', 'GIB', 'GRC', 'GRL', 'GRD', 'GLP', 'GUM', 'GTM', 'GGY', 'GIN', 'GNB', 'GUY', 'HTI', 'HMD', 'VAT', 'HND', 'HKG', 'HUN', 'ISL', 'IND', 'IDN', 'IRN', 'IRQ', 'IRL', 'IMN', 'ISR', 'ITA', 'JAM', 'JPN', 'JEY', 'JOR', 'KAZ', 'KEN', 'KIR', 'PRK', 'KOR', 'XKX', 'KWT', 'KGZ', 'LAO', 'LVA', 'LBN', 'LSO', 'LBR', 'LBY', 'LIE', 'LTU', 'LUX', 'MAC', 'MKD', 'MDG', 'MWI', 'MYS', 'MDV', 'MLI', 'MLT', 'MHL', 'MTQ', 'MRT', 'MUS', 'MYT', 'MEX', 'FSM', 'MDA', 'MCO', 'MNG', 'MNE', 'MSR', 'MAR', 'MOZ', 'MMR', 'NAM', 'NRU', 'NPL', 'NLD', 'NCL', 'NZL', 'NIC', 'NER', 'NGA', 'NIU', 'NFK', 'MNP', 'NOR', 'OMN', 'PAK', 'PLW', 'PSE', 'PAN', 'PNG', 'PRY', 'PER', 'PHL', 'PCN', 'POL', 'PRT', 'PRI', 'QAT', 'REU', 'ROU', 'RUS', 'RWA', 'BLM', 'SHN', 'KNA', 'LCA', 'MAF', 'SPM', 'VCT', 'WSM', 'SMR', 'STP', 'SAU', 'SEN', 'SRB', 'SYC', 'SLE', 'SGP', 'SXM', 'SVK', 'SVN', 'SLB', 'SOM', 'ZAF', 'SGS', 'SSD', 'ESP', 'LKA', 'SDN', 'SUR', 'SJM', 'SWZ', 'SWE', 'CHE', 'SYR', 'TWN', 'TJK', 'TZA', 'THA', 'TLS', 'TGO', 'TKL', 'TON', 'TTO', 'TUN', 'TUR', 'TKM', 'TCA', 'TUV', 'UGA', 'UKR', 'ARE', 'GBR', 'USA', 'UMI', 'URY', 'UZB', 'VUT', 'VEN', 'VNM', 'VGB', 'VIR', 'WLF', 'ESH', 'YEM', 'ZMB', 'ZWE')]
(Background on this error at: https://sqlalche.me/e/20/f405)"><![CDATA[Traceback (most recent call last):
  File "/usr/src/app/.venv/lib/python3.9/site-packages/sqlalchemy/engine/base.py", line 1971, in _exec_single_context
    self.dialect.do_execute(
  File "/usr/src/app/.venv/lib/python3.9/site-packages/sqlalchemy/engine/default.py", line 919, in do_execute
    cursor.execute(statement, parameters)
psycopg2.errors.DuplicateObject: type "project_country" already exists


The above exception was the direct cause of the following exception:

Traceback (most recent call last):
  File "/usr/src/app/tests/base_test.py", line 64, in setUp
    upgrade()
  File "/usr/src/app/.venv/lib/python3.9/site-packages/flask_migrate/__init__.py", line 111, in wrapped
    f(*args, **kwargs)
  File "/usr/src/app/.venv/lib/python3.9/site-packages/flask_migrate/__init__.py", line 200, in upgrade
    command.upgrade(config, revision, sql=sql, tag=tag)
  File "/usr/src/app/.venv/lib/python3.9/site-packages/alembic/command.py", line 403, in upgrade
    script.run_env()
  File "/usr/src/app/.venv/lib/python3.9/site-packages/alembic/script/base.py", line 583, in run_env
    util.load_python_file(self.dir, "env.py")
  File "/usr/src/app/.venv/lib/python3.9/site-packages/alembic/util/pyfiles.py", line 95, in load_python_file
    module = load_module_py(module_id, path)
  File "/usr/src/app/.venv/lib/python3.9/site-packages/alembic/util/pyfiles.py", line 113, in load_module_py
    spec.loader.exec_module(module)  # type: ignore
  File "<frozen importlib._bootstrap_external>", line 850, in exec_module
  File "<frozen importlib._bootstrap>", line 228, in _call_with_frames_removed
  File "migrations/env.py", line 113, in <module>
    run_migrations_online()
  File "migrations/env.py", line 107, in run_migrations_online
    context.run_migrations()
  File "<string>", line 8, in run_migrations
  File "/usr/src/app/.venv/lib/python3.9/site-packages/alembic/runtime/environment.py", line 948, in run_migrations
    self.get_context().run_migrations(**kw)
  File "/usr/src/app/.venv/lib/python3.9/site-packages/alembic/runtime/migration.py", line 627, in run_migrations
    step.migration_fn(**kw)
  File "/usr/src/app/migrations/versions/1af632eb25cf_.py", line 65, in upgrade
    op.create_table('projects',
  File "<string>", line 8, in create_table
  File "<string>", line 3, in create_table
  File "/usr/src/app/.venv/lib/python3.9/site-packages/alembic/operations/ops.py", line 1311, in create_table
    return operations.invoke(op)
  File "/usr/src/app/.venv/lib/python3.9/site-packages/alembic/operations/base.py", line 445, in invoke
    return fn(self, operation)
  File "/usr/src/app/.venv/lib/python3.9/site-packages/alembic/operations/toimpl.py", line 131, in create_table
    operations.impl.create_table(table)
  File "/usr/src/app/.venv/lib/python3.9/site-packages/alembic/ddl/impl.py", line 363, in create_table
    table.dispatch.before_create(
  File "/usr/src/app/.venv/lib/python3.9/site-packages/sqlalchemy/event/attr.py", line 497, in __call__
    fn(*args, **kw)
  File "/usr/src/app/.venv/lib/python3.9/site-packages/sqlalchemy/util/langhelpers.py", line 852, in __call__
    return getattr(self.target, self.name)(*arg, **kw)
  File "/usr/src/app/.venv/lib/python3.9/site-packages/sqlalchemy/sql/sqltypes.py", line 1120, in _on_table_create
    t._on_table_create(target, bind, **kw)
  File "/usr/src/app/.venv/lib/python3.9/site-packages/sqlalchemy/dialects/postgresql/named_types.py", line 98, in _on_table_create
    self.create(bind=bind, checkfirst=checkfirst)
  File "/usr/src/app/.venv/lib/python3.9/site-packages/sqlalchemy/dialects/postgresql/named_types.py", line 338, in create
    super().create(bind, checkfirst=checkfirst)
  File "/usr/src/app/.venv/lib/python3.9/site-packages/sqlalchemy/dialects/postgresql/named_types.py", line 51, in create
    bind._run_ddl_visitor(self.DDLGenerator, self, checkfirst=checkfirst)
  File "/usr/src/app/.venv/lib/python3.9/site-packages/sqlalchemy/engine/base.py", line 2461, in _run_ddl_visitor
    visitorcallable(self.dialect, self, **kwargs).traverse_single(element)
  File "/usr/src/app/.venv/lib/python3.9/site-packages/sqlalchemy/sql/visitors.py", line 664, in traverse_single
    return meth(obj, **kw)
  File "/usr/src/app/.venv/lib/python3.9/site-packages/sqlalchemy/dialects/postgresql/named_types.py", line 153, in visit_enum
    self.connection.execute(CreateEnumType(enum))
  File "/usr/src/app/.venv/lib/python3.9/site-packages/sqlalchemy/engine/base.py", line 1422, in execute
    return meth(
  File "/usr/src/app/.venv/lib/python3.9/site-packages/sqlalchemy/sql/ddl.py", line 180, in _execute_on_connection
    return connection._execute_ddl(
  File "/usr/src/app/.venv/lib/python3.9/site-packages/sqlalchemy/engine/base.py", line 1533, in _execute_ddl
    ret = self._execute_context(
  File "/usr/src/app/.venv/lib/python3.9/site-packages/sqlalchemy/engine/base.py", line 1850, in _execute_context
    return self._exec_single_context(
  File "/usr/src/app/.venv/lib/python3.9/site-packages/sqlalchemy/engine/base.py", line 1990, in _exec_single_context
    self._handle_dbapi_exception(
  File "/usr/src/app/.venv/lib/python3.9/site-packages/sqlalchemy/engine/base.py", line 2357, in _handle_dbapi_exception
    raise sqlalchemy_exception.with_traceback(exc_info[2]) from e
  File "/usr/src/app/.venv/lib/python3.9/site-packages/sqlalchemy/engine/base.py", line 1971, in _exec_single_context
    self.dialect.do_execute(
  File "/usr/src/app/.venv/lib/python3.9/site-packages/sqlalchemy/engine/default.py", line 919, in do_execute
    cursor.execute(statement, parameters)
sqlalchemy.exc.ProgrammingError: (psycopg2.errors.DuplicateObject) type "project_country" already exists

[SQL: CREATE TYPE project_country AS ENUM ('AFG', 'ALA', 'ALB', 'DZA', 'ASM', 'AND', 'AGO', 'AIA', 'ATA', 'ATG', 'ARG', 'ARM', 'ABW', 'AUS', 'AUT', 'AZE', 'BHS', 'BHR', 'BGD', 'BRB', 'BLR', 'BEL', 'BLZ', 'BEN', 'BMU', 'BTN', 'BOL', 'BES', 'BIH', 'BWA', 'BVT', 'BRA', 'IOT', 'BRN', 'BGR', 'BFA', 'BDI', 'KHM', 'CMR', 'CAN', 'CPV', 'CYM', 'CAF', 'TCD', 'CHL', 'CHN', 'CXR', 'CCK', 'COL', 'COM', 'COG', 'COD', 'COK', 'CRI', 'CIV', 'HRV', 'CUB', 'CUW', 'CYP', 'CZE', 'DNK', 'DJI', 'DMA', 'DOM', 'ECU', 'EGY', 'SLV', 'GNQ', 'ERI', 'EST', 'ETH', 'FLK', 'FRO', 'FJI', 'FIN', 'FRA', 'GUF', 'PYF', 'ATF', 'GAB', 'GMB', 'GEO', 'DEU', 'GHA', 'GIB', 'GRC', 'GRL', 'GRD', 'GLP', 'GUM', 'GTM', 'GGY', 'GIN', 'GNB', 'GUY', 'HTI', 'HMD', 'VAT', 'HND', 'HKG', 'HUN', 'ISL', 'IND', 'IDN', 'IRN', 'IRQ', 'IRL', 'IMN', 'ISR', 'ITA', 'JAM', 'JPN', 'JEY', 'JOR', 'KAZ', 'KEN', 'KIR', 'PRK', 'KOR', 'XKX', 'KWT', 'KGZ', 'LAO', 'LVA', 'LBN', 'LSO', 'LBR', 'LBY', 'LIE', 'LTU', 'LUX', 'MAC', 'MKD', 'MDG', 'MWI', 'MYS', 'MDV', 'MLI', 'MLT', 'MHL', 'MTQ', 'MRT', 'MUS', 'MYT', 'MEX', 'FSM', 'MDA', 'MCO', 'MNG', 'MNE', 'MSR', 'MAR', 'MOZ', 'MMR', 'NAM', 'NRU', 'NPL', 'NLD', 'NCL', 'NZL', 'NIC', 'NER', 'NGA', 'NIU', 'NFK', 'MNP', 'NOR', 'OMN', 'PAK', 'PLW', 'PSE', 'PAN', 'PNG', 'PRY', 'PER', 'PHL', 'PCN', 'POL', 'PRT', 'PRI', 'QAT', 'REU', 'ROU', 'RUS', 'RWA', 'BLM', 'SHN', 'KNA', 'LCA', 'MAF', 'SPM', 'VCT', 'WSM', 'SMR', 'STP', 'SAU', 'SEN', 'SRB', 'SYC', 'SLE', 'SGP', 'SXM', 'SVK', 'SVN', 'SLB', 'SOM', 'ZAF', 'SGS', 'SSD', 'ESP', 'LKA', 'SDN', 'SUR', 'SJM', 'SWZ', 'SWE', 'CHE', 'SYR', 'TWN', 'TJK', 'TZA', 'THA', 'TLS', 'TGO', 'TKL', 'TON', 'TTO', 'TUN', 'TUR', 'TKM', 'TCA', 'TUV', 'UGA', 'UKR', 'ARE', 'GBR', 'USA', 'UMI', 'URY', 'UZB', 'VUT', 'VEN', 'VNM', 'VGB', 'VIR', 'WLF', 'ESH', 'YEM', 'ZMB', 'ZWE')]
(Background on this error at: https://sqlalche.me/e/20/f405)
]]></error>
			<system-err><![CDATA[INFO  [alembic.runtime.migration] Context impl PostgresqlImpl.
INFO  [alembic.runtime.migration] Will assume transactional DDL.
INFO  [alembic.runtime.migration] Running upgrade  -> 1af632eb25cf, empty message
]]></system-err>
		</testcase>
		<testcase classname="test_resource_categorisations.CategorisationsResourceTestCase" name="test_categorisations_single_missing_unknown_id" time="0.079" timestamp="2024-04-12T15:57:32" file="tests/test_resource_categorisations.py" line="880">
			<error type="ProgrammingError" message="(psycopg2.errors.DuplicateObject) type &quot;project_country&quot; already exists

[SQL: CREATE TYPE project_country AS ENUM ('AFG', 'ALA', 'ALB', 'DZA', 'ASM', 'AND', 'AGO', 'AIA', 'ATA', 'ATG', 'ARG', 'ARM', 'ABW', 'AUS', 'AUT', 'AZE', 'BHS', 'BHR', 'BGD', 'BRB', 'BLR', 'BEL', 'BLZ', 'BEN', 'BMU', 'BTN', 'BOL', 'BES', 'BIH', 'BWA', 'BVT', 'BRA', 'IOT', 'BRN', 'BGR', 'BFA', 'BDI', 'KHM', 'CMR', 'CAN', 'CPV', 'CYM', 'CAF', 'TCD', 'CHL', 'CHN', 'CXR', 'CCK', 'COL', 'COM', 'COG', 'COD', 'COK', 'CRI', 'CIV', 'HRV', 'CUB', 'CUW', 'CYP', 'CZE', 'DNK', 'DJI', 'DMA', 'DOM', 'ECU', 'EGY', 'SLV', 'GNQ', 'ERI', 'EST', 'ETH', 'FLK', 'FRO', 'FJI', 'FIN', 'FRA', 'GUF', 'PYF', 'ATF', 'GAB', 'GMB', 'GEO', 'DEU', 'GHA', 'GIB', 'GRC', 'GRL', 'GRD', 'GLP', 'GUM', 'GTM', 'GGY', 'GIN', 'GNB', 'GUY', 'HTI', 'HMD', 'VAT', 'HND', 'HKG', 'HUN', 'ISL', 'IND', 'IDN', 'IRN', 'IRQ', 'IRL', 'IMN', 'ISR', 'ITA', 'JAM', 'JPN', 'JEY', 'JOR', 'KAZ', 'KEN', 'KIR', 'PRK', 'KOR', 'XKX', 'KWT', 'KGZ', 'LAO', 'LVA', 'LBN', 'LSO', 'LBR', 'LBY', 'LIE', 'LTU', 'LUX', 'MAC', 'MKD', 'MDG', 'MWI', 'MYS', 'MDV', 'MLI', 'MLT', 'MHL', 'MTQ', 'MRT', 'MUS', 'MYT', 'MEX', 'FSM', 'MDA', 'MCO', 'MNG', 'MNE', 'MSR', 'MAR', 'MOZ', 'MMR', 'NAM', 'NRU', 'NPL', 'NLD', 'NCL', 'NZL', 'NIC', 'NER', 'NGA', 'NIU', 'NFK', 'MNP', 'NOR', 'OMN', 'PAK', 'PLW', 'PSE', 'PAN', 'PNG', 'PRY', 'PER', 'PHL', 'PCN', 'POL', 'PRT', 'PRI', 'QAT', 'REU', 'ROU', 'RUS', 'RWA', 'BLM', 'SHN', 'KNA', 'LCA', 'MAF', 'SPM', 'VCT', 'WSM', 'SMR', 'STP', 'SAU', 'SEN', 'SRB', 'SYC', 'SLE', 'SGP', 'SXM', 'SVK', 'SVN', 'SLB', 'SOM', 'ZAF', 'SGS', 'SSD', 'ESP', 'LKA', 'SDN', 'SUR', 'SJM', 'SWZ', 'SWE', 'CHE', 'SYR', 'TWN', 'TJK', 'TZA', 'THA', 'TLS', 'TGO', 'TKL', 'TON', 'TTO', 'TUN', 'TUR', 'TKM', 'TCA', 'TUV', 'UGA', 'UKR', 'ARE', 'GBR', 'USA', 'UMI', 'URY', 'UZB', 'VUT', 'VEN', 'VNM', 'VGB', 'VIR', 'WLF', 'ESH', 'YEM', 'ZMB', 'ZWE')]
(Background on this error at: https://sqlalche.me/e/20/f405)"><![CDATA[Traceback (most recent call last):
  File "/usr/src/app/.venv/lib/python3.9/site-packages/sqlalchemy/engine/base.py", line 1971, in _exec_single_context
    self.dialect.do_execute(
  File "/usr/src/app/.venv/lib/python3.9/site-packages/sqlalchemy/engine/default.py", line 919, in do_execute
    cursor.execute(statement, parameters)
psycopg2.errors.DuplicateObject: type "project_country" already exists


The above exception was the direct cause of the following exception:

Traceback (most recent call last):
  File "/usr/src/app/tests/base_test.py", line 64, in setUp
    upgrade()
  File "/usr/src/app/.venv/lib/python3.9/site-packages/flask_migrate/__init__.py", line 111, in wrapped
    f(*args, **kwargs)
  File "/usr/src/app/.venv/lib/python3.9/site-packages/flask_migrate/__init__.py", line 200, in upgrade
    command.upgrade(config, revision, sql=sql, tag=tag)
  File "/usr/src/app/.venv/lib/python3.9/site-packages/alembic/command.py", line 403, in upgrade
    script.run_env()
  File "/usr/src/app/.venv/lib/python3.9/site-packages/alembic/script/base.py", line 583, in run_env
    util.load_python_file(self.dir, "env.py")
  File "/usr/src/app/.venv/lib/python3.9/site-packages/alembic/util/pyfiles.py", line 95, in load_python_file
    module = load_module_py(module_id, path)
  File "/usr/src/app/.venv/lib/python3.9/site-packages/alembic/util/pyfiles.py", line 113, in load_module_py
    spec.loader.exec_module(module)  # type: ignore
  File "<frozen importlib._bootstrap_external>", line 850, in exec_module
  File "<frozen importlib._bootstrap>", line 228, in _call_with_frames_removed
  File "migrations/env.py", line 113, in <module>
    run_migrations_online()
  File "migrations/env.py", line 107, in run_migrations_online
    context.run_migrations()
  File "<string>", line 8, in run_migrations
  File "/usr/src/app/.venv/lib/python3.9/site-packages/alembic/runtime/environment.py", line 948, in run_migrations
    self.get_context().run_migrations(**kw)
  File "/usr/src/app/.venv/lib/python3.9/site-packages/alembic/runtime/migration.py", line 627, in run_migrations
    step.migration_fn(**kw)
  File "/usr/src/app/migrations/versions/1af632eb25cf_.py", line 65, in upgrade
    op.create_table('projects',
  File "<string>", line 8, in create_table
  File "<string>", line 3, in create_table
  File "/usr/src/app/.venv/lib/python3.9/site-packages/alembic/operations/ops.py", line 1311, in create_table
    return operations.invoke(op)
  File "/usr/src/app/.venv/lib/python3.9/site-packages/alembic/operations/base.py", line 445, in invoke
    return fn(self, operation)
  File "/usr/src/app/.venv/lib/python3.9/site-packages/alembic/operations/toimpl.py", line 131, in create_table
    operations.impl.create_table(table)
  File "/usr/src/app/.venv/lib/python3.9/site-packages/alembic/ddl/impl.py", line 363, in create_table
    table.dispatch.before_create(
  File "/usr/src/app/.venv/lib/python3.9/site-packages/sqlalchemy/event/attr.py", line 497, in __call__
    fn(*args, **kw)
  File "/usr/src/app/.venv/lib/python3.9/site-packages/sqlalchemy/util/langhelpers.py", line 852, in __call__
    return getattr(self.target, self.name)(*arg, **kw)
  File "/usr/src/app/.venv/lib/python3.9/site-packages/sqlalchemy/sql/sqltypes.py", line 1120, in _on_table_create
    t._on_table_create(target, bind, **kw)
  File "/usr/src/app/.venv/lib/python3.9/site-packages/sqlalchemy/dialects/postgresql/named_types.py", line 98, in _on_table_create
    self.create(bind=bind, checkfirst=checkfirst)
  File "/usr/src/app/.venv/lib/python3.9/site-packages/sqlalchemy/dialects/postgresql/named_types.py", line 338, in create
    super().create(bind, checkfirst=checkfirst)
  File "/usr/src/app/.venv/lib/python3.9/site-packages/sqlalchemy/dialects/postgresql/named_types.py", line 51, in create
    bind._run_ddl_visitor(self.DDLGenerator, self, checkfirst=checkfirst)
  File "/usr/src/app/.venv/lib/python3.9/site-packages/sqlalchemy/engine/base.py", line 2461, in _run_ddl_visitor
    visitorcallable(self.dialect, self, **kwargs).traverse_single(element)
  File "/usr/src/app/.venv/lib/python3.9/site-packages/sqlalchemy/sql/visitors.py", line 664, in traverse_single
    return meth(obj, **kw)
  File "/usr/src/app/.venv/lib/python3.9/site-packages/sqlalchemy/dialects/postgresql/named_types.py", line 153, in visit_enum
    self.connection.execute(CreateEnumType(enum))
  File "/usr/src/app/.venv/lib/python3.9/site-packages/sqlalchemy/engine/base.py", line 1422, in execute
    return meth(
  File "/usr/src/app/.venv/lib/python3.9/site-packages/sqlalchemy/sql/ddl.py", line 180, in _execute_on_connection
    return connection._execute_ddl(
  File "/usr/src/app/.venv/lib/python3.9/site-packages/sqlalchemy/engine/base.py", line 1533, in _execute_ddl
    ret = self._execute_context(
  File "/usr/src/app/.venv/lib/python3.9/site-packages/sqlalchemy/engine/base.py", line 1850, in _execute_context
    return self._exec_single_context(
  File "/usr/src/app/.venv/lib/python3.9/site-packages/sqlalchemy/engine/base.py", line 1990, in _exec_single_context
    self._handle_dbapi_exception(
  File "/usr/src/app/.venv/lib/python3.9/site-packages/sqlalchemy/engine/base.py", line 2357, in _handle_dbapi_exception
    raise sqlalchemy_exception.with_traceback(exc_info[2]) from e
  File "/usr/src/app/.venv/lib/python3.9/site-packages/sqlalchemy/engine/base.py", line 1971, in _exec_single_context
    self.dialect.do_execute(
  File "/usr/src/app/.venv/lib/python3.9/site-packages/sqlalchemy/engine/default.py", line 919, in do_execute
    cursor.execute(statement, parameters)
sqlalchemy.exc.ProgrammingError: (psycopg2.errors.DuplicateObject) type "project_country" already exists

[SQL: CREATE TYPE project_country AS ENUM ('AFG', 'ALA', 'ALB', 'DZA', 'ASM', 'AND', 'AGO', 'AIA', 'ATA', 'ATG', 'ARG', 'ARM', 'ABW', 'AUS', 'AUT', 'AZE', 'BHS', 'BHR', 'BGD', 'BRB', 'BLR', 'BEL', 'BLZ', 'BEN', 'BMU', 'BTN', 'BOL', 'BES', 'BIH', 'BWA', 'BVT', 'BRA', 'IOT', 'BRN', 'BGR', 'BFA', 'BDI', 'KHM', 'CMR', 'CAN', 'CPV', 'CYM', 'CAF', 'TCD', 'CHL', 'CHN', 'CXR', 'CCK', 'COL', 'COM', 'COG', 'COD', 'COK', 'CRI', 'CIV', 'HRV', 'CUB', 'CUW', 'CYP', 'CZE', 'DNK', 'DJI', 'DMA', 'DOM', 'ECU', 'EGY', 'SLV', 'GNQ', 'ERI', 'EST', 'ETH', 'FLK', 'FRO', 'FJI', 'FIN', 'FRA', 'GUF', 'PYF', 'ATF', 'GAB', 'GMB', 'GEO', 'DEU', 'GHA', 'GIB', 'GRC', 'GRL', 'GRD', 'GLP', 'GUM', 'GTM', 'GGY', 'GIN', 'GNB', 'GUY', 'HTI', 'HMD', 'VAT', 'HND', 'HKG', 'HUN', 'ISL', 'IND', 'IDN', 'IRN', 'IRQ', 'IRL', 'IMN', 'ISR', 'ITA', 'JAM', 'JPN', 'JEY', 'JOR', 'KAZ', 'KEN', 'KIR', 'PRK', 'KOR', 'XKX', 'KWT', 'KGZ', 'LAO', 'LVA', 'LBN', 'LSO', 'LBR', 'LBY', 'LIE', 'LTU', 'LUX', 'MAC', 'MKD', 'MDG', 'MWI', 'MYS', 'MDV', 'MLI', 'MLT', 'MHL', 'MTQ', 'MRT', 'MUS', 'MYT', 'MEX', 'FSM', 'MDA', 'MCO', 'MNG', 'MNE', 'MSR', 'MAR', 'MOZ', 'MMR', 'NAM', 'NRU', 'NPL', 'NLD', 'NCL', 'NZL', 'NIC', 'NER', 'NGA', 'NIU', 'NFK', 'MNP', 'NOR', 'OMN', 'PAK', 'PLW', 'PSE', 'PAN', 'PNG', 'PRY', 'PER', 'PHL', 'PCN', 'POL', 'PRT', 'PRI', 'QAT', 'REU', 'ROU', 'RUS', 'RWA', 'BLM', 'SHN', 'KNA', 'LCA', 'MAF', 'SPM', 'VCT', 'WSM', 'SMR', 'STP', 'SAU', 'SEN', 'SRB', 'SYC', 'SLE', 'SGP', 'SXM', 'SVK', 'SVN', 'SLB', 'SOM', 'ZAF', 'SGS', 'SSD', 'ESP', 'LKA', 'SDN', 'SUR', 'SJM', 'SWZ', 'SWE', 'CHE', 'SYR', 'TWN', 'TJK', 'TZA', 'THA', 'TLS', 'TGO', 'TKL', 'TON', 'TTO', 'TUN', 'TUR', 'TKM', 'TCA', 'TUV', 'UGA', 'UKR', 'ARE', 'GBR', 'USA', 'UMI', 'URY', 'UZB', 'VUT', 'VEN', 'VNM', 'VGB', 'VIR', 'WLF', 'ESH', 'YEM', 'ZMB', 'ZWE')]
(Background on this error at: https://sqlalche.me/e/20/f405)
]]></error>
			<system-err><![CDATA[INFO  [alembic.runtime.migration] Context impl PostgresqlImpl.
INFO  [alembic.runtime.migration] Will assume transactional DDL.
INFO  [alembic.runtime.migration] Running upgrade  -> 1af632eb25cf, empty message
]]></system-err>
		</testcase>
	</testsuite>
	<testsuite name="test_resource_category_schemes.CategorySchemesResourceTestCase-20240412155730" tests="5" file="test_resource_category_schemes.py" time="0.553" timestamp="2024-04-12T15:57:32" failures="0" errors="5" skipped="0">
		<testcase classname="test_resource_category_schemes.CategorySchemesResourceTestCase" name="test_category_scheme_category_terms" time="0.148" timestamp="2024-04-12T15:57:32" file="tests/test_resource_category_schemes.py" line="1118">
			<error type="ProgrammingError" message="(psycopg2.errors.DuplicateObject) type &quot;project_country&quot; already exists

[SQL: CREATE TYPE project_country AS ENUM ('AFG', 'ALA', 'ALB', 'DZA', 'ASM', 'AND', 'AGO', 'AIA', 'ATA', 'ATG', 'ARG', 'ARM', 'ABW', 'AUS', 'AUT', 'AZE', 'BHS', 'BHR', 'BGD', 'BRB', 'BLR', 'BEL', 'BLZ', 'BEN', 'BMU', 'BTN', 'BOL', 'BES', 'BIH', 'BWA', 'BVT', 'BRA', 'IOT', 'BRN', 'BGR', 'BFA', 'BDI', 'KHM', 'CMR', 'CAN', 'CPV', 'CYM', 'CAF', 'TCD', 'CHL', 'CHN', 'CXR', 'CCK', 'COL', 'COM', 'COG', 'COD', 'COK', 'CRI', 'CIV', 'HRV', 'CUB', 'CUW', 'CYP', 'CZE', 'DNK', 'DJI', 'DMA', 'DOM', 'ECU', 'EGY', 'SLV', 'GNQ', 'ERI', 'EST', 'ETH', 'FLK', 'FRO', 'FJI', 'FIN', 'FRA', 'GUF', 'PYF', 'ATF', 'GAB', 'GMB', 'GEO', 'DEU', 'GHA', 'GIB', 'GRC', 'GRL', 'GRD', 'GLP', 'GUM', 'GTM', 'GGY', 'GIN', 'GNB', 'GUY', 'HTI', 'HMD', 'VAT', 'HND', 'HKG', 'HUN', 'ISL', 'IND', 'IDN', 'IRN', 'IRQ', 'IRL', 'IMN', 'ISR', 'ITA', 'JAM', 'JPN', 'JEY', 'JOR', 'KAZ', 'KEN', 'KIR', 'PRK', 'KOR', 'XKX', 'KWT', 'KGZ', 'LAO', 'LVA', 'LBN', 'LSO', 'LBR', 'LBY', 'LIE', 'LTU', 'LUX', 'MAC', 'MKD', 'MDG', 'MWI', 'MYS', 'MDV', 'MLI', 'MLT', 'MHL', 'MTQ', 'MRT', 'MUS', 'MYT', 'MEX', 'FSM', 'MDA', 'MCO', 'MNG', 'MNE', 'MSR', 'MAR', 'MOZ', 'MMR', 'NAM', 'NRU', 'NPL', 'NLD', 'NCL', 'NZL', 'NIC', 'NER', 'NGA', 'NIU', 'NFK', 'MNP', 'NOR', 'OMN', 'PAK', 'PLW', 'PSE', 'PAN', 'PNG', 'PRY', 'PER', 'PHL', 'PCN', 'POL', 'PRT', 'PRI', 'QAT', 'REU', 'ROU', 'RUS', 'RWA', 'BLM', 'SHN', 'KNA', 'LCA', 'MAF', 'SPM', 'VCT', 'WSM', 'SMR', 'STP', 'SAU', 'SEN', 'SRB', 'SYC', 'SLE', 'SGP', 'SXM', 'SVK', 'SVN', 'SLB', 'SOM', 'ZAF', 'SGS', 'SSD', 'ESP', 'LKA', 'SDN', 'SUR', 'SJM', 'SWZ', 'SWE', 'CHE', 'SYR', 'TWN', 'TJK', 'TZA', 'THA', 'TLS', 'TGO', 'TKL', 'TON', 'TTO', 'TUN', 'TUR', 'TKM', 'TCA', 'TUV', 'UGA', 'UKR', 'ARE', 'GBR', 'USA', 'UMI', 'URY', 'UZB', 'VUT', 'VEN', 'VNM', 'VGB', 'VIR', 'WLF', 'ESH', 'YEM', 'ZMB', 'ZWE')]
(Background on this error at: https://sqlalche.me/e/20/f405)"><![CDATA[Traceback (most recent call last):
  File "/usr/src/app/.venv/lib/python3.9/site-packages/sqlalchemy/engine/base.py", line 1971, in _exec_single_context
    self.dialect.do_execute(
  File "/usr/src/app/.venv/lib/python3.9/site-packages/sqlalchemy/engine/default.py", line 919, in do_execute
    cursor.execute(statement, parameters)
psycopg2.errors.DuplicateObject: type "project_country" already exists


The above exception was the direct cause of the following exception:

Traceback (most recent call last):
  File "/usr/src/app/tests/base_test.py", line 64, in setUp
    upgrade()
  File "/usr/src/app/.venv/lib/python3.9/site-packages/flask_migrate/__init__.py", line 111, in wrapped
    f(*args, **kwargs)
  File "/usr/src/app/.venv/lib/python3.9/site-packages/flask_migrate/__init__.py", line 200, in upgrade
    command.upgrade(config, revision, sql=sql, tag=tag)
  File "/usr/src/app/.venv/lib/python3.9/site-packages/alembic/command.py", line 403, in upgrade
    script.run_env()
  File "/usr/src/app/.venv/lib/python3.9/site-packages/alembic/script/base.py", line 583, in run_env
    util.load_python_file(self.dir, "env.py")
  File "/usr/src/app/.venv/lib/python3.9/site-packages/alembic/util/pyfiles.py", line 95, in load_python_file
    module = load_module_py(module_id, path)
  File "/usr/src/app/.venv/lib/python3.9/site-packages/alembic/util/pyfiles.py", line 113, in load_module_py
    spec.loader.exec_module(module)  # type: ignore
  File "<frozen importlib._bootstrap_external>", line 850, in exec_module
  File "<frozen importlib._bootstrap>", line 228, in _call_with_frames_removed
  File "migrations/env.py", line 113, in <module>
    run_migrations_online()
  File "migrations/env.py", line 107, in run_migrations_online
    context.run_migrations()
  File "<string>", line 8, in run_migrations
  File "/usr/src/app/.venv/lib/python3.9/site-packages/alembic/runtime/environment.py", line 948, in run_migrations
    self.get_context().run_migrations(**kw)
  File "/usr/src/app/.venv/lib/python3.9/site-packages/alembic/runtime/migration.py", line 627, in run_migrations
    step.migration_fn(**kw)
  File "/usr/src/app/migrations/versions/1af632eb25cf_.py", line 65, in upgrade
    op.create_table('projects',
  File "<string>", line 8, in create_table
  File "<string>", line 3, in create_table
  File "/usr/src/app/.venv/lib/python3.9/site-packages/alembic/operations/ops.py", line 1311, in create_table
    return operations.invoke(op)
  File "/usr/src/app/.venv/lib/python3.9/site-packages/alembic/operations/base.py", line 445, in invoke
    return fn(self, operation)
  File "/usr/src/app/.venv/lib/python3.9/site-packages/alembic/operations/toimpl.py", line 131, in create_table
    operations.impl.create_table(table)
  File "/usr/src/app/.venv/lib/python3.9/site-packages/alembic/ddl/impl.py", line 363, in create_table
    table.dispatch.before_create(
  File "/usr/src/app/.venv/lib/python3.9/site-packages/sqlalchemy/event/attr.py", line 497, in __call__
    fn(*args, **kw)
  File "/usr/src/app/.venv/lib/python3.9/site-packages/sqlalchemy/util/langhelpers.py", line 852, in __call__
    return getattr(self.target, self.name)(*arg, **kw)
  File "/usr/src/app/.venv/lib/python3.9/site-packages/sqlalchemy/sql/sqltypes.py", line 1120, in _on_table_create
    t._on_table_create(target, bind, **kw)
  File "/usr/src/app/.venv/lib/python3.9/site-packages/sqlalchemy/dialects/postgresql/named_types.py", line 98, in _on_table_create
    self.create(bind=bind, checkfirst=checkfirst)
  File "/usr/src/app/.venv/lib/python3.9/site-packages/sqlalchemy/dialects/postgresql/named_types.py", line 338, in create
    super().create(bind, checkfirst=checkfirst)
  File "/usr/src/app/.venv/lib/python3.9/site-packages/sqlalchemy/dialects/postgresql/named_types.py", line 51, in create
    bind._run_ddl_visitor(self.DDLGenerator, self, checkfirst=checkfirst)
  File "/usr/src/app/.venv/lib/python3.9/site-packages/sqlalchemy/engine/base.py", line 2461, in _run_ddl_visitor
    visitorcallable(self.dialect, self, **kwargs).traverse_single(element)
  File "/usr/src/app/.venv/lib/python3.9/site-packages/sqlalchemy/sql/visitors.py", line 664, in traverse_single
    return meth(obj, **kw)
  File "/usr/src/app/.venv/lib/python3.9/site-packages/sqlalchemy/dialects/postgresql/named_types.py", line 153, in visit_enum
    self.connection.execute(CreateEnumType(enum))
  File "/usr/src/app/.venv/lib/python3.9/site-packages/sqlalchemy/engine/base.py", line 1422, in execute
    return meth(
  File "/usr/src/app/.venv/lib/python3.9/site-packages/sqlalchemy/sql/ddl.py", line 180, in _execute_on_connection
    return connection._execute_ddl(
  File "/usr/src/app/.venv/lib/python3.9/site-packages/sqlalchemy/engine/base.py", line 1533, in _execute_ddl
    ret = self._execute_context(
  File "/usr/src/app/.venv/lib/python3.9/site-packages/sqlalchemy/engine/base.py", line 1850, in _execute_context
    return self._exec_single_context(
  File "/usr/src/app/.venv/lib/python3.9/site-packages/sqlalchemy/engine/base.py", line 1990, in _exec_single_context
    self._handle_dbapi_exception(
  File "/usr/src/app/.venv/lib/python3.9/site-packages/sqlalchemy/engine/base.py", line 2357, in _handle_dbapi_exception
    raise sqlalchemy_exception.with_traceback(exc_info[2]) from e
  File "/usr/src/app/.venv/lib/python3.9/site-packages/sqlalchemy/engine/base.py", line 1971, in _exec_single_context
    self.dialect.do_execute(
  File "/usr/src/app/.venv/lib/python3.9/site-packages/sqlalchemy/engine/default.py", line 919, in do_execute
    cursor.execute(statement, parameters)
sqlalchemy.exc.ProgrammingError: (psycopg2.errors.DuplicateObject) type "project_country" already exists

[SQL: CREATE TYPE project_country AS ENUM ('AFG', 'ALA', 'ALB', 'DZA', 'ASM', 'AND', 'AGO', 'AIA', 'ATA', 'ATG', 'ARG', 'ARM', 'ABW', 'AUS', 'AUT', 'AZE', 'BHS', 'BHR', 'BGD', 'BRB', 'BLR', 'BEL', 'BLZ', 'BEN', 'BMU', 'BTN', 'BOL', 'BES', 'BIH', 'BWA', 'BVT', 'BRA', 'IOT', 'BRN', 'BGR', 'BFA', 'BDI', 'KHM', 'CMR', 'CAN', 'CPV', 'CYM', 'CAF', 'TCD', 'CHL', 'CHN', 'CXR', 'CCK', 'COL', 'COM', 'COG', 'COD', 'COK', 'CRI', 'CIV', 'HRV', 'CUB', 'CUW', 'CYP', 'CZE', 'DNK', 'DJI', 'DMA', 'DOM', 'ECU', 'EGY', 'SLV', 'GNQ', 'ERI', 'EST', 'ETH', 'FLK', 'FRO', 'FJI', 'FIN', 'FRA', 'GUF', 'PYF', 'ATF', 'GAB', 'GMB', 'GEO', 'DEU', 'GHA', 'GIB', 'GRC', 'GRL', 'GRD', 'GLP', 'GUM', 'GTM', 'GGY', 'GIN', 'GNB', 'GUY', 'HTI', 'HMD', 'VAT', 'HND', 'HKG', 'HUN', 'ISL', 'IND', 'IDN', 'IRN', 'IRQ', 'IRL', 'IMN', 'ISR', 'ITA', 'JAM', 'JPN', 'JEY', 'JOR', 'KAZ', 'KEN', 'KIR', 'PRK', 'KOR', 'XKX', 'KWT', 'KGZ', 'LAO', 'LVA', 'LBN', 'LSO', 'LBR', 'LBY', 'LIE', 'LTU', 'LUX', 'MAC', 'MKD', 'MDG', 'MWI', 'MYS', 'MDV', 'MLI', 'MLT', 'MHL', 'MTQ', 'MRT', 'MUS', 'MYT', 'MEX', 'FSM', 'MDA', 'MCO', 'MNG', 'MNE', 'MSR', 'MAR', 'MOZ', 'MMR', 'NAM', 'NRU', 'NPL', 'NLD', 'NCL', 'NZL', 'NIC', 'NER', 'NGA', 'NIU', 'NFK', 'MNP', 'NOR', 'OMN', 'PAK', 'PLW', 'PSE', 'PAN', 'PNG', 'PRY', 'PER', 'PHL', 'PCN', 'POL', 'PRT', 'PRI', 'QAT', 'REU', 'ROU', 'RUS', 'RWA', 'BLM', 'SHN', 'KNA', 'LCA', 'MAF', 'SPM', 'VCT', 'WSM', 'SMR', 'STP', 'SAU', 'SEN', 'SRB', 'SYC', 'SLE', 'SGP', 'SXM', 'SVK', 'SVN', 'SLB', 'SOM', 'ZAF', 'SGS', 'SSD', 'ESP', 'LKA', 'SDN', 'SUR', 'SJM', 'SWZ', 'SWE', 'CHE', 'SYR', 'TWN', 'TJK', 'TZA', 'THA', 'TLS', 'TGO', 'TKL', 'TON', 'TTO', 'TUN', 'TUR', 'TKM', 'TCA', 'TUV', 'UGA', 'UKR', 'ARE', 'GBR', 'USA', 'UMI', 'URY', 'UZB', 'VUT', 'VEN', 'VNM', 'VGB', 'VIR', 'WLF', 'ESH', 'YEM', 'ZMB', 'ZWE')]
(Background on this error at: https://sqlalche.me/e/20/f405)
]]></error>
			<system-err><![CDATA[INFO  [alembic.runtime.migration] Context impl PostgresqlImpl.
INFO  [alembic.runtime.migration] Will assume transactional DDL.
INFO  [alembic.runtime.migration] Running upgrade  -> 1af632eb25cf, empty message
]]></system-err>
		</testcase>
		<testcase classname="test_resource_category_schemes.CategorySchemesResourceTestCase" name="test_category_scheme_detail" time="0.073" timestamp="2024-04-12T15:57:32" file="tests/test_resource_category_schemes.py" line="661">
			<error type="ProgrammingError" message="(psycopg2.errors.DuplicateObject) type &quot;project_country&quot; already exists

[SQL: CREATE TYPE project_country AS ENUM ('AFG', 'ALA', 'ALB', 'DZA', 'ASM', 'AND', 'AGO', 'AIA', 'ATA', 'ATG', 'ARG', 'ARM', 'ABW', 'AUS', 'AUT', 'AZE', 'BHS', 'BHR', 'BGD', 'BRB', 'BLR', 'BEL', 'BLZ', 'BEN', 'BMU', 'BTN', 'BOL', 'BES', 'BIH', 'BWA', 'BVT', 'BRA', 'IOT', 'BRN', 'BGR', 'BFA', 'BDI', 'KHM', 'CMR', 'CAN', 'CPV', 'CYM', 'CAF', 'TCD', 'CHL', 'CHN', 'CXR', 'CCK', 'COL', 'COM', 'COG', 'COD', 'COK', 'CRI', 'CIV', 'HRV', 'CUB', 'CUW', 'CYP', 'CZE', 'DNK', 'DJI', 'DMA', 'DOM', 'ECU', 'EGY', 'SLV', 'GNQ', 'ERI', 'EST', 'ETH', 'FLK', 'FRO', 'FJI', 'FIN', 'FRA', 'GUF', 'PYF', 'ATF', 'GAB', 'GMB', 'GEO', 'DEU', 'GHA', 'GIB', 'GRC', 'GRL', 'GRD', 'GLP', 'GUM', 'GTM', 'GGY', 'GIN', 'GNB', 'GUY', 'HTI', 'HMD', 'VAT', 'HND', 'HKG', 'HUN', 'ISL', 'IND', 'IDN', 'IRN', 'IRQ', 'IRL', 'IMN', 'ISR', 'ITA', 'JAM', 'JPN', 'JEY', 'JOR', 'KAZ', 'KEN', 'KIR', 'PRK', 'KOR', 'XKX', 'KWT', 'KGZ', 'LAO', 'LVA', 'LBN', 'LSO', 'LBR', 'LBY', 'LIE', 'LTU', 'LUX', 'MAC', 'MKD', 'MDG', 'MWI', 'MYS', 'MDV', 'MLI', 'MLT', 'MHL', 'MTQ', 'MRT', 'MUS', 'MYT', 'MEX', 'FSM', 'MDA', 'MCO', 'MNG', 'MNE', 'MSR', 'MAR', 'MOZ', 'MMR', 'NAM', 'NRU', 'NPL', 'NLD', 'NCL', 'NZL', 'NIC', 'NER', 'NGA', 'NIU', 'NFK', 'MNP', 'NOR', 'OMN', 'PAK', 'PLW', 'PSE', 'PAN', 'PNG', 'PRY', 'PER', 'PHL', 'PCN', 'POL', 'PRT', 'PRI', 'QAT', 'REU', 'ROU', 'RUS', 'RWA', 'BLM', 'SHN', 'KNA', 'LCA', 'MAF', 'SPM', 'VCT', 'WSM', 'SMR', 'STP', 'SAU', 'SEN', 'SRB', 'SYC', 'SLE', 'SGP', 'SXM', 'SVK', 'SVN', 'SLB', 'SOM', 'ZAF', 'SGS', 'SSD', 'ESP', 'LKA', 'SDN', 'SUR', 'SJM', 'SWZ', 'SWE', 'CHE', 'SYR', 'TWN', 'TJK', 'TZA', 'THA', 'TLS', 'TGO', 'TKL', 'TON', 'TTO', 'TUN', 'TUR', 'TKM', 'TCA', 'TUV', 'UGA', 'UKR', 'ARE', 'GBR', 'USA', 'UMI', 'URY', 'UZB', 'VUT', 'VEN', 'VNM', 'VGB', 'VIR', 'WLF', 'ESH', 'YEM', 'ZMB', 'ZWE')]
(Background on this error at: https://sqlalche.me/e/20/f405)"><![CDATA[Traceback (most recent call last):
  File "/usr/src/app/.venv/lib/python3.9/site-packages/sqlalchemy/engine/base.py", line 1971, in _exec_single_context
    self.dialect.do_execute(
  File "/usr/src/app/.venv/lib/python3.9/site-packages/sqlalchemy/engine/default.py", line 919, in do_execute
    cursor.execute(statement, parameters)
psycopg2.errors.DuplicateObject: type "project_country" already exists


The above exception was the direct cause of the following exception:

Traceback (most recent call last):
  File "/usr/src/app/tests/base_test.py", line 64, in setUp
    upgrade()
  File "/usr/src/app/.venv/lib/python3.9/site-packages/flask_migrate/__init__.py", line 111, in wrapped
    f(*args, **kwargs)
  File "/usr/src/app/.venv/lib/python3.9/site-packages/flask_migrate/__init__.py", line 200, in upgrade
    command.upgrade(config, revision, sql=sql, tag=tag)
  File "/usr/src/app/.venv/lib/python3.9/site-packages/alembic/command.py", line 403, in upgrade
    script.run_env()
  File "/usr/src/app/.venv/lib/python3.9/site-packages/alembic/script/base.py", line 583, in run_env
    util.load_python_file(self.dir, "env.py")
  File "/usr/src/app/.venv/lib/python3.9/site-packages/alembic/util/pyfiles.py", line 95, in load_python_file
    module = load_module_py(module_id, path)
  File "/usr/src/app/.venv/lib/python3.9/site-packages/alembic/util/pyfiles.py", line 113, in load_module_py
    spec.loader.exec_module(module)  # type: ignore
  File "<frozen importlib._bootstrap_external>", line 850, in exec_module
  File "<frozen importlib._bootstrap>", line 228, in _call_with_frames_removed
  File "migrations/env.py", line 113, in <module>
    run_migrations_online()
  File "migrations/env.py", line 107, in run_migrations_online
    context.run_migrations()
  File "<string>", line 8, in run_migrations
  File "/usr/src/app/.venv/lib/python3.9/site-packages/alembic/runtime/environment.py", line 948, in run_migrations
    self.get_context().run_migrations(**kw)
  File "/usr/src/app/.venv/lib/python3.9/site-packages/alembic/runtime/migration.py", line 627, in run_migrations
    step.migration_fn(**kw)
  File "/usr/src/app/migrations/versions/1af632eb25cf_.py", line 65, in upgrade
    op.create_table('projects',
  File "<string>", line 8, in create_table
  File "<string>", line 3, in create_table
  File "/usr/src/app/.venv/lib/python3.9/site-packages/alembic/operations/ops.py", line 1311, in create_table
    return operations.invoke(op)
  File "/usr/src/app/.venv/lib/python3.9/site-packages/alembic/operations/base.py", line 445, in invoke
    return fn(self, operation)
  File "/usr/src/app/.venv/lib/python3.9/site-packages/alembic/operations/toimpl.py", line 131, in create_table
    operations.impl.create_table(table)
  File "/usr/src/app/.venv/lib/python3.9/site-packages/alembic/ddl/impl.py", line 363, in create_table
    table.dispatch.before_create(
  File "/usr/src/app/.venv/lib/python3.9/site-packages/sqlalchemy/event/attr.py", line 497, in __call__
    fn(*args, **kw)
  File "/usr/src/app/.venv/lib/python3.9/site-packages/sqlalchemy/util/langhelpers.py", line 852, in __call__
    return getattr(self.target, self.name)(*arg, **kw)
  File "/usr/src/app/.venv/lib/python3.9/site-packages/sqlalchemy/sql/sqltypes.py", line 1120, in _on_table_create
    t._on_table_create(target, bind, **kw)
  File "/usr/src/app/.venv/lib/python3.9/site-packages/sqlalchemy/dialects/postgresql/named_types.py", line 98, in _on_table_create
    self.create(bind=bind, checkfirst=checkfirst)
  File "/usr/src/app/.venv/lib/python3.9/site-packages/sqlalchemy/dialects/postgresql/named_types.py", line 338, in create
    super().create(bind, checkfirst=checkfirst)
  File "/usr/src/app/.venv/lib/python3.9/site-packages/sqlalchemy/dialects/postgresql/named_types.py", line 51, in create
    bind._run_ddl_visitor(self.DDLGenerator, self, checkfirst=checkfirst)
  File "/usr/src/app/.venv/lib/python3.9/site-packages/sqlalchemy/engine/base.py", line 2461, in _run_ddl_visitor
    visitorcallable(self.dialect, self, **kwargs).traverse_single(element)
  File "/usr/src/app/.venv/lib/python3.9/site-packages/sqlalchemy/sql/visitors.py", line 664, in traverse_single
    return meth(obj, **kw)
  File "/usr/src/app/.venv/lib/python3.9/site-packages/sqlalchemy/dialects/postgresql/named_types.py", line 153, in visit_enum
    self.connection.execute(CreateEnumType(enum))
  File "/usr/src/app/.venv/lib/python3.9/site-packages/sqlalchemy/engine/base.py", line 1422, in execute
    return meth(
  File "/usr/src/app/.venv/lib/python3.9/site-packages/sqlalchemy/sql/ddl.py", line 180, in _execute_on_connection
    return connection._execute_ddl(
  File "/usr/src/app/.venv/lib/python3.9/site-packages/sqlalchemy/engine/base.py", line 1533, in _execute_ddl
    ret = self._execute_context(
  File "/usr/src/app/.venv/lib/python3.9/site-packages/sqlalchemy/engine/base.py", line 1850, in _execute_context
    return self._exec_single_context(
  File "/usr/src/app/.venv/lib/python3.9/site-packages/sqlalchemy/engine/base.py", line 1990, in _exec_single_context
    self._handle_dbapi_exception(
  File "/usr/src/app/.venv/lib/python3.9/site-packages/sqlalchemy/engine/base.py", line 2357, in _handle_dbapi_exception
    raise sqlalchemy_exception.with_traceback(exc_info[2]) from e
  File "/usr/src/app/.venv/lib/python3.9/site-packages/sqlalchemy/engine/base.py", line 1971, in _exec_single_context
    self.dialect.do_execute(
  File "/usr/src/app/.venv/lib/python3.9/site-packages/sqlalchemy/engine/default.py", line 919, in do_execute
    cursor.execute(statement, parameters)
sqlalchemy.exc.ProgrammingError: (psycopg2.errors.DuplicateObject) type "project_country" already exists

[SQL: CREATE TYPE project_country AS ENUM ('AFG', 'ALA', 'ALB', 'DZA', 'ASM', 'AND', 'AGO', 'AIA', 'ATA', 'ATG', 'ARG', 'ARM', 'ABW', 'AUS', 'AUT', 'AZE', 'BHS', 'BHR', 'BGD', 'BRB', 'BLR', 'BEL', 'BLZ', 'BEN', 'BMU', 'BTN', 'BOL', 'BES', 'BIH', 'BWA', 'BVT', 'BRA', 'IOT', 'BRN', 'BGR', 'BFA', 'BDI', 'KHM', 'CMR', 'CAN', 'CPV', 'CYM', 'CAF', 'TCD', 'CHL', 'CHN', 'CXR', 'CCK', 'COL', 'COM', 'COG', 'COD', 'COK', 'CRI', 'CIV', 'HRV', 'CUB', 'CUW', 'CYP', 'CZE', 'DNK', 'DJI', 'DMA', 'DOM', 'ECU', 'EGY', 'SLV', 'GNQ', 'ERI', 'EST', 'ETH', 'FLK', 'FRO', 'FJI', 'FIN', 'FRA', 'GUF', 'PYF', 'ATF', 'GAB', 'GMB', 'GEO', 'DEU', 'GHA', 'GIB', 'GRC', 'GRL', 'GRD', 'GLP', 'GUM', 'GTM', 'GGY', 'GIN', 'GNB', 'GUY', 'HTI', 'HMD', 'VAT', 'HND', 'HKG', 'HUN', 'ISL', 'IND', 'IDN', 'IRN', 'IRQ', 'IRL', 'IMN', 'ISR', 'ITA', 'JAM', 'JPN', 'JEY', 'JOR', 'KAZ', 'KEN', 'KIR', 'PRK', 'KOR', 'XKX', 'KWT', 'KGZ', 'LAO', 'LVA', 'LBN', 'LSO', 'LBR', 'LBY', 'LIE', 'LTU', 'LUX', 'MAC', 'MKD', 'MDG', 'MWI', 'MYS', 'MDV', 'MLI', 'MLT', 'MHL', 'MTQ', 'MRT', 'MUS', 'MYT', 'MEX', 'FSM', 'MDA', 'MCO', 'MNG', 'MNE', 'MSR', 'MAR', 'MOZ', 'MMR', 'NAM', 'NRU', 'NPL', 'NLD', 'NCL', 'NZL', 'NIC', 'NER', 'NGA', 'NIU', 'NFK', 'MNP', 'NOR', 'OMN', 'PAK', 'PLW', 'PSE', 'PAN', 'PNG', 'PRY', 'PER', 'PHL', 'PCN', 'POL', 'PRT', 'PRI', 'QAT', 'REU', 'ROU', 'RUS', 'RWA', 'BLM', 'SHN', 'KNA', 'LCA', 'MAF', 'SPM', 'VCT', 'WSM', 'SMR', 'STP', 'SAU', 'SEN', 'SRB', 'SYC', 'SLE', 'SGP', 'SXM', 'SVK', 'SVN', 'SLB', 'SOM', 'ZAF', 'SGS', 'SSD', 'ESP', 'LKA', 'SDN', 'SUR', 'SJM', 'SWZ', 'SWE', 'CHE', 'SYR', 'TWN', 'TJK', 'TZA', 'THA', 'TLS', 'TGO', 'TKL', 'TON', 'TTO', 'TUN', 'TUR', 'TKM', 'TCA', 'TUV', 'UGA', 'UKR', 'ARE', 'GBR', 'USA', 'UMI', 'URY', 'UZB', 'VUT', 'VEN', 'VNM', 'VGB', 'VIR', 'WLF', 'ESH', 'YEM', 'ZMB', 'ZWE')]
(Background on this error at: https://sqlalche.me/e/20/f405)
]]></error>
			<system-err><![CDATA[INFO  [alembic.runtime.migration] Context impl PostgresqlImpl.
INFO  [alembic.runtime.migration] Will assume transactional DDL.
INFO  [alembic.runtime.migration] Running upgrade  -> 1af632eb25cf, empty message
]]></system-err>
		</testcase>
		<testcase classname="test_resource_category_schemes.CategorySchemesResourceTestCase" name="test_category_scheme_list" time="0.089" timestamp="2024-04-12T15:57:32" file="tests/test_resource_category_schemes.py" line="9">
			<error type="ProgrammingError" message="(psycopg2.errors.DuplicateObject) type &quot;project_country&quot; already exists

[SQL: CREATE TYPE project_country AS ENUM ('AFG', 'ALA', 'ALB', 'DZA', 'ASM', 'AND', 'AGO', 'AIA', 'ATA', 'ATG', 'ARG', 'ARM', 'ABW', 'AUS', 'AUT', 'AZE', 'BHS', 'BHR', 'BGD', 'BRB', 'BLR', 'BEL', 'BLZ', 'BEN', 'BMU', 'BTN', 'BOL', 'BES', 'BIH', 'BWA', 'BVT', 'BRA', 'IOT', 'BRN', 'BGR', 'BFA', 'BDI', 'KHM', 'CMR', 'CAN', 'CPV', 'CYM', 'CAF', 'TCD', 'CHL', 'CHN', 'CXR', 'CCK', 'COL', 'COM', 'COG', 'COD', 'COK', 'CRI', 'CIV', 'HRV', 'CUB', 'CUW', 'CYP', 'CZE', 'DNK', 'DJI', 'DMA', 'DOM', 'ECU', 'EGY', 'SLV', 'GNQ', 'ERI', 'EST', 'ETH', 'FLK', 'FRO', 'FJI', 'FIN', 'FRA', 'GUF', 'PYF', 'ATF', 'GAB', 'GMB', 'GEO', 'DEU', 'GHA', 'GIB', 'GRC', 'GRL', 'GRD', 'GLP', 'GUM', 'GTM', 'GGY', 'GIN', 'GNB', 'GUY', 'HTI', 'HMD', 'VAT', 'HND', 'HKG', 'HUN', 'ISL', 'IND', 'IDN', 'IRN', 'IRQ', 'IRL', 'IMN', 'ISR', 'ITA', 'JAM', 'JPN', 'JEY', 'JOR', 'KAZ', 'KEN', 'KIR', 'PRK', 'KOR', 'XKX', 'KWT', 'KGZ', 'LAO', 'LVA', 'LBN', 'LSO', 'LBR', 'LBY', 'LIE', 'LTU', 'LUX', 'MAC', 'MKD', 'MDG', 'MWI', 'MYS', 'MDV', 'MLI', 'MLT', 'MHL', 'MTQ', 'MRT', 'MUS', 'MYT', 'MEX', 'FSM', 'MDA', 'MCO', 'MNG', 'MNE', 'MSR', 'MAR', 'MOZ', 'MMR', 'NAM', 'NRU', 'NPL', 'NLD', 'NCL', 'NZL', 'NIC', 'NER', 'NGA', 'NIU', 'NFK', 'MNP', 'NOR', 'OMN', 'PAK', 'PLW', 'PSE', 'PAN', 'PNG', 'PRY', 'PER', 'PHL', 'PCN', 'POL', 'PRT', 'PRI', 'QAT', 'REU', 'ROU', 'RUS', 'RWA', 'BLM', 'SHN', 'KNA', 'LCA', 'MAF', 'SPM', 'VCT', 'WSM', 'SMR', 'STP', 'SAU', 'SEN', 'SRB', 'SYC', 'SLE', 'SGP', 'SXM', 'SVK', 'SVN', 'SLB', 'SOM', 'ZAF', 'SGS', 'SSD', 'ESP', 'LKA', 'SDN', 'SUR', 'SJM', 'SWZ', 'SWE', 'CHE', 'SYR', 'TWN', 'TJK', 'TZA', 'THA', 'TLS', 'TGO', 'TKL', 'TON', 'TTO', 'TUN', 'TUR', 'TKM', 'TCA', 'TUV', 'UGA', 'UKR', 'ARE', 'GBR', 'USA', 'UMI', 'URY', 'UZB', 'VUT', 'VEN', 'VNM', 'VGB', 'VIR', 'WLF', 'ESH', 'YEM', 'ZMB', 'ZWE')]
(Background on this error at: https://sqlalche.me/e/20/f405)"><![CDATA[Traceback (most recent call last):
  File "/usr/src/app/.venv/lib/python3.9/site-packages/sqlalchemy/engine/base.py", line 1971, in _exec_single_context
    self.dialect.do_execute(
  File "/usr/src/app/.venv/lib/python3.9/site-packages/sqlalchemy/engine/default.py", line 919, in do_execute
    cursor.execute(statement, parameters)
psycopg2.errors.DuplicateObject: type "project_country" already exists


The above exception was the direct cause of the following exception:

Traceback (most recent call last):
  File "/usr/src/app/tests/base_test.py", line 64, in setUp
    upgrade()
  File "/usr/src/app/.venv/lib/python3.9/site-packages/flask_migrate/__init__.py", line 111, in wrapped
    f(*args, **kwargs)
  File "/usr/src/app/.venv/lib/python3.9/site-packages/flask_migrate/__init__.py", line 200, in upgrade
    command.upgrade(config, revision, sql=sql, tag=tag)
  File "/usr/src/app/.venv/lib/python3.9/site-packages/alembic/command.py", line 403, in upgrade
    script.run_env()
  File "/usr/src/app/.venv/lib/python3.9/site-packages/alembic/script/base.py", line 583, in run_env
    util.load_python_file(self.dir, "env.py")
  File "/usr/src/app/.venv/lib/python3.9/site-packages/alembic/util/pyfiles.py", line 95, in load_python_file
    module = load_module_py(module_id, path)
  File "/usr/src/app/.venv/lib/python3.9/site-packages/alembic/util/pyfiles.py", line 113, in load_module_py
    spec.loader.exec_module(module)  # type: ignore
  File "<frozen importlib._bootstrap_external>", line 850, in exec_module
  File "<frozen importlib._bootstrap>", line 228, in _call_with_frames_removed
  File "migrations/env.py", line 113, in <module>
    run_migrations_online()
  File "migrations/env.py", line 107, in run_migrations_online
    context.run_migrations()
  File "<string>", line 8, in run_migrations
  File "/usr/src/app/.venv/lib/python3.9/site-packages/alembic/runtime/environment.py", line 948, in run_migrations
    self.get_context().run_migrations(**kw)
  File "/usr/src/app/.venv/lib/python3.9/site-packages/alembic/runtime/migration.py", line 627, in run_migrations
    step.migration_fn(**kw)
  File "/usr/src/app/migrations/versions/1af632eb25cf_.py", line 65, in upgrade
    op.create_table('projects',
  File "<string>", line 8, in create_table
  File "<string>", line 3, in create_table
  File "/usr/src/app/.venv/lib/python3.9/site-packages/alembic/operations/ops.py", line 1311, in create_table
    return operations.invoke(op)
  File "/usr/src/app/.venv/lib/python3.9/site-packages/alembic/operations/base.py", line 445, in invoke
    return fn(self, operation)
  File "/usr/src/app/.venv/lib/python3.9/site-packages/alembic/operations/toimpl.py", line 131, in create_table
    operations.impl.create_table(table)
  File "/usr/src/app/.venv/lib/python3.9/site-packages/alembic/ddl/impl.py", line 363, in create_table
    table.dispatch.before_create(
  File "/usr/src/app/.venv/lib/python3.9/site-packages/sqlalchemy/event/attr.py", line 497, in __call__
    fn(*args, **kw)
  File "/usr/src/app/.venv/lib/python3.9/site-packages/sqlalchemy/util/langhelpers.py", line 852, in __call__
    return getattr(self.target, self.name)(*arg, **kw)
  File "/usr/src/app/.venv/lib/python3.9/site-packages/sqlalchemy/sql/sqltypes.py", line 1120, in _on_table_create
    t._on_table_create(target, bind, **kw)
  File "/usr/src/app/.venv/lib/python3.9/site-packages/sqlalchemy/dialects/postgresql/named_types.py", line 98, in _on_table_create
    self.create(bind=bind, checkfirst=checkfirst)
  File "/usr/src/app/.venv/lib/python3.9/site-packages/sqlalchemy/dialects/postgresql/named_types.py", line 338, in create
    super().create(bind, checkfirst=checkfirst)
  File "/usr/src/app/.venv/lib/python3.9/site-packages/sqlalchemy/dialects/postgresql/named_types.py", line 51, in create
    bind._run_ddl_visitor(self.DDLGenerator, self, checkfirst=checkfirst)
  File "/usr/src/app/.venv/lib/python3.9/site-packages/sqlalchemy/engine/base.py", line 2461, in _run_ddl_visitor
    visitorcallable(self.dialect, self, **kwargs).traverse_single(element)
  File "/usr/src/app/.venv/lib/python3.9/site-packages/sqlalchemy/sql/visitors.py", line 664, in traverse_single
    return meth(obj, **kw)
  File "/usr/src/app/.venv/lib/python3.9/site-packages/sqlalchemy/dialects/postgresql/named_types.py", line 153, in visit_enum
    self.connection.execute(CreateEnumType(enum))
  File "/usr/src/app/.venv/lib/python3.9/site-packages/sqlalchemy/engine/base.py", line 1422, in execute
    return meth(
  File "/usr/src/app/.venv/lib/python3.9/site-packages/sqlalchemy/sql/ddl.py", line 180, in _execute_on_connection
    return connection._execute_ddl(
  File "/usr/src/app/.venv/lib/python3.9/site-packages/sqlalchemy/engine/base.py", line 1533, in _execute_ddl
    ret = self._execute_context(
  File "/usr/src/app/.venv/lib/python3.9/site-packages/sqlalchemy/engine/base.py", line 1850, in _execute_context
    return self._exec_single_context(
  File "/usr/src/app/.venv/lib/python3.9/site-packages/sqlalchemy/engine/base.py", line 1990, in _exec_single_context
    self._handle_dbapi_exception(
  File "/usr/src/app/.venv/lib/python3.9/site-packages/sqlalchemy/engine/base.py", line 2357, in _handle_dbapi_exception
    raise sqlalchemy_exception.with_traceback(exc_info[2]) from e
  File "/usr/src/app/.venv/lib/python3.9/site-packages/sqlalchemy/engine/base.py", line 1971, in _exec_single_context
    self.dialect.do_execute(
  File "/usr/src/app/.venv/lib/python3.9/site-packages/sqlalchemy/engine/default.py", line 919, in do_execute
    cursor.execute(statement, parameters)
sqlalchemy.exc.ProgrammingError: (psycopg2.errors.DuplicateObject) type "project_country" already exists

[SQL: CREATE TYPE project_country AS ENUM ('AFG', 'ALA', 'ALB', 'DZA', 'ASM', 'AND', 'AGO', 'AIA', 'ATA', 'ATG', 'ARG', 'ARM', 'ABW', 'AUS', 'AUT', 'AZE', 'BHS', 'BHR', 'BGD', 'BRB', 'BLR', 'BEL', 'BLZ', 'BEN', 'BMU', 'BTN', 'BOL', 'BES', 'BIH', 'BWA', 'BVT', 'BRA', 'IOT', 'BRN', 'BGR', 'BFA', 'BDI', 'KHM', 'CMR', 'CAN', 'CPV', 'CYM', 'CAF', 'TCD', 'CHL', 'CHN', 'CXR', 'CCK', 'COL', 'COM', 'COG', 'COD', 'COK', 'CRI', 'CIV', 'HRV', 'CUB', 'CUW', 'CYP', 'CZE', 'DNK', 'DJI', 'DMA', 'DOM', 'ECU', 'EGY', 'SLV', 'GNQ', 'ERI', 'EST', 'ETH', 'FLK', 'FRO', 'FJI', 'FIN', 'FRA', 'GUF', 'PYF', 'ATF', 'GAB', 'GMB', 'GEO', 'DEU', 'GHA', 'GIB', 'GRC', 'GRL', 'GRD', 'GLP', 'GUM', 'GTM', 'GGY', 'GIN', 'GNB', 'GUY', 'HTI', 'HMD', 'VAT', 'HND', 'HKG', 'HUN', 'ISL', 'IND', 'IDN', 'IRN', 'IRQ', 'IRL', 'IMN', 'ISR', 'ITA', 'JAM', 'JPN', 'JEY', 'JOR', 'KAZ', 'KEN', 'KIR', 'PRK', 'KOR', 'XKX', 'KWT', 'KGZ', 'LAO', 'LVA', 'LBN', 'LSO', 'LBR', 'LBY', 'LIE', 'LTU', 'LUX', 'MAC', 'MKD', 'MDG', 'MWI', 'MYS', 'MDV', 'MLI', 'MLT', 'MHL', 'MTQ', 'MRT', 'MUS', 'MYT', 'MEX', 'FSM', 'MDA', 'MCO', 'MNG', 'MNE', 'MSR', 'MAR', 'MOZ', 'MMR', 'NAM', 'NRU', 'NPL', 'NLD', 'NCL', 'NZL', 'NIC', 'NER', 'NGA', 'NIU', 'NFK', 'MNP', 'NOR', 'OMN', 'PAK', 'PLW', 'PSE', 'PAN', 'PNG', 'PRY', 'PER', 'PHL', 'PCN', 'POL', 'PRT', 'PRI', 'QAT', 'REU', 'ROU', 'RUS', 'RWA', 'BLM', 'SHN', 'KNA', 'LCA', 'MAF', 'SPM', 'VCT', 'WSM', 'SMR', 'STP', 'SAU', 'SEN', 'SRB', 'SYC', 'SLE', 'SGP', 'SXM', 'SVK', 'SVN', 'SLB', 'SOM', 'ZAF', 'SGS', 'SSD', 'ESP', 'LKA', 'SDN', 'SUR', 'SJM', 'SWZ', 'SWE', 'CHE', 'SYR', 'TWN', 'TJK', 'TZA', 'THA', 'TLS', 'TGO', 'TKL', 'TON', 'TTO', 'TUN', 'TUR', 'TKM', 'TCA', 'TUV', 'UGA', 'UKR', 'ARE', 'GBR', 'USA', 'UMI', 'URY', 'UZB', 'VUT', 'VEN', 'VNM', 'VGB', 'VIR', 'WLF', 'ESH', 'YEM', 'ZMB', 'ZWE')]
(Background on this error at: https://sqlalche.me/e/20/f405)
]]></error>
			<system-err><![CDATA[INFO  [alembic.runtime.migration] Context impl PostgresqlImpl.
INFO  [alembic.runtime.migration] Will assume transactional DDL.
INFO  [alembic.runtime.migration] Running upgrade  -> 1af632eb25cf, empty message
]]></system-err>
		</testcase>
		<testcase classname="test_resource_category_schemes.CategorySchemesResourceTestCase" name="test_category_scheme_relationship_category_terms" time="0.125" timestamp="2024-04-12T15:57:32" file="tests/test_resource_category_schemes.py" line="1082">
			<error type="ProgrammingError" message="(psycopg2.errors.DuplicateObject) type &quot;project_country&quot; already exists

[SQL: CREATE TYPE project_country AS ENUM ('AFG', 'ALA', 'ALB', 'DZA', 'ASM', 'AND', 'AGO', 'AIA', 'ATA', 'ATG', 'ARG', 'ARM', 'ABW', 'AUS', 'AUT', 'AZE', 'BHS', 'BHR', 'BGD', 'BRB', 'BLR', 'BEL', 'BLZ', 'BEN', 'BMU', 'BTN', 'BOL', 'BES', 'BIH', 'BWA', 'BVT', 'BRA', 'IOT', 'BRN', 'BGR', 'BFA', 'BDI', 'KHM', 'CMR', 'CAN', 'CPV', 'CYM', 'CAF', 'TCD', 'CHL', 'CHN', 'CXR', 'CCK', 'COL', 'COM', 'COG', 'COD', 'COK', 'CRI', 'CIV', 'HRV', 'CUB', 'CUW', 'CYP', 'CZE', 'DNK', 'DJI', 'DMA', 'DOM', 'ECU', 'EGY', 'SLV', 'GNQ', 'ERI', 'EST', 'ETH', 'FLK', 'FRO', 'FJI', 'FIN', 'FRA', 'GUF', 'PYF', 'ATF', 'GAB', 'GMB', 'GEO', 'DEU', 'GHA', 'GIB', 'GRC', 'GRL', 'GRD', 'GLP', 'GUM', 'GTM', 'GGY', 'GIN', 'GNB', 'GUY', 'HTI', 'HMD', 'VAT', 'HND', 'HKG', 'HUN', 'ISL', 'IND', 'IDN', 'IRN', 'IRQ', 'IRL', 'IMN', 'ISR', 'ITA', 'JAM', 'JPN', 'JEY', 'JOR', 'KAZ', 'KEN', 'KIR', 'PRK', 'KOR', 'XKX', 'KWT', 'KGZ', 'LAO', 'LVA', 'LBN', 'LSO', 'LBR', 'LBY', 'LIE', 'LTU', 'LUX', 'MAC', 'MKD', 'MDG', 'MWI', 'MYS', 'MDV', 'MLI', 'MLT', 'MHL', 'MTQ', 'MRT', 'MUS', 'MYT', 'MEX', 'FSM', 'MDA', 'MCO', 'MNG', 'MNE', 'MSR', 'MAR', 'MOZ', 'MMR', 'NAM', 'NRU', 'NPL', 'NLD', 'NCL', 'NZL', 'NIC', 'NER', 'NGA', 'NIU', 'NFK', 'MNP', 'NOR', 'OMN', 'PAK', 'PLW', 'PSE', 'PAN', 'PNG', 'PRY', 'PER', 'PHL', 'PCN', 'POL', 'PRT', 'PRI', 'QAT', 'REU', 'ROU', 'RUS', 'RWA', 'BLM', 'SHN', 'KNA', 'LCA', 'MAF', 'SPM', 'VCT', 'WSM', 'SMR', 'STP', 'SAU', 'SEN', 'SRB', 'SYC', 'SLE', 'SGP', 'SXM', 'SVK', 'SVN', 'SLB', 'SOM', 'ZAF', 'SGS', 'SSD', 'ESP', 'LKA', 'SDN', 'SUR', 'SJM', 'SWZ', 'SWE', 'CHE', 'SYR', 'TWN', 'TJK', 'TZA', 'THA', 'TLS', 'TGO', 'TKL', 'TON', 'TTO', 'TUN', 'TUR', 'TKM', 'TCA', 'TUV', 'UGA', 'UKR', 'ARE', 'GBR', 'USA', 'UMI', 'URY', 'UZB', 'VUT', 'VEN', 'VNM', 'VGB', 'VIR', 'WLF', 'ESH', 'YEM', 'ZMB', 'ZWE')]
(Background on this error at: https://sqlalche.me/e/20/f405)"><![CDATA[Traceback (most recent call last):
  File "/usr/src/app/.venv/lib/python3.9/site-packages/sqlalchemy/engine/base.py", line 1971, in _exec_single_context
    self.dialect.do_execute(
  File "/usr/src/app/.venv/lib/python3.9/site-packages/sqlalchemy/engine/default.py", line 919, in do_execute
    cursor.execute(statement, parameters)
psycopg2.errors.DuplicateObject: type "project_country" already exists


The above exception was the direct cause of the following exception:

Traceback (most recent call last):
  File "/usr/src/app/tests/base_test.py", line 64, in setUp
    upgrade()
  File "/usr/src/app/.venv/lib/python3.9/site-packages/flask_migrate/__init__.py", line 111, in wrapped
    f(*args, **kwargs)
  File "/usr/src/app/.venv/lib/python3.9/site-packages/flask_migrate/__init__.py", line 200, in upgrade
    command.upgrade(config, revision, sql=sql, tag=tag)
  File "/usr/src/app/.venv/lib/python3.9/site-packages/alembic/command.py", line 403, in upgrade
    script.run_env()
  File "/usr/src/app/.venv/lib/python3.9/site-packages/alembic/script/base.py", line 583, in run_env
    util.load_python_file(self.dir, "env.py")
  File "/usr/src/app/.venv/lib/python3.9/site-packages/alembic/util/pyfiles.py", line 95, in load_python_file
    module = load_module_py(module_id, path)
  File "/usr/src/app/.venv/lib/python3.9/site-packages/alembic/util/pyfiles.py", line 113, in load_module_py
    spec.loader.exec_module(module)  # type: ignore
  File "<frozen importlib._bootstrap_external>", line 850, in exec_module
  File "<frozen importlib._bootstrap>", line 228, in _call_with_frames_removed
  File "migrations/env.py", line 113, in <module>
    run_migrations_online()
  File "migrations/env.py", line 107, in run_migrations_online
    context.run_migrations()
  File "<string>", line 8, in run_migrations
  File "/usr/src/app/.venv/lib/python3.9/site-packages/alembic/runtime/environment.py", line 948, in run_migrations
    self.get_context().run_migrations(**kw)
  File "/usr/src/app/.venv/lib/python3.9/site-packages/alembic/runtime/migration.py", line 627, in run_migrations
    step.migration_fn(**kw)
  File "/usr/src/app/migrations/versions/1af632eb25cf_.py", line 65, in upgrade
    op.create_table('projects',
  File "<string>", line 8, in create_table
  File "<string>", line 3, in create_table
  File "/usr/src/app/.venv/lib/python3.9/site-packages/alembic/operations/ops.py", line 1311, in create_table
    return operations.invoke(op)
  File "/usr/src/app/.venv/lib/python3.9/site-packages/alembic/operations/base.py", line 445, in invoke
    return fn(self, operation)
  File "/usr/src/app/.venv/lib/python3.9/site-packages/alembic/operations/toimpl.py", line 131, in create_table
    operations.impl.create_table(table)
  File "/usr/src/app/.venv/lib/python3.9/site-packages/alembic/ddl/impl.py", line 363, in create_table
    table.dispatch.before_create(
  File "/usr/src/app/.venv/lib/python3.9/site-packages/sqlalchemy/event/attr.py", line 497, in __call__
    fn(*args, **kw)
  File "/usr/src/app/.venv/lib/python3.9/site-packages/sqlalchemy/util/langhelpers.py", line 852, in __call__
    return getattr(self.target, self.name)(*arg, **kw)
  File "/usr/src/app/.venv/lib/python3.9/site-packages/sqlalchemy/sql/sqltypes.py", line 1120, in _on_table_create
    t._on_table_create(target, bind, **kw)
  File "/usr/src/app/.venv/lib/python3.9/site-packages/sqlalchemy/dialects/postgresql/named_types.py", line 98, in _on_table_create
    self.create(bind=bind, checkfirst=checkfirst)
  File "/usr/src/app/.venv/lib/python3.9/site-packages/sqlalchemy/dialects/postgresql/named_types.py", line 338, in create
    super().create(bind, checkfirst=checkfirst)
  File "/usr/src/app/.venv/lib/python3.9/site-packages/sqlalchemy/dialects/postgresql/named_types.py", line 51, in create
    bind._run_ddl_visitor(self.DDLGenerator, self, checkfirst=checkfirst)
  File "/usr/src/app/.venv/lib/python3.9/site-packages/sqlalchemy/engine/base.py", line 2461, in _run_ddl_visitor
    visitorcallable(self.dialect, self, **kwargs).traverse_single(element)
  File "/usr/src/app/.venv/lib/python3.9/site-packages/sqlalchemy/sql/visitors.py", line 664, in traverse_single
    return meth(obj, **kw)
  File "/usr/src/app/.venv/lib/python3.9/site-packages/sqlalchemy/dialects/postgresql/named_types.py", line 153, in visit_enum
    self.connection.execute(CreateEnumType(enum))
  File "/usr/src/app/.venv/lib/python3.9/site-packages/sqlalchemy/engine/base.py", line 1422, in execute
    return meth(
  File "/usr/src/app/.venv/lib/python3.9/site-packages/sqlalchemy/sql/ddl.py", line 180, in _execute_on_connection
    return connection._execute_ddl(
  File "/usr/src/app/.venv/lib/python3.9/site-packages/sqlalchemy/engine/base.py", line 1533, in _execute_ddl
    ret = self._execute_context(
  File "/usr/src/app/.venv/lib/python3.9/site-packages/sqlalchemy/engine/base.py", line 1850, in _execute_context
    return self._exec_single_context(
  File "/usr/src/app/.venv/lib/python3.9/site-packages/sqlalchemy/engine/base.py", line 1990, in _exec_single_context
    self._handle_dbapi_exception(
  File "/usr/src/app/.venv/lib/python3.9/site-packages/sqlalchemy/engine/base.py", line 2357, in _handle_dbapi_exception
    raise sqlalchemy_exception.with_traceback(exc_info[2]) from e
  File "/usr/src/app/.venv/lib/python3.9/site-packages/sqlalchemy/engine/base.py", line 1971, in _exec_single_context
    self.dialect.do_execute(
  File "/usr/src/app/.venv/lib/python3.9/site-packages/sqlalchemy/engine/default.py", line 919, in do_execute
    cursor.execute(statement, parameters)
sqlalchemy.exc.ProgrammingError: (psycopg2.errors.DuplicateObject) type "project_country" already exists

[SQL: CREATE TYPE project_country AS ENUM ('AFG', 'ALA', 'ALB', 'DZA', 'ASM', 'AND', 'AGO', 'AIA', 'ATA', 'ATG', 'ARG', 'ARM', 'ABW', 'AUS', 'AUT', 'AZE', 'BHS', 'BHR', 'BGD', 'BRB', 'BLR', 'BEL', 'BLZ', 'BEN', 'BMU', 'BTN', 'BOL', 'BES', 'BIH', 'BWA', 'BVT', 'BRA', 'IOT', 'BRN', 'BGR', 'BFA', 'BDI', 'KHM', 'CMR', 'CAN', 'CPV', 'CYM', 'CAF', 'TCD', 'CHL', 'CHN', 'CXR', 'CCK', 'COL', 'COM', 'COG', 'COD', 'COK', 'CRI', 'CIV', 'HRV', 'CUB', 'CUW', 'CYP', 'CZE', 'DNK', 'DJI', 'DMA', 'DOM', 'ECU', 'EGY', 'SLV', 'GNQ', 'ERI', 'EST', 'ETH', 'FLK', 'FRO', 'FJI', 'FIN', 'FRA', 'GUF', 'PYF', 'ATF', 'GAB', 'GMB', 'GEO', 'DEU', 'GHA', 'GIB', 'GRC', 'GRL', 'GRD', 'GLP', 'GUM', 'GTM', 'GGY', 'GIN', 'GNB', 'GUY', 'HTI', 'HMD', 'VAT', 'HND', 'HKG', 'HUN', 'ISL', 'IND', 'IDN', 'IRN', 'IRQ', 'IRL', 'IMN', 'ISR', 'ITA', 'JAM', 'JPN', 'JEY', 'JOR', 'KAZ', 'KEN', 'KIR', 'PRK', 'KOR', 'XKX', 'KWT', 'KGZ', 'LAO', 'LVA', 'LBN', 'LSO', 'LBR', 'LBY', 'LIE', 'LTU', 'LUX', 'MAC', 'MKD', 'MDG', 'MWI', 'MYS', 'MDV', 'MLI', 'MLT', 'MHL', 'MTQ', 'MRT', 'MUS', 'MYT', 'MEX', 'FSM', 'MDA', 'MCO', 'MNG', 'MNE', 'MSR', 'MAR', 'MOZ', 'MMR', 'NAM', 'NRU', 'NPL', 'NLD', 'NCL', 'NZL', 'NIC', 'NER', 'NGA', 'NIU', 'NFK', 'MNP', 'NOR', 'OMN', 'PAK', 'PLW', 'PSE', 'PAN', 'PNG', 'PRY', 'PER', 'PHL', 'PCN', 'POL', 'PRT', 'PRI', 'QAT', 'REU', 'ROU', 'RUS', 'RWA', 'BLM', 'SHN', 'KNA', 'LCA', 'MAF', 'SPM', 'VCT', 'WSM', 'SMR', 'STP', 'SAU', 'SEN', 'SRB', 'SYC', 'SLE', 'SGP', 'SXM', 'SVK', 'SVN', 'SLB', 'SOM', 'ZAF', 'SGS', 'SSD', 'ESP', 'LKA', 'SDN', 'SUR', 'SJM', 'SWZ', 'SWE', 'CHE', 'SYR', 'TWN', 'TJK', 'TZA', 'THA', 'TLS', 'TGO', 'TKL', 'TON', 'TTO', 'TUN', 'TUR', 'TKM', 'TCA', 'TUV', 'UGA', 'UKR', 'ARE', 'GBR', 'USA', 'UMI', 'URY', 'UZB', 'VUT', 'VEN', 'VNM', 'VGB', 'VIR', 'WLF', 'ESH', 'YEM', 'ZMB', 'ZWE')]
(Background on this error at: https://sqlalche.me/e/20/f405)
]]></error>
			<system-err><![CDATA[INFO  [alembic.runtime.migration] Context impl PostgresqlImpl.
INFO  [alembic.runtime.migration] Will assume transactional DDL.
INFO  [alembic.runtime.migration] Running upgrade  -> 1af632eb25cf, empty message
]]></system-err>
		</testcase>
		<testcase classname="test_resource_category_schemes.CategorySchemesResourceTestCase" name="test_category_scheme_single_missing_unknown_id" time="0.118" timestamp="2024-04-12T15:57:32" file="tests/test_resource_category_schemes.py" line="1065">
			<error type="ProgrammingError" message="(psycopg2.errors.DuplicateObject) type &quot;project_country&quot; already exists

[SQL: CREATE TYPE project_country AS ENUM ('AFG', 'ALA', 'ALB', 'DZA', 'ASM', 'AND', 'AGO', 'AIA', 'ATA', 'ATG', 'ARG', 'ARM', 'ABW', 'AUS', 'AUT', 'AZE', 'BHS', 'BHR', 'BGD', 'BRB', 'BLR', 'BEL', 'BLZ', 'BEN', 'BMU', 'BTN', 'BOL', 'BES', 'BIH', 'BWA', 'BVT', 'BRA', 'IOT', 'BRN', 'BGR', 'BFA', 'BDI', 'KHM', 'CMR', 'CAN', 'CPV', 'CYM', 'CAF', 'TCD', 'CHL', 'CHN', 'CXR', 'CCK', 'COL', 'COM', 'COG', 'COD', 'COK', 'CRI', 'CIV', 'HRV', 'CUB', 'CUW', 'CYP', 'CZE', 'DNK', 'DJI', 'DMA', 'DOM', 'ECU', 'EGY', 'SLV', 'GNQ', 'ERI', 'EST', 'ETH', 'FLK', 'FRO', 'FJI', 'FIN', 'FRA', 'GUF', 'PYF', 'ATF', 'GAB', 'GMB', 'GEO', 'DEU', 'GHA', 'GIB', 'GRC', 'GRL', 'GRD', 'GLP', 'GUM', 'GTM', 'GGY', 'GIN', 'GNB', 'GUY', 'HTI', 'HMD', 'VAT', 'HND', 'HKG', 'HUN', 'ISL', 'IND', 'IDN', 'IRN', 'IRQ', 'IRL', 'IMN', 'ISR', 'ITA', 'JAM', 'JPN', 'JEY', 'JOR', 'KAZ', 'KEN', 'KIR', 'PRK', 'KOR', 'XKX', 'KWT', 'KGZ', 'LAO', 'LVA', 'LBN', 'LSO', 'LBR', 'LBY', 'LIE', 'LTU', 'LUX', 'MAC', 'MKD', 'MDG', 'MWI', 'MYS', 'MDV', 'MLI', 'MLT', 'MHL', 'MTQ', 'MRT', 'MUS', 'MYT', 'MEX', 'FSM', 'MDA', 'MCO', 'MNG', 'MNE', 'MSR', 'MAR', 'MOZ', 'MMR', 'NAM', 'NRU', 'NPL', 'NLD', 'NCL', 'NZL', 'NIC', 'NER', 'NGA', 'NIU', 'NFK', 'MNP', 'NOR', 'OMN', 'PAK', 'PLW', 'PSE', 'PAN', 'PNG', 'PRY', 'PER', 'PHL', 'PCN', 'POL', 'PRT', 'PRI', 'QAT', 'REU', 'ROU', 'RUS', 'RWA', 'BLM', 'SHN', 'KNA', 'LCA', 'MAF', 'SPM', 'VCT', 'WSM', 'SMR', 'STP', 'SAU', 'SEN', 'SRB', 'SYC', 'SLE', 'SGP', 'SXM', 'SVK', 'SVN', 'SLB', 'SOM', 'ZAF', 'SGS', 'SSD', 'ESP', 'LKA', 'SDN', 'SUR', 'SJM', 'SWZ', 'SWE', 'CHE', 'SYR', 'TWN', 'TJK', 'TZA', 'THA', 'TLS', 'TGO', 'TKL', 'TON', 'TTO', 'TUN', 'TUR', 'TKM', 'TCA', 'TUV', 'UGA', 'UKR', 'ARE', 'GBR', 'USA', 'UMI', 'URY', 'UZB', 'VUT', 'VEN', 'VNM', 'VGB', 'VIR', 'WLF', 'ESH', 'YEM', 'ZMB', 'ZWE')]
(Background on this error at: https://sqlalche.me/e/20/f405)"><![CDATA[Traceback (most recent call last):
  File "/usr/src/app/.venv/lib/python3.9/site-packages/sqlalchemy/engine/base.py", line 1971, in _exec_single_context
    self.dialect.do_execute(
  File "/usr/src/app/.venv/lib/python3.9/site-packages/sqlalchemy/engine/default.py", line 919, in do_execute
    cursor.execute(statement, parameters)
psycopg2.errors.DuplicateObject: type "project_country" already exists


The above exception was the direct cause of the following exception:

Traceback (most recent call last):
  File "/usr/src/app/tests/base_test.py", line 64, in setUp
    upgrade()
  File "/usr/src/app/.venv/lib/python3.9/site-packages/flask_migrate/__init__.py", line 111, in wrapped
    f(*args, **kwargs)
  File "/usr/src/app/.venv/lib/python3.9/site-packages/flask_migrate/__init__.py", line 200, in upgrade
    command.upgrade(config, revision, sql=sql, tag=tag)
  File "/usr/src/app/.venv/lib/python3.9/site-packages/alembic/command.py", line 403, in upgrade
    script.run_env()
  File "/usr/src/app/.venv/lib/python3.9/site-packages/alembic/script/base.py", line 583, in run_env
    util.load_python_file(self.dir, "env.py")
  File "/usr/src/app/.venv/lib/python3.9/site-packages/alembic/util/pyfiles.py", line 95, in load_python_file
    module = load_module_py(module_id, path)
  File "/usr/src/app/.venv/lib/python3.9/site-packages/alembic/util/pyfiles.py", line 113, in load_module_py
    spec.loader.exec_module(module)  # type: ignore
  File "<frozen importlib._bootstrap_external>", line 850, in exec_module
  File "<frozen importlib._bootstrap>", line 228, in _call_with_frames_removed
  File "migrations/env.py", line 113, in <module>
    run_migrations_online()
  File "migrations/env.py", line 107, in run_migrations_online
    context.run_migrations()
  File "<string>", line 8, in run_migrations
  File "/usr/src/app/.venv/lib/python3.9/site-packages/alembic/runtime/environment.py", line 948, in run_migrations
    self.get_context().run_migrations(**kw)
  File "/usr/src/app/.venv/lib/python3.9/site-packages/alembic/runtime/migration.py", line 627, in run_migrations
    step.migration_fn(**kw)
  File "/usr/src/app/migrations/versions/1af632eb25cf_.py", line 65, in upgrade
    op.create_table('projects',
  File "<string>", line 8, in create_table
  File "<string>", line 3, in create_table
  File "/usr/src/app/.venv/lib/python3.9/site-packages/alembic/operations/ops.py", line 1311, in create_table
    return operations.invoke(op)
  File "/usr/src/app/.venv/lib/python3.9/site-packages/alembic/operations/base.py", line 445, in invoke
    return fn(self, operation)
  File "/usr/src/app/.venv/lib/python3.9/site-packages/alembic/operations/toimpl.py", line 131, in create_table
    operations.impl.create_table(table)
  File "/usr/src/app/.venv/lib/python3.9/site-packages/alembic/ddl/impl.py", line 363, in create_table
    table.dispatch.before_create(
  File "/usr/src/app/.venv/lib/python3.9/site-packages/sqlalchemy/event/attr.py", line 497, in __call__
    fn(*args, **kw)
  File "/usr/src/app/.venv/lib/python3.9/site-packages/sqlalchemy/util/langhelpers.py", line 852, in __call__
    return getattr(self.target, self.name)(*arg, **kw)
  File "/usr/src/app/.venv/lib/python3.9/site-packages/sqlalchemy/sql/sqltypes.py", line 1120, in _on_table_create
    t._on_table_create(target, bind, **kw)
  File "/usr/src/app/.venv/lib/python3.9/site-packages/sqlalchemy/dialects/postgresql/named_types.py", line 98, in _on_table_create
    self.create(bind=bind, checkfirst=checkfirst)
  File "/usr/src/app/.venv/lib/python3.9/site-packages/sqlalchemy/dialects/postgresql/named_types.py", line 338, in create
    super().create(bind, checkfirst=checkfirst)
  File "/usr/src/app/.venv/lib/python3.9/site-packages/sqlalchemy/dialects/postgresql/named_types.py", line 51, in create
    bind._run_ddl_visitor(self.DDLGenerator, self, checkfirst=checkfirst)
  File "/usr/src/app/.venv/lib/python3.9/site-packages/sqlalchemy/engine/base.py", line 2461, in _run_ddl_visitor
    visitorcallable(self.dialect, self, **kwargs).traverse_single(element)
  File "/usr/src/app/.venv/lib/python3.9/site-packages/sqlalchemy/sql/visitors.py", line 664, in traverse_single
    return meth(obj, **kw)
  File "/usr/src/app/.venv/lib/python3.9/site-packages/sqlalchemy/dialects/postgresql/named_types.py", line 153, in visit_enum
    self.connection.execute(CreateEnumType(enum))
  File "/usr/src/app/.venv/lib/python3.9/site-packages/sqlalchemy/engine/base.py", line 1422, in execute
    return meth(
  File "/usr/src/app/.venv/lib/python3.9/site-packages/sqlalchemy/sql/ddl.py", line 180, in _execute_on_connection
    return connection._execute_ddl(
  File "/usr/src/app/.venv/lib/python3.9/site-packages/sqlalchemy/engine/base.py", line 1533, in _execute_ddl
    ret = self._execute_context(
  File "/usr/src/app/.venv/lib/python3.9/site-packages/sqlalchemy/engine/base.py", line 1850, in _execute_context
    return self._exec_single_context(
  File "/usr/src/app/.venv/lib/python3.9/site-packages/sqlalchemy/engine/base.py", line 1990, in _exec_single_context
    self._handle_dbapi_exception(
  File "/usr/src/app/.venv/lib/python3.9/site-packages/sqlalchemy/engine/base.py", line 2357, in _handle_dbapi_exception
    raise sqlalchemy_exception.with_traceback(exc_info[2]) from e
  File "/usr/src/app/.venv/lib/python3.9/site-packages/sqlalchemy/engine/base.py", line 1971, in _exec_single_context
    self.dialect.do_execute(
  File "/usr/src/app/.venv/lib/python3.9/site-packages/sqlalchemy/engine/default.py", line 919, in do_execute
    cursor.execute(statement, parameters)
sqlalchemy.exc.ProgrammingError: (psycopg2.errors.DuplicateObject) type "project_country" already exists

[SQL: CREATE TYPE project_country AS ENUM ('AFG', 'ALA', 'ALB', 'DZA', 'ASM', 'AND', 'AGO', 'AIA', 'ATA', 'ATG', 'ARG', 'ARM', 'ABW', 'AUS', 'AUT', 'AZE', 'BHS', 'BHR', 'BGD', 'BRB', 'BLR', 'BEL', 'BLZ', 'BEN', 'BMU', 'BTN', 'BOL', 'BES', 'BIH', 'BWA', 'BVT', 'BRA', 'IOT', 'BRN', 'BGR', 'BFA', 'BDI', 'KHM', 'CMR', 'CAN', 'CPV', 'CYM', 'CAF', 'TCD', 'CHL', 'CHN', 'CXR', 'CCK', 'COL', 'COM', 'COG', 'COD', 'COK', 'CRI', 'CIV', 'HRV', 'CUB', 'CUW', 'CYP', 'CZE', 'DNK', 'DJI', 'DMA', 'DOM', 'ECU', 'EGY', 'SLV', 'GNQ', 'ERI', 'EST', 'ETH', 'FLK', 'FRO', 'FJI', 'FIN', 'FRA', 'GUF', 'PYF', 'ATF', 'GAB', 'GMB', 'GEO', 'DEU', 'GHA', 'GIB', 'GRC', 'GRL', 'GRD', 'GLP', 'GUM', 'GTM', 'GGY', 'GIN', 'GNB', 'GUY', 'HTI', 'HMD', 'VAT', 'HND', 'HKG', 'HUN', 'ISL', 'IND', 'IDN', 'IRN', 'IRQ', 'IRL', 'IMN', 'ISR', 'ITA', 'JAM', 'JPN', 'JEY', 'JOR', 'KAZ', 'KEN', 'KIR', 'PRK', 'KOR', 'XKX', 'KWT', 'KGZ', 'LAO', 'LVA', 'LBN', 'LSO', 'LBR', 'LBY', 'LIE', 'LTU', 'LUX', 'MAC', 'MKD', 'MDG', 'MWI', 'MYS', 'MDV', 'MLI', 'MLT', 'MHL', 'MTQ', 'MRT', 'MUS', 'MYT', 'MEX', 'FSM', 'MDA', 'MCO', 'MNG', 'MNE', 'MSR', 'MAR', 'MOZ', 'MMR', 'NAM', 'NRU', 'NPL', 'NLD', 'NCL', 'NZL', 'NIC', 'NER', 'NGA', 'NIU', 'NFK', 'MNP', 'NOR', 'OMN', 'PAK', 'PLW', 'PSE', 'PAN', 'PNG', 'PRY', 'PER', 'PHL', 'PCN', 'POL', 'PRT', 'PRI', 'QAT', 'REU', 'ROU', 'RUS', 'RWA', 'BLM', 'SHN', 'KNA', 'LCA', 'MAF', 'SPM', 'VCT', 'WSM', 'SMR', 'STP', 'SAU', 'SEN', 'SRB', 'SYC', 'SLE', 'SGP', 'SXM', 'SVK', 'SVN', 'SLB', 'SOM', 'ZAF', 'SGS', 'SSD', 'ESP', 'LKA', 'SDN', 'SUR', 'SJM', 'SWZ', 'SWE', 'CHE', 'SYR', 'TWN', 'TJK', 'TZA', 'THA', 'TLS', 'TGO', 'TKL', 'TON', 'TTO', 'TUN', 'TUR', 'TKM', 'TCA', 'TUV', 'UGA', 'UKR', 'ARE', 'GBR', 'USA', 'UMI', 'URY', 'UZB', 'VUT', 'VEN', 'VNM', 'VGB', 'VIR', 'WLF', 'ESH', 'YEM', 'ZMB', 'ZWE')]
(Background on this error at: https://sqlalche.me/e/20/f405)
]]></error>
			<system-err><![CDATA[INFO  [alembic.runtime.migration] Context impl PostgresqlImpl.
INFO  [alembic.runtime.migration] Will assume transactional DDL.
INFO  [alembic.runtime.migration] Running upgrade  -> 1af632eb25cf, empty message
]]></system-err>
		</testcase>
	</testsuite>
	<testsuite name="test_resource_category_terms.CategoryTermsResourceTestCase-20240412155730" tests="9" file="test_resource_category_terms.py" time="0.959" timestamp="2024-04-12T15:57:33" failures="0" errors="9" skipped="0">
		<testcase classname="test_resource_category_terms.CategoryTermsResourceTestCase" name="test_category_term_categorisations" time="0.076" timestamp="2024-04-12T15:57:32" file="tests/test_resource_category_terms.py" line="802">
			<error type="ProgrammingError" message="(psycopg2.errors.DuplicateObject) type &quot;project_country&quot; already exists

[SQL: CREATE TYPE project_country AS ENUM ('AFG', 'ALA', 'ALB', 'DZA', 'ASM', 'AND', 'AGO', 'AIA', 'ATA', 'ATG', 'ARG', 'ARM', 'ABW', 'AUS', 'AUT', 'AZE', 'BHS', 'BHR', 'BGD', 'BRB', 'BLR', 'BEL', 'BLZ', 'BEN', 'BMU', 'BTN', 'BOL', 'BES', 'BIH', 'BWA', 'BVT', 'BRA', 'IOT', 'BRN', 'BGR', 'BFA', 'BDI', 'KHM', 'CMR', 'CAN', 'CPV', 'CYM', 'CAF', 'TCD', 'CHL', 'CHN', 'CXR', 'CCK', 'COL', 'COM', 'COG', 'COD', 'COK', 'CRI', 'CIV', 'HRV', 'CUB', 'CUW', 'CYP', 'CZE', 'DNK', 'DJI', 'DMA', 'DOM', 'ECU', 'EGY', 'SLV', 'GNQ', 'ERI', 'EST', 'ETH', 'FLK', 'FRO', 'FJI', 'FIN', 'FRA', 'GUF', 'PYF', 'ATF', 'GAB', 'GMB', 'GEO', 'DEU', 'GHA', 'GIB', 'GRC', 'GRL', 'GRD', 'GLP', 'GUM', 'GTM', 'GGY', 'GIN', 'GNB', 'GUY', 'HTI', 'HMD', 'VAT', 'HND', 'HKG', 'HUN', 'ISL', 'IND', 'IDN', 'IRN', 'IRQ', 'IRL', 'IMN', 'ISR', 'ITA', 'JAM', 'JPN', 'JEY', 'JOR', 'KAZ', 'KEN', 'KIR', 'PRK', 'KOR', 'XKX', 'KWT', 'KGZ', 'LAO', 'LVA', 'LBN', 'LSO', 'LBR', 'LBY', 'LIE', 'LTU', 'LUX', 'MAC', 'MKD', 'MDG', 'MWI', 'MYS', 'MDV', 'MLI', 'MLT', 'MHL', 'MTQ', 'MRT', 'MUS', 'MYT', 'MEX', 'FSM', 'MDA', 'MCO', 'MNG', 'MNE', 'MSR', 'MAR', 'MOZ', 'MMR', 'NAM', 'NRU', 'NPL', 'NLD', 'NCL', 'NZL', 'NIC', 'NER', 'NGA', 'NIU', 'NFK', 'MNP', 'NOR', 'OMN', 'PAK', 'PLW', 'PSE', 'PAN', 'PNG', 'PRY', 'PER', 'PHL', 'PCN', 'POL', 'PRT', 'PRI', 'QAT', 'REU', 'ROU', 'RUS', 'RWA', 'BLM', 'SHN', 'KNA', 'LCA', 'MAF', 'SPM', 'VCT', 'WSM', 'SMR', 'STP', 'SAU', 'SEN', 'SRB', 'SYC', 'SLE', 'SGP', 'SXM', 'SVK', 'SVN', 'SLB', 'SOM', 'ZAF', 'SGS', 'SSD', 'ESP', 'LKA', 'SDN', 'SUR', 'SJM', 'SWZ', 'SWE', 'CHE', 'SYR', 'TWN', 'TJK', 'TZA', 'THA', 'TLS', 'TGO', 'TKL', 'TON', 'TTO', 'TUN', 'TUR', 'TKM', 'TCA', 'TUV', 'UGA', 'UKR', 'ARE', 'GBR', 'USA', 'UMI', 'URY', 'UZB', 'VUT', 'VEN', 'VNM', 'VGB', 'VIR', 'WLF', 'ESH', 'YEM', 'ZMB', 'ZWE')]
(Background on this error at: https://sqlalche.me/e/20/f405)"><![CDATA[Traceback (most recent call last):
  File "/usr/src/app/.venv/lib/python3.9/site-packages/sqlalchemy/engine/base.py", line 1971, in _exec_single_context
    self.dialect.do_execute(
  File "/usr/src/app/.venv/lib/python3.9/site-packages/sqlalchemy/engine/default.py", line 919, in do_execute
    cursor.execute(statement, parameters)
psycopg2.errors.DuplicateObject: type "project_country" already exists


The above exception was the direct cause of the following exception:

Traceback (most recent call last):
  File "/usr/src/app/tests/base_test.py", line 64, in setUp
    upgrade()
  File "/usr/src/app/.venv/lib/python3.9/site-packages/flask_migrate/__init__.py", line 111, in wrapped
    f(*args, **kwargs)
  File "/usr/src/app/.venv/lib/python3.9/site-packages/flask_migrate/__init__.py", line 200, in upgrade
    command.upgrade(config, revision, sql=sql, tag=tag)
  File "/usr/src/app/.venv/lib/python3.9/site-packages/alembic/command.py", line 403, in upgrade
    script.run_env()
  File "/usr/src/app/.venv/lib/python3.9/site-packages/alembic/script/base.py", line 583, in run_env
    util.load_python_file(self.dir, "env.py")
  File "/usr/src/app/.venv/lib/python3.9/site-packages/alembic/util/pyfiles.py", line 95, in load_python_file
    module = load_module_py(module_id, path)
  File "/usr/src/app/.venv/lib/python3.9/site-packages/alembic/util/pyfiles.py", line 113, in load_module_py
    spec.loader.exec_module(module)  # type: ignore
  File "<frozen importlib._bootstrap_external>", line 850, in exec_module
  File "<frozen importlib._bootstrap>", line 228, in _call_with_frames_removed
  File "migrations/env.py", line 113, in <module>
    run_migrations_online()
  File "migrations/env.py", line 107, in run_migrations_online
    context.run_migrations()
  File "<string>", line 8, in run_migrations
  File "/usr/src/app/.venv/lib/python3.9/site-packages/alembic/runtime/environment.py", line 948, in run_migrations
    self.get_context().run_migrations(**kw)
  File "/usr/src/app/.venv/lib/python3.9/site-packages/alembic/runtime/migration.py", line 627, in run_migrations
    step.migration_fn(**kw)
  File "/usr/src/app/migrations/versions/1af632eb25cf_.py", line 65, in upgrade
    op.create_table('projects',
  File "<string>", line 8, in create_table
  File "<string>", line 3, in create_table
  File "/usr/src/app/.venv/lib/python3.9/site-packages/alembic/operations/ops.py", line 1311, in create_table
    return operations.invoke(op)
  File "/usr/src/app/.venv/lib/python3.9/site-packages/alembic/operations/base.py", line 445, in invoke
    return fn(self, operation)
  File "/usr/src/app/.venv/lib/python3.9/site-packages/alembic/operations/toimpl.py", line 131, in create_table
    operations.impl.create_table(table)
  File "/usr/src/app/.venv/lib/python3.9/site-packages/alembic/ddl/impl.py", line 363, in create_table
    table.dispatch.before_create(
  File "/usr/src/app/.venv/lib/python3.9/site-packages/sqlalchemy/event/attr.py", line 497, in __call__
    fn(*args, **kw)
  File "/usr/src/app/.venv/lib/python3.9/site-packages/sqlalchemy/util/langhelpers.py", line 852, in __call__
    return getattr(self.target, self.name)(*arg, **kw)
  File "/usr/src/app/.venv/lib/python3.9/site-packages/sqlalchemy/sql/sqltypes.py", line 1120, in _on_table_create
    t._on_table_create(target, bind, **kw)
  File "/usr/src/app/.venv/lib/python3.9/site-packages/sqlalchemy/dialects/postgresql/named_types.py", line 98, in _on_table_create
    self.create(bind=bind, checkfirst=checkfirst)
  File "/usr/src/app/.venv/lib/python3.9/site-packages/sqlalchemy/dialects/postgresql/named_types.py", line 338, in create
    super().create(bind, checkfirst=checkfirst)
  File "/usr/src/app/.venv/lib/python3.9/site-packages/sqlalchemy/dialects/postgresql/named_types.py", line 51, in create
    bind._run_ddl_visitor(self.DDLGenerator, self, checkfirst=checkfirst)
  File "/usr/src/app/.venv/lib/python3.9/site-packages/sqlalchemy/engine/base.py", line 2461, in _run_ddl_visitor
    visitorcallable(self.dialect, self, **kwargs).traverse_single(element)
  File "/usr/src/app/.venv/lib/python3.9/site-packages/sqlalchemy/sql/visitors.py", line 664, in traverse_single
    return meth(obj, **kw)
  File "/usr/src/app/.venv/lib/python3.9/site-packages/sqlalchemy/dialects/postgresql/named_types.py", line 153, in visit_enum
    self.connection.execute(CreateEnumType(enum))
  File "/usr/src/app/.venv/lib/python3.9/site-packages/sqlalchemy/engine/base.py", line 1422, in execute
    return meth(
  File "/usr/src/app/.venv/lib/python3.9/site-packages/sqlalchemy/sql/ddl.py", line 180, in _execute_on_connection
    return connection._execute_ddl(
  File "/usr/src/app/.venv/lib/python3.9/site-packages/sqlalchemy/engine/base.py", line 1533, in _execute_ddl
    ret = self._execute_context(
  File "/usr/src/app/.venv/lib/python3.9/site-packages/sqlalchemy/engine/base.py", line 1850, in _execute_context
    return self._exec_single_context(
  File "/usr/src/app/.venv/lib/python3.9/site-packages/sqlalchemy/engine/base.py", line 1990, in _exec_single_context
    self._handle_dbapi_exception(
  File "/usr/src/app/.venv/lib/python3.9/site-packages/sqlalchemy/engine/base.py", line 2357, in _handle_dbapi_exception
    raise sqlalchemy_exception.with_traceback(exc_info[2]) from e
  File "/usr/src/app/.venv/lib/python3.9/site-packages/sqlalchemy/engine/base.py", line 1971, in _exec_single_context
    self.dialect.do_execute(
  File "/usr/src/app/.venv/lib/python3.9/site-packages/sqlalchemy/engine/default.py", line 919, in do_execute
    cursor.execute(statement, parameters)
sqlalchemy.exc.ProgrammingError: (psycopg2.errors.DuplicateObject) type "project_country" already exists

[SQL: CREATE TYPE project_country AS ENUM ('AFG', 'ALA', 'ALB', 'DZA', 'ASM', 'AND', 'AGO', 'AIA', 'ATA', 'ATG', 'ARG', 'ARM', 'ABW', 'AUS', 'AUT', 'AZE', 'BHS', 'BHR', 'BGD', 'BRB', 'BLR', 'BEL', 'BLZ', 'BEN', 'BMU', 'BTN', 'BOL', 'BES', 'BIH', 'BWA', 'BVT', 'BRA', 'IOT', 'BRN', 'BGR', 'BFA', 'BDI', 'KHM', 'CMR', 'CAN', 'CPV', 'CYM', 'CAF', 'TCD', 'CHL', 'CHN', 'CXR', 'CCK', 'COL', 'COM', 'COG', 'COD', 'COK', 'CRI', 'CIV', 'HRV', 'CUB', 'CUW', 'CYP', 'CZE', 'DNK', 'DJI', 'DMA', 'DOM', 'ECU', 'EGY', 'SLV', 'GNQ', 'ERI', 'EST', 'ETH', 'FLK', 'FRO', 'FJI', 'FIN', 'FRA', 'GUF', 'PYF', 'ATF', 'GAB', 'GMB', 'GEO', 'DEU', 'GHA', 'GIB', 'GRC', 'GRL', 'GRD', 'GLP', 'GUM', 'GTM', 'GGY', 'GIN', 'GNB', 'GUY', 'HTI', 'HMD', 'VAT', 'HND', 'HKG', 'HUN', 'ISL', 'IND', 'IDN', 'IRN', 'IRQ', 'IRL', 'IMN', 'ISR', 'ITA', 'JAM', 'JPN', 'JEY', 'JOR', 'KAZ', 'KEN', 'KIR', 'PRK', 'KOR', 'XKX', 'KWT', 'KGZ', 'LAO', 'LVA', 'LBN', 'LSO', 'LBR', 'LBY', 'LIE', 'LTU', 'LUX', 'MAC', 'MKD', 'MDG', 'MWI', 'MYS', 'MDV', 'MLI', 'MLT', 'MHL', 'MTQ', 'MRT', 'MUS', 'MYT', 'MEX', 'FSM', 'MDA', 'MCO', 'MNG', 'MNE', 'MSR', 'MAR', 'MOZ', 'MMR', 'NAM', 'NRU', 'NPL', 'NLD', 'NCL', 'NZL', 'NIC', 'NER', 'NGA', 'NIU', 'NFK', 'MNP', 'NOR', 'OMN', 'PAK', 'PLW', 'PSE', 'PAN', 'PNG', 'PRY', 'PER', 'PHL', 'PCN', 'POL', 'PRT', 'PRI', 'QAT', 'REU', 'ROU', 'RUS', 'RWA', 'BLM', 'SHN', 'KNA', 'LCA', 'MAF', 'SPM', 'VCT', 'WSM', 'SMR', 'STP', 'SAU', 'SEN', 'SRB', 'SYC', 'SLE', 'SGP', 'SXM', 'SVK', 'SVN', 'SLB', 'SOM', 'ZAF', 'SGS', 'SSD', 'ESP', 'LKA', 'SDN', 'SUR', 'SJM', 'SWZ', 'SWE', 'CHE', 'SYR', 'TWN', 'TJK', 'TZA', 'THA', 'TLS', 'TGO', 'TKL', 'TON', 'TTO', 'TUN', 'TUR', 'TKM', 'TCA', 'TUV', 'UGA', 'UKR', 'ARE', 'GBR', 'USA', 'UMI', 'URY', 'UZB', 'VUT', 'VEN', 'VNM', 'VGB', 'VIR', 'WLF', 'ESH', 'YEM', 'ZMB', 'ZWE')]
(Background on this error at: https://sqlalche.me/e/20/f405)
]]></error>
			<system-err><![CDATA[INFO  [alembic.runtime.migration] Context impl PostgresqlImpl.
INFO  [alembic.runtime.migration] Will assume transactional DDL.
INFO  [alembic.runtime.migration] Running upgrade  -> 1af632eb25cf, empty message
]]></system-err>
		</testcase>
		<testcase classname="test_resource_category_terms.CategoryTermsResourceTestCase" name="test_category_term_category_schemes" time="0.134" timestamp="2024-04-12T15:57:33" file="tests/test_resource_category_terms.py" line="743">
			<error type="ProgrammingError" message="(psycopg2.errors.DuplicateObject) type &quot;project_country&quot; already exists

[SQL: CREATE TYPE project_country AS ENUM ('AFG', 'ALA', 'ALB', 'DZA', 'ASM', 'AND', 'AGO', 'AIA', 'ATA', 'ATG', 'ARG', 'ARM', 'ABW', 'AUS', 'AUT', 'AZE', 'BHS', 'BHR', 'BGD', 'BRB', 'BLR', 'BEL', 'BLZ', 'BEN', 'BMU', 'BTN', 'BOL', 'BES', 'BIH', 'BWA', 'BVT', 'BRA', 'IOT', 'BRN', 'BGR', 'BFA', 'BDI', 'KHM', 'CMR', 'CAN', 'CPV', 'CYM', 'CAF', 'TCD', 'CHL', 'CHN', 'CXR', 'CCK', 'COL', 'COM', 'COG', 'COD', 'COK', 'CRI', 'CIV', 'HRV', 'CUB', 'CUW', 'CYP', 'CZE', 'DNK', 'DJI', 'DMA', 'DOM', 'ECU', 'EGY', 'SLV', 'GNQ', 'ERI', 'EST', 'ETH', 'FLK', 'FRO', 'FJI', 'FIN', 'FRA', 'GUF', 'PYF', 'ATF', 'GAB', 'GMB', 'GEO', 'DEU', 'GHA', 'GIB', 'GRC', 'GRL', 'GRD', 'GLP', 'GUM', 'GTM', 'GGY', 'GIN', 'GNB', 'GUY', 'HTI', 'HMD', 'VAT', 'HND', 'HKG', 'HUN', 'ISL', 'IND', 'IDN', 'IRN', 'IRQ', 'IRL', 'IMN', 'ISR', 'ITA', 'JAM', 'JPN', 'JEY', 'JOR', 'KAZ', 'KEN', 'KIR', 'PRK', 'KOR', 'XKX', 'KWT', 'KGZ', 'LAO', 'LVA', 'LBN', 'LSO', 'LBR', 'LBY', 'LIE', 'LTU', 'LUX', 'MAC', 'MKD', 'MDG', 'MWI', 'MYS', 'MDV', 'MLI', 'MLT', 'MHL', 'MTQ', 'MRT', 'MUS', 'MYT', 'MEX', 'FSM', 'MDA', 'MCO', 'MNG', 'MNE', 'MSR', 'MAR', 'MOZ', 'MMR', 'NAM', 'NRU', 'NPL', 'NLD', 'NCL', 'NZL', 'NIC', 'NER', 'NGA', 'NIU', 'NFK', 'MNP', 'NOR', 'OMN', 'PAK', 'PLW', 'PSE', 'PAN', 'PNG', 'PRY', 'PER', 'PHL', 'PCN', 'POL', 'PRT', 'PRI', 'QAT', 'REU', 'ROU', 'RUS', 'RWA', 'BLM', 'SHN', 'KNA', 'LCA', 'MAF', 'SPM', 'VCT', 'WSM', 'SMR', 'STP', 'SAU', 'SEN', 'SRB', 'SYC', 'SLE', 'SGP', 'SXM', 'SVK', 'SVN', 'SLB', 'SOM', 'ZAF', 'SGS', 'SSD', 'ESP', 'LKA', 'SDN', 'SUR', 'SJM', 'SWZ', 'SWE', 'CHE', 'SYR', 'TWN', 'TJK', 'TZA', 'THA', 'TLS', 'TGO', 'TKL', 'TON', 'TTO', 'TUN', 'TUR', 'TKM', 'TCA', 'TUV', 'UGA', 'UKR', 'ARE', 'GBR', 'USA', 'UMI', 'URY', 'UZB', 'VUT', 'VEN', 'VNM', 'VGB', 'VIR', 'WLF', 'ESH', 'YEM', 'ZMB', 'ZWE')]
(Background on this error at: https://sqlalche.me/e/20/f405)"><![CDATA[Traceback (most recent call last):
  File "/usr/src/app/.venv/lib/python3.9/site-packages/sqlalchemy/engine/base.py", line 1971, in _exec_single_context
    self.dialect.do_execute(
  File "/usr/src/app/.venv/lib/python3.9/site-packages/sqlalchemy/engine/default.py", line 919, in do_execute
    cursor.execute(statement, parameters)
psycopg2.errors.DuplicateObject: type "project_country" already exists


The above exception was the direct cause of the following exception:

Traceback (most recent call last):
  File "/usr/src/app/tests/base_test.py", line 64, in setUp
    upgrade()
  File "/usr/src/app/.venv/lib/python3.9/site-packages/flask_migrate/__init__.py", line 111, in wrapped
    f(*args, **kwargs)
  File "/usr/src/app/.venv/lib/python3.9/site-packages/flask_migrate/__init__.py", line 200, in upgrade
    command.upgrade(config, revision, sql=sql, tag=tag)
  File "/usr/src/app/.venv/lib/python3.9/site-packages/alembic/command.py", line 403, in upgrade
    script.run_env()
  File "/usr/src/app/.venv/lib/python3.9/site-packages/alembic/script/base.py", line 583, in run_env
    util.load_python_file(self.dir, "env.py")
  File "/usr/src/app/.venv/lib/python3.9/site-packages/alembic/util/pyfiles.py", line 95, in load_python_file
    module = load_module_py(module_id, path)
  File "/usr/src/app/.venv/lib/python3.9/site-packages/alembic/util/pyfiles.py", line 113, in load_module_py
    spec.loader.exec_module(module)  # type: ignore
  File "<frozen importlib._bootstrap_external>", line 850, in exec_module
  File "<frozen importlib._bootstrap>", line 228, in _call_with_frames_removed
  File "migrations/env.py", line 113, in <module>
    run_migrations_online()
  File "migrations/env.py", line 107, in run_migrations_online
    context.run_migrations()
  File "<string>", line 8, in run_migrations
  File "/usr/src/app/.venv/lib/python3.9/site-packages/alembic/runtime/environment.py", line 948, in run_migrations
    self.get_context().run_migrations(**kw)
  File "/usr/src/app/.venv/lib/python3.9/site-packages/alembic/runtime/migration.py", line 627, in run_migrations
    step.migration_fn(**kw)
  File "/usr/src/app/migrations/versions/1af632eb25cf_.py", line 65, in upgrade
    op.create_table('projects',
  File "<string>", line 8, in create_table
  File "<string>", line 3, in create_table
  File "/usr/src/app/.venv/lib/python3.9/site-packages/alembic/operations/ops.py", line 1311, in create_table
    return operations.invoke(op)
  File "/usr/src/app/.venv/lib/python3.9/site-packages/alembic/operations/base.py", line 445, in invoke
    return fn(self, operation)
  File "/usr/src/app/.venv/lib/python3.9/site-packages/alembic/operations/toimpl.py", line 131, in create_table
    operations.impl.create_table(table)
  File "/usr/src/app/.venv/lib/python3.9/site-packages/alembic/ddl/impl.py", line 363, in create_table
    table.dispatch.before_create(
  File "/usr/src/app/.venv/lib/python3.9/site-packages/sqlalchemy/event/attr.py", line 497, in __call__
    fn(*args, **kw)
  File "/usr/src/app/.venv/lib/python3.9/site-packages/sqlalchemy/util/langhelpers.py", line 852, in __call__
    return getattr(self.target, self.name)(*arg, **kw)
  File "/usr/src/app/.venv/lib/python3.9/site-packages/sqlalchemy/sql/sqltypes.py", line 1120, in _on_table_create
    t._on_table_create(target, bind, **kw)
  File "/usr/src/app/.venv/lib/python3.9/site-packages/sqlalchemy/dialects/postgresql/named_types.py", line 98, in _on_table_create
    self.create(bind=bind, checkfirst=checkfirst)
  File "/usr/src/app/.venv/lib/python3.9/site-packages/sqlalchemy/dialects/postgresql/named_types.py", line 338, in create
    super().create(bind, checkfirst=checkfirst)
  File "/usr/src/app/.venv/lib/python3.9/site-packages/sqlalchemy/dialects/postgresql/named_types.py", line 51, in create
    bind._run_ddl_visitor(self.DDLGenerator, self, checkfirst=checkfirst)
  File "/usr/src/app/.venv/lib/python3.9/site-packages/sqlalchemy/engine/base.py", line 2461, in _run_ddl_visitor
    visitorcallable(self.dialect, self, **kwargs).traverse_single(element)
  File "/usr/src/app/.venv/lib/python3.9/site-packages/sqlalchemy/sql/visitors.py", line 664, in traverse_single
    return meth(obj, **kw)
  File "/usr/src/app/.venv/lib/python3.9/site-packages/sqlalchemy/dialects/postgresql/named_types.py", line 153, in visit_enum
    self.connection.execute(CreateEnumType(enum))
  File "/usr/src/app/.venv/lib/python3.9/site-packages/sqlalchemy/engine/base.py", line 1422, in execute
    return meth(
  File "/usr/src/app/.venv/lib/python3.9/site-packages/sqlalchemy/sql/ddl.py", line 180, in _execute_on_connection
    return connection._execute_ddl(
  File "/usr/src/app/.venv/lib/python3.9/site-packages/sqlalchemy/engine/base.py", line 1533, in _execute_ddl
    ret = self._execute_context(
  File "/usr/src/app/.venv/lib/python3.9/site-packages/sqlalchemy/engine/base.py", line 1850, in _execute_context
    return self._exec_single_context(
  File "/usr/src/app/.venv/lib/python3.9/site-packages/sqlalchemy/engine/base.py", line 1990, in _exec_single_context
    self._handle_dbapi_exception(
  File "/usr/src/app/.venv/lib/python3.9/site-packages/sqlalchemy/engine/base.py", line 2357, in _handle_dbapi_exception
    raise sqlalchemy_exception.with_traceback(exc_info[2]) from e
  File "/usr/src/app/.venv/lib/python3.9/site-packages/sqlalchemy/engine/base.py", line 1971, in _exec_single_context
    self.dialect.do_execute(
  File "/usr/src/app/.venv/lib/python3.9/site-packages/sqlalchemy/engine/default.py", line 919, in do_execute
    cursor.execute(statement, parameters)
sqlalchemy.exc.ProgrammingError: (psycopg2.errors.DuplicateObject) type "project_country" already exists

[SQL: CREATE TYPE project_country AS ENUM ('AFG', 'ALA', 'ALB', 'DZA', 'ASM', 'AND', 'AGO', 'AIA', 'ATA', 'ATG', 'ARG', 'ARM', 'ABW', 'AUS', 'AUT', 'AZE', 'BHS', 'BHR', 'BGD', 'BRB', 'BLR', 'BEL', 'BLZ', 'BEN', 'BMU', 'BTN', 'BOL', 'BES', 'BIH', 'BWA', 'BVT', 'BRA', 'IOT', 'BRN', 'BGR', 'BFA', 'BDI', 'KHM', 'CMR', 'CAN', 'CPV', 'CYM', 'CAF', 'TCD', 'CHL', 'CHN', 'CXR', 'CCK', 'COL', 'COM', 'COG', 'COD', 'COK', 'CRI', 'CIV', 'HRV', 'CUB', 'CUW', 'CYP', 'CZE', 'DNK', 'DJI', 'DMA', 'DOM', 'ECU', 'EGY', 'SLV', 'GNQ', 'ERI', 'EST', 'ETH', 'FLK', 'FRO', 'FJI', 'FIN', 'FRA', 'GUF', 'PYF', 'ATF', 'GAB', 'GMB', 'GEO', 'DEU', 'GHA', 'GIB', 'GRC', 'GRL', 'GRD', 'GLP', 'GUM', 'GTM', 'GGY', 'GIN', 'GNB', 'GUY', 'HTI', 'HMD', 'VAT', 'HND', 'HKG', 'HUN', 'ISL', 'IND', 'IDN', 'IRN', 'IRQ', 'IRL', 'IMN', 'ISR', 'ITA', 'JAM', 'JPN', 'JEY', 'JOR', 'KAZ', 'KEN', 'KIR', 'PRK', 'KOR', 'XKX', 'KWT', 'KGZ', 'LAO', 'LVA', 'LBN', 'LSO', 'LBR', 'LBY', 'LIE', 'LTU', 'LUX', 'MAC', 'MKD', 'MDG', 'MWI', 'MYS', 'MDV', 'MLI', 'MLT', 'MHL', 'MTQ', 'MRT', 'MUS', 'MYT', 'MEX', 'FSM', 'MDA', 'MCO', 'MNG', 'MNE', 'MSR', 'MAR', 'MOZ', 'MMR', 'NAM', 'NRU', 'NPL', 'NLD', 'NCL', 'NZL', 'NIC', 'NER', 'NGA', 'NIU', 'NFK', 'MNP', 'NOR', 'OMN', 'PAK', 'PLW', 'PSE', 'PAN', 'PNG', 'PRY', 'PER', 'PHL', 'PCN', 'POL', 'PRT', 'PRI', 'QAT', 'REU', 'ROU', 'RUS', 'RWA', 'BLM', 'SHN', 'KNA', 'LCA', 'MAF', 'SPM', 'VCT', 'WSM', 'SMR', 'STP', 'SAU', 'SEN', 'SRB', 'SYC', 'SLE', 'SGP', 'SXM', 'SVK', 'SVN', 'SLB', 'SOM', 'ZAF', 'SGS', 'SSD', 'ESP', 'LKA', 'SDN', 'SUR', 'SJM', 'SWZ', 'SWE', 'CHE', 'SYR', 'TWN', 'TJK', 'TZA', 'THA', 'TLS', 'TGO', 'TKL', 'TON', 'TTO', 'TUN', 'TUR', 'TKM', 'TCA', 'TUV', 'UGA', 'UKR', 'ARE', 'GBR', 'USA', 'UMI', 'URY', 'UZB', 'VUT', 'VEN', 'VNM', 'VGB', 'VIR', 'WLF', 'ESH', 'YEM', 'ZMB', 'ZWE')]
(Background on this error at: https://sqlalche.me/e/20/f405)
]]></error>
			<system-err><![CDATA[INFO  [alembic.runtime.migration] Context impl PostgresqlImpl.
INFO  [alembic.runtime.migration] Will assume transactional DDL.
INFO  [alembic.runtime.migration] Running upgrade  -> 1af632eb25cf, empty message
]]></system-err>
		</testcase>
		<testcase classname="test_resource_category_terms.CategoryTermsResourceTestCase" name="test_category_term_detail" time="0.088" timestamp="2024-04-12T15:57:33" file="tests/test_resource_category_terms.py" line="252">
			<error type="ProgrammingError" message="(psycopg2.errors.DuplicateObject) type &quot;project_country&quot; already exists

[SQL: CREATE TYPE project_country AS ENUM ('AFG', 'ALA', 'ALB', 'DZA', 'ASM', 'AND', 'AGO', 'AIA', 'ATA', 'ATG', 'ARG', 'ARM', 'ABW', 'AUS', 'AUT', 'AZE', 'BHS', 'BHR', 'BGD', 'BRB', 'BLR', 'BEL', 'BLZ', 'BEN', 'BMU', 'BTN', 'BOL', 'BES', 'BIH', 'BWA', 'BVT', 'BRA', 'IOT', 'BRN', 'BGR', 'BFA', 'BDI', 'KHM', 'CMR', 'CAN', 'CPV', 'CYM', 'CAF', 'TCD', 'CHL', 'CHN', 'CXR', 'CCK', 'COL', 'COM', 'COG', 'COD', 'COK', 'CRI', 'CIV', 'HRV', 'CUB', 'CUW', 'CYP', 'CZE', 'DNK', 'DJI', 'DMA', 'DOM', 'ECU', 'EGY', 'SLV', 'GNQ', 'ERI', 'EST', 'ETH', 'FLK', 'FRO', 'FJI', 'FIN', 'FRA', 'GUF', 'PYF', 'ATF', 'GAB', 'GMB', 'GEO', 'DEU', 'GHA', 'GIB', 'GRC', 'GRL', 'GRD', 'GLP', 'GUM', 'GTM', 'GGY', 'GIN', 'GNB', 'GUY', 'HTI', 'HMD', 'VAT', 'HND', 'HKG', 'HUN', 'ISL', 'IND', 'IDN', 'IRN', 'IRQ', 'IRL', 'IMN', 'ISR', 'ITA', 'JAM', 'JPN', 'JEY', 'JOR', 'KAZ', 'KEN', 'KIR', 'PRK', 'KOR', 'XKX', 'KWT', 'KGZ', 'LAO', 'LVA', 'LBN', 'LSO', 'LBR', 'LBY', 'LIE', 'LTU', 'LUX', 'MAC', 'MKD', 'MDG', 'MWI', 'MYS', 'MDV', 'MLI', 'MLT', 'MHL', 'MTQ', 'MRT', 'MUS', 'MYT', 'MEX', 'FSM', 'MDA', 'MCO', 'MNG', 'MNE', 'MSR', 'MAR', 'MOZ', 'MMR', 'NAM', 'NRU', 'NPL', 'NLD', 'NCL', 'NZL', 'NIC', 'NER', 'NGA', 'NIU', 'NFK', 'MNP', 'NOR', 'OMN', 'PAK', 'PLW', 'PSE', 'PAN', 'PNG', 'PRY', 'PER', 'PHL', 'PCN', 'POL', 'PRT', 'PRI', 'QAT', 'REU', 'ROU', 'RUS', 'RWA', 'BLM', 'SHN', 'KNA', 'LCA', 'MAF', 'SPM', 'VCT', 'WSM', 'SMR', 'STP', 'SAU', 'SEN', 'SRB', 'SYC', 'SLE', 'SGP', 'SXM', 'SVK', 'SVN', 'SLB', 'SOM', 'ZAF', 'SGS', 'SSD', 'ESP', 'LKA', 'SDN', 'SUR', 'SJM', 'SWZ', 'SWE', 'CHE', 'SYR', 'TWN', 'TJK', 'TZA', 'THA', 'TLS', 'TGO', 'TKL', 'TON', 'TTO', 'TUN', 'TUR', 'TKM', 'TCA', 'TUV', 'UGA', 'UKR', 'ARE', 'GBR', 'USA', 'UMI', 'URY', 'UZB', 'VUT', 'VEN', 'VNM', 'VGB', 'VIR', 'WLF', 'ESH', 'YEM', 'ZMB', 'ZWE')]
(Background on this error at: https://sqlalche.me/e/20/f405)"><![CDATA[Traceback (most recent call last):
  File "/usr/src/app/.venv/lib/python3.9/site-packages/sqlalchemy/engine/base.py", line 1971, in _exec_single_context
    self.dialect.do_execute(
  File "/usr/src/app/.venv/lib/python3.9/site-packages/sqlalchemy/engine/default.py", line 919, in do_execute
    cursor.execute(statement, parameters)
psycopg2.errors.DuplicateObject: type "project_country" already exists


The above exception was the direct cause of the following exception:

Traceback (most recent call last):
  File "/usr/src/app/tests/base_test.py", line 64, in setUp
    upgrade()
  File "/usr/src/app/.venv/lib/python3.9/site-packages/flask_migrate/__init__.py", line 111, in wrapped
    f(*args, **kwargs)
  File "/usr/src/app/.venv/lib/python3.9/site-packages/flask_migrate/__init__.py", line 200, in upgrade
    command.upgrade(config, revision, sql=sql, tag=tag)
  File "/usr/src/app/.venv/lib/python3.9/site-packages/alembic/command.py", line 403, in upgrade
    script.run_env()
  File "/usr/src/app/.venv/lib/python3.9/site-packages/alembic/script/base.py", line 583, in run_env
    util.load_python_file(self.dir, "env.py")
  File "/usr/src/app/.venv/lib/python3.9/site-packages/alembic/util/pyfiles.py", line 95, in load_python_file
    module = load_module_py(module_id, path)
  File "/usr/src/app/.venv/lib/python3.9/site-packages/alembic/util/pyfiles.py", line 113, in load_module_py
    spec.loader.exec_module(module)  # type: ignore
  File "<frozen importlib._bootstrap_external>", line 850, in exec_module
  File "<frozen importlib._bootstrap>", line 228, in _call_with_frames_removed
  File "migrations/env.py", line 113, in <module>
    run_migrations_online()
  File "migrations/env.py", line 107, in run_migrations_online
    context.run_migrations()
  File "<string>", line 8, in run_migrations
  File "/usr/src/app/.venv/lib/python3.9/site-packages/alembic/runtime/environment.py", line 948, in run_migrations
    self.get_context().run_migrations(**kw)
  File "/usr/src/app/.venv/lib/python3.9/site-packages/alembic/runtime/migration.py", line 627, in run_migrations
    step.migration_fn(**kw)
  File "/usr/src/app/migrations/versions/1af632eb25cf_.py", line 65, in upgrade
    op.create_table('projects',
  File "<string>", line 8, in create_table
  File "<string>", line 3, in create_table
  File "/usr/src/app/.venv/lib/python3.9/site-packages/alembic/operations/ops.py", line 1311, in create_table
    return operations.invoke(op)
  File "/usr/src/app/.venv/lib/python3.9/site-packages/alembic/operations/base.py", line 445, in invoke
    return fn(self, operation)
  File "/usr/src/app/.venv/lib/python3.9/site-packages/alembic/operations/toimpl.py", line 131, in create_table
    operations.impl.create_table(table)
  File "/usr/src/app/.venv/lib/python3.9/site-packages/alembic/ddl/impl.py", line 363, in create_table
    table.dispatch.before_create(
  File "/usr/src/app/.venv/lib/python3.9/site-packages/sqlalchemy/event/attr.py", line 497, in __call__
    fn(*args, **kw)
  File "/usr/src/app/.venv/lib/python3.9/site-packages/sqlalchemy/util/langhelpers.py", line 852, in __call__
    return getattr(self.target, self.name)(*arg, **kw)
  File "/usr/src/app/.venv/lib/python3.9/site-packages/sqlalchemy/sql/sqltypes.py", line 1120, in _on_table_create
    t._on_table_create(target, bind, **kw)
  File "/usr/src/app/.venv/lib/python3.9/site-packages/sqlalchemy/dialects/postgresql/named_types.py", line 98, in _on_table_create
    self.create(bind=bind, checkfirst=checkfirst)
  File "/usr/src/app/.venv/lib/python3.9/site-packages/sqlalchemy/dialects/postgresql/named_types.py", line 338, in create
    super().create(bind, checkfirst=checkfirst)
  File "/usr/src/app/.venv/lib/python3.9/site-packages/sqlalchemy/dialects/postgresql/named_types.py", line 51, in create
    bind._run_ddl_visitor(self.DDLGenerator, self, checkfirst=checkfirst)
  File "/usr/src/app/.venv/lib/python3.9/site-packages/sqlalchemy/engine/base.py", line 2461, in _run_ddl_visitor
    visitorcallable(self.dialect, self, **kwargs).traverse_single(element)
  File "/usr/src/app/.venv/lib/python3.9/site-packages/sqlalchemy/sql/visitors.py", line 664, in traverse_single
    return meth(obj, **kw)
  File "/usr/src/app/.venv/lib/python3.9/site-packages/sqlalchemy/dialects/postgresql/named_types.py", line 153, in visit_enum
    self.connection.execute(CreateEnumType(enum))
  File "/usr/src/app/.venv/lib/python3.9/site-packages/sqlalchemy/engine/base.py", line 1422, in execute
    return meth(
  File "/usr/src/app/.venv/lib/python3.9/site-packages/sqlalchemy/sql/ddl.py", line 180, in _execute_on_connection
    return connection._execute_ddl(
  File "/usr/src/app/.venv/lib/python3.9/site-packages/sqlalchemy/engine/base.py", line 1533, in _execute_ddl
    ret = self._execute_context(
  File "/usr/src/app/.venv/lib/python3.9/site-packages/sqlalchemy/engine/base.py", line 1850, in _execute_context
    return self._exec_single_context(
  File "/usr/src/app/.venv/lib/python3.9/site-packages/sqlalchemy/engine/base.py", line 1990, in _exec_single_context
    self._handle_dbapi_exception(
  File "/usr/src/app/.venv/lib/python3.9/site-packages/sqlalchemy/engine/base.py", line 2357, in _handle_dbapi_exception
    raise sqlalchemy_exception.with_traceback(exc_info[2]) from e
  File "/usr/src/app/.venv/lib/python3.9/site-packages/sqlalchemy/engine/base.py", line 1971, in _exec_single_context
    self.dialect.do_execute(
  File "/usr/src/app/.venv/lib/python3.9/site-packages/sqlalchemy/engine/default.py", line 919, in do_execute
    cursor.execute(statement, parameters)
sqlalchemy.exc.ProgrammingError: (psycopg2.errors.DuplicateObject) type "project_country" already exists

[SQL: CREATE TYPE project_country AS ENUM ('AFG', 'ALA', 'ALB', 'DZA', 'ASM', 'AND', 'AGO', 'AIA', 'ATA', 'ATG', 'ARG', 'ARM', 'ABW', 'AUS', 'AUT', 'AZE', 'BHS', 'BHR', 'BGD', 'BRB', 'BLR', 'BEL', 'BLZ', 'BEN', 'BMU', 'BTN', 'BOL', 'BES', 'BIH', 'BWA', 'BVT', 'BRA', 'IOT', 'BRN', 'BGR', 'BFA', 'BDI', 'KHM', 'CMR', 'CAN', 'CPV', 'CYM', 'CAF', 'TCD', 'CHL', 'CHN', 'CXR', 'CCK', 'COL', 'COM', 'COG', 'COD', 'COK', 'CRI', 'CIV', 'HRV', 'CUB', 'CUW', 'CYP', 'CZE', 'DNK', 'DJI', 'DMA', 'DOM', 'ECU', 'EGY', 'SLV', 'GNQ', 'ERI', 'EST', 'ETH', 'FLK', 'FRO', 'FJI', 'FIN', 'FRA', 'GUF', 'PYF', 'ATF', 'GAB', 'GMB', 'GEO', 'DEU', 'GHA', 'GIB', 'GRC', 'GRL', 'GRD', 'GLP', 'GUM', 'GTM', 'GGY', 'GIN', 'GNB', 'GUY', 'HTI', 'HMD', 'VAT', 'HND', 'HKG', 'HUN', 'ISL', 'IND', 'IDN', 'IRN', 'IRQ', 'IRL', 'IMN', 'ISR', 'ITA', 'JAM', 'JPN', 'JEY', 'JOR', 'KAZ', 'KEN', 'KIR', 'PRK', 'KOR', 'XKX', 'KWT', 'KGZ', 'LAO', 'LVA', 'LBN', 'LSO', 'LBR', 'LBY', 'LIE', 'LTU', 'LUX', 'MAC', 'MKD', 'MDG', 'MWI', 'MYS', 'MDV', 'MLI', 'MLT', 'MHL', 'MTQ', 'MRT', 'MUS', 'MYT', 'MEX', 'FSM', 'MDA', 'MCO', 'MNG', 'MNE', 'MSR', 'MAR', 'MOZ', 'MMR', 'NAM', 'NRU', 'NPL', 'NLD', 'NCL', 'NZL', 'NIC', 'NER', 'NGA', 'NIU', 'NFK', 'MNP', 'NOR', 'OMN', 'PAK', 'PLW', 'PSE', 'PAN', 'PNG', 'PRY', 'PER', 'PHL', 'PCN', 'POL', 'PRT', 'PRI', 'QAT', 'REU', 'ROU', 'RUS', 'RWA', 'BLM', 'SHN', 'KNA', 'LCA', 'MAF', 'SPM', 'VCT', 'WSM', 'SMR', 'STP', 'SAU', 'SEN', 'SRB', 'SYC', 'SLE', 'SGP', 'SXM', 'SVK', 'SVN', 'SLB', 'SOM', 'ZAF', 'SGS', 'SSD', 'ESP', 'LKA', 'SDN', 'SUR', 'SJM', 'SWZ', 'SWE', 'CHE', 'SYR', 'TWN', 'TJK', 'TZA', 'THA', 'TLS', 'TGO', 'TKL', 'TON', 'TTO', 'TUN', 'TUR', 'TKM', 'TCA', 'TUV', 'UGA', 'UKR', 'ARE', 'GBR', 'USA', 'UMI', 'URY', 'UZB', 'VUT', 'VEN', 'VNM', 'VGB', 'VIR', 'WLF', 'ESH', 'YEM', 'ZMB', 'ZWE')]
(Background on this error at: https://sqlalche.me/e/20/f405)
]]></error>
			<system-err><![CDATA[INFO  [alembic.runtime.migration] Context impl PostgresqlImpl.
INFO  [alembic.runtime.migration] Will assume transactional DDL.
INFO  [alembic.runtime.migration] Running upgrade  -> 1af632eb25cf, empty message
]]></system-err>
		</testcase>
		<testcase classname="test_resource_category_terms.CategoryTermsResourceTestCase" name="test_category_term_list" time="0.164" timestamp="2024-04-12T15:57:33" file="tests/test_resource_category_terms.py" line="9">
			<error type="ProgrammingError" message="(psycopg2.errors.DuplicateObject) type &quot;project_country&quot; already exists

[SQL: CREATE TYPE project_country AS ENUM ('AFG', 'ALA', 'ALB', 'DZA', 'ASM', 'AND', 'AGO', 'AIA', 'ATA', 'ATG', 'ARG', 'ARM', 'ABW', 'AUS', 'AUT', 'AZE', 'BHS', 'BHR', 'BGD', 'BRB', 'BLR', 'BEL', 'BLZ', 'BEN', 'BMU', 'BTN', 'BOL', 'BES', 'BIH', 'BWA', 'BVT', 'BRA', 'IOT', 'BRN', 'BGR', 'BFA', 'BDI', 'KHM', 'CMR', 'CAN', 'CPV', 'CYM', 'CAF', 'TCD', 'CHL', 'CHN', 'CXR', 'CCK', 'COL', 'COM', 'COG', 'COD', 'COK', 'CRI', 'CIV', 'HRV', 'CUB', 'CUW', 'CYP', 'CZE', 'DNK', 'DJI', 'DMA', 'DOM', 'ECU', 'EGY', 'SLV', 'GNQ', 'ERI', 'EST', 'ETH', 'FLK', 'FRO', 'FJI', 'FIN', 'FRA', 'GUF', 'PYF', 'ATF', 'GAB', 'GMB', 'GEO', 'DEU', 'GHA', 'GIB', 'GRC', 'GRL', 'GRD', 'GLP', 'GUM', 'GTM', 'GGY', 'GIN', 'GNB', 'GUY', 'HTI', 'HMD', 'VAT', 'HND', 'HKG', 'HUN', 'ISL', 'IND', 'IDN', 'IRN', 'IRQ', 'IRL', 'IMN', 'ISR', 'ITA', 'JAM', 'JPN', 'JEY', 'JOR', 'KAZ', 'KEN', 'KIR', 'PRK', 'KOR', 'XKX', 'KWT', 'KGZ', 'LAO', 'LVA', 'LBN', 'LSO', 'LBR', 'LBY', 'LIE', 'LTU', 'LUX', 'MAC', 'MKD', 'MDG', 'MWI', 'MYS', 'MDV', 'MLI', 'MLT', 'MHL', 'MTQ', 'MRT', 'MUS', 'MYT', 'MEX', 'FSM', 'MDA', 'MCO', 'MNG', 'MNE', 'MSR', 'MAR', 'MOZ', 'MMR', 'NAM', 'NRU', 'NPL', 'NLD', 'NCL', 'NZL', 'NIC', 'NER', 'NGA', 'NIU', 'NFK', 'MNP', 'NOR', 'OMN', 'PAK', 'PLW', 'PSE', 'PAN', 'PNG', 'PRY', 'PER', 'PHL', 'PCN', 'POL', 'PRT', 'PRI', 'QAT', 'REU', 'ROU', 'RUS', 'RWA', 'BLM', 'SHN', 'KNA', 'LCA', 'MAF', 'SPM', 'VCT', 'WSM', 'SMR', 'STP', 'SAU', 'SEN', 'SRB', 'SYC', 'SLE', 'SGP', 'SXM', 'SVK', 'SVN', 'SLB', 'SOM', 'ZAF', 'SGS', 'SSD', 'ESP', 'LKA', 'SDN', 'SUR', 'SJM', 'SWZ', 'SWE', 'CHE', 'SYR', 'TWN', 'TJK', 'TZA', 'THA', 'TLS', 'TGO', 'TKL', 'TON', 'TTO', 'TUN', 'TUR', 'TKM', 'TCA', 'TUV', 'UGA', 'UKR', 'ARE', 'GBR', 'USA', 'UMI', 'URY', 'UZB', 'VUT', 'VEN', 'VNM', 'VGB', 'VIR', 'WLF', 'ESH', 'YEM', 'ZMB', 'ZWE')]
(Background on this error at: https://sqlalche.me/e/20/f405)"><![CDATA[Traceback (most recent call last):
  File "/usr/src/app/.venv/lib/python3.9/site-packages/sqlalchemy/engine/base.py", line 1971, in _exec_single_context
    self.dialect.do_execute(
  File "/usr/src/app/.venv/lib/python3.9/site-packages/sqlalchemy/engine/default.py", line 919, in do_execute
    cursor.execute(statement, parameters)
psycopg2.errors.DuplicateObject: type "project_country" already exists


The above exception was the direct cause of the following exception:

Traceback (most recent call last):
  File "/usr/src/app/tests/base_test.py", line 64, in setUp
    upgrade()
  File "/usr/src/app/.venv/lib/python3.9/site-packages/flask_migrate/__init__.py", line 111, in wrapped
    f(*args, **kwargs)
  File "/usr/src/app/.venv/lib/python3.9/site-packages/flask_migrate/__init__.py", line 200, in upgrade
    command.upgrade(config, revision, sql=sql, tag=tag)
  File "/usr/src/app/.venv/lib/python3.9/site-packages/alembic/command.py", line 403, in upgrade
    script.run_env()
  File "/usr/src/app/.venv/lib/python3.9/site-packages/alembic/script/base.py", line 583, in run_env
    util.load_python_file(self.dir, "env.py")
  File "/usr/src/app/.venv/lib/python3.9/site-packages/alembic/util/pyfiles.py", line 95, in load_python_file
    module = load_module_py(module_id, path)
  File "/usr/src/app/.venv/lib/python3.9/site-packages/alembic/util/pyfiles.py", line 113, in load_module_py
    spec.loader.exec_module(module)  # type: ignore
  File "<frozen importlib._bootstrap_external>", line 850, in exec_module
  File "<frozen importlib._bootstrap>", line 228, in _call_with_frames_removed
  File "migrations/env.py", line 113, in <module>
    run_migrations_online()
  File "migrations/env.py", line 107, in run_migrations_online
    context.run_migrations()
  File "<string>", line 8, in run_migrations
  File "/usr/src/app/.venv/lib/python3.9/site-packages/alembic/runtime/environment.py", line 948, in run_migrations
    self.get_context().run_migrations(**kw)
  File "/usr/src/app/.venv/lib/python3.9/site-packages/alembic/runtime/migration.py", line 627, in run_migrations
    step.migration_fn(**kw)
  File "/usr/src/app/migrations/versions/1af632eb25cf_.py", line 65, in upgrade
    op.create_table('projects',
  File "<string>", line 8, in create_table
  File "<string>", line 3, in create_table
  File "/usr/src/app/.venv/lib/python3.9/site-packages/alembic/operations/ops.py", line 1311, in create_table
    return operations.invoke(op)
  File "/usr/src/app/.venv/lib/python3.9/site-packages/alembic/operations/base.py", line 445, in invoke
    return fn(self, operation)
  File "/usr/src/app/.venv/lib/python3.9/site-packages/alembic/operations/toimpl.py", line 131, in create_table
    operations.impl.create_table(table)
  File "/usr/src/app/.venv/lib/python3.9/site-packages/alembic/ddl/impl.py", line 363, in create_table
    table.dispatch.before_create(
  File "/usr/src/app/.venv/lib/python3.9/site-packages/sqlalchemy/event/attr.py", line 497, in __call__
    fn(*args, **kw)
  File "/usr/src/app/.venv/lib/python3.9/site-packages/sqlalchemy/util/langhelpers.py", line 852, in __call__
    return getattr(self.target, self.name)(*arg, **kw)
  File "/usr/src/app/.venv/lib/python3.9/site-packages/sqlalchemy/sql/sqltypes.py", line 1120, in _on_table_create
    t._on_table_create(target, bind, **kw)
  File "/usr/src/app/.venv/lib/python3.9/site-packages/sqlalchemy/dialects/postgresql/named_types.py", line 98, in _on_table_create
    self.create(bind=bind, checkfirst=checkfirst)
  File "/usr/src/app/.venv/lib/python3.9/site-packages/sqlalchemy/dialects/postgresql/named_types.py", line 338, in create
    super().create(bind, checkfirst=checkfirst)
  File "/usr/src/app/.venv/lib/python3.9/site-packages/sqlalchemy/dialects/postgresql/named_types.py", line 51, in create
    bind._run_ddl_visitor(self.DDLGenerator, self, checkfirst=checkfirst)
  File "/usr/src/app/.venv/lib/python3.9/site-packages/sqlalchemy/engine/base.py", line 2461, in _run_ddl_visitor
    visitorcallable(self.dialect, self, **kwargs).traverse_single(element)
  File "/usr/src/app/.venv/lib/python3.9/site-packages/sqlalchemy/sql/visitors.py", line 664, in traverse_single
    return meth(obj, **kw)
  File "/usr/src/app/.venv/lib/python3.9/site-packages/sqlalchemy/dialects/postgresql/named_types.py", line 153, in visit_enum
    self.connection.execute(CreateEnumType(enum))
  File "/usr/src/app/.venv/lib/python3.9/site-packages/sqlalchemy/engine/base.py", line 1422, in execute
    return meth(
  File "/usr/src/app/.venv/lib/python3.9/site-packages/sqlalchemy/sql/ddl.py", line 180, in _execute_on_connection
    return connection._execute_ddl(
  File "/usr/src/app/.venv/lib/python3.9/site-packages/sqlalchemy/engine/base.py", line 1533, in _execute_ddl
    ret = self._execute_context(
  File "/usr/src/app/.venv/lib/python3.9/site-packages/sqlalchemy/engine/base.py", line 1850, in _execute_context
    return self._exec_single_context(
  File "/usr/src/app/.venv/lib/python3.9/site-packages/sqlalchemy/engine/base.py", line 1990, in _exec_single_context
    self._handle_dbapi_exception(
  File "/usr/src/app/.venv/lib/python3.9/site-packages/sqlalchemy/engine/base.py", line 2357, in _handle_dbapi_exception
    raise sqlalchemy_exception.with_traceback(exc_info[2]) from e
  File "/usr/src/app/.venv/lib/python3.9/site-packages/sqlalchemy/engine/base.py", line 1971, in _exec_single_context
    self.dialect.do_execute(
  File "/usr/src/app/.venv/lib/python3.9/site-packages/sqlalchemy/engine/default.py", line 919, in do_execute
    cursor.execute(statement, parameters)
sqlalchemy.exc.ProgrammingError: (psycopg2.errors.DuplicateObject) type "project_country" already exists

[SQL: CREATE TYPE project_country AS ENUM ('AFG', 'ALA', 'ALB', 'DZA', 'ASM', 'AND', 'AGO', 'AIA', 'ATA', 'ATG', 'ARG', 'ARM', 'ABW', 'AUS', 'AUT', 'AZE', 'BHS', 'BHR', 'BGD', 'BRB', 'BLR', 'BEL', 'BLZ', 'BEN', 'BMU', 'BTN', 'BOL', 'BES', 'BIH', 'BWA', 'BVT', 'BRA', 'IOT', 'BRN', 'BGR', 'BFA', 'BDI', 'KHM', 'CMR', 'CAN', 'CPV', 'CYM', 'CAF', 'TCD', 'CHL', 'CHN', 'CXR', 'CCK', 'COL', 'COM', 'COG', 'COD', 'COK', 'CRI', 'CIV', 'HRV', 'CUB', 'CUW', 'CYP', 'CZE', 'DNK', 'DJI', 'DMA', 'DOM', 'ECU', 'EGY', 'SLV', 'GNQ', 'ERI', 'EST', 'ETH', 'FLK', 'FRO', 'FJI', 'FIN', 'FRA', 'GUF', 'PYF', 'ATF', 'GAB', 'GMB', 'GEO', 'DEU', 'GHA', 'GIB', 'GRC', 'GRL', 'GRD', 'GLP', 'GUM', 'GTM', 'GGY', 'GIN', 'GNB', 'GUY', 'HTI', 'HMD', 'VAT', 'HND', 'HKG', 'HUN', 'ISL', 'IND', 'IDN', 'IRN', 'IRQ', 'IRL', 'IMN', 'ISR', 'ITA', 'JAM', 'JPN', 'JEY', 'JOR', 'KAZ', 'KEN', 'KIR', 'PRK', 'KOR', 'XKX', 'KWT', 'KGZ', 'LAO', 'LVA', 'LBN', 'LSO', 'LBR', 'LBY', 'LIE', 'LTU', 'LUX', 'MAC', 'MKD', 'MDG', 'MWI', 'MYS', 'MDV', 'MLI', 'MLT', 'MHL', 'MTQ', 'MRT', 'MUS', 'MYT', 'MEX', 'FSM', 'MDA', 'MCO', 'MNG', 'MNE', 'MSR', 'MAR', 'MOZ', 'MMR', 'NAM', 'NRU', 'NPL', 'NLD', 'NCL', 'NZL', 'NIC', 'NER', 'NGA', 'NIU', 'NFK', 'MNP', 'NOR', 'OMN', 'PAK', 'PLW', 'PSE', 'PAN', 'PNG', 'PRY', 'PER', 'PHL', 'PCN', 'POL', 'PRT', 'PRI', 'QAT', 'REU', 'ROU', 'RUS', 'RWA', 'BLM', 'SHN', 'KNA', 'LCA', 'MAF', 'SPM', 'VCT', 'WSM', 'SMR', 'STP', 'SAU', 'SEN', 'SRB', 'SYC', 'SLE', 'SGP', 'SXM', 'SVK', 'SVN', 'SLB', 'SOM', 'ZAF', 'SGS', 'SSD', 'ESP', 'LKA', 'SDN', 'SUR', 'SJM', 'SWZ', 'SWE', 'CHE', 'SYR', 'TWN', 'TJK', 'TZA', 'THA', 'TLS', 'TGO', 'TKL', 'TON', 'TTO', 'TUN', 'TUR', 'TKM', 'TCA', 'TUV', 'UGA', 'UKR', 'ARE', 'GBR', 'USA', 'UMI', 'URY', 'UZB', 'VUT', 'VEN', 'VNM', 'VGB', 'VIR', 'WLF', 'ESH', 'YEM', 'ZMB', 'ZWE')]
(Background on this error at: https://sqlalche.me/e/20/f405)
]]></error>
			<system-err><![CDATA[INFO  [alembic.runtime.migration] Context impl PostgresqlImpl.
INFO  [alembic.runtime.migration] Will assume transactional DDL.
INFO  [alembic.runtime.migration] Running upgrade  -> 1af632eb25cf, empty message
]]></system-err>
		</testcase>
		<testcase classname="test_resource_category_terms.CategoryTermsResourceTestCase" name="test_category_term_parent_category_terms" time="0.114" timestamp="2024-04-12T15:57:33" file="tests/test_resource_category_terms.py" line="667">
			<error type="ProgrammingError" message="(psycopg2.errors.DuplicateObject) type &quot;project_country&quot; already exists

[SQL: CREATE TYPE project_country AS ENUM ('AFG', 'ALA', 'ALB', 'DZA', 'ASM', 'AND', 'AGO', 'AIA', 'ATA', 'ATG', 'ARG', 'ARM', 'ABW', 'AUS', 'AUT', 'AZE', 'BHS', 'BHR', 'BGD', 'BRB', 'BLR', 'BEL', 'BLZ', 'BEN', 'BMU', 'BTN', 'BOL', 'BES', 'BIH', 'BWA', 'BVT', 'BRA', 'IOT', 'BRN', 'BGR', 'BFA', 'BDI', 'KHM', 'CMR', 'CAN', 'CPV', 'CYM', 'CAF', 'TCD', 'CHL', 'CHN', 'CXR', 'CCK', 'COL', 'COM', 'COG', 'COD', 'COK', 'CRI', 'CIV', 'HRV', 'CUB', 'CUW', 'CYP', 'CZE', 'DNK', 'DJI', 'DMA', 'DOM', 'ECU', 'EGY', 'SLV', 'GNQ', 'ERI', 'EST', 'ETH', 'FLK', 'FRO', 'FJI', 'FIN', 'FRA', 'GUF', 'PYF', 'ATF', 'GAB', 'GMB', 'GEO', 'DEU', 'GHA', 'GIB', 'GRC', 'GRL', 'GRD', 'GLP', 'GUM', 'GTM', 'GGY', 'GIN', 'GNB', 'GUY', 'HTI', 'HMD', 'VAT', 'HND', 'HKG', 'HUN', 'ISL', 'IND', 'IDN', 'IRN', 'IRQ', 'IRL', 'IMN', 'ISR', 'ITA', 'JAM', 'JPN', 'JEY', 'JOR', 'KAZ', 'KEN', 'KIR', 'PRK', 'KOR', 'XKX', 'KWT', 'KGZ', 'LAO', 'LVA', 'LBN', 'LSO', 'LBR', 'LBY', 'LIE', 'LTU', 'LUX', 'MAC', 'MKD', 'MDG', 'MWI', 'MYS', 'MDV', 'MLI', 'MLT', 'MHL', 'MTQ', 'MRT', 'MUS', 'MYT', 'MEX', 'FSM', 'MDA', 'MCO', 'MNG', 'MNE', 'MSR', 'MAR', 'MOZ', 'MMR', 'NAM', 'NRU', 'NPL', 'NLD', 'NCL', 'NZL', 'NIC', 'NER', 'NGA', 'NIU', 'NFK', 'MNP', 'NOR', 'OMN', 'PAK', 'PLW', 'PSE', 'PAN', 'PNG', 'PRY', 'PER', 'PHL', 'PCN', 'POL', 'PRT', 'PRI', 'QAT', 'REU', 'ROU', 'RUS', 'RWA', 'BLM', 'SHN', 'KNA', 'LCA', 'MAF', 'SPM', 'VCT', 'WSM', 'SMR', 'STP', 'SAU', 'SEN', 'SRB', 'SYC', 'SLE', 'SGP', 'SXM', 'SVK', 'SVN', 'SLB', 'SOM', 'ZAF', 'SGS', 'SSD', 'ESP', 'LKA', 'SDN', 'SUR', 'SJM', 'SWZ', 'SWE', 'CHE', 'SYR', 'TWN', 'TJK', 'TZA', 'THA', 'TLS', 'TGO', 'TKL', 'TON', 'TTO', 'TUN', 'TUR', 'TKM', 'TCA', 'TUV', 'UGA', 'UKR', 'ARE', 'GBR', 'USA', 'UMI', 'URY', 'UZB', 'VUT', 'VEN', 'VNM', 'VGB', 'VIR', 'WLF', 'ESH', 'YEM', 'ZMB', 'ZWE')]
(Background on this error at: https://sqlalche.me/e/20/f405)"><![CDATA[Traceback (most recent call last):
  File "/usr/src/app/.venv/lib/python3.9/site-packages/sqlalchemy/engine/base.py", line 1971, in _exec_single_context
    self.dialect.do_execute(
  File "/usr/src/app/.venv/lib/python3.9/site-packages/sqlalchemy/engine/default.py", line 919, in do_execute
    cursor.execute(statement, parameters)
psycopg2.errors.DuplicateObject: type "project_country" already exists


The above exception was the direct cause of the following exception:

Traceback (most recent call last):
  File "/usr/src/app/tests/base_test.py", line 64, in setUp
    upgrade()
  File "/usr/src/app/.venv/lib/python3.9/site-packages/flask_migrate/__init__.py", line 111, in wrapped
    f(*args, **kwargs)
  File "/usr/src/app/.venv/lib/python3.9/site-packages/flask_migrate/__init__.py", line 200, in upgrade
    command.upgrade(config, revision, sql=sql, tag=tag)
  File "/usr/src/app/.venv/lib/python3.9/site-packages/alembic/command.py", line 403, in upgrade
    script.run_env()
  File "/usr/src/app/.venv/lib/python3.9/site-packages/alembic/script/base.py", line 583, in run_env
    util.load_python_file(self.dir, "env.py")
  File "/usr/src/app/.venv/lib/python3.9/site-packages/alembic/util/pyfiles.py", line 95, in load_python_file
    module = load_module_py(module_id, path)
  File "/usr/src/app/.venv/lib/python3.9/site-packages/alembic/util/pyfiles.py", line 113, in load_module_py
    spec.loader.exec_module(module)  # type: ignore
  File "<frozen importlib._bootstrap_external>", line 850, in exec_module
  File "<frozen importlib._bootstrap>", line 228, in _call_with_frames_removed
  File "migrations/env.py", line 113, in <module>
    run_migrations_online()
  File "migrations/env.py", line 107, in run_migrations_online
    context.run_migrations()
  File "<string>", line 8, in run_migrations
  File "/usr/src/app/.venv/lib/python3.9/site-packages/alembic/runtime/environment.py", line 948, in run_migrations
    self.get_context().run_migrations(**kw)
  File "/usr/src/app/.venv/lib/python3.9/site-packages/alembic/runtime/migration.py", line 627, in run_migrations
    step.migration_fn(**kw)
  File "/usr/src/app/migrations/versions/1af632eb25cf_.py", line 65, in upgrade
    op.create_table('projects',
  File "<string>", line 8, in create_table
  File "<string>", line 3, in create_table
  File "/usr/src/app/.venv/lib/python3.9/site-packages/alembic/operations/ops.py", line 1311, in create_table
    return operations.invoke(op)
  File "/usr/src/app/.venv/lib/python3.9/site-packages/alembic/operations/base.py", line 445, in invoke
    return fn(self, operation)
  File "/usr/src/app/.venv/lib/python3.9/site-packages/alembic/operations/toimpl.py", line 131, in create_table
    operations.impl.create_table(table)
  File "/usr/src/app/.venv/lib/python3.9/site-packages/alembic/ddl/impl.py", line 363, in create_table
    table.dispatch.before_create(
  File "/usr/src/app/.venv/lib/python3.9/site-packages/sqlalchemy/event/attr.py", line 497, in __call__
    fn(*args, **kw)
  File "/usr/src/app/.venv/lib/python3.9/site-packages/sqlalchemy/util/langhelpers.py", line 852, in __call__
    return getattr(self.target, self.name)(*arg, **kw)
  File "/usr/src/app/.venv/lib/python3.9/site-packages/sqlalchemy/sql/sqltypes.py", line 1120, in _on_table_create
    t._on_table_create(target, bind, **kw)
  File "/usr/src/app/.venv/lib/python3.9/site-packages/sqlalchemy/dialects/postgresql/named_types.py", line 98, in _on_table_create
    self.create(bind=bind, checkfirst=checkfirst)
  File "/usr/src/app/.venv/lib/python3.9/site-packages/sqlalchemy/dialects/postgresql/named_types.py", line 338, in create
    super().create(bind, checkfirst=checkfirst)
  File "/usr/src/app/.venv/lib/python3.9/site-packages/sqlalchemy/dialects/postgresql/named_types.py", line 51, in create
    bind._run_ddl_visitor(self.DDLGenerator, self, checkfirst=checkfirst)
  File "/usr/src/app/.venv/lib/python3.9/site-packages/sqlalchemy/engine/base.py", line 2461, in _run_ddl_visitor
    visitorcallable(self.dialect, self, **kwargs).traverse_single(element)
  File "/usr/src/app/.venv/lib/python3.9/site-packages/sqlalchemy/sql/visitors.py", line 664, in traverse_single
    return meth(obj, **kw)
  File "/usr/src/app/.venv/lib/python3.9/site-packages/sqlalchemy/dialects/postgresql/named_types.py", line 153, in visit_enum
    self.connection.execute(CreateEnumType(enum))
  File "/usr/src/app/.venv/lib/python3.9/site-packages/sqlalchemy/engine/base.py", line 1422, in execute
    return meth(
  File "/usr/src/app/.venv/lib/python3.9/site-packages/sqlalchemy/sql/ddl.py", line 180, in _execute_on_connection
    return connection._execute_ddl(
  File "/usr/src/app/.venv/lib/python3.9/site-packages/sqlalchemy/engine/base.py", line 1533, in _execute_ddl
    ret = self._execute_context(
  File "/usr/src/app/.venv/lib/python3.9/site-packages/sqlalchemy/engine/base.py", line 1850, in _execute_context
    return self._exec_single_context(
  File "/usr/src/app/.venv/lib/python3.9/site-packages/sqlalchemy/engine/base.py", line 1990, in _exec_single_context
    self._handle_dbapi_exception(
  File "/usr/src/app/.venv/lib/python3.9/site-packages/sqlalchemy/engine/base.py", line 2357, in _handle_dbapi_exception
    raise sqlalchemy_exception.with_traceback(exc_info[2]) from e
  File "/usr/src/app/.venv/lib/python3.9/site-packages/sqlalchemy/engine/base.py", line 1971, in _exec_single_context
    self.dialect.do_execute(
  File "/usr/src/app/.venv/lib/python3.9/site-packages/sqlalchemy/engine/default.py", line 919, in do_execute
    cursor.execute(statement, parameters)
sqlalchemy.exc.ProgrammingError: (psycopg2.errors.DuplicateObject) type "project_country" already exists

[SQL: CREATE TYPE project_country AS ENUM ('AFG', 'ALA', 'ALB', 'DZA', 'ASM', 'AND', 'AGO', 'AIA', 'ATA', 'ATG', 'ARG', 'ARM', 'ABW', 'AUS', 'AUT', 'AZE', 'BHS', 'BHR', 'BGD', 'BRB', 'BLR', 'BEL', 'BLZ', 'BEN', 'BMU', 'BTN', 'BOL', 'BES', 'BIH', 'BWA', 'BVT', 'BRA', 'IOT', 'BRN', 'BGR', 'BFA', 'BDI', 'KHM', 'CMR', 'CAN', 'CPV', 'CYM', 'CAF', 'TCD', 'CHL', 'CHN', 'CXR', 'CCK', 'COL', 'COM', 'COG', 'COD', 'COK', 'CRI', 'CIV', 'HRV', 'CUB', 'CUW', 'CYP', 'CZE', 'DNK', 'DJI', 'DMA', 'DOM', 'ECU', 'EGY', 'SLV', 'GNQ', 'ERI', 'EST', 'ETH', 'FLK', 'FRO', 'FJI', 'FIN', 'FRA', 'GUF', 'PYF', 'ATF', 'GAB', 'GMB', 'GEO', 'DEU', 'GHA', 'GIB', 'GRC', 'GRL', 'GRD', 'GLP', 'GUM', 'GTM', 'GGY', 'GIN', 'GNB', 'GUY', 'HTI', 'HMD', 'VAT', 'HND', 'HKG', 'HUN', 'ISL', 'IND', 'IDN', 'IRN', 'IRQ', 'IRL', 'IMN', 'ISR', 'ITA', 'JAM', 'JPN', 'JEY', 'JOR', 'KAZ', 'KEN', 'KIR', 'PRK', 'KOR', 'XKX', 'KWT', 'KGZ', 'LAO', 'LVA', 'LBN', 'LSO', 'LBR', 'LBY', 'LIE', 'LTU', 'LUX', 'MAC', 'MKD', 'MDG', 'MWI', 'MYS', 'MDV', 'MLI', 'MLT', 'MHL', 'MTQ', 'MRT', 'MUS', 'MYT', 'MEX', 'FSM', 'MDA', 'MCO', 'MNG', 'MNE', 'MSR', 'MAR', 'MOZ', 'MMR', 'NAM', 'NRU', 'NPL', 'NLD', 'NCL', 'NZL', 'NIC', 'NER', 'NGA', 'NIU', 'NFK', 'MNP', 'NOR', 'OMN', 'PAK', 'PLW', 'PSE', 'PAN', 'PNG', 'PRY', 'PER', 'PHL', 'PCN', 'POL', 'PRT', 'PRI', 'QAT', 'REU', 'ROU', 'RUS', 'RWA', 'BLM', 'SHN', 'KNA', 'LCA', 'MAF', 'SPM', 'VCT', 'WSM', 'SMR', 'STP', 'SAU', 'SEN', 'SRB', 'SYC', 'SLE', 'SGP', 'SXM', 'SVK', 'SVN', 'SLB', 'SOM', 'ZAF', 'SGS', 'SSD', 'ESP', 'LKA', 'SDN', 'SUR', 'SJM', 'SWZ', 'SWE', 'CHE', 'SYR', 'TWN', 'TJK', 'TZA', 'THA', 'TLS', 'TGO', 'TKL', 'TON', 'TTO', 'TUN', 'TUR', 'TKM', 'TCA', 'TUV', 'UGA', 'UKR', 'ARE', 'GBR', 'USA', 'UMI', 'URY', 'UZB', 'VUT', 'VEN', 'VNM', 'VGB', 'VIR', 'WLF', 'ESH', 'YEM', 'ZMB', 'ZWE')]
(Background on this error at: https://sqlalche.me/e/20/f405)
]]></error>
			<system-err><![CDATA[INFO  [alembic.runtime.migration] Context impl PostgresqlImpl.
INFO  [alembic.runtime.migration] Will assume transactional DDL.
INFO  [alembic.runtime.migration] Running upgrade  -> 1af632eb25cf, empty message
]]></system-err>
		</testcase>
		<testcase classname="test_resource_category_terms.CategoryTermsResourceTestCase" name="test_category_term_relationship_categorisations" time="0.099" timestamp="2024-04-12T15:57:33" file="tests/test_resource_category_terms.py" line="643">
			<error type="ProgrammingError" message="(psycopg2.errors.DuplicateObject) type &quot;project_country&quot; already exists

[SQL: CREATE TYPE project_country AS ENUM ('AFG', 'ALA', 'ALB', 'DZA', 'ASM', 'AND', 'AGO', 'AIA', 'ATA', 'ATG', 'ARG', 'ARM', 'ABW', 'AUS', 'AUT', 'AZE', 'BHS', 'BHR', 'BGD', 'BRB', 'BLR', 'BEL', 'BLZ', 'BEN', 'BMU', 'BTN', 'BOL', 'BES', 'BIH', 'BWA', 'BVT', 'BRA', 'IOT', 'BRN', 'BGR', 'BFA', 'BDI', 'KHM', 'CMR', 'CAN', 'CPV', 'CYM', 'CAF', 'TCD', 'CHL', 'CHN', 'CXR', 'CCK', 'COL', 'COM', 'COG', 'COD', 'COK', 'CRI', 'CIV', 'HRV', 'CUB', 'CUW', 'CYP', 'CZE', 'DNK', 'DJI', 'DMA', 'DOM', 'ECU', 'EGY', 'SLV', 'GNQ', 'ERI', 'EST', 'ETH', 'FLK', 'FRO', 'FJI', 'FIN', 'FRA', 'GUF', 'PYF', 'ATF', 'GAB', 'GMB', 'GEO', 'DEU', 'GHA', 'GIB', 'GRC', 'GRL', 'GRD', 'GLP', 'GUM', 'GTM', 'GGY', 'GIN', 'GNB', 'GUY', 'HTI', 'HMD', 'VAT', 'HND', 'HKG', 'HUN', 'ISL', 'IND', 'IDN', 'IRN', 'IRQ', 'IRL', 'IMN', 'ISR', 'ITA', 'JAM', 'JPN', 'JEY', 'JOR', 'KAZ', 'KEN', 'KIR', 'PRK', 'KOR', 'XKX', 'KWT', 'KGZ', 'LAO', 'LVA', 'LBN', 'LSO', 'LBR', 'LBY', 'LIE', 'LTU', 'LUX', 'MAC', 'MKD', 'MDG', 'MWI', 'MYS', 'MDV', 'MLI', 'MLT', 'MHL', 'MTQ', 'MRT', 'MUS', 'MYT', 'MEX', 'FSM', 'MDA', 'MCO', 'MNG', 'MNE', 'MSR', 'MAR', 'MOZ', 'MMR', 'NAM', 'NRU', 'NPL', 'NLD', 'NCL', 'NZL', 'NIC', 'NER', 'NGA', 'NIU', 'NFK', 'MNP', 'NOR', 'OMN', 'PAK', 'PLW', 'PSE', 'PAN', 'PNG', 'PRY', 'PER', 'PHL', 'PCN', 'POL', 'PRT', 'PRI', 'QAT', 'REU', 'ROU', 'RUS', 'RWA', 'BLM', 'SHN', 'KNA', 'LCA', 'MAF', 'SPM', 'VCT', 'WSM', 'SMR', 'STP', 'SAU', 'SEN', 'SRB', 'SYC', 'SLE', 'SGP', 'SXM', 'SVK', 'SVN', 'SLB', 'SOM', 'ZAF', 'SGS', 'SSD', 'ESP', 'LKA', 'SDN', 'SUR', 'SJM', 'SWZ', 'SWE', 'CHE', 'SYR', 'TWN', 'TJK', 'TZA', 'THA', 'TLS', 'TGO', 'TKL', 'TON', 'TTO', 'TUN', 'TUR', 'TKM', 'TCA', 'TUV', 'UGA', 'UKR', 'ARE', 'GBR', 'USA', 'UMI', 'URY', 'UZB', 'VUT', 'VEN', 'VNM', 'VGB', 'VIR', 'WLF', 'ESH', 'YEM', 'ZMB', 'ZWE')]
(Background on this error at: https://sqlalche.me/e/20/f405)"><![CDATA[Traceback (most recent call last):
  File "/usr/src/app/.venv/lib/python3.9/site-packages/sqlalchemy/engine/base.py", line 1971, in _exec_single_context
    self.dialect.do_execute(
  File "/usr/src/app/.venv/lib/python3.9/site-packages/sqlalchemy/engine/default.py", line 919, in do_execute
    cursor.execute(statement, parameters)
psycopg2.errors.DuplicateObject: type "project_country" already exists


The above exception was the direct cause of the following exception:

Traceback (most recent call last):
  File "/usr/src/app/tests/base_test.py", line 64, in setUp
    upgrade()
  File "/usr/src/app/.venv/lib/python3.9/site-packages/flask_migrate/__init__.py", line 111, in wrapped
    f(*args, **kwargs)
  File "/usr/src/app/.venv/lib/python3.9/site-packages/flask_migrate/__init__.py", line 200, in upgrade
    command.upgrade(config, revision, sql=sql, tag=tag)
  File "/usr/src/app/.venv/lib/python3.9/site-packages/alembic/command.py", line 403, in upgrade
    script.run_env()
  File "/usr/src/app/.venv/lib/python3.9/site-packages/alembic/script/base.py", line 583, in run_env
    util.load_python_file(self.dir, "env.py")
  File "/usr/src/app/.venv/lib/python3.9/site-packages/alembic/util/pyfiles.py", line 95, in load_python_file
    module = load_module_py(module_id, path)
  File "/usr/src/app/.venv/lib/python3.9/site-packages/alembic/util/pyfiles.py", line 113, in load_module_py
    spec.loader.exec_module(module)  # type: ignore
  File "<frozen importlib._bootstrap_external>", line 850, in exec_module
  File "<frozen importlib._bootstrap>", line 228, in _call_with_frames_removed
  File "migrations/env.py", line 113, in <module>
    run_migrations_online()
  File "migrations/env.py", line 107, in run_migrations_online
    context.run_migrations()
  File "<string>", line 8, in run_migrations
  File "/usr/src/app/.venv/lib/python3.9/site-packages/alembic/runtime/environment.py", line 948, in run_migrations
    self.get_context().run_migrations(**kw)
  File "/usr/src/app/.venv/lib/python3.9/site-packages/alembic/runtime/migration.py", line 627, in run_migrations
    step.migration_fn(**kw)
  File "/usr/src/app/migrations/versions/1af632eb25cf_.py", line 65, in upgrade
    op.create_table('projects',
  File "<string>", line 8, in create_table
  File "<string>", line 3, in create_table
  File "/usr/src/app/.venv/lib/python3.9/site-packages/alembic/operations/ops.py", line 1311, in create_table
    return operations.invoke(op)
  File "/usr/src/app/.venv/lib/python3.9/site-packages/alembic/operations/base.py", line 445, in invoke
    return fn(self, operation)
  File "/usr/src/app/.venv/lib/python3.9/site-packages/alembic/operations/toimpl.py", line 131, in create_table
    operations.impl.create_table(table)
  File "/usr/src/app/.venv/lib/python3.9/site-packages/alembic/ddl/impl.py", line 363, in create_table
    table.dispatch.before_create(
  File "/usr/src/app/.venv/lib/python3.9/site-packages/sqlalchemy/event/attr.py", line 497, in __call__
    fn(*args, **kw)
  File "/usr/src/app/.venv/lib/python3.9/site-packages/sqlalchemy/util/langhelpers.py", line 852, in __call__
    return getattr(self.target, self.name)(*arg, **kw)
  File "/usr/src/app/.venv/lib/python3.9/site-packages/sqlalchemy/sql/sqltypes.py", line 1120, in _on_table_create
    t._on_table_create(target, bind, **kw)
  File "/usr/src/app/.venv/lib/python3.9/site-packages/sqlalchemy/dialects/postgresql/named_types.py", line 98, in _on_table_create
    self.create(bind=bind, checkfirst=checkfirst)
  File "/usr/src/app/.venv/lib/python3.9/site-packages/sqlalchemy/dialects/postgresql/named_types.py", line 338, in create
    super().create(bind, checkfirst=checkfirst)
  File "/usr/src/app/.venv/lib/python3.9/site-packages/sqlalchemy/dialects/postgresql/named_types.py", line 51, in create
    bind._run_ddl_visitor(self.DDLGenerator, self, checkfirst=checkfirst)
  File "/usr/src/app/.venv/lib/python3.9/site-packages/sqlalchemy/engine/base.py", line 2461, in _run_ddl_visitor
    visitorcallable(self.dialect, self, **kwargs).traverse_single(element)
  File "/usr/src/app/.venv/lib/python3.9/site-packages/sqlalchemy/sql/visitors.py", line 664, in traverse_single
    return meth(obj, **kw)
  File "/usr/src/app/.venv/lib/python3.9/site-packages/sqlalchemy/dialects/postgresql/named_types.py", line 153, in visit_enum
    self.connection.execute(CreateEnumType(enum))
  File "/usr/src/app/.venv/lib/python3.9/site-packages/sqlalchemy/engine/base.py", line 1422, in execute
    return meth(
  File "/usr/src/app/.venv/lib/python3.9/site-packages/sqlalchemy/sql/ddl.py", line 180, in _execute_on_connection
    return connection._execute_ddl(
  File "/usr/src/app/.venv/lib/python3.9/site-packages/sqlalchemy/engine/base.py", line 1533, in _execute_ddl
    ret = self._execute_context(
  File "/usr/src/app/.venv/lib/python3.9/site-packages/sqlalchemy/engine/base.py", line 1850, in _execute_context
    return self._exec_single_context(
  File "/usr/src/app/.venv/lib/python3.9/site-packages/sqlalchemy/engine/base.py", line 1990, in _exec_single_context
    self._handle_dbapi_exception(
  File "/usr/src/app/.venv/lib/python3.9/site-packages/sqlalchemy/engine/base.py", line 2357, in _handle_dbapi_exception
    raise sqlalchemy_exception.with_traceback(exc_info[2]) from e
  File "/usr/src/app/.venv/lib/python3.9/site-packages/sqlalchemy/engine/base.py", line 1971, in _exec_single_context
    self.dialect.do_execute(
  File "/usr/src/app/.venv/lib/python3.9/site-packages/sqlalchemy/engine/default.py", line 919, in do_execute
    cursor.execute(statement, parameters)
sqlalchemy.exc.ProgrammingError: (psycopg2.errors.DuplicateObject) type "project_country" already exists

[SQL: CREATE TYPE project_country AS ENUM ('AFG', 'ALA', 'ALB', 'DZA', 'ASM', 'AND', 'AGO', 'AIA', 'ATA', 'ATG', 'ARG', 'ARM', 'ABW', 'AUS', 'AUT', 'AZE', 'BHS', 'BHR', 'BGD', 'BRB', 'BLR', 'BEL', 'BLZ', 'BEN', 'BMU', 'BTN', 'BOL', 'BES', 'BIH', 'BWA', 'BVT', 'BRA', 'IOT', 'BRN', 'BGR', 'BFA', 'BDI', 'KHM', 'CMR', 'CAN', 'CPV', 'CYM', 'CAF', 'TCD', 'CHL', 'CHN', 'CXR', 'CCK', 'COL', 'COM', 'COG', 'COD', 'COK', 'CRI', 'CIV', 'HRV', 'CUB', 'CUW', 'CYP', 'CZE', 'DNK', 'DJI', 'DMA', 'DOM', 'ECU', 'EGY', 'SLV', 'GNQ', 'ERI', 'EST', 'ETH', 'FLK', 'FRO', 'FJI', 'FIN', 'FRA', 'GUF', 'PYF', 'ATF', 'GAB', 'GMB', 'GEO', 'DEU', 'GHA', 'GIB', 'GRC', 'GRL', 'GRD', 'GLP', 'GUM', 'GTM', 'GGY', 'GIN', 'GNB', 'GUY', 'HTI', 'HMD', 'VAT', 'HND', 'HKG', 'HUN', 'ISL', 'IND', 'IDN', 'IRN', 'IRQ', 'IRL', 'IMN', 'ISR', 'ITA', 'JAM', 'JPN', 'JEY', 'JOR', 'KAZ', 'KEN', 'KIR', 'PRK', 'KOR', 'XKX', 'KWT', 'KGZ', 'LAO', 'LVA', 'LBN', 'LSO', 'LBR', 'LBY', 'LIE', 'LTU', 'LUX', 'MAC', 'MKD', 'MDG', 'MWI', 'MYS', 'MDV', 'MLI', 'MLT', 'MHL', 'MTQ', 'MRT', 'MUS', 'MYT', 'MEX', 'FSM', 'MDA', 'MCO', 'MNG', 'MNE', 'MSR', 'MAR', 'MOZ', 'MMR', 'NAM', 'NRU', 'NPL', 'NLD', 'NCL', 'NZL', 'NIC', 'NER', 'NGA', 'NIU', 'NFK', 'MNP', 'NOR', 'OMN', 'PAK', 'PLW', 'PSE', 'PAN', 'PNG', 'PRY', 'PER', 'PHL', 'PCN', 'POL', 'PRT', 'PRI', 'QAT', 'REU', 'ROU', 'RUS', 'RWA', 'BLM', 'SHN', 'KNA', 'LCA', 'MAF', 'SPM', 'VCT', 'WSM', 'SMR', 'STP', 'SAU', 'SEN', 'SRB', 'SYC', 'SLE', 'SGP', 'SXM', 'SVK', 'SVN', 'SLB', 'SOM', 'ZAF', 'SGS', 'SSD', 'ESP', 'LKA', 'SDN', 'SUR', 'SJM', 'SWZ', 'SWE', 'CHE', 'SYR', 'TWN', 'TJK', 'TZA', 'THA', 'TLS', 'TGO', 'TKL', 'TON', 'TTO', 'TUN', 'TUR', 'TKM', 'TCA', 'TUV', 'UGA', 'UKR', 'ARE', 'GBR', 'USA', 'UMI', 'URY', 'UZB', 'VUT', 'VEN', 'VNM', 'VGB', 'VIR', 'WLF', 'ESH', 'YEM', 'ZMB', 'ZWE')]
(Background on this error at: https://sqlalche.me/e/20/f405)
]]></error>
			<system-err><![CDATA[INFO  [alembic.runtime.migration] Context impl PostgresqlImpl.
INFO  [alembic.runtime.migration] Will assume transactional DDL.
INFO  [alembic.runtime.migration] Running upgrade  -> 1af632eb25cf, empty message
]]></system-err>
		</testcase>
		<testcase classname="test_resource_category_terms.CategoryTermsResourceTestCase" name="test_category_term_relationship_category_schemes" time="0.076" timestamp="2024-04-12T15:57:33" file="tests/test_resource_category_terms.py" line="621">
			<error type="ProgrammingError" message="(psycopg2.errors.DuplicateObject) type &quot;project_country&quot; already exists

[SQL: CREATE TYPE project_country AS ENUM ('AFG', 'ALA', 'ALB', 'DZA', 'ASM', 'AND', 'AGO', 'AIA', 'ATA', 'ATG', 'ARG', 'ARM', 'ABW', 'AUS', 'AUT', 'AZE', 'BHS', 'BHR', 'BGD', 'BRB', 'BLR', 'BEL', 'BLZ', 'BEN', 'BMU', 'BTN', 'BOL', 'BES', 'BIH', 'BWA', 'BVT', 'BRA', 'IOT', 'BRN', 'BGR', 'BFA', 'BDI', 'KHM', 'CMR', 'CAN', 'CPV', 'CYM', 'CAF', 'TCD', 'CHL', 'CHN', 'CXR', 'CCK', 'COL', 'COM', 'COG', 'COD', 'COK', 'CRI', 'CIV', 'HRV', 'CUB', 'CUW', 'CYP', 'CZE', 'DNK', 'DJI', 'DMA', 'DOM', 'ECU', 'EGY', 'SLV', 'GNQ', 'ERI', 'EST', 'ETH', 'FLK', 'FRO', 'FJI', 'FIN', 'FRA', 'GUF', 'PYF', 'ATF', 'GAB', 'GMB', 'GEO', 'DEU', 'GHA', 'GIB', 'GRC', 'GRL', 'GRD', 'GLP', 'GUM', 'GTM', 'GGY', 'GIN', 'GNB', 'GUY', 'HTI', 'HMD', 'VAT', 'HND', 'HKG', 'HUN', 'ISL', 'IND', 'IDN', 'IRN', 'IRQ', 'IRL', 'IMN', 'ISR', 'ITA', 'JAM', 'JPN', 'JEY', 'JOR', 'KAZ', 'KEN', 'KIR', 'PRK', 'KOR', 'XKX', 'KWT', 'KGZ', 'LAO', 'LVA', 'LBN', 'LSO', 'LBR', 'LBY', 'LIE', 'LTU', 'LUX', 'MAC', 'MKD', 'MDG', 'MWI', 'MYS', 'MDV', 'MLI', 'MLT', 'MHL', 'MTQ', 'MRT', 'MUS', 'MYT', 'MEX', 'FSM', 'MDA', 'MCO', 'MNG', 'MNE', 'MSR', 'MAR', 'MOZ', 'MMR', 'NAM', 'NRU', 'NPL', 'NLD', 'NCL', 'NZL', 'NIC', 'NER', 'NGA', 'NIU', 'NFK', 'MNP', 'NOR', 'OMN', 'PAK', 'PLW', 'PSE', 'PAN', 'PNG', 'PRY', 'PER', 'PHL', 'PCN', 'POL', 'PRT', 'PRI', 'QAT', 'REU', 'ROU', 'RUS', 'RWA', 'BLM', 'SHN', 'KNA', 'LCA', 'MAF', 'SPM', 'VCT', 'WSM', 'SMR', 'STP', 'SAU', 'SEN', 'SRB', 'SYC', 'SLE', 'SGP', 'SXM', 'SVK', 'SVN', 'SLB', 'SOM', 'ZAF', 'SGS', 'SSD', 'ESP', 'LKA', 'SDN', 'SUR', 'SJM', 'SWZ', 'SWE', 'CHE', 'SYR', 'TWN', 'TJK', 'TZA', 'THA', 'TLS', 'TGO', 'TKL', 'TON', 'TTO', 'TUN', 'TUR', 'TKM', 'TCA', 'TUV', 'UGA', 'UKR', 'ARE', 'GBR', 'USA', 'UMI', 'URY', 'UZB', 'VUT', 'VEN', 'VNM', 'VGB', 'VIR', 'WLF', 'ESH', 'YEM', 'ZMB', 'ZWE')]
(Background on this error at: https://sqlalche.me/e/20/f405)"><![CDATA[Traceback (most recent call last):
  File "/usr/src/app/.venv/lib/python3.9/site-packages/sqlalchemy/engine/base.py", line 1971, in _exec_single_context
    self.dialect.do_execute(
  File "/usr/src/app/.venv/lib/python3.9/site-packages/sqlalchemy/engine/default.py", line 919, in do_execute
    cursor.execute(statement, parameters)
psycopg2.errors.DuplicateObject: type "project_country" already exists


The above exception was the direct cause of the following exception:

Traceback (most recent call last):
  File "/usr/src/app/tests/base_test.py", line 64, in setUp
    upgrade()
  File "/usr/src/app/.venv/lib/python3.9/site-packages/flask_migrate/__init__.py", line 111, in wrapped
    f(*args, **kwargs)
  File "/usr/src/app/.venv/lib/python3.9/site-packages/flask_migrate/__init__.py", line 200, in upgrade
    command.upgrade(config, revision, sql=sql, tag=tag)
  File "/usr/src/app/.venv/lib/python3.9/site-packages/alembic/command.py", line 403, in upgrade
    script.run_env()
  File "/usr/src/app/.venv/lib/python3.9/site-packages/alembic/script/base.py", line 583, in run_env
    util.load_python_file(self.dir, "env.py")
  File "/usr/src/app/.venv/lib/python3.9/site-packages/alembic/util/pyfiles.py", line 95, in load_python_file
    module = load_module_py(module_id, path)
  File "/usr/src/app/.venv/lib/python3.9/site-packages/alembic/util/pyfiles.py", line 113, in load_module_py
    spec.loader.exec_module(module)  # type: ignore
  File "<frozen importlib._bootstrap_external>", line 850, in exec_module
  File "<frozen importlib._bootstrap>", line 228, in _call_with_frames_removed
  File "migrations/env.py", line 113, in <module>
    run_migrations_online()
  File "migrations/env.py", line 107, in run_migrations_online
    context.run_migrations()
  File "<string>", line 8, in run_migrations
  File "/usr/src/app/.venv/lib/python3.9/site-packages/alembic/runtime/environment.py", line 948, in run_migrations
    self.get_context().run_migrations(**kw)
  File "/usr/src/app/.venv/lib/python3.9/site-packages/alembic/runtime/migration.py", line 627, in run_migrations
    step.migration_fn(**kw)
  File "/usr/src/app/migrations/versions/1af632eb25cf_.py", line 65, in upgrade
    op.create_table('projects',
  File "<string>", line 8, in create_table
  File "<string>", line 3, in create_table
  File "/usr/src/app/.venv/lib/python3.9/site-packages/alembic/operations/ops.py", line 1311, in create_table
    return operations.invoke(op)
  File "/usr/src/app/.venv/lib/python3.9/site-packages/alembic/operations/base.py", line 445, in invoke
    return fn(self, operation)
  File "/usr/src/app/.venv/lib/python3.9/site-packages/alembic/operations/toimpl.py", line 131, in create_table
    operations.impl.create_table(table)
  File "/usr/src/app/.venv/lib/python3.9/site-packages/alembic/ddl/impl.py", line 363, in create_table
    table.dispatch.before_create(
  File "/usr/src/app/.venv/lib/python3.9/site-packages/sqlalchemy/event/attr.py", line 497, in __call__
    fn(*args, **kw)
  File "/usr/src/app/.venv/lib/python3.9/site-packages/sqlalchemy/util/langhelpers.py", line 852, in __call__
    return getattr(self.target, self.name)(*arg, **kw)
  File "/usr/src/app/.venv/lib/python3.9/site-packages/sqlalchemy/sql/sqltypes.py", line 1120, in _on_table_create
    t._on_table_create(target, bind, **kw)
  File "/usr/src/app/.venv/lib/python3.9/site-packages/sqlalchemy/dialects/postgresql/named_types.py", line 98, in _on_table_create
    self.create(bind=bind, checkfirst=checkfirst)
  File "/usr/src/app/.venv/lib/python3.9/site-packages/sqlalchemy/dialects/postgresql/named_types.py", line 338, in create
    super().create(bind, checkfirst=checkfirst)
  File "/usr/src/app/.venv/lib/python3.9/site-packages/sqlalchemy/dialects/postgresql/named_types.py", line 51, in create
    bind._run_ddl_visitor(self.DDLGenerator, self, checkfirst=checkfirst)
  File "/usr/src/app/.venv/lib/python3.9/site-packages/sqlalchemy/engine/base.py", line 2461, in _run_ddl_visitor
    visitorcallable(self.dialect, self, **kwargs).traverse_single(element)
  File "/usr/src/app/.venv/lib/python3.9/site-packages/sqlalchemy/sql/visitors.py", line 664, in traverse_single
    return meth(obj, **kw)
  File "/usr/src/app/.venv/lib/python3.9/site-packages/sqlalchemy/dialects/postgresql/named_types.py", line 153, in visit_enum
    self.connection.execute(CreateEnumType(enum))
  File "/usr/src/app/.venv/lib/python3.9/site-packages/sqlalchemy/engine/base.py", line 1422, in execute
    return meth(
  File "/usr/src/app/.venv/lib/python3.9/site-packages/sqlalchemy/sql/ddl.py", line 180, in _execute_on_connection
    return connection._execute_ddl(
  File "/usr/src/app/.venv/lib/python3.9/site-packages/sqlalchemy/engine/base.py", line 1533, in _execute_ddl
    ret = self._execute_context(
  File "/usr/src/app/.venv/lib/python3.9/site-packages/sqlalchemy/engine/base.py", line 1850, in _execute_context
    return self._exec_single_context(
  File "/usr/src/app/.venv/lib/python3.9/site-packages/sqlalchemy/engine/base.py", line 1990, in _exec_single_context
    self._handle_dbapi_exception(
  File "/usr/src/app/.venv/lib/python3.9/site-packages/sqlalchemy/engine/base.py", line 2357, in _handle_dbapi_exception
    raise sqlalchemy_exception.with_traceback(exc_info[2]) from e
  File "/usr/src/app/.venv/lib/python3.9/site-packages/sqlalchemy/engine/base.py", line 1971, in _exec_single_context
    self.dialect.do_execute(
  File "/usr/src/app/.venv/lib/python3.9/site-packages/sqlalchemy/engine/default.py", line 919, in do_execute
    cursor.execute(statement, parameters)
sqlalchemy.exc.ProgrammingError: (psycopg2.errors.DuplicateObject) type "project_country" already exists

[SQL: CREATE TYPE project_country AS ENUM ('AFG', 'ALA', 'ALB', 'DZA', 'ASM', 'AND', 'AGO', 'AIA', 'ATA', 'ATG', 'ARG', 'ARM', 'ABW', 'AUS', 'AUT', 'AZE', 'BHS', 'BHR', 'BGD', 'BRB', 'BLR', 'BEL', 'BLZ', 'BEN', 'BMU', 'BTN', 'BOL', 'BES', 'BIH', 'BWA', 'BVT', 'BRA', 'IOT', 'BRN', 'BGR', 'BFA', 'BDI', 'KHM', 'CMR', 'CAN', 'CPV', 'CYM', 'CAF', 'TCD', 'CHL', 'CHN', 'CXR', 'CCK', 'COL', 'COM', 'COG', 'COD', 'COK', 'CRI', 'CIV', 'HRV', 'CUB', 'CUW', 'CYP', 'CZE', 'DNK', 'DJI', 'DMA', 'DOM', 'ECU', 'EGY', 'SLV', 'GNQ', 'ERI', 'EST', 'ETH', 'FLK', 'FRO', 'FJI', 'FIN', 'FRA', 'GUF', 'PYF', 'ATF', 'GAB', 'GMB', 'GEO', 'DEU', 'GHA', 'GIB', 'GRC', 'GRL', 'GRD', 'GLP', 'GUM', 'GTM', 'GGY', 'GIN', 'GNB', 'GUY', 'HTI', 'HMD', 'VAT', 'HND', 'HKG', 'HUN', 'ISL', 'IND', 'IDN', 'IRN', 'IRQ', 'IRL', 'IMN', 'ISR', 'ITA', 'JAM', 'JPN', 'JEY', 'JOR', 'KAZ', 'KEN', 'KIR', 'PRK', 'KOR', 'XKX', 'KWT', 'KGZ', 'LAO', 'LVA', 'LBN', 'LSO', 'LBR', 'LBY', 'LIE', 'LTU', 'LUX', 'MAC', 'MKD', 'MDG', 'MWI', 'MYS', 'MDV', 'MLI', 'MLT', 'MHL', 'MTQ', 'MRT', 'MUS', 'MYT', 'MEX', 'FSM', 'MDA', 'MCO', 'MNG', 'MNE', 'MSR', 'MAR', 'MOZ', 'MMR', 'NAM', 'NRU', 'NPL', 'NLD', 'NCL', 'NZL', 'NIC', 'NER', 'NGA', 'NIU', 'NFK', 'MNP', 'NOR', 'OMN', 'PAK', 'PLW', 'PSE', 'PAN', 'PNG', 'PRY', 'PER', 'PHL', 'PCN', 'POL', 'PRT', 'PRI', 'QAT', 'REU', 'ROU', 'RUS', 'RWA', 'BLM', 'SHN', 'KNA', 'LCA', 'MAF', 'SPM', 'VCT', 'WSM', 'SMR', 'STP', 'SAU', 'SEN', 'SRB', 'SYC', 'SLE', 'SGP', 'SXM', 'SVK', 'SVN', 'SLB', 'SOM', 'ZAF', 'SGS', 'SSD', 'ESP', 'LKA', 'SDN', 'SUR', 'SJM', 'SWZ', 'SWE', 'CHE', 'SYR', 'TWN', 'TJK', 'TZA', 'THA', 'TLS', 'TGO', 'TKL', 'TON', 'TTO', 'TUN', 'TUR', 'TKM', 'TCA', 'TUV', 'UGA', 'UKR', 'ARE', 'GBR', 'USA', 'UMI', 'URY', 'UZB', 'VUT', 'VEN', 'VNM', 'VGB', 'VIR', 'WLF', 'ESH', 'YEM', 'ZMB', 'ZWE')]
(Background on this error at: https://sqlalche.me/e/20/f405)
]]></error>
			<system-err><![CDATA[INFO  [alembic.runtime.migration] Context impl PostgresqlImpl.
INFO  [alembic.runtime.migration] Will assume transactional DDL.
INFO  [alembic.runtime.migration] Running upgrade  -> 1af632eb25cf, empty message
]]></system-err>
		</testcase>
		<testcase classname="test_resource_category_terms.CategoryTermsResourceTestCase" name="test_category_term_relationship_parent_category_terms" time="0.121" timestamp="2024-04-12T15:57:33" file="tests/test_resource_category_terms.py" line="599">
			<error type="ProgrammingError" message="(psycopg2.errors.DuplicateObject) type &quot;project_country&quot; already exists

[SQL: CREATE TYPE project_country AS ENUM ('AFG', 'ALA', 'ALB', 'DZA', 'ASM', 'AND', 'AGO', 'AIA', 'ATA', 'ATG', 'ARG', 'ARM', 'ABW', 'AUS', 'AUT', 'AZE', 'BHS', 'BHR', 'BGD', 'BRB', 'BLR', 'BEL', 'BLZ', 'BEN', 'BMU', 'BTN', 'BOL', 'BES', 'BIH', 'BWA', 'BVT', 'BRA', 'IOT', 'BRN', 'BGR', 'BFA', 'BDI', 'KHM', 'CMR', 'CAN', 'CPV', 'CYM', 'CAF', 'TCD', 'CHL', 'CHN', 'CXR', 'CCK', 'COL', 'COM', 'COG', 'COD', 'COK', 'CRI', 'CIV', 'HRV', 'CUB', 'CUW', 'CYP', 'CZE', 'DNK', 'DJI', 'DMA', 'DOM', 'ECU', 'EGY', 'SLV', 'GNQ', 'ERI', 'EST', 'ETH', 'FLK', 'FRO', 'FJI', 'FIN', 'FRA', 'GUF', 'PYF', 'ATF', 'GAB', 'GMB', 'GEO', 'DEU', 'GHA', 'GIB', 'GRC', 'GRL', 'GRD', 'GLP', 'GUM', 'GTM', 'GGY', 'GIN', 'GNB', 'GUY', 'HTI', 'HMD', 'VAT', 'HND', 'HKG', 'HUN', 'ISL', 'IND', 'IDN', 'IRN', 'IRQ', 'IRL', 'IMN', 'ISR', 'ITA', 'JAM', 'JPN', 'JEY', 'JOR', 'KAZ', 'KEN', 'KIR', 'PRK', 'KOR', 'XKX', 'KWT', 'KGZ', 'LAO', 'LVA', 'LBN', 'LSO', 'LBR', 'LBY', 'LIE', 'LTU', 'LUX', 'MAC', 'MKD', 'MDG', 'MWI', 'MYS', 'MDV', 'MLI', 'MLT', 'MHL', 'MTQ', 'MRT', 'MUS', 'MYT', 'MEX', 'FSM', 'MDA', 'MCO', 'MNG', 'MNE', 'MSR', 'MAR', 'MOZ', 'MMR', 'NAM', 'NRU', 'NPL', 'NLD', 'NCL', 'NZL', 'NIC', 'NER', 'NGA', 'NIU', 'NFK', 'MNP', 'NOR', 'OMN', 'PAK', 'PLW', 'PSE', 'PAN', 'PNG', 'PRY', 'PER', 'PHL', 'PCN', 'POL', 'PRT', 'PRI', 'QAT', 'REU', 'ROU', 'RUS', 'RWA', 'BLM', 'SHN', 'KNA', 'LCA', 'MAF', 'SPM', 'VCT', 'WSM', 'SMR', 'STP', 'SAU', 'SEN', 'SRB', 'SYC', 'SLE', 'SGP', 'SXM', 'SVK', 'SVN', 'SLB', 'SOM', 'ZAF', 'SGS', 'SSD', 'ESP', 'LKA', 'SDN', 'SUR', 'SJM', 'SWZ', 'SWE', 'CHE', 'SYR', 'TWN', 'TJK', 'TZA', 'THA', 'TLS', 'TGO', 'TKL', 'TON', 'TTO', 'TUN', 'TUR', 'TKM', 'TCA', 'TUV', 'UGA', 'UKR', 'ARE', 'GBR', 'USA', 'UMI', 'URY', 'UZB', 'VUT', 'VEN', 'VNM', 'VGB', 'VIR', 'WLF', 'ESH', 'YEM', 'ZMB', 'ZWE')]
(Background on this error at: https://sqlalche.me/e/20/f405)"><![CDATA[Traceback (most recent call last):
  File "/usr/src/app/.venv/lib/python3.9/site-packages/sqlalchemy/engine/base.py", line 1971, in _exec_single_context
    self.dialect.do_execute(
  File "/usr/src/app/.venv/lib/python3.9/site-packages/sqlalchemy/engine/default.py", line 919, in do_execute
    cursor.execute(statement, parameters)
psycopg2.errors.DuplicateObject: type "project_country" already exists


The above exception was the direct cause of the following exception:

Traceback (most recent call last):
  File "/usr/src/app/tests/base_test.py", line 64, in setUp
    upgrade()
  File "/usr/src/app/.venv/lib/python3.9/site-packages/flask_migrate/__init__.py", line 111, in wrapped
    f(*args, **kwargs)
  File "/usr/src/app/.venv/lib/python3.9/site-packages/flask_migrate/__init__.py", line 200, in upgrade
    command.upgrade(config, revision, sql=sql, tag=tag)
  File "/usr/src/app/.venv/lib/python3.9/site-packages/alembic/command.py", line 403, in upgrade
    script.run_env()
  File "/usr/src/app/.venv/lib/python3.9/site-packages/alembic/script/base.py", line 583, in run_env
    util.load_python_file(self.dir, "env.py")
  File "/usr/src/app/.venv/lib/python3.9/site-packages/alembic/util/pyfiles.py", line 95, in load_python_file
    module = load_module_py(module_id, path)
  File "/usr/src/app/.venv/lib/python3.9/site-packages/alembic/util/pyfiles.py", line 113, in load_module_py
    spec.loader.exec_module(module)  # type: ignore
  File "<frozen importlib._bootstrap_external>", line 850, in exec_module
  File "<frozen importlib._bootstrap>", line 228, in _call_with_frames_removed
  File "migrations/env.py", line 113, in <module>
    run_migrations_online()
  File "migrations/env.py", line 107, in run_migrations_online
    context.run_migrations()
  File "<string>", line 8, in run_migrations
  File "/usr/src/app/.venv/lib/python3.9/site-packages/alembic/runtime/environment.py", line 948, in run_migrations
    self.get_context().run_migrations(**kw)
  File "/usr/src/app/.venv/lib/python3.9/site-packages/alembic/runtime/migration.py", line 627, in run_migrations
    step.migration_fn(**kw)
  File "/usr/src/app/migrations/versions/1af632eb25cf_.py", line 65, in upgrade
    op.create_table('projects',
  File "<string>", line 8, in create_table
  File "<string>", line 3, in create_table
  File "/usr/src/app/.venv/lib/python3.9/site-packages/alembic/operations/ops.py", line 1311, in create_table
    return operations.invoke(op)
  File "/usr/src/app/.venv/lib/python3.9/site-packages/alembic/operations/base.py", line 445, in invoke
    return fn(self, operation)
  File "/usr/src/app/.venv/lib/python3.9/site-packages/alembic/operations/toimpl.py", line 131, in create_table
    operations.impl.create_table(table)
  File "/usr/src/app/.venv/lib/python3.9/site-packages/alembic/ddl/impl.py", line 363, in create_table
    table.dispatch.before_create(
  File "/usr/src/app/.venv/lib/python3.9/site-packages/sqlalchemy/event/attr.py", line 497, in __call__
    fn(*args, **kw)
  File "/usr/src/app/.venv/lib/python3.9/site-packages/sqlalchemy/util/langhelpers.py", line 852, in __call__
    return getattr(self.target, self.name)(*arg, **kw)
  File "/usr/src/app/.venv/lib/python3.9/site-packages/sqlalchemy/sql/sqltypes.py", line 1120, in _on_table_create
    t._on_table_create(target, bind, **kw)
  File "/usr/src/app/.venv/lib/python3.9/site-packages/sqlalchemy/dialects/postgresql/named_types.py", line 98, in _on_table_create
    self.create(bind=bind, checkfirst=checkfirst)
  File "/usr/src/app/.venv/lib/python3.9/site-packages/sqlalchemy/dialects/postgresql/named_types.py", line 338, in create
    super().create(bind, checkfirst=checkfirst)
  File "/usr/src/app/.venv/lib/python3.9/site-packages/sqlalchemy/dialects/postgresql/named_types.py", line 51, in create
    bind._run_ddl_visitor(self.DDLGenerator, self, checkfirst=checkfirst)
  File "/usr/src/app/.venv/lib/python3.9/site-packages/sqlalchemy/engine/base.py", line 2461, in _run_ddl_visitor
    visitorcallable(self.dialect, self, **kwargs).traverse_single(element)
  File "/usr/src/app/.venv/lib/python3.9/site-packages/sqlalchemy/sql/visitors.py", line 664, in traverse_single
    return meth(obj, **kw)
  File "/usr/src/app/.venv/lib/python3.9/site-packages/sqlalchemy/dialects/postgresql/named_types.py", line 153, in visit_enum
    self.connection.execute(CreateEnumType(enum))
  File "/usr/src/app/.venv/lib/python3.9/site-packages/sqlalchemy/engine/base.py", line 1422, in execute
    return meth(
  File "/usr/src/app/.venv/lib/python3.9/site-packages/sqlalchemy/sql/ddl.py", line 180, in _execute_on_connection
    return connection._execute_ddl(
  File "/usr/src/app/.venv/lib/python3.9/site-packages/sqlalchemy/engine/base.py", line 1533, in _execute_ddl
    ret = self._execute_context(
  File "/usr/src/app/.venv/lib/python3.9/site-packages/sqlalchemy/engine/base.py", line 1850, in _execute_context
    return self._exec_single_context(
  File "/usr/src/app/.venv/lib/python3.9/site-packages/sqlalchemy/engine/base.py", line 1990, in _exec_single_context
    self._handle_dbapi_exception(
  File "/usr/src/app/.venv/lib/python3.9/site-packages/sqlalchemy/engine/base.py", line 2357, in _handle_dbapi_exception
    raise sqlalchemy_exception.with_traceback(exc_info[2]) from e
  File "/usr/src/app/.venv/lib/python3.9/site-packages/sqlalchemy/engine/base.py", line 1971, in _exec_single_context
    self.dialect.do_execute(
  File "/usr/src/app/.venv/lib/python3.9/site-packages/sqlalchemy/engine/default.py", line 919, in do_execute
    cursor.execute(statement, parameters)
sqlalchemy.exc.ProgrammingError: (psycopg2.errors.DuplicateObject) type "project_country" already exists

[SQL: CREATE TYPE project_country AS ENUM ('AFG', 'ALA', 'ALB', 'DZA', 'ASM', 'AND', 'AGO', 'AIA', 'ATA', 'ATG', 'ARG', 'ARM', 'ABW', 'AUS', 'AUT', 'AZE', 'BHS', 'BHR', 'BGD', 'BRB', 'BLR', 'BEL', 'BLZ', 'BEN', 'BMU', 'BTN', 'BOL', 'BES', 'BIH', 'BWA', 'BVT', 'BRA', 'IOT', 'BRN', 'BGR', 'BFA', 'BDI', 'KHM', 'CMR', 'CAN', 'CPV', 'CYM', 'CAF', 'TCD', 'CHL', 'CHN', 'CXR', 'CCK', 'COL', 'COM', 'COG', 'COD', 'COK', 'CRI', 'CIV', 'HRV', 'CUB', 'CUW', 'CYP', 'CZE', 'DNK', 'DJI', 'DMA', 'DOM', 'ECU', 'EGY', 'SLV', 'GNQ', 'ERI', 'EST', 'ETH', 'FLK', 'FRO', 'FJI', 'FIN', 'FRA', 'GUF', 'PYF', 'ATF', 'GAB', 'GMB', 'GEO', 'DEU', 'GHA', 'GIB', 'GRC', 'GRL', 'GRD', 'GLP', 'GUM', 'GTM', 'GGY', 'GIN', 'GNB', 'GUY', 'HTI', 'HMD', 'VAT', 'HND', 'HKG', 'HUN', 'ISL', 'IND', 'IDN', 'IRN', 'IRQ', 'IRL', 'IMN', 'ISR', 'ITA', 'JAM', 'JPN', 'JEY', 'JOR', 'KAZ', 'KEN', 'KIR', 'PRK', 'KOR', 'XKX', 'KWT', 'KGZ', 'LAO', 'LVA', 'LBN', 'LSO', 'LBR', 'LBY', 'LIE', 'LTU', 'LUX', 'MAC', 'MKD', 'MDG', 'MWI', 'MYS', 'MDV', 'MLI', 'MLT', 'MHL', 'MTQ', 'MRT', 'MUS', 'MYT', 'MEX', 'FSM', 'MDA', 'MCO', 'MNG', 'MNE', 'MSR', 'MAR', 'MOZ', 'MMR', 'NAM', 'NRU', 'NPL', 'NLD', 'NCL', 'NZL', 'NIC', 'NER', 'NGA', 'NIU', 'NFK', 'MNP', 'NOR', 'OMN', 'PAK', 'PLW', 'PSE', 'PAN', 'PNG', 'PRY', 'PER', 'PHL', 'PCN', 'POL', 'PRT', 'PRI', 'QAT', 'REU', 'ROU', 'RUS', 'RWA', 'BLM', 'SHN', 'KNA', 'LCA', 'MAF', 'SPM', 'VCT', 'WSM', 'SMR', 'STP', 'SAU', 'SEN', 'SRB', 'SYC', 'SLE', 'SGP', 'SXM', 'SVK', 'SVN', 'SLB', 'SOM', 'ZAF', 'SGS', 'SSD', 'ESP', 'LKA', 'SDN', 'SUR', 'SJM', 'SWZ', 'SWE', 'CHE', 'SYR', 'TWN', 'TJK', 'TZA', 'THA', 'TLS', 'TGO', 'TKL', 'TON', 'TTO', 'TUN', 'TUR', 'TKM', 'TCA', 'TUV', 'UGA', 'UKR', 'ARE', 'GBR', 'USA', 'UMI', 'URY', 'UZB', 'VUT', 'VEN', 'VNM', 'VGB', 'VIR', 'WLF', 'ESH', 'YEM', 'ZMB', 'ZWE')]
(Background on this error at: https://sqlalche.me/e/20/f405)
]]></error>
			<system-err><![CDATA[INFO  [alembic.runtime.migration] Context impl PostgresqlImpl.
INFO  [alembic.runtime.migration] Will assume transactional DDL.
INFO  [alembic.runtime.migration] Running upgrade  -> 1af632eb25cf, empty message
]]></system-err>
		</testcase>
		<testcase classname="test_resource_category_terms.CategoryTermsResourceTestCase" name="test_category_term_single_missing_unknown_id" time="0.085" timestamp="2024-04-12T15:57:33" file="tests/test_resource_category_terms.py" line="582">
			<error type="ProgrammingError" message="(psycopg2.errors.DuplicateObject) type &quot;project_country&quot; already exists

[SQL: CREATE TYPE project_country AS ENUM ('AFG', 'ALA', 'ALB', 'DZA', 'ASM', 'AND', 'AGO', 'AIA', 'ATA', 'ATG', 'ARG', 'ARM', 'ABW', 'AUS', 'AUT', 'AZE', 'BHS', 'BHR', 'BGD', 'BRB', 'BLR', 'BEL', 'BLZ', 'BEN', 'BMU', 'BTN', 'BOL', 'BES', 'BIH', 'BWA', 'BVT', 'BRA', 'IOT', 'BRN', 'BGR', 'BFA', 'BDI', 'KHM', 'CMR', 'CAN', 'CPV', 'CYM', 'CAF', 'TCD', 'CHL', 'CHN', 'CXR', 'CCK', 'COL', 'COM', 'COG', 'COD', 'COK', 'CRI', 'CIV', 'HRV', 'CUB', 'CUW', 'CYP', 'CZE', 'DNK', 'DJI', 'DMA', 'DOM', 'ECU', 'EGY', 'SLV', 'GNQ', 'ERI', 'EST', 'ETH', 'FLK', 'FRO', 'FJI', 'FIN', 'FRA', 'GUF', 'PYF', 'ATF', 'GAB', 'GMB', 'GEO', 'DEU', 'GHA', 'GIB', 'GRC', 'GRL', 'GRD', 'GLP', 'GUM', 'GTM', 'GGY', 'GIN', 'GNB', 'GUY', 'HTI', 'HMD', 'VAT', 'HND', 'HKG', 'HUN', 'ISL', 'IND', 'IDN', 'IRN', 'IRQ', 'IRL', 'IMN', 'ISR', 'ITA', 'JAM', 'JPN', 'JEY', 'JOR', 'KAZ', 'KEN', 'KIR', 'PRK', 'KOR', 'XKX', 'KWT', 'KGZ', 'LAO', 'LVA', 'LBN', 'LSO', 'LBR', 'LBY', 'LIE', 'LTU', 'LUX', 'MAC', 'MKD', 'MDG', 'MWI', 'MYS', 'MDV', 'MLI', 'MLT', 'MHL', 'MTQ', 'MRT', 'MUS', 'MYT', 'MEX', 'FSM', 'MDA', 'MCO', 'MNG', 'MNE', 'MSR', 'MAR', 'MOZ', 'MMR', 'NAM', 'NRU', 'NPL', 'NLD', 'NCL', 'NZL', 'NIC', 'NER', 'NGA', 'NIU', 'NFK', 'MNP', 'NOR', 'OMN', 'PAK', 'PLW', 'PSE', 'PAN', 'PNG', 'PRY', 'PER', 'PHL', 'PCN', 'POL', 'PRT', 'PRI', 'QAT', 'REU', 'ROU', 'RUS', 'RWA', 'BLM', 'SHN', 'KNA', 'LCA', 'MAF', 'SPM', 'VCT', 'WSM', 'SMR', 'STP', 'SAU', 'SEN', 'SRB', 'SYC', 'SLE', 'SGP', 'SXM', 'SVK', 'SVN', 'SLB', 'SOM', 'ZAF', 'SGS', 'SSD', 'ESP', 'LKA', 'SDN', 'SUR', 'SJM', 'SWZ', 'SWE', 'CHE', 'SYR', 'TWN', 'TJK', 'TZA', 'THA', 'TLS', 'TGO', 'TKL', 'TON', 'TTO', 'TUN', 'TUR', 'TKM', 'TCA', 'TUV', 'UGA', 'UKR', 'ARE', 'GBR', 'USA', 'UMI', 'URY', 'UZB', 'VUT', 'VEN', 'VNM', 'VGB', 'VIR', 'WLF', 'ESH', 'YEM', 'ZMB', 'ZWE')]
(Background on this error at: https://sqlalche.me/e/20/f405)"><![CDATA[Traceback (most recent call last):
  File "/usr/src/app/.venv/lib/python3.9/site-packages/sqlalchemy/engine/base.py", line 1971, in _exec_single_context
    self.dialect.do_execute(
  File "/usr/src/app/.venv/lib/python3.9/site-packages/sqlalchemy/engine/default.py", line 919, in do_execute
    cursor.execute(statement, parameters)
psycopg2.errors.DuplicateObject: type "project_country" already exists


The above exception was the direct cause of the following exception:

Traceback (most recent call last):
  File "/usr/src/app/tests/base_test.py", line 64, in setUp
    upgrade()
  File "/usr/src/app/.venv/lib/python3.9/site-packages/flask_migrate/__init__.py", line 111, in wrapped
    f(*args, **kwargs)
  File "/usr/src/app/.venv/lib/python3.9/site-packages/flask_migrate/__init__.py", line 200, in upgrade
    command.upgrade(config, revision, sql=sql, tag=tag)
  File "/usr/src/app/.venv/lib/python3.9/site-packages/alembic/command.py", line 403, in upgrade
    script.run_env()
  File "/usr/src/app/.venv/lib/python3.9/site-packages/alembic/script/base.py", line 583, in run_env
    util.load_python_file(self.dir, "env.py")
  File "/usr/src/app/.venv/lib/python3.9/site-packages/alembic/util/pyfiles.py", line 95, in load_python_file
    module = load_module_py(module_id, path)
  File "/usr/src/app/.venv/lib/python3.9/site-packages/alembic/util/pyfiles.py", line 113, in load_module_py
    spec.loader.exec_module(module)  # type: ignore
  File "<frozen importlib._bootstrap_external>", line 850, in exec_module
  File "<frozen importlib._bootstrap>", line 228, in _call_with_frames_removed
  File "migrations/env.py", line 113, in <module>
    run_migrations_online()
  File "migrations/env.py", line 107, in run_migrations_online
    context.run_migrations()
  File "<string>", line 8, in run_migrations
  File "/usr/src/app/.venv/lib/python3.9/site-packages/alembic/runtime/environment.py", line 948, in run_migrations
    self.get_context().run_migrations(**kw)
  File "/usr/src/app/.venv/lib/python3.9/site-packages/alembic/runtime/migration.py", line 627, in run_migrations
    step.migration_fn(**kw)
  File "/usr/src/app/migrations/versions/1af632eb25cf_.py", line 65, in upgrade
    op.create_table('projects',
  File "<string>", line 8, in create_table
  File "<string>", line 3, in create_table
  File "/usr/src/app/.venv/lib/python3.9/site-packages/alembic/operations/ops.py", line 1311, in create_table
    return operations.invoke(op)
  File "/usr/src/app/.venv/lib/python3.9/site-packages/alembic/operations/base.py", line 445, in invoke
    return fn(self, operation)
  File "/usr/src/app/.venv/lib/python3.9/site-packages/alembic/operations/toimpl.py", line 131, in create_table
    operations.impl.create_table(table)
  File "/usr/src/app/.venv/lib/python3.9/site-packages/alembic/ddl/impl.py", line 363, in create_table
    table.dispatch.before_create(
  File "/usr/src/app/.venv/lib/python3.9/site-packages/sqlalchemy/event/attr.py", line 497, in __call__
    fn(*args, **kw)
  File "/usr/src/app/.venv/lib/python3.9/site-packages/sqlalchemy/util/langhelpers.py", line 852, in __call__
    return getattr(self.target, self.name)(*arg, **kw)
  File "/usr/src/app/.venv/lib/python3.9/site-packages/sqlalchemy/sql/sqltypes.py", line 1120, in _on_table_create
    t._on_table_create(target, bind, **kw)
  File "/usr/src/app/.venv/lib/python3.9/site-packages/sqlalchemy/dialects/postgresql/named_types.py", line 98, in _on_table_create
    self.create(bind=bind, checkfirst=checkfirst)
  File "/usr/src/app/.venv/lib/python3.9/site-packages/sqlalchemy/dialects/postgresql/named_types.py", line 338, in create
    super().create(bind, checkfirst=checkfirst)
  File "/usr/src/app/.venv/lib/python3.9/site-packages/sqlalchemy/dialects/postgresql/named_types.py", line 51, in create
    bind._run_ddl_visitor(self.DDLGenerator, self, checkfirst=checkfirst)
  File "/usr/src/app/.venv/lib/python3.9/site-packages/sqlalchemy/engine/base.py", line 2461, in _run_ddl_visitor
    visitorcallable(self.dialect, self, **kwargs).traverse_single(element)
  File "/usr/src/app/.venv/lib/python3.9/site-packages/sqlalchemy/sql/visitors.py", line 664, in traverse_single
    return meth(obj, **kw)
  File "/usr/src/app/.venv/lib/python3.9/site-packages/sqlalchemy/dialects/postgresql/named_types.py", line 153, in visit_enum
    self.connection.execute(CreateEnumType(enum))
  File "/usr/src/app/.venv/lib/python3.9/site-packages/sqlalchemy/engine/base.py", line 1422, in execute
    return meth(
  File "/usr/src/app/.venv/lib/python3.9/site-packages/sqlalchemy/sql/ddl.py", line 180, in _execute_on_connection
    return connection._execute_ddl(
  File "/usr/src/app/.venv/lib/python3.9/site-packages/sqlalchemy/engine/base.py", line 1533, in _execute_ddl
    ret = self._execute_context(
  File "/usr/src/app/.venv/lib/python3.9/site-packages/sqlalchemy/engine/base.py", line 1850, in _execute_context
    return self._exec_single_context(
  File "/usr/src/app/.venv/lib/python3.9/site-packages/sqlalchemy/engine/base.py", line 1990, in _exec_single_context
    self._handle_dbapi_exception(
  File "/usr/src/app/.venv/lib/python3.9/site-packages/sqlalchemy/engine/base.py", line 2357, in _handle_dbapi_exception
    raise sqlalchemy_exception.with_traceback(exc_info[2]) from e
  File "/usr/src/app/.venv/lib/python3.9/site-packages/sqlalchemy/engine/base.py", line 1971, in _exec_single_context
    self.dialect.do_execute(
  File "/usr/src/app/.venv/lib/python3.9/site-packages/sqlalchemy/engine/default.py", line 919, in do_execute
    cursor.execute(statement, parameters)
sqlalchemy.exc.ProgrammingError: (psycopg2.errors.DuplicateObject) type "project_country" already exists

[SQL: CREATE TYPE project_country AS ENUM ('AFG', 'ALA', 'ALB', 'DZA', 'ASM', 'AND', 'AGO', 'AIA', 'ATA', 'ATG', 'ARG', 'ARM', 'ABW', 'AUS', 'AUT', 'AZE', 'BHS', 'BHR', 'BGD', 'BRB', 'BLR', 'BEL', 'BLZ', 'BEN', 'BMU', 'BTN', 'BOL', 'BES', 'BIH', 'BWA', 'BVT', 'BRA', 'IOT', 'BRN', 'BGR', 'BFA', 'BDI', 'KHM', 'CMR', 'CAN', 'CPV', 'CYM', 'CAF', 'TCD', 'CHL', 'CHN', 'CXR', 'CCK', 'COL', 'COM', 'COG', 'COD', 'COK', 'CRI', 'CIV', 'HRV', 'CUB', 'CUW', 'CYP', 'CZE', 'DNK', 'DJI', 'DMA', 'DOM', 'ECU', 'EGY', 'SLV', 'GNQ', 'ERI', 'EST', 'ETH', 'FLK', 'FRO', 'FJI', 'FIN', 'FRA', 'GUF', 'PYF', 'ATF', 'GAB', 'GMB', 'GEO', 'DEU', 'GHA', 'GIB', 'GRC', 'GRL', 'GRD', 'GLP', 'GUM', 'GTM', 'GGY', 'GIN', 'GNB', 'GUY', 'HTI', 'HMD', 'VAT', 'HND', 'HKG', 'HUN', 'ISL', 'IND', 'IDN', 'IRN', 'IRQ', 'IRL', 'IMN', 'ISR', 'ITA', 'JAM', 'JPN', 'JEY', 'JOR', 'KAZ', 'KEN', 'KIR', 'PRK', 'KOR', 'XKX', 'KWT', 'KGZ', 'LAO', 'LVA', 'LBN', 'LSO', 'LBR', 'LBY', 'LIE', 'LTU', 'LUX', 'MAC', 'MKD', 'MDG', 'MWI', 'MYS', 'MDV', 'MLI', 'MLT', 'MHL', 'MTQ', 'MRT', 'MUS', 'MYT', 'MEX', 'FSM', 'MDA', 'MCO', 'MNG', 'MNE', 'MSR', 'MAR', 'MOZ', 'MMR', 'NAM', 'NRU', 'NPL', 'NLD', 'NCL', 'NZL', 'NIC', 'NER', 'NGA', 'NIU', 'NFK', 'MNP', 'NOR', 'OMN', 'PAK', 'PLW', 'PSE', 'PAN', 'PNG', 'PRY', 'PER', 'PHL', 'PCN', 'POL', 'PRT', 'PRI', 'QAT', 'REU', 'ROU', 'RUS', 'RWA', 'BLM', 'SHN', 'KNA', 'LCA', 'MAF', 'SPM', 'VCT', 'WSM', 'SMR', 'STP', 'SAU', 'SEN', 'SRB', 'SYC', 'SLE', 'SGP', 'SXM', 'SVK', 'SVN', 'SLB', 'SOM', 'ZAF', 'SGS', 'SSD', 'ESP', 'LKA', 'SDN', 'SUR', 'SJM', 'SWZ', 'SWE', 'CHE', 'SYR', 'TWN', 'TJK', 'TZA', 'THA', 'TLS', 'TGO', 'TKL', 'TON', 'TTO', 'TUN', 'TUR', 'TKM', 'TCA', 'TUV', 'UGA', 'UKR', 'ARE', 'GBR', 'USA', 'UMI', 'URY', 'UZB', 'VUT', 'VEN', 'VNM', 'VGB', 'VIR', 'WLF', 'ESH', 'YEM', 'ZMB', 'ZWE')]
(Background on this error at: https://sqlalche.me/e/20/f405)
]]></error>
			<system-err><![CDATA[INFO  [alembic.runtime.migration] Context impl PostgresqlImpl.
INFO  [alembic.runtime.migration] Will assume transactional DDL.
INFO  [alembic.runtime.migration] Running upgrade  -> 1af632eb25cf, empty message
]]></system-err>
		</testcase>
	</testsuite>
	<testsuite name="test_resource_grants.GrantsResourceTestCase-20240412155730" tests="7" file="test_resource_grants.py" time="0.762" timestamp="2024-04-12T15:57:34" failures="0" errors="7" skipped="0">
		<testcase classname="test_resource_grants.GrantsResourceTestCase" name="test_grants_allocations" time="0.158" timestamp="2024-04-12T15:57:34" file="tests/test_resource_grants.py" line="838">
			<error type="ProgrammingError" message="(psycopg2.errors.DuplicateObject) type &quot;project_country&quot; already exists

[SQL: CREATE TYPE project_country AS ENUM ('AFG', 'ALA', 'ALB', 'DZA', 'ASM', 'AND', 'AGO', 'AIA', 'ATA', 'ATG', 'ARG', 'ARM', 'ABW', 'AUS', 'AUT', 'AZE', 'BHS', 'BHR', 'BGD', 'BRB', 'BLR', 'BEL', 'BLZ', 'BEN', 'BMU', 'BTN', 'BOL', 'BES', 'BIH', 'BWA', 'BVT', 'BRA', 'IOT', 'BRN', 'BGR', 'BFA', 'BDI', 'KHM', 'CMR', 'CAN', 'CPV', 'CYM', 'CAF', 'TCD', 'CHL', 'CHN', 'CXR', 'CCK', 'COL', 'COM', 'COG', 'COD', 'COK', 'CRI', 'CIV', 'HRV', 'CUB', 'CUW', 'CYP', 'CZE', 'DNK', 'DJI', 'DMA', 'DOM', 'ECU', 'EGY', 'SLV', 'GNQ', 'ERI', 'EST', 'ETH', 'FLK', 'FRO', 'FJI', 'FIN', 'FRA', 'GUF', 'PYF', 'ATF', 'GAB', 'GMB', 'GEO', 'DEU', 'GHA', 'GIB', 'GRC', 'GRL', 'GRD', 'GLP', 'GUM', 'GTM', 'GGY', 'GIN', 'GNB', 'GUY', 'HTI', 'HMD', 'VAT', 'HND', 'HKG', 'HUN', 'ISL', 'IND', 'IDN', 'IRN', 'IRQ', 'IRL', 'IMN', 'ISR', 'ITA', 'JAM', 'JPN', 'JEY', 'JOR', 'KAZ', 'KEN', 'KIR', 'PRK', 'KOR', 'XKX', 'KWT', 'KGZ', 'LAO', 'LVA', 'LBN', 'LSO', 'LBR', 'LBY', 'LIE', 'LTU', 'LUX', 'MAC', 'MKD', 'MDG', 'MWI', 'MYS', 'MDV', 'MLI', 'MLT', 'MHL', 'MTQ', 'MRT', 'MUS', 'MYT', 'MEX', 'FSM', 'MDA', 'MCO', 'MNG', 'MNE', 'MSR', 'MAR', 'MOZ', 'MMR', 'NAM', 'NRU', 'NPL', 'NLD', 'NCL', 'NZL', 'NIC', 'NER', 'NGA', 'NIU', 'NFK', 'MNP', 'NOR', 'OMN', 'PAK', 'PLW', 'PSE', 'PAN', 'PNG', 'PRY', 'PER', 'PHL', 'PCN', 'POL', 'PRT', 'PRI', 'QAT', 'REU', 'ROU', 'RUS', 'RWA', 'BLM', 'SHN', 'KNA', 'LCA', 'MAF', 'SPM', 'VCT', 'WSM', 'SMR', 'STP', 'SAU', 'SEN', 'SRB', 'SYC', 'SLE', 'SGP', 'SXM', 'SVK', 'SVN', 'SLB', 'SOM', 'ZAF', 'SGS', 'SSD', 'ESP', 'LKA', 'SDN', 'SUR', 'SJM', 'SWZ', 'SWE', 'CHE', 'SYR', 'TWN', 'TJK', 'TZA', 'THA', 'TLS', 'TGO', 'TKL', 'TON', 'TTO', 'TUN', 'TUR', 'TKM', 'TCA', 'TUV', 'UGA', 'UKR', 'ARE', 'GBR', 'USA', 'UMI', 'URY', 'UZB', 'VUT', 'VEN', 'VNM', 'VGB', 'VIR', 'WLF', 'ESH', 'YEM', 'ZMB', 'ZWE')]
(Background on this error at: https://sqlalche.me/e/20/f405)"><![CDATA[Traceback (most recent call last):
  File "/usr/src/app/.venv/lib/python3.9/site-packages/sqlalchemy/engine/base.py", line 1971, in _exec_single_context
    self.dialect.do_execute(
  File "/usr/src/app/.venv/lib/python3.9/site-packages/sqlalchemy/engine/default.py", line 919, in do_execute
    cursor.execute(statement, parameters)
psycopg2.errors.DuplicateObject: type "project_country" already exists


The above exception was the direct cause of the following exception:

Traceback (most recent call last):
  File "/usr/src/app/tests/base_test.py", line 64, in setUp
    upgrade()
  File "/usr/src/app/.venv/lib/python3.9/site-packages/flask_migrate/__init__.py", line 111, in wrapped
    f(*args, **kwargs)
  File "/usr/src/app/.venv/lib/python3.9/site-packages/flask_migrate/__init__.py", line 200, in upgrade
    command.upgrade(config, revision, sql=sql, tag=tag)
  File "/usr/src/app/.venv/lib/python3.9/site-packages/alembic/command.py", line 403, in upgrade
    script.run_env()
  File "/usr/src/app/.venv/lib/python3.9/site-packages/alembic/script/base.py", line 583, in run_env
    util.load_python_file(self.dir, "env.py")
  File "/usr/src/app/.venv/lib/python3.9/site-packages/alembic/util/pyfiles.py", line 95, in load_python_file
    module = load_module_py(module_id, path)
  File "/usr/src/app/.venv/lib/python3.9/site-packages/alembic/util/pyfiles.py", line 113, in load_module_py
    spec.loader.exec_module(module)  # type: ignore
  File "<frozen importlib._bootstrap_external>", line 850, in exec_module
  File "<frozen importlib._bootstrap>", line 228, in _call_with_frames_removed
  File "migrations/env.py", line 113, in <module>
    run_migrations_online()
  File "migrations/env.py", line 107, in run_migrations_online
    context.run_migrations()
  File "<string>", line 8, in run_migrations
  File "/usr/src/app/.venv/lib/python3.9/site-packages/alembic/runtime/environment.py", line 948, in run_migrations
    self.get_context().run_migrations(**kw)
  File "/usr/src/app/.venv/lib/python3.9/site-packages/alembic/runtime/migration.py", line 627, in run_migrations
    step.migration_fn(**kw)
  File "/usr/src/app/migrations/versions/1af632eb25cf_.py", line 65, in upgrade
    op.create_table('projects',
  File "<string>", line 8, in create_table
  File "<string>", line 3, in create_table
  File "/usr/src/app/.venv/lib/python3.9/site-packages/alembic/operations/ops.py", line 1311, in create_table
    return operations.invoke(op)
  File "/usr/src/app/.venv/lib/python3.9/site-packages/alembic/operations/base.py", line 445, in invoke
    return fn(self, operation)
  File "/usr/src/app/.venv/lib/python3.9/site-packages/alembic/operations/toimpl.py", line 131, in create_table
    operations.impl.create_table(table)
  File "/usr/src/app/.venv/lib/python3.9/site-packages/alembic/ddl/impl.py", line 363, in create_table
    table.dispatch.before_create(
  File "/usr/src/app/.venv/lib/python3.9/site-packages/sqlalchemy/event/attr.py", line 497, in __call__
    fn(*args, **kw)
  File "/usr/src/app/.venv/lib/python3.9/site-packages/sqlalchemy/util/langhelpers.py", line 852, in __call__
    return getattr(self.target, self.name)(*arg, **kw)
  File "/usr/src/app/.venv/lib/python3.9/site-packages/sqlalchemy/sql/sqltypes.py", line 1120, in _on_table_create
    t._on_table_create(target, bind, **kw)
  File "/usr/src/app/.venv/lib/python3.9/site-packages/sqlalchemy/dialects/postgresql/named_types.py", line 98, in _on_table_create
    self.create(bind=bind, checkfirst=checkfirst)
  File "/usr/src/app/.venv/lib/python3.9/site-packages/sqlalchemy/dialects/postgresql/named_types.py", line 338, in create
    super().create(bind, checkfirst=checkfirst)
  File "/usr/src/app/.venv/lib/python3.9/site-packages/sqlalchemy/dialects/postgresql/named_types.py", line 51, in create
    bind._run_ddl_visitor(self.DDLGenerator, self, checkfirst=checkfirst)
  File "/usr/src/app/.venv/lib/python3.9/site-packages/sqlalchemy/engine/base.py", line 2461, in _run_ddl_visitor
    visitorcallable(self.dialect, self, **kwargs).traverse_single(element)
  File "/usr/src/app/.venv/lib/python3.9/site-packages/sqlalchemy/sql/visitors.py", line 664, in traverse_single
    return meth(obj, **kw)
  File "/usr/src/app/.venv/lib/python3.9/site-packages/sqlalchemy/dialects/postgresql/named_types.py", line 153, in visit_enum
    self.connection.execute(CreateEnumType(enum))
  File "/usr/src/app/.venv/lib/python3.9/site-packages/sqlalchemy/engine/base.py", line 1422, in execute
    return meth(
  File "/usr/src/app/.venv/lib/python3.9/site-packages/sqlalchemy/sql/ddl.py", line 180, in _execute_on_connection
    return connection._execute_ddl(
  File "/usr/src/app/.venv/lib/python3.9/site-packages/sqlalchemy/engine/base.py", line 1533, in _execute_ddl
    ret = self._execute_context(
  File "/usr/src/app/.venv/lib/python3.9/site-packages/sqlalchemy/engine/base.py", line 1850, in _execute_context
    return self._exec_single_context(
  File "/usr/src/app/.venv/lib/python3.9/site-packages/sqlalchemy/engine/base.py", line 1990, in _exec_single_context
    self._handle_dbapi_exception(
  File "/usr/src/app/.venv/lib/python3.9/site-packages/sqlalchemy/engine/base.py", line 2357, in _handle_dbapi_exception
    raise sqlalchemy_exception.with_traceback(exc_info[2]) from e
  File "/usr/src/app/.venv/lib/python3.9/site-packages/sqlalchemy/engine/base.py", line 1971, in _exec_single_context
    self.dialect.do_execute(
  File "/usr/src/app/.venv/lib/python3.9/site-packages/sqlalchemy/engine/default.py", line 919, in do_execute
    cursor.execute(statement, parameters)
sqlalchemy.exc.ProgrammingError: (psycopg2.errors.DuplicateObject) type "project_country" already exists

[SQL: CREATE TYPE project_country AS ENUM ('AFG', 'ALA', 'ALB', 'DZA', 'ASM', 'AND', 'AGO', 'AIA', 'ATA', 'ATG', 'ARG', 'ARM', 'ABW', 'AUS', 'AUT', 'AZE', 'BHS', 'BHR', 'BGD', 'BRB', 'BLR', 'BEL', 'BLZ', 'BEN', 'BMU', 'BTN', 'BOL', 'BES', 'BIH', 'BWA', 'BVT', 'BRA', 'IOT', 'BRN', 'BGR', 'BFA', 'BDI', 'KHM', 'CMR', 'CAN', 'CPV', 'CYM', 'CAF', 'TCD', 'CHL', 'CHN', 'CXR', 'CCK', 'COL', 'COM', 'COG', 'COD', 'COK', 'CRI', 'CIV', 'HRV', 'CUB', 'CUW', 'CYP', 'CZE', 'DNK', 'DJI', 'DMA', 'DOM', 'ECU', 'EGY', 'SLV', 'GNQ', 'ERI', 'EST', 'ETH', 'FLK', 'FRO', 'FJI', 'FIN', 'FRA', 'GUF', 'PYF', 'ATF', 'GAB', 'GMB', 'GEO', 'DEU', 'GHA', 'GIB', 'GRC', 'GRL', 'GRD', 'GLP', 'GUM', 'GTM', 'GGY', 'GIN', 'GNB', 'GUY', 'HTI', 'HMD', 'VAT', 'HND', 'HKG', 'HUN', 'ISL', 'IND', 'IDN', 'IRN', 'IRQ', 'IRL', 'IMN', 'ISR', 'ITA', 'JAM', 'JPN', 'JEY', 'JOR', 'KAZ', 'KEN', 'KIR', 'PRK', 'KOR', 'XKX', 'KWT', 'KGZ', 'LAO', 'LVA', 'LBN', 'LSO', 'LBR', 'LBY', 'LIE', 'LTU', 'LUX', 'MAC', 'MKD', 'MDG', 'MWI', 'MYS', 'MDV', 'MLI', 'MLT', 'MHL', 'MTQ', 'MRT', 'MUS', 'MYT', 'MEX', 'FSM', 'MDA', 'MCO', 'MNG', 'MNE', 'MSR', 'MAR', 'MOZ', 'MMR', 'NAM', 'NRU', 'NPL', 'NLD', 'NCL', 'NZL', 'NIC', 'NER', 'NGA', 'NIU', 'NFK', 'MNP', 'NOR', 'OMN', 'PAK', 'PLW', 'PSE', 'PAN', 'PNG', 'PRY', 'PER', 'PHL', 'PCN', 'POL', 'PRT', 'PRI', 'QAT', 'REU', 'ROU', 'RUS', 'RWA', 'BLM', 'SHN', 'KNA', 'LCA', 'MAF', 'SPM', 'VCT', 'WSM', 'SMR', 'STP', 'SAU', 'SEN', 'SRB', 'SYC', 'SLE', 'SGP', 'SXM', 'SVK', 'SVN', 'SLB', 'SOM', 'ZAF', 'SGS', 'SSD', 'ESP', 'LKA', 'SDN', 'SUR', 'SJM', 'SWZ', 'SWE', 'CHE', 'SYR', 'TWN', 'TJK', 'TZA', 'THA', 'TLS', 'TGO', 'TKL', 'TON', 'TTO', 'TUN', 'TUR', 'TKM', 'TCA', 'TUV', 'UGA', 'UKR', 'ARE', 'GBR', 'USA', 'UMI', 'URY', 'UZB', 'VUT', 'VEN', 'VNM', 'VGB', 'VIR', 'WLF', 'ESH', 'YEM', 'ZMB', 'ZWE')]
(Background on this error at: https://sqlalche.me/e/20/f405)
]]></error>
			<system-err><![CDATA[INFO  [alembic.runtime.migration] Context impl PostgresqlImpl.
INFO  [alembic.runtime.migration] Will assume transactional DDL.
INFO  [alembic.runtime.migration] Running upgrade  -> 1af632eb25cf, empty message
]]></system-err>
		</testcase>
		<testcase classname="test_resource_grants.GrantsResourceTestCase" name="test_grants_detail" time="0.145" timestamp="2024-04-12T15:57:34" file="tests/test_resource_grants.py" line="487">
			<error type="ProgrammingError" message="(psycopg2.errors.DuplicateObject) type &quot;project_country&quot; already exists

[SQL: CREATE TYPE project_country AS ENUM ('AFG', 'ALA', 'ALB', 'DZA', 'ASM', 'AND', 'AGO', 'AIA', 'ATA', 'ATG', 'ARG', 'ARM', 'ABW', 'AUS', 'AUT', 'AZE', 'BHS', 'BHR', 'BGD', 'BRB', 'BLR', 'BEL', 'BLZ', 'BEN', 'BMU', 'BTN', 'BOL', 'BES', 'BIH', 'BWA', 'BVT', 'BRA', 'IOT', 'BRN', 'BGR', 'BFA', 'BDI', 'KHM', 'CMR', 'CAN', 'CPV', 'CYM', 'CAF', 'TCD', 'CHL', 'CHN', 'CXR', 'CCK', 'COL', 'COM', 'COG', 'COD', 'COK', 'CRI', 'CIV', 'HRV', 'CUB', 'CUW', 'CYP', 'CZE', 'DNK', 'DJI', 'DMA', 'DOM', 'ECU', 'EGY', 'SLV', 'GNQ', 'ERI', 'EST', 'ETH', 'FLK', 'FRO', 'FJI', 'FIN', 'FRA', 'GUF', 'PYF', 'ATF', 'GAB', 'GMB', 'GEO', 'DEU', 'GHA', 'GIB', 'GRC', 'GRL', 'GRD', 'GLP', 'GUM', 'GTM', 'GGY', 'GIN', 'GNB', 'GUY', 'HTI', 'HMD', 'VAT', 'HND', 'HKG', 'HUN', 'ISL', 'IND', 'IDN', 'IRN', 'IRQ', 'IRL', 'IMN', 'ISR', 'ITA', 'JAM', 'JPN', 'JEY', 'JOR', 'KAZ', 'KEN', 'KIR', 'PRK', 'KOR', 'XKX', 'KWT', 'KGZ', 'LAO', 'LVA', 'LBN', 'LSO', 'LBR', 'LBY', 'LIE', 'LTU', 'LUX', 'MAC', 'MKD', 'MDG', 'MWI', 'MYS', 'MDV', 'MLI', 'MLT', 'MHL', 'MTQ', 'MRT', 'MUS', 'MYT', 'MEX', 'FSM', 'MDA', 'MCO', 'MNG', 'MNE', 'MSR', 'MAR', 'MOZ', 'MMR', 'NAM', 'NRU', 'NPL', 'NLD', 'NCL', 'NZL', 'NIC', 'NER', 'NGA', 'NIU', 'NFK', 'MNP', 'NOR', 'OMN', 'PAK', 'PLW', 'PSE', 'PAN', 'PNG', 'PRY', 'PER', 'PHL', 'PCN', 'POL', 'PRT', 'PRI', 'QAT', 'REU', 'ROU', 'RUS', 'RWA', 'BLM', 'SHN', 'KNA', 'LCA', 'MAF', 'SPM', 'VCT', 'WSM', 'SMR', 'STP', 'SAU', 'SEN', 'SRB', 'SYC', 'SLE', 'SGP', 'SXM', 'SVK', 'SVN', 'SLB', 'SOM', 'ZAF', 'SGS', 'SSD', 'ESP', 'LKA', 'SDN', 'SUR', 'SJM', 'SWZ', 'SWE', 'CHE', 'SYR', 'TWN', 'TJK', 'TZA', 'THA', 'TLS', 'TGO', 'TKL', 'TON', 'TTO', 'TUN', 'TUR', 'TKM', 'TCA', 'TUV', 'UGA', 'UKR', 'ARE', 'GBR', 'USA', 'UMI', 'URY', 'UZB', 'VUT', 'VEN', 'VNM', 'VGB', 'VIR', 'WLF', 'ESH', 'YEM', 'ZMB', 'ZWE')]
(Background on this error at: https://sqlalche.me/e/20/f405)"><![CDATA[Traceback (most recent call last):
  File "/usr/src/app/.venv/lib/python3.9/site-packages/sqlalchemy/engine/base.py", line 1971, in _exec_single_context
    self.dialect.do_execute(
  File "/usr/src/app/.venv/lib/python3.9/site-packages/sqlalchemy/engine/default.py", line 919, in do_execute
    cursor.execute(statement, parameters)
psycopg2.errors.DuplicateObject: type "project_country" already exists


The above exception was the direct cause of the following exception:

Traceback (most recent call last):
  File "/usr/src/app/tests/base_test.py", line 64, in setUp
    upgrade()
  File "/usr/src/app/.venv/lib/python3.9/site-packages/flask_migrate/__init__.py", line 111, in wrapped
    f(*args, **kwargs)
  File "/usr/src/app/.venv/lib/python3.9/site-packages/flask_migrate/__init__.py", line 200, in upgrade
    command.upgrade(config, revision, sql=sql, tag=tag)
  File "/usr/src/app/.venv/lib/python3.9/site-packages/alembic/command.py", line 403, in upgrade
    script.run_env()
  File "/usr/src/app/.venv/lib/python3.9/site-packages/alembic/script/base.py", line 583, in run_env
    util.load_python_file(self.dir, "env.py")
  File "/usr/src/app/.venv/lib/python3.9/site-packages/alembic/util/pyfiles.py", line 95, in load_python_file
    module = load_module_py(module_id, path)
  File "/usr/src/app/.venv/lib/python3.9/site-packages/alembic/util/pyfiles.py", line 113, in load_module_py
    spec.loader.exec_module(module)  # type: ignore
  File "<frozen importlib._bootstrap_external>", line 850, in exec_module
  File "<frozen importlib._bootstrap>", line 228, in _call_with_frames_removed
  File "migrations/env.py", line 113, in <module>
    run_migrations_online()
  File "migrations/env.py", line 107, in run_migrations_online
    context.run_migrations()
  File "<string>", line 8, in run_migrations
  File "/usr/src/app/.venv/lib/python3.9/site-packages/alembic/runtime/environment.py", line 948, in run_migrations
    self.get_context().run_migrations(**kw)
  File "/usr/src/app/.venv/lib/python3.9/site-packages/alembic/runtime/migration.py", line 627, in run_migrations
    step.migration_fn(**kw)
  File "/usr/src/app/migrations/versions/1af632eb25cf_.py", line 65, in upgrade
    op.create_table('projects',
  File "<string>", line 8, in create_table
  File "<string>", line 3, in create_table
  File "/usr/src/app/.venv/lib/python3.9/site-packages/alembic/operations/ops.py", line 1311, in create_table
    return operations.invoke(op)
  File "/usr/src/app/.venv/lib/python3.9/site-packages/alembic/operations/base.py", line 445, in invoke
    return fn(self, operation)
  File "/usr/src/app/.venv/lib/python3.9/site-packages/alembic/operations/toimpl.py", line 131, in create_table
    operations.impl.create_table(table)
  File "/usr/src/app/.venv/lib/python3.9/site-packages/alembic/ddl/impl.py", line 363, in create_table
    table.dispatch.before_create(
  File "/usr/src/app/.venv/lib/python3.9/site-packages/sqlalchemy/event/attr.py", line 497, in __call__
    fn(*args, **kw)
  File "/usr/src/app/.venv/lib/python3.9/site-packages/sqlalchemy/util/langhelpers.py", line 852, in __call__
    return getattr(self.target, self.name)(*arg, **kw)
  File "/usr/src/app/.venv/lib/python3.9/site-packages/sqlalchemy/sql/sqltypes.py", line 1120, in _on_table_create
    t._on_table_create(target, bind, **kw)
  File "/usr/src/app/.venv/lib/python3.9/site-packages/sqlalchemy/dialects/postgresql/named_types.py", line 98, in _on_table_create
    self.create(bind=bind, checkfirst=checkfirst)
  File "/usr/src/app/.venv/lib/python3.9/site-packages/sqlalchemy/dialects/postgresql/named_types.py", line 338, in create
    super().create(bind, checkfirst=checkfirst)
  File "/usr/src/app/.venv/lib/python3.9/site-packages/sqlalchemy/dialects/postgresql/named_types.py", line 51, in create
    bind._run_ddl_visitor(self.DDLGenerator, self, checkfirst=checkfirst)
  File "/usr/src/app/.venv/lib/python3.9/site-packages/sqlalchemy/engine/base.py", line 2461, in _run_ddl_visitor
    visitorcallable(self.dialect, self, **kwargs).traverse_single(element)
  File "/usr/src/app/.venv/lib/python3.9/site-packages/sqlalchemy/sql/visitors.py", line 664, in traverse_single
    return meth(obj, **kw)
  File "/usr/src/app/.venv/lib/python3.9/site-packages/sqlalchemy/dialects/postgresql/named_types.py", line 153, in visit_enum
    self.connection.execute(CreateEnumType(enum))
  File "/usr/src/app/.venv/lib/python3.9/site-packages/sqlalchemy/engine/base.py", line 1422, in execute
    return meth(
  File "/usr/src/app/.venv/lib/python3.9/site-packages/sqlalchemy/sql/ddl.py", line 180, in _execute_on_connection
    return connection._execute_ddl(
  File "/usr/src/app/.venv/lib/python3.9/site-packages/sqlalchemy/engine/base.py", line 1533, in _execute_ddl
    ret = self._execute_context(
  File "/usr/src/app/.venv/lib/python3.9/site-packages/sqlalchemy/engine/base.py", line 1850, in _execute_context
    return self._exec_single_context(
  File "/usr/src/app/.venv/lib/python3.9/site-packages/sqlalchemy/engine/base.py", line 1990, in _exec_single_context
    self._handle_dbapi_exception(
  File "/usr/src/app/.venv/lib/python3.9/site-packages/sqlalchemy/engine/base.py", line 2357, in _handle_dbapi_exception
    raise sqlalchemy_exception.with_traceback(exc_info[2]) from e
  File "/usr/src/app/.venv/lib/python3.9/site-packages/sqlalchemy/engine/base.py", line 1971, in _exec_single_context
    self.dialect.do_execute(
  File "/usr/src/app/.venv/lib/python3.9/site-packages/sqlalchemy/engine/default.py", line 919, in do_execute
    cursor.execute(statement, parameters)
sqlalchemy.exc.ProgrammingError: (psycopg2.errors.DuplicateObject) type "project_country" already exists

[SQL: CREATE TYPE project_country AS ENUM ('AFG', 'ALA', 'ALB', 'DZA', 'ASM', 'AND', 'AGO', 'AIA', 'ATA', 'ATG', 'ARG', 'ARM', 'ABW', 'AUS', 'AUT', 'AZE', 'BHS', 'BHR', 'BGD', 'BRB', 'BLR', 'BEL', 'BLZ', 'BEN', 'BMU', 'BTN', 'BOL', 'BES', 'BIH', 'BWA', 'BVT', 'BRA', 'IOT', 'BRN', 'BGR', 'BFA', 'BDI', 'KHM', 'CMR', 'CAN', 'CPV', 'CYM', 'CAF', 'TCD', 'CHL', 'CHN', 'CXR', 'CCK', 'COL', 'COM', 'COG', 'COD', 'COK', 'CRI', 'CIV', 'HRV', 'CUB', 'CUW', 'CYP', 'CZE', 'DNK', 'DJI', 'DMA', 'DOM', 'ECU', 'EGY', 'SLV', 'GNQ', 'ERI', 'EST', 'ETH', 'FLK', 'FRO', 'FJI', 'FIN', 'FRA', 'GUF', 'PYF', 'ATF', 'GAB', 'GMB', 'GEO', 'DEU', 'GHA', 'GIB', 'GRC', 'GRL', 'GRD', 'GLP', 'GUM', 'GTM', 'GGY', 'GIN', 'GNB', 'GUY', 'HTI', 'HMD', 'VAT', 'HND', 'HKG', 'HUN', 'ISL', 'IND', 'IDN', 'IRN', 'IRQ', 'IRL', 'IMN', 'ISR', 'ITA', 'JAM', 'JPN', 'JEY', 'JOR', 'KAZ', 'KEN', 'KIR', 'PRK', 'KOR', 'XKX', 'KWT', 'KGZ', 'LAO', 'LVA', 'LBN', 'LSO', 'LBR', 'LBY', 'LIE', 'LTU', 'LUX', 'MAC', 'MKD', 'MDG', 'MWI', 'MYS', 'MDV', 'MLI', 'MLT', 'MHL', 'MTQ', 'MRT', 'MUS', 'MYT', 'MEX', 'FSM', 'MDA', 'MCO', 'MNG', 'MNE', 'MSR', 'MAR', 'MOZ', 'MMR', 'NAM', 'NRU', 'NPL', 'NLD', 'NCL', 'NZL', 'NIC', 'NER', 'NGA', 'NIU', 'NFK', 'MNP', 'NOR', 'OMN', 'PAK', 'PLW', 'PSE', 'PAN', 'PNG', 'PRY', 'PER', 'PHL', 'PCN', 'POL', 'PRT', 'PRI', 'QAT', 'REU', 'ROU', 'RUS', 'RWA', 'BLM', 'SHN', 'KNA', 'LCA', 'MAF', 'SPM', 'VCT', 'WSM', 'SMR', 'STP', 'SAU', 'SEN', 'SRB', 'SYC', 'SLE', 'SGP', 'SXM', 'SVK', 'SVN', 'SLB', 'SOM', 'ZAF', 'SGS', 'SSD', 'ESP', 'LKA', 'SDN', 'SUR', 'SJM', 'SWZ', 'SWE', 'CHE', 'SYR', 'TWN', 'TJK', 'TZA', 'THA', 'TLS', 'TGO', 'TKL', 'TON', 'TTO', 'TUN', 'TUR', 'TKM', 'TCA', 'TUV', 'UGA', 'UKR', 'ARE', 'GBR', 'USA', 'UMI', 'URY', 'UZB', 'VUT', 'VEN', 'VNM', 'VGB', 'VIR', 'WLF', 'ESH', 'YEM', 'ZMB', 'ZWE')]
(Background on this error at: https://sqlalche.me/e/20/f405)
]]></error>
			<system-err><![CDATA[INFO  [alembic.runtime.migration] Context impl PostgresqlImpl.
INFO  [alembic.runtime.migration] Will assume transactional DDL.
INFO  [alembic.runtime.migration] Running upgrade  -> 1af632eb25cf, empty message
]]></system-err>
		</testcase>
		<testcase classname="test_resource_grants.GrantsResourceTestCase" name="test_grants_list" time="0.125" timestamp="2024-04-12T15:57:34" file="tests/test_resource_grants.py" line="9">
			<error type="ProgrammingError" message="(psycopg2.errors.DuplicateObject) type &quot;project_country&quot; already exists

[SQL: CREATE TYPE project_country AS ENUM ('AFG', 'ALA', 'ALB', 'DZA', 'ASM', 'AND', 'AGO', 'AIA', 'ATA', 'ATG', 'ARG', 'ARM', 'ABW', 'AUS', 'AUT', 'AZE', 'BHS', 'BHR', 'BGD', 'BRB', 'BLR', 'BEL', 'BLZ', 'BEN', 'BMU', 'BTN', 'BOL', 'BES', 'BIH', 'BWA', 'BVT', 'BRA', 'IOT', 'BRN', 'BGR', 'BFA', 'BDI', 'KHM', 'CMR', 'CAN', 'CPV', 'CYM', 'CAF', 'TCD', 'CHL', 'CHN', 'CXR', 'CCK', 'COL', 'COM', 'COG', 'COD', 'COK', 'CRI', 'CIV', 'HRV', 'CUB', 'CUW', 'CYP', 'CZE', 'DNK', 'DJI', 'DMA', 'DOM', 'ECU', 'EGY', 'SLV', 'GNQ', 'ERI', 'EST', 'ETH', 'FLK', 'FRO', 'FJI', 'FIN', 'FRA', 'GUF', 'PYF', 'ATF', 'GAB', 'GMB', 'GEO', 'DEU', 'GHA', 'GIB', 'GRC', 'GRL', 'GRD', 'GLP', 'GUM', 'GTM', 'GGY', 'GIN', 'GNB', 'GUY', 'HTI', 'HMD', 'VAT', 'HND', 'HKG', 'HUN', 'ISL', 'IND', 'IDN', 'IRN', 'IRQ', 'IRL', 'IMN', 'ISR', 'ITA', 'JAM', 'JPN', 'JEY', 'JOR', 'KAZ', 'KEN', 'KIR', 'PRK', 'KOR', 'XKX', 'KWT', 'KGZ', 'LAO', 'LVA', 'LBN', 'LSO', 'LBR', 'LBY', 'LIE', 'LTU', 'LUX', 'MAC', 'MKD', 'MDG', 'MWI', 'MYS', 'MDV', 'MLI', 'MLT', 'MHL', 'MTQ', 'MRT', 'MUS', 'MYT', 'MEX', 'FSM', 'MDA', 'MCO', 'MNG', 'MNE', 'MSR', 'MAR', 'MOZ', 'MMR', 'NAM', 'NRU', 'NPL', 'NLD', 'NCL', 'NZL', 'NIC', 'NER', 'NGA', 'NIU', 'NFK', 'MNP', 'NOR', 'OMN', 'PAK', 'PLW', 'PSE', 'PAN', 'PNG', 'PRY', 'PER', 'PHL', 'PCN', 'POL', 'PRT', 'PRI', 'QAT', 'REU', 'ROU', 'RUS', 'RWA', 'BLM', 'SHN', 'KNA', 'LCA', 'MAF', 'SPM', 'VCT', 'WSM', 'SMR', 'STP', 'SAU', 'SEN', 'SRB', 'SYC', 'SLE', 'SGP', 'SXM', 'SVK', 'SVN', 'SLB', 'SOM', 'ZAF', 'SGS', 'SSD', 'ESP', 'LKA', 'SDN', 'SUR', 'SJM', 'SWZ', 'SWE', 'CHE', 'SYR', 'TWN', 'TJK', 'TZA', 'THA', 'TLS', 'TGO', 'TKL', 'TON', 'TTO', 'TUN', 'TUR', 'TKM', 'TCA', 'TUV', 'UGA', 'UKR', 'ARE', 'GBR', 'USA', 'UMI', 'URY', 'UZB', 'VUT', 'VEN', 'VNM', 'VGB', 'VIR', 'WLF', 'ESH', 'YEM', 'ZMB', 'ZWE')]
(Background on this error at: https://sqlalche.me/e/20/f405)"><![CDATA[Traceback (most recent call last):
  File "/usr/src/app/.venv/lib/python3.9/site-packages/sqlalchemy/engine/base.py", line 1971, in _exec_single_context
    self.dialect.do_execute(
  File "/usr/src/app/.venv/lib/python3.9/site-packages/sqlalchemy/engine/default.py", line 919, in do_execute
    cursor.execute(statement, parameters)
psycopg2.errors.DuplicateObject: type "project_country" already exists


The above exception was the direct cause of the following exception:

Traceback (most recent call last):
  File "/usr/src/app/tests/base_test.py", line 64, in setUp
    upgrade()
  File "/usr/src/app/.venv/lib/python3.9/site-packages/flask_migrate/__init__.py", line 111, in wrapped
    f(*args, **kwargs)
  File "/usr/src/app/.venv/lib/python3.9/site-packages/flask_migrate/__init__.py", line 200, in upgrade
    command.upgrade(config, revision, sql=sql, tag=tag)
  File "/usr/src/app/.venv/lib/python3.9/site-packages/alembic/command.py", line 403, in upgrade
    script.run_env()
  File "/usr/src/app/.venv/lib/python3.9/site-packages/alembic/script/base.py", line 583, in run_env
    util.load_python_file(self.dir, "env.py")
  File "/usr/src/app/.venv/lib/python3.9/site-packages/alembic/util/pyfiles.py", line 95, in load_python_file
    module = load_module_py(module_id, path)
  File "/usr/src/app/.venv/lib/python3.9/site-packages/alembic/util/pyfiles.py", line 113, in load_module_py
    spec.loader.exec_module(module)  # type: ignore
  File "<frozen importlib._bootstrap_external>", line 850, in exec_module
  File "<frozen importlib._bootstrap>", line 228, in _call_with_frames_removed
  File "migrations/env.py", line 113, in <module>
    run_migrations_online()
  File "migrations/env.py", line 107, in run_migrations_online
    context.run_migrations()
  File "<string>", line 8, in run_migrations
  File "/usr/src/app/.venv/lib/python3.9/site-packages/alembic/runtime/environment.py", line 948, in run_migrations
    self.get_context().run_migrations(**kw)
  File "/usr/src/app/.venv/lib/python3.9/site-packages/alembic/runtime/migration.py", line 627, in run_migrations
    step.migration_fn(**kw)
  File "/usr/src/app/migrations/versions/1af632eb25cf_.py", line 65, in upgrade
    op.create_table('projects',
  File "<string>", line 8, in create_table
  File "<string>", line 3, in create_table
  File "/usr/src/app/.venv/lib/python3.9/site-packages/alembic/operations/ops.py", line 1311, in create_table
    return operations.invoke(op)
  File "/usr/src/app/.venv/lib/python3.9/site-packages/alembic/operations/base.py", line 445, in invoke
    return fn(self, operation)
  File "/usr/src/app/.venv/lib/python3.9/site-packages/alembic/operations/toimpl.py", line 131, in create_table
    operations.impl.create_table(table)
  File "/usr/src/app/.venv/lib/python3.9/site-packages/alembic/ddl/impl.py", line 363, in create_table
    table.dispatch.before_create(
  File "/usr/src/app/.venv/lib/python3.9/site-packages/sqlalchemy/event/attr.py", line 497, in __call__
    fn(*args, **kw)
  File "/usr/src/app/.venv/lib/python3.9/site-packages/sqlalchemy/util/langhelpers.py", line 852, in __call__
    return getattr(self.target, self.name)(*arg, **kw)
  File "/usr/src/app/.venv/lib/python3.9/site-packages/sqlalchemy/sql/sqltypes.py", line 1120, in _on_table_create
    t._on_table_create(target, bind, **kw)
  File "/usr/src/app/.venv/lib/python3.9/site-packages/sqlalchemy/dialects/postgresql/named_types.py", line 98, in _on_table_create
    self.create(bind=bind, checkfirst=checkfirst)
  File "/usr/src/app/.venv/lib/python3.9/site-packages/sqlalchemy/dialects/postgresql/named_types.py", line 338, in create
    super().create(bind, checkfirst=checkfirst)
  File "/usr/src/app/.venv/lib/python3.9/site-packages/sqlalchemy/dialects/postgresql/named_types.py", line 51, in create
    bind._run_ddl_visitor(self.DDLGenerator, self, checkfirst=checkfirst)
  File "/usr/src/app/.venv/lib/python3.9/site-packages/sqlalchemy/engine/base.py", line 2461, in _run_ddl_visitor
    visitorcallable(self.dialect, self, **kwargs).traverse_single(element)
  File "/usr/src/app/.venv/lib/python3.9/site-packages/sqlalchemy/sql/visitors.py", line 664, in traverse_single
    return meth(obj, **kw)
  File "/usr/src/app/.venv/lib/python3.9/site-packages/sqlalchemy/dialects/postgresql/named_types.py", line 153, in visit_enum
    self.connection.execute(CreateEnumType(enum))
  File "/usr/src/app/.venv/lib/python3.9/site-packages/sqlalchemy/engine/base.py", line 1422, in execute
    return meth(
  File "/usr/src/app/.venv/lib/python3.9/site-packages/sqlalchemy/sql/ddl.py", line 180, in _execute_on_connection
    return connection._execute_ddl(
  File "/usr/src/app/.venv/lib/python3.9/site-packages/sqlalchemy/engine/base.py", line 1533, in _execute_ddl
    ret = self._execute_context(
  File "/usr/src/app/.venv/lib/python3.9/site-packages/sqlalchemy/engine/base.py", line 1850, in _execute_context
    return self._exec_single_context(
  File "/usr/src/app/.venv/lib/python3.9/site-packages/sqlalchemy/engine/base.py", line 1990, in _exec_single_context
    self._handle_dbapi_exception(
  File "/usr/src/app/.venv/lib/python3.9/site-packages/sqlalchemy/engine/base.py", line 2357, in _handle_dbapi_exception
    raise sqlalchemy_exception.with_traceback(exc_info[2]) from e
  File "/usr/src/app/.venv/lib/python3.9/site-packages/sqlalchemy/engine/base.py", line 1971, in _exec_single_context
    self.dialect.do_execute(
  File "/usr/src/app/.venv/lib/python3.9/site-packages/sqlalchemy/engine/default.py", line 919, in do_execute
    cursor.execute(statement, parameters)
sqlalchemy.exc.ProgrammingError: (psycopg2.errors.DuplicateObject) type "project_country" already exists

[SQL: CREATE TYPE project_country AS ENUM ('AFG', 'ALA', 'ALB', 'DZA', 'ASM', 'AND', 'AGO', 'AIA', 'ATA', 'ATG', 'ARG', 'ARM', 'ABW', 'AUS', 'AUT', 'AZE', 'BHS', 'BHR', 'BGD', 'BRB', 'BLR', 'BEL', 'BLZ', 'BEN', 'BMU', 'BTN', 'BOL', 'BES', 'BIH', 'BWA', 'BVT', 'BRA', 'IOT', 'BRN', 'BGR', 'BFA', 'BDI', 'KHM', 'CMR', 'CAN', 'CPV', 'CYM', 'CAF', 'TCD', 'CHL', 'CHN', 'CXR', 'CCK', 'COL', 'COM', 'COG', 'COD', 'COK', 'CRI', 'CIV', 'HRV', 'CUB', 'CUW', 'CYP', 'CZE', 'DNK', 'DJI', 'DMA', 'DOM', 'ECU', 'EGY', 'SLV', 'GNQ', 'ERI', 'EST', 'ETH', 'FLK', 'FRO', 'FJI', 'FIN', 'FRA', 'GUF', 'PYF', 'ATF', 'GAB', 'GMB', 'GEO', 'DEU', 'GHA', 'GIB', 'GRC', 'GRL', 'GRD', 'GLP', 'GUM', 'GTM', 'GGY', 'GIN', 'GNB', 'GUY', 'HTI', 'HMD', 'VAT', 'HND', 'HKG', 'HUN', 'ISL', 'IND', 'IDN', 'IRN', 'IRQ', 'IRL', 'IMN', 'ISR', 'ITA', 'JAM', 'JPN', 'JEY', 'JOR', 'KAZ', 'KEN', 'KIR', 'PRK', 'KOR', 'XKX', 'KWT', 'KGZ', 'LAO', 'LVA', 'LBN', 'LSO', 'LBR', 'LBY', 'LIE', 'LTU', 'LUX', 'MAC', 'MKD', 'MDG', 'MWI', 'MYS', 'MDV', 'MLI', 'MLT', 'MHL', 'MTQ', 'MRT', 'MUS', 'MYT', 'MEX', 'FSM', 'MDA', 'MCO', 'MNG', 'MNE', 'MSR', 'MAR', 'MOZ', 'MMR', 'NAM', 'NRU', 'NPL', 'NLD', 'NCL', 'NZL', 'NIC', 'NER', 'NGA', 'NIU', 'NFK', 'MNP', 'NOR', 'OMN', 'PAK', 'PLW', 'PSE', 'PAN', 'PNG', 'PRY', 'PER', 'PHL', 'PCN', 'POL', 'PRT', 'PRI', 'QAT', 'REU', 'ROU', 'RUS', 'RWA', 'BLM', 'SHN', 'KNA', 'LCA', 'MAF', 'SPM', 'VCT', 'WSM', 'SMR', 'STP', 'SAU', 'SEN', 'SRB', 'SYC', 'SLE', 'SGP', 'SXM', 'SVK', 'SVN', 'SLB', 'SOM', 'ZAF', 'SGS', 'SSD', 'ESP', 'LKA', 'SDN', 'SUR', 'SJM', 'SWZ', 'SWE', 'CHE', 'SYR', 'TWN', 'TJK', 'TZA', 'THA', 'TLS', 'TGO', 'TKL', 'TON', 'TTO', 'TUN', 'TUR', 'TKM', 'TCA', 'TUV', 'UGA', 'UKR', 'ARE', 'GBR', 'USA', 'UMI', 'URY', 'UZB', 'VUT', 'VEN', 'VNM', 'VGB', 'VIR', 'WLF', 'ESH', 'YEM', 'ZMB', 'ZWE')]
(Background on this error at: https://sqlalche.me/e/20/f405)
]]></error>
			<system-err><![CDATA[INFO  [alembic.runtime.migration] Context impl PostgresqlImpl.
INFO  [alembic.runtime.migration] Will assume transactional DDL.
INFO  [alembic.runtime.migration] Running upgrade  -> 1af632eb25cf, empty message
]]></system-err>
		</testcase>
		<testcase classname="test_resource_grants.GrantsResourceTestCase" name="test_grants_organisations" time="0.074" timestamp="2024-04-12T15:57:34" file="tests/test_resource_grants.py" line="886">
			<error type="ProgrammingError" message="(psycopg2.errors.DuplicateObject) type &quot;project_country&quot; already exists

[SQL: CREATE TYPE project_country AS ENUM ('AFG', 'ALA', 'ALB', 'DZA', 'ASM', 'AND', 'AGO', 'AIA', 'ATA', 'ATG', 'ARG', 'ARM', 'ABW', 'AUS', 'AUT', 'AZE', 'BHS', 'BHR', 'BGD', 'BRB', 'BLR', 'BEL', 'BLZ', 'BEN', 'BMU', 'BTN', 'BOL', 'BES', 'BIH', 'BWA', 'BVT', 'BRA', 'IOT', 'BRN', 'BGR', 'BFA', 'BDI', 'KHM', 'CMR', 'CAN', 'CPV', 'CYM', 'CAF', 'TCD', 'CHL', 'CHN', 'CXR', 'CCK', 'COL', 'COM', 'COG', 'COD', 'COK', 'CRI', 'CIV', 'HRV', 'CUB', 'CUW', 'CYP', 'CZE', 'DNK', 'DJI', 'DMA', 'DOM', 'ECU', 'EGY', 'SLV', 'GNQ', 'ERI', 'EST', 'ETH', 'FLK', 'FRO', 'FJI', 'FIN', 'FRA', 'GUF', 'PYF', 'ATF', 'GAB', 'GMB', 'GEO', 'DEU', 'GHA', 'GIB', 'GRC', 'GRL', 'GRD', 'GLP', 'GUM', 'GTM', 'GGY', 'GIN', 'GNB', 'GUY', 'HTI', 'HMD', 'VAT', 'HND', 'HKG', 'HUN', 'ISL', 'IND', 'IDN', 'IRN', 'IRQ', 'IRL', 'IMN', 'ISR', 'ITA', 'JAM', 'JPN', 'JEY', 'JOR', 'KAZ', 'KEN', 'KIR', 'PRK', 'KOR', 'XKX', 'KWT', 'KGZ', 'LAO', 'LVA', 'LBN', 'LSO', 'LBR', 'LBY', 'LIE', 'LTU', 'LUX', 'MAC', 'MKD', 'MDG', 'MWI', 'MYS', 'MDV', 'MLI', 'MLT', 'MHL', 'MTQ', 'MRT', 'MUS', 'MYT', 'MEX', 'FSM', 'MDA', 'MCO', 'MNG', 'MNE', 'MSR', 'MAR', 'MOZ', 'MMR', 'NAM', 'NRU', 'NPL', 'NLD', 'NCL', 'NZL', 'NIC', 'NER', 'NGA', 'NIU', 'NFK', 'MNP', 'NOR', 'OMN', 'PAK', 'PLW', 'PSE', 'PAN', 'PNG', 'PRY', 'PER', 'PHL', 'PCN', 'POL', 'PRT', 'PRI', 'QAT', 'REU', 'ROU', 'RUS', 'RWA', 'BLM', 'SHN', 'KNA', 'LCA', 'MAF', 'SPM', 'VCT', 'WSM', 'SMR', 'STP', 'SAU', 'SEN', 'SRB', 'SYC', 'SLE', 'SGP', 'SXM', 'SVK', 'SVN', 'SLB', 'SOM', 'ZAF', 'SGS', 'SSD', 'ESP', 'LKA', 'SDN', 'SUR', 'SJM', 'SWZ', 'SWE', 'CHE', 'SYR', 'TWN', 'TJK', 'TZA', 'THA', 'TLS', 'TGO', 'TKL', 'TON', 'TTO', 'TUN', 'TUR', 'TKM', 'TCA', 'TUV', 'UGA', 'UKR', 'ARE', 'GBR', 'USA', 'UMI', 'URY', 'UZB', 'VUT', 'VEN', 'VNM', 'VGB', 'VIR', 'WLF', 'ESH', 'YEM', 'ZMB', 'ZWE')]
(Background on this error at: https://sqlalche.me/e/20/f405)"><![CDATA[Traceback (most recent call last):
  File "/usr/src/app/.venv/lib/python3.9/site-packages/sqlalchemy/engine/base.py", line 1971, in _exec_single_context
    self.dialect.do_execute(
  File "/usr/src/app/.venv/lib/python3.9/site-packages/sqlalchemy/engine/default.py", line 919, in do_execute
    cursor.execute(statement, parameters)
psycopg2.errors.DuplicateObject: type "project_country" already exists


The above exception was the direct cause of the following exception:

Traceback (most recent call last):
  File "/usr/src/app/tests/base_test.py", line 64, in setUp
    upgrade()
  File "/usr/src/app/.venv/lib/python3.9/site-packages/flask_migrate/__init__.py", line 111, in wrapped
    f(*args, **kwargs)
  File "/usr/src/app/.venv/lib/python3.9/site-packages/flask_migrate/__init__.py", line 200, in upgrade
    command.upgrade(config, revision, sql=sql, tag=tag)
  File "/usr/src/app/.venv/lib/python3.9/site-packages/alembic/command.py", line 403, in upgrade
    script.run_env()
  File "/usr/src/app/.venv/lib/python3.9/site-packages/alembic/script/base.py", line 583, in run_env
    util.load_python_file(self.dir, "env.py")
  File "/usr/src/app/.venv/lib/python3.9/site-packages/alembic/util/pyfiles.py", line 95, in load_python_file
    module = load_module_py(module_id, path)
  File "/usr/src/app/.venv/lib/python3.9/site-packages/alembic/util/pyfiles.py", line 113, in load_module_py
    spec.loader.exec_module(module)  # type: ignore
  File "<frozen importlib._bootstrap_external>", line 850, in exec_module
  File "<frozen importlib._bootstrap>", line 228, in _call_with_frames_removed
  File "migrations/env.py", line 113, in <module>
    run_migrations_online()
  File "migrations/env.py", line 107, in run_migrations_online
    context.run_migrations()
  File "<string>", line 8, in run_migrations
  File "/usr/src/app/.venv/lib/python3.9/site-packages/alembic/runtime/environment.py", line 948, in run_migrations
    self.get_context().run_migrations(**kw)
  File "/usr/src/app/.venv/lib/python3.9/site-packages/alembic/runtime/migration.py", line 627, in run_migrations
    step.migration_fn(**kw)
  File "/usr/src/app/migrations/versions/1af632eb25cf_.py", line 65, in upgrade
    op.create_table('projects',
  File "<string>", line 8, in create_table
  File "<string>", line 3, in create_table
  File "/usr/src/app/.venv/lib/python3.9/site-packages/alembic/operations/ops.py", line 1311, in create_table
    return operations.invoke(op)
  File "/usr/src/app/.venv/lib/python3.9/site-packages/alembic/operations/base.py", line 445, in invoke
    return fn(self, operation)
  File "/usr/src/app/.venv/lib/python3.9/site-packages/alembic/operations/toimpl.py", line 131, in create_table
    operations.impl.create_table(table)
  File "/usr/src/app/.venv/lib/python3.9/site-packages/alembic/ddl/impl.py", line 363, in create_table
    table.dispatch.before_create(
  File "/usr/src/app/.venv/lib/python3.9/site-packages/sqlalchemy/event/attr.py", line 497, in __call__
    fn(*args, **kw)
  File "/usr/src/app/.venv/lib/python3.9/site-packages/sqlalchemy/util/langhelpers.py", line 852, in __call__
    return getattr(self.target, self.name)(*arg, **kw)
  File "/usr/src/app/.venv/lib/python3.9/site-packages/sqlalchemy/sql/sqltypes.py", line 1120, in _on_table_create
    t._on_table_create(target, bind, **kw)
  File "/usr/src/app/.venv/lib/python3.9/site-packages/sqlalchemy/dialects/postgresql/named_types.py", line 98, in _on_table_create
    self.create(bind=bind, checkfirst=checkfirst)
  File "/usr/src/app/.venv/lib/python3.9/site-packages/sqlalchemy/dialects/postgresql/named_types.py", line 338, in create
    super().create(bind, checkfirst=checkfirst)
  File "/usr/src/app/.venv/lib/python3.9/site-packages/sqlalchemy/dialects/postgresql/named_types.py", line 51, in create
    bind._run_ddl_visitor(self.DDLGenerator, self, checkfirst=checkfirst)
  File "/usr/src/app/.venv/lib/python3.9/site-packages/sqlalchemy/engine/base.py", line 2461, in _run_ddl_visitor
    visitorcallable(self.dialect, self, **kwargs).traverse_single(element)
  File "/usr/src/app/.venv/lib/python3.9/site-packages/sqlalchemy/sql/visitors.py", line 664, in traverse_single
    return meth(obj, **kw)
  File "/usr/src/app/.venv/lib/python3.9/site-packages/sqlalchemy/dialects/postgresql/named_types.py", line 153, in visit_enum
    self.connection.execute(CreateEnumType(enum))
  File "/usr/src/app/.venv/lib/python3.9/site-packages/sqlalchemy/engine/base.py", line 1422, in execute
    return meth(
  File "/usr/src/app/.venv/lib/python3.9/site-packages/sqlalchemy/sql/ddl.py", line 180, in _execute_on_connection
    return connection._execute_ddl(
  File "/usr/src/app/.venv/lib/python3.9/site-packages/sqlalchemy/engine/base.py", line 1533, in _execute_ddl
    ret = self._execute_context(
  File "/usr/src/app/.venv/lib/python3.9/site-packages/sqlalchemy/engine/base.py", line 1850, in _execute_context
    return self._exec_single_context(
  File "/usr/src/app/.venv/lib/python3.9/site-packages/sqlalchemy/engine/base.py", line 1990, in _exec_single_context
    self._handle_dbapi_exception(
  File "/usr/src/app/.venv/lib/python3.9/site-packages/sqlalchemy/engine/base.py", line 2357, in _handle_dbapi_exception
    raise sqlalchemy_exception.with_traceback(exc_info[2]) from e
  File "/usr/src/app/.venv/lib/python3.9/site-packages/sqlalchemy/engine/base.py", line 1971, in _exec_single_context
    self.dialect.do_execute(
  File "/usr/src/app/.venv/lib/python3.9/site-packages/sqlalchemy/engine/default.py", line 919, in do_execute
    cursor.execute(statement, parameters)
sqlalchemy.exc.ProgrammingError: (psycopg2.errors.DuplicateObject) type "project_country" already exists

[SQL: CREATE TYPE project_country AS ENUM ('AFG', 'ALA', 'ALB', 'DZA', 'ASM', 'AND', 'AGO', 'AIA', 'ATA', 'ATG', 'ARG', 'ARM', 'ABW', 'AUS', 'AUT', 'AZE', 'BHS', 'BHR', 'BGD', 'BRB', 'BLR', 'BEL', 'BLZ', 'BEN', 'BMU', 'BTN', 'BOL', 'BES', 'BIH', 'BWA', 'BVT', 'BRA', 'IOT', 'BRN', 'BGR', 'BFA', 'BDI', 'KHM', 'CMR', 'CAN', 'CPV', 'CYM', 'CAF', 'TCD', 'CHL', 'CHN', 'CXR', 'CCK', 'COL', 'COM', 'COG', 'COD', 'COK', 'CRI', 'CIV', 'HRV', 'CUB', 'CUW', 'CYP', 'CZE', 'DNK', 'DJI', 'DMA', 'DOM', 'ECU', 'EGY', 'SLV', 'GNQ', 'ERI', 'EST', 'ETH', 'FLK', 'FRO', 'FJI', 'FIN', 'FRA', 'GUF', 'PYF', 'ATF', 'GAB', 'GMB', 'GEO', 'DEU', 'GHA', 'GIB', 'GRC', 'GRL', 'GRD', 'GLP', 'GUM', 'GTM', 'GGY', 'GIN', 'GNB', 'GUY', 'HTI', 'HMD', 'VAT', 'HND', 'HKG', 'HUN', 'ISL', 'IND', 'IDN', 'IRN', 'IRQ', 'IRL', 'IMN', 'ISR', 'ITA', 'JAM', 'JPN', 'JEY', 'JOR', 'KAZ', 'KEN', 'KIR', 'PRK', 'KOR', 'XKX', 'KWT', 'KGZ', 'LAO', 'LVA', 'LBN', 'LSO', 'LBR', 'LBY', 'LIE', 'LTU', 'LUX', 'MAC', 'MKD', 'MDG', 'MWI', 'MYS', 'MDV', 'MLI', 'MLT', 'MHL', 'MTQ', 'MRT', 'MUS', 'MYT', 'MEX', 'FSM', 'MDA', 'MCO', 'MNG', 'MNE', 'MSR', 'MAR', 'MOZ', 'MMR', 'NAM', 'NRU', 'NPL', 'NLD', 'NCL', 'NZL', 'NIC', 'NER', 'NGA', 'NIU', 'NFK', 'MNP', 'NOR', 'OMN', 'PAK', 'PLW', 'PSE', 'PAN', 'PNG', 'PRY', 'PER', 'PHL', 'PCN', 'POL', 'PRT', 'PRI', 'QAT', 'REU', 'ROU', 'RUS', 'RWA', 'BLM', 'SHN', 'KNA', 'LCA', 'MAF', 'SPM', 'VCT', 'WSM', 'SMR', 'STP', 'SAU', 'SEN', 'SRB', 'SYC', 'SLE', 'SGP', 'SXM', 'SVK', 'SVN', 'SLB', 'SOM', 'ZAF', 'SGS', 'SSD', 'ESP', 'LKA', 'SDN', 'SUR', 'SJM', 'SWZ', 'SWE', 'CHE', 'SYR', 'TWN', 'TJK', 'TZA', 'THA', 'TLS', 'TGO', 'TKL', 'TON', 'TTO', 'TUN', 'TUR', 'TKM', 'TCA', 'TUV', 'UGA', 'UKR', 'ARE', 'GBR', 'USA', 'UMI', 'URY', 'UZB', 'VUT', 'VEN', 'VNM', 'VGB', 'VIR', 'WLF', 'ESH', 'YEM', 'ZMB', 'ZWE')]
(Background on this error at: https://sqlalche.me/e/20/f405)
]]></error>
			<system-err><![CDATA[INFO  [alembic.runtime.migration] Context impl PostgresqlImpl.
INFO  [alembic.runtime.migration] Will assume transactional DDL.
INFO  [alembic.runtime.migration] Running upgrade  -> 1af632eb25cf, empty message
]]></system-err>
		</testcase>
		<testcase classname="test_resource_grants.GrantsResourceTestCase" name="test_grants_relationship_allocations" time="0.077" timestamp="2024-04-12T15:57:34" file="tests/test_resource_grants.py" line="792">
			<error type="ProgrammingError" message="(psycopg2.errors.DuplicateObject) type &quot;project_country&quot; already exists

[SQL: CREATE TYPE project_country AS ENUM ('AFG', 'ALA', 'ALB', 'DZA', 'ASM', 'AND', 'AGO', 'AIA', 'ATA', 'ATG', 'ARG', 'ARM', 'ABW', 'AUS', 'AUT', 'AZE', 'BHS', 'BHR', 'BGD', 'BRB', 'BLR', 'BEL', 'BLZ', 'BEN', 'BMU', 'BTN', 'BOL', 'BES', 'BIH', 'BWA', 'BVT', 'BRA', 'IOT', 'BRN', 'BGR', 'BFA', 'BDI', 'KHM', 'CMR', 'CAN', 'CPV', 'CYM', 'CAF', 'TCD', 'CHL', 'CHN', 'CXR', 'CCK', 'COL', 'COM', 'COG', 'COD', 'COK', 'CRI', 'CIV', 'HRV', 'CUB', 'CUW', 'CYP', 'CZE', 'DNK', 'DJI', 'DMA', 'DOM', 'ECU', 'EGY', 'SLV', 'GNQ', 'ERI', 'EST', 'ETH', 'FLK', 'FRO', 'FJI', 'FIN', 'FRA', 'GUF', 'PYF', 'ATF', 'GAB', 'GMB', 'GEO', 'DEU', 'GHA', 'GIB', 'GRC', 'GRL', 'GRD', 'GLP', 'GUM', 'GTM', 'GGY', 'GIN', 'GNB', 'GUY', 'HTI', 'HMD', 'VAT', 'HND', 'HKG', 'HUN', 'ISL', 'IND', 'IDN', 'IRN', 'IRQ', 'IRL', 'IMN', 'ISR', 'ITA', 'JAM', 'JPN', 'JEY', 'JOR', 'KAZ', 'KEN', 'KIR', 'PRK', 'KOR', 'XKX', 'KWT', 'KGZ', 'LAO', 'LVA', 'LBN', 'LSO', 'LBR', 'LBY', 'LIE', 'LTU', 'LUX', 'MAC', 'MKD', 'MDG', 'MWI', 'MYS', 'MDV', 'MLI', 'MLT', 'MHL', 'MTQ', 'MRT', 'MUS', 'MYT', 'MEX', 'FSM', 'MDA', 'MCO', 'MNG', 'MNE', 'MSR', 'MAR', 'MOZ', 'MMR', 'NAM', 'NRU', 'NPL', 'NLD', 'NCL', 'NZL', 'NIC', 'NER', 'NGA', 'NIU', 'NFK', 'MNP', 'NOR', 'OMN', 'PAK', 'PLW', 'PSE', 'PAN', 'PNG', 'PRY', 'PER', 'PHL', 'PCN', 'POL', 'PRT', 'PRI', 'QAT', 'REU', 'ROU', 'RUS', 'RWA', 'BLM', 'SHN', 'KNA', 'LCA', 'MAF', 'SPM', 'VCT', 'WSM', 'SMR', 'STP', 'SAU', 'SEN', 'SRB', 'SYC', 'SLE', 'SGP', 'SXM', 'SVK', 'SVN', 'SLB', 'SOM', 'ZAF', 'SGS', 'SSD', 'ESP', 'LKA', 'SDN', 'SUR', 'SJM', 'SWZ', 'SWE', 'CHE', 'SYR', 'TWN', 'TJK', 'TZA', 'THA', 'TLS', 'TGO', 'TKL', 'TON', 'TTO', 'TUN', 'TUR', 'TKM', 'TCA', 'TUV', 'UGA', 'UKR', 'ARE', 'GBR', 'USA', 'UMI', 'URY', 'UZB', 'VUT', 'VEN', 'VNM', 'VGB', 'VIR', 'WLF', 'ESH', 'YEM', 'ZMB', 'ZWE')]
(Background on this error at: https://sqlalche.me/e/20/f405)"><![CDATA[Traceback (most recent call last):
  File "/usr/src/app/.venv/lib/python3.9/site-packages/sqlalchemy/engine/base.py", line 1971, in _exec_single_context
    self.dialect.do_execute(
  File "/usr/src/app/.venv/lib/python3.9/site-packages/sqlalchemy/engine/default.py", line 919, in do_execute
    cursor.execute(statement, parameters)
psycopg2.errors.DuplicateObject: type "project_country" already exists


The above exception was the direct cause of the following exception:

Traceback (most recent call last):
  File "/usr/src/app/tests/base_test.py", line 64, in setUp
    upgrade()
  File "/usr/src/app/.venv/lib/python3.9/site-packages/flask_migrate/__init__.py", line 111, in wrapped
    f(*args, **kwargs)
  File "/usr/src/app/.venv/lib/python3.9/site-packages/flask_migrate/__init__.py", line 200, in upgrade
    command.upgrade(config, revision, sql=sql, tag=tag)
  File "/usr/src/app/.venv/lib/python3.9/site-packages/alembic/command.py", line 403, in upgrade
    script.run_env()
  File "/usr/src/app/.venv/lib/python3.9/site-packages/alembic/script/base.py", line 583, in run_env
    util.load_python_file(self.dir, "env.py")
  File "/usr/src/app/.venv/lib/python3.9/site-packages/alembic/util/pyfiles.py", line 95, in load_python_file
    module = load_module_py(module_id, path)
  File "/usr/src/app/.venv/lib/python3.9/site-packages/alembic/util/pyfiles.py", line 113, in load_module_py
    spec.loader.exec_module(module)  # type: ignore
  File "<frozen importlib._bootstrap_external>", line 850, in exec_module
  File "<frozen importlib._bootstrap>", line 228, in _call_with_frames_removed
  File "migrations/env.py", line 113, in <module>
    run_migrations_online()
  File "migrations/env.py", line 107, in run_migrations_online
    context.run_migrations()
  File "<string>", line 8, in run_migrations
  File "/usr/src/app/.venv/lib/python3.9/site-packages/alembic/runtime/environment.py", line 948, in run_migrations
    self.get_context().run_migrations(**kw)
  File "/usr/src/app/.venv/lib/python3.9/site-packages/alembic/runtime/migration.py", line 627, in run_migrations
    step.migration_fn(**kw)
  File "/usr/src/app/migrations/versions/1af632eb25cf_.py", line 65, in upgrade
    op.create_table('projects',
  File "<string>", line 8, in create_table
  File "<string>", line 3, in create_table
  File "/usr/src/app/.venv/lib/python3.9/site-packages/alembic/operations/ops.py", line 1311, in create_table
    return operations.invoke(op)
  File "/usr/src/app/.venv/lib/python3.9/site-packages/alembic/operations/base.py", line 445, in invoke
    return fn(self, operation)
  File "/usr/src/app/.venv/lib/python3.9/site-packages/alembic/operations/toimpl.py", line 131, in create_table
    operations.impl.create_table(table)
  File "/usr/src/app/.venv/lib/python3.9/site-packages/alembic/ddl/impl.py", line 363, in create_table
    table.dispatch.before_create(
  File "/usr/src/app/.venv/lib/python3.9/site-packages/sqlalchemy/event/attr.py", line 497, in __call__
    fn(*args, **kw)
  File "/usr/src/app/.venv/lib/python3.9/site-packages/sqlalchemy/util/langhelpers.py", line 852, in __call__
    return getattr(self.target, self.name)(*arg, **kw)
  File "/usr/src/app/.venv/lib/python3.9/site-packages/sqlalchemy/sql/sqltypes.py", line 1120, in _on_table_create
    t._on_table_create(target, bind, **kw)
  File "/usr/src/app/.venv/lib/python3.9/site-packages/sqlalchemy/dialects/postgresql/named_types.py", line 98, in _on_table_create
    self.create(bind=bind, checkfirst=checkfirst)
  File "/usr/src/app/.venv/lib/python3.9/site-packages/sqlalchemy/dialects/postgresql/named_types.py", line 338, in create
    super().create(bind, checkfirst=checkfirst)
  File "/usr/src/app/.venv/lib/python3.9/site-packages/sqlalchemy/dialects/postgresql/named_types.py", line 51, in create
    bind._run_ddl_visitor(self.DDLGenerator, self, checkfirst=checkfirst)
  File "/usr/src/app/.venv/lib/python3.9/site-packages/sqlalchemy/engine/base.py", line 2461, in _run_ddl_visitor
    visitorcallable(self.dialect, self, **kwargs).traverse_single(element)
  File "/usr/src/app/.venv/lib/python3.9/site-packages/sqlalchemy/sql/visitors.py", line 664, in traverse_single
    return meth(obj, **kw)
  File "/usr/src/app/.venv/lib/python3.9/site-packages/sqlalchemy/dialects/postgresql/named_types.py", line 153, in visit_enum
    self.connection.execute(CreateEnumType(enum))
  File "/usr/src/app/.venv/lib/python3.9/site-packages/sqlalchemy/engine/base.py", line 1422, in execute
    return meth(
  File "/usr/src/app/.venv/lib/python3.9/site-packages/sqlalchemy/sql/ddl.py", line 180, in _execute_on_connection
    return connection._execute_ddl(
  File "/usr/src/app/.venv/lib/python3.9/site-packages/sqlalchemy/engine/base.py", line 1533, in _execute_ddl
    ret = self._execute_context(
  File "/usr/src/app/.venv/lib/python3.9/site-packages/sqlalchemy/engine/base.py", line 1850, in _execute_context
    return self._exec_single_context(
  File "/usr/src/app/.venv/lib/python3.9/site-packages/sqlalchemy/engine/base.py", line 1990, in _exec_single_context
    self._handle_dbapi_exception(
  File "/usr/src/app/.venv/lib/python3.9/site-packages/sqlalchemy/engine/base.py", line 2357, in _handle_dbapi_exception
    raise sqlalchemy_exception.with_traceback(exc_info[2]) from e
  File "/usr/src/app/.venv/lib/python3.9/site-packages/sqlalchemy/engine/base.py", line 1971, in _exec_single_context
    self.dialect.do_execute(
  File "/usr/src/app/.venv/lib/python3.9/site-packages/sqlalchemy/engine/default.py", line 919, in do_execute
    cursor.execute(statement, parameters)
sqlalchemy.exc.ProgrammingError: (psycopg2.errors.DuplicateObject) type "project_country" already exists

[SQL: CREATE TYPE project_country AS ENUM ('AFG', 'ALA', 'ALB', 'DZA', 'ASM', 'AND', 'AGO', 'AIA', 'ATA', 'ATG', 'ARG', 'ARM', 'ABW', 'AUS', 'AUT', 'AZE', 'BHS', 'BHR', 'BGD', 'BRB', 'BLR', 'BEL', 'BLZ', 'BEN', 'BMU', 'BTN', 'BOL', 'BES', 'BIH', 'BWA', 'BVT', 'BRA', 'IOT', 'BRN', 'BGR', 'BFA', 'BDI', 'KHM', 'CMR', 'CAN', 'CPV', 'CYM', 'CAF', 'TCD', 'CHL', 'CHN', 'CXR', 'CCK', 'COL', 'COM', 'COG', 'COD', 'COK', 'CRI', 'CIV', 'HRV', 'CUB', 'CUW', 'CYP', 'CZE', 'DNK', 'DJI', 'DMA', 'DOM', 'ECU', 'EGY', 'SLV', 'GNQ', 'ERI', 'EST', 'ETH', 'FLK', 'FRO', 'FJI', 'FIN', 'FRA', 'GUF', 'PYF', 'ATF', 'GAB', 'GMB', 'GEO', 'DEU', 'GHA', 'GIB', 'GRC', 'GRL', 'GRD', 'GLP', 'GUM', 'GTM', 'GGY', 'GIN', 'GNB', 'GUY', 'HTI', 'HMD', 'VAT', 'HND', 'HKG', 'HUN', 'ISL', 'IND', 'IDN', 'IRN', 'IRQ', 'IRL', 'IMN', 'ISR', 'ITA', 'JAM', 'JPN', 'JEY', 'JOR', 'KAZ', 'KEN', 'KIR', 'PRK', 'KOR', 'XKX', 'KWT', 'KGZ', 'LAO', 'LVA', 'LBN', 'LSO', 'LBR', 'LBY', 'LIE', 'LTU', 'LUX', 'MAC', 'MKD', 'MDG', 'MWI', 'MYS', 'MDV', 'MLI', 'MLT', 'MHL', 'MTQ', 'MRT', 'MUS', 'MYT', 'MEX', 'FSM', 'MDA', 'MCO', 'MNG', 'MNE', 'MSR', 'MAR', 'MOZ', 'MMR', 'NAM', 'NRU', 'NPL', 'NLD', 'NCL', 'NZL', 'NIC', 'NER', 'NGA', 'NIU', 'NFK', 'MNP', 'NOR', 'OMN', 'PAK', 'PLW', 'PSE', 'PAN', 'PNG', 'PRY', 'PER', 'PHL', 'PCN', 'POL', 'PRT', 'PRI', 'QAT', 'REU', 'ROU', 'RUS', 'RWA', 'BLM', 'SHN', 'KNA', 'LCA', 'MAF', 'SPM', 'VCT', 'WSM', 'SMR', 'STP', 'SAU', 'SEN', 'SRB', 'SYC', 'SLE', 'SGP', 'SXM', 'SVK', 'SVN', 'SLB', 'SOM', 'ZAF', 'SGS', 'SSD', 'ESP', 'LKA', 'SDN', 'SUR', 'SJM', 'SWZ', 'SWE', 'CHE', 'SYR', 'TWN', 'TJK', 'TZA', 'THA', 'TLS', 'TGO', 'TKL', 'TON', 'TTO', 'TUN', 'TUR', 'TKM', 'TCA', 'TUV', 'UGA', 'UKR', 'ARE', 'GBR', 'USA', 'UMI', 'URY', 'UZB', 'VUT', 'VEN', 'VNM', 'VGB', 'VIR', 'WLF', 'ESH', 'YEM', 'ZMB', 'ZWE')]
(Background on this error at: https://sqlalche.me/e/20/f405)
]]></error>
			<system-err><![CDATA[INFO  [alembic.runtime.migration] Context impl PostgresqlImpl.
INFO  [alembic.runtime.migration] Will assume transactional DDL.
INFO  [alembic.runtime.migration] Running upgrade  -> 1af632eb25cf, empty message
]]></system-err>
		</testcase>
		<testcase classname="test_resource_grants.GrantsResourceTestCase" name="test_grants_relationship_organisations" time="0.106" timestamp="2024-04-12T15:57:34" file="tests/test_resource_grants.py" line="816">
			<error type="ProgrammingError" message="(psycopg2.errors.DuplicateObject) type &quot;project_country&quot; already exists

[SQL: CREATE TYPE project_country AS ENUM ('AFG', 'ALA', 'ALB', 'DZA', 'ASM', 'AND', 'AGO', 'AIA', 'ATA', 'ATG', 'ARG', 'ARM', 'ABW', 'AUS', 'AUT', 'AZE', 'BHS', 'BHR', 'BGD', 'BRB', 'BLR', 'BEL', 'BLZ', 'BEN', 'BMU', 'BTN', 'BOL', 'BES', 'BIH', 'BWA', 'BVT', 'BRA', 'IOT', 'BRN', 'BGR', 'BFA', 'BDI', 'KHM', 'CMR', 'CAN', 'CPV', 'CYM', 'CAF', 'TCD', 'CHL', 'CHN', 'CXR', 'CCK', 'COL', 'COM', 'COG', 'COD', 'COK', 'CRI', 'CIV', 'HRV', 'CUB', 'CUW', 'CYP', 'CZE', 'DNK', 'DJI', 'DMA', 'DOM', 'ECU', 'EGY', 'SLV', 'GNQ', 'ERI', 'EST', 'ETH', 'FLK', 'FRO', 'FJI', 'FIN', 'FRA', 'GUF', 'PYF', 'ATF', 'GAB', 'GMB', 'GEO', 'DEU', 'GHA', 'GIB', 'GRC', 'GRL', 'GRD', 'GLP', 'GUM', 'GTM', 'GGY', 'GIN', 'GNB', 'GUY', 'HTI', 'HMD', 'VAT', 'HND', 'HKG', 'HUN', 'ISL', 'IND', 'IDN', 'IRN', 'IRQ', 'IRL', 'IMN', 'ISR', 'ITA', 'JAM', 'JPN', 'JEY', 'JOR', 'KAZ', 'KEN', 'KIR', 'PRK', 'KOR', 'XKX', 'KWT', 'KGZ', 'LAO', 'LVA', 'LBN', 'LSO', 'LBR', 'LBY', 'LIE', 'LTU', 'LUX', 'MAC', 'MKD', 'MDG', 'MWI', 'MYS', 'MDV', 'MLI', 'MLT', 'MHL', 'MTQ', 'MRT', 'MUS', 'MYT', 'MEX', 'FSM', 'MDA', 'MCO', 'MNG', 'MNE', 'MSR', 'MAR', 'MOZ', 'MMR', 'NAM', 'NRU', 'NPL', 'NLD', 'NCL', 'NZL', 'NIC', 'NER', 'NGA', 'NIU', 'NFK', 'MNP', 'NOR', 'OMN', 'PAK', 'PLW', 'PSE', 'PAN', 'PNG', 'PRY', 'PER', 'PHL', 'PCN', 'POL', 'PRT', 'PRI', 'QAT', 'REU', 'ROU', 'RUS', 'RWA', 'BLM', 'SHN', 'KNA', 'LCA', 'MAF', 'SPM', 'VCT', 'WSM', 'SMR', 'STP', 'SAU', 'SEN', 'SRB', 'SYC', 'SLE', 'SGP', 'SXM', 'SVK', 'SVN', 'SLB', 'SOM', 'ZAF', 'SGS', 'SSD', 'ESP', 'LKA', 'SDN', 'SUR', 'SJM', 'SWZ', 'SWE', 'CHE', 'SYR', 'TWN', 'TJK', 'TZA', 'THA', 'TLS', 'TGO', 'TKL', 'TON', 'TTO', 'TUN', 'TUR', 'TKM', 'TCA', 'TUV', 'UGA', 'UKR', 'ARE', 'GBR', 'USA', 'UMI', 'URY', 'UZB', 'VUT', 'VEN', 'VNM', 'VGB', 'VIR', 'WLF', 'ESH', 'YEM', 'ZMB', 'ZWE')]
(Background on this error at: https://sqlalche.me/e/20/f405)"><![CDATA[Traceback (most recent call last):
  File "/usr/src/app/.venv/lib/python3.9/site-packages/sqlalchemy/engine/base.py", line 1971, in _exec_single_context
    self.dialect.do_execute(
  File "/usr/src/app/.venv/lib/python3.9/site-packages/sqlalchemy/engine/default.py", line 919, in do_execute
    cursor.execute(statement, parameters)
psycopg2.errors.DuplicateObject: type "project_country" already exists


The above exception was the direct cause of the following exception:

Traceback (most recent call last):
  File "/usr/src/app/tests/base_test.py", line 64, in setUp
    upgrade()
  File "/usr/src/app/.venv/lib/python3.9/site-packages/flask_migrate/__init__.py", line 111, in wrapped
    f(*args, **kwargs)
  File "/usr/src/app/.venv/lib/python3.9/site-packages/flask_migrate/__init__.py", line 200, in upgrade
    command.upgrade(config, revision, sql=sql, tag=tag)
  File "/usr/src/app/.venv/lib/python3.9/site-packages/alembic/command.py", line 403, in upgrade
    script.run_env()
  File "/usr/src/app/.venv/lib/python3.9/site-packages/alembic/script/base.py", line 583, in run_env
    util.load_python_file(self.dir, "env.py")
  File "/usr/src/app/.venv/lib/python3.9/site-packages/alembic/util/pyfiles.py", line 95, in load_python_file
    module = load_module_py(module_id, path)
  File "/usr/src/app/.venv/lib/python3.9/site-packages/alembic/util/pyfiles.py", line 113, in load_module_py
    spec.loader.exec_module(module)  # type: ignore
  File "<frozen importlib._bootstrap_external>", line 850, in exec_module
  File "<frozen importlib._bootstrap>", line 228, in _call_with_frames_removed
  File "migrations/env.py", line 113, in <module>
    run_migrations_online()
  File "migrations/env.py", line 107, in run_migrations_online
    context.run_migrations()
  File "<string>", line 8, in run_migrations
  File "/usr/src/app/.venv/lib/python3.9/site-packages/alembic/runtime/environment.py", line 948, in run_migrations
    self.get_context().run_migrations(**kw)
  File "/usr/src/app/.venv/lib/python3.9/site-packages/alembic/runtime/migration.py", line 627, in run_migrations
    step.migration_fn(**kw)
  File "/usr/src/app/migrations/versions/1af632eb25cf_.py", line 65, in upgrade
    op.create_table('projects',
  File "<string>", line 8, in create_table
  File "<string>", line 3, in create_table
  File "/usr/src/app/.venv/lib/python3.9/site-packages/alembic/operations/ops.py", line 1311, in create_table
    return operations.invoke(op)
  File "/usr/src/app/.venv/lib/python3.9/site-packages/alembic/operations/base.py", line 445, in invoke
    return fn(self, operation)
  File "/usr/src/app/.venv/lib/python3.9/site-packages/alembic/operations/toimpl.py", line 131, in create_table
    operations.impl.create_table(table)
  File "/usr/src/app/.venv/lib/python3.9/site-packages/alembic/ddl/impl.py", line 363, in create_table
    table.dispatch.before_create(
  File "/usr/src/app/.venv/lib/python3.9/site-packages/sqlalchemy/event/attr.py", line 497, in __call__
    fn(*args, **kw)
  File "/usr/src/app/.venv/lib/python3.9/site-packages/sqlalchemy/util/langhelpers.py", line 852, in __call__
    return getattr(self.target, self.name)(*arg, **kw)
  File "/usr/src/app/.venv/lib/python3.9/site-packages/sqlalchemy/sql/sqltypes.py", line 1120, in _on_table_create
    t._on_table_create(target, bind, **kw)
  File "/usr/src/app/.venv/lib/python3.9/site-packages/sqlalchemy/dialects/postgresql/named_types.py", line 98, in _on_table_create
    self.create(bind=bind, checkfirst=checkfirst)
  File "/usr/src/app/.venv/lib/python3.9/site-packages/sqlalchemy/dialects/postgresql/named_types.py", line 338, in create
    super().create(bind, checkfirst=checkfirst)
  File "/usr/src/app/.venv/lib/python3.9/site-packages/sqlalchemy/dialects/postgresql/named_types.py", line 51, in create
    bind._run_ddl_visitor(self.DDLGenerator, self, checkfirst=checkfirst)
  File "/usr/src/app/.venv/lib/python3.9/site-packages/sqlalchemy/engine/base.py", line 2461, in _run_ddl_visitor
    visitorcallable(self.dialect, self, **kwargs).traverse_single(element)
  File "/usr/src/app/.venv/lib/python3.9/site-packages/sqlalchemy/sql/visitors.py", line 664, in traverse_single
    return meth(obj, **kw)
  File "/usr/src/app/.venv/lib/python3.9/site-packages/sqlalchemy/dialects/postgresql/named_types.py", line 153, in visit_enum
    self.connection.execute(CreateEnumType(enum))
  File "/usr/src/app/.venv/lib/python3.9/site-packages/sqlalchemy/engine/base.py", line 1422, in execute
    return meth(
  File "/usr/src/app/.venv/lib/python3.9/site-packages/sqlalchemy/sql/ddl.py", line 180, in _execute_on_connection
    return connection._execute_ddl(
  File "/usr/src/app/.venv/lib/python3.9/site-packages/sqlalchemy/engine/base.py", line 1533, in _execute_ddl
    ret = self._execute_context(
  File "/usr/src/app/.venv/lib/python3.9/site-packages/sqlalchemy/engine/base.py", line 1850, in _execute_context
    return self._exec_single_context(
  File "/usr/src/app/.venv/lib/python3.9/site-packages/sqlalchemy/engine/base.py", line 1990, in _exec_single_context
    self._handle_dbapi_exception(
  File "/usr/src/app/.venv/lib/python3.9/site-packages/sqlalchemy/engine/base.py", line 2357, in _handle_dbapi_exception
    raise sqlalchemy_exception.with_traceback(exc_info[2]) from e
  File "/usr/src/app/.venv/lib/python3.9/site-packages/sqlalchemy/engine/base.py", line 1971, in _exec_single_context
    self.dialect.do_execute(
  File "/usr/src/app/.venv/lib/python3.9/site-packages/sqlalchemy/engine/default.py", line 919, in do_execute
    cursor.execute(statement, parameters)
sqlalchemy.exc.ProgrammingError: (psycopg2.errors.DuplicateObject) type "project_country" already exists

[SQL: CREATE TYPE project_country AS ENUM ('AFG', 'ALA', 'ALB', 'DZA', 'ASM', 'AND', 'AGO', 'AIA', 'ATA', 'ATG', 'ARG', 'ARM', 'ABW', 'AUS', 'AUT', 'AZE', 'BHS', 'BHR', 'BGD', 'BRB', 'BLR', 'BEL', 'BLZ', 'BEN', 'BMU', 'BTN', 'BOL', 'BES', 'BIH', 'BWA', 'BVT', 'BRA', 'IOT', 'BRN', 'BGR', 'BFA', 'BDI', 'KHM', 'CMR', 'CAN', 'CPV', 'CYM', 'CAF', 'TCD', 'CHL', 'CHN', 'CXR', 'CCK', 'COL', 'COM', 'COG', 'COD', 'COK', 'CRI', 'CIV', 'HRV', 'CUB', 'CUW', 'CYP', 'CZE', 'DNK', 'DJI', 'DMA', 'DOM', 'ECU', 'EGY', 'SLV', 'GNQ', 'ERI', 'EST', 'ETH', 'FLK', 'FRO', 'FJI', 'FIN', 'FRA', 'GUF', 'PYF', 'ATF', 'GAB', 'GMB', 'GEO', 'DEU', 'GHA', 'GIB', 'GRC', 'GRL', 'GRD', 'GLP', 'GUM', 'GTM', 'GGY', 'GIN', 'GNB', 'GUY', 'HTI', 'HMD', 'VAT', 'HND', 'HKG', 'HUN', 'ISL', 'IND', 'IDN', 'IRN', 'IRQ', 'IRL', 'IMN', 'ISR', 'ITA', 'JAM', 'JPN', 'JEY', 'JOR', 'KAZ', 'KEN', 'KIR', 'PRK', 'KOR', 'XKX', 'KWT', 'KGZ', 'LAO', 'LVA', 'LBN', 'LSO', 'LBR', 'LBY', 'LIE', 'LTU', 'LUX', 'MAC', 'MKD', 'MDG', 'MWI', 'MYS', 'MDV', 'MLI', 'MLT', 'MHL', 'MTQ', 'MRT', 'MUS', 'MYT', 'MEX', 'FSM', 'MDA', 'MCO', 'MNG', 'MNE', 'MSR', 'MAR', 'MOZ', 'MMR', 'NAM', 'NRU', 'NPL', 'NLD', 'NCL', 'NZL', 'NIC', 'NER', 'NGA', 'NIU', 'NFK', 'MNP', 'NOR', 'OMN', 'PAK', 'PLW', 'PSE', 'PAN', 'PNG', 'PRY', 'PER', 'PHL', 'PCN', 'POL', 'PRT', 'PRI', 'QAT', 'REU', 'ROU', 'RUS', 'RWA', 'BLM', 'SHN', 'KNA', 'LCA', 'MAF', 'SPM', 'VCT', 'WSM', 'SMR', 'STP', 'SAU', 'SEN', 'SRB', 'SYC', 'SLE', 'SGP', 'SXM', 'SVK', 'SVN', 'SLB', 'SOM', 'ZAF', 'SGS', 'SSD', 'ESP', 'LKA', 'SDN', 'SUR', 'SJM', 'SWZ', 'SWE', 'CHE', 'SYR', 'TWN', 'TJK', 'TZA', 'THA', 'TLS', 'TGO', 'TKL', 'TON', 'TTO', 'TUN', 'TUR', 'TKM', 'TCA', 'TUV', 'UGA', 'UKR', 'ARE', 'GBR', 'USA', 'UMI', 'URY', 'UZB', 'VUT', 'VEN', 'VNM', 'VGB', 'VIR', 'WLF', 'ESH', 'YEM', 'ZMB', 'ZWE')]
(Background on this error at: https://sqlalche.me/e/20/f405)
]]></error>
			<system-err><![CDATA[INFO  [alembic.runtime.migration] Context impl PostgresqlImpl.
INFO  [alembic.runtime.migration] Will assume transactional DDL.
INFO  [alembic.runtime.migration] Running upgrade  -> 1af632eb25cf, empty message
]]></system-err>
		</testcase>
		<testcase classname="test_resource_grants.GrantsResourceTestCase" name="test_grants_single_missing_unknown_id" time="0.077" timestamp="2024-04-12T15:57:34" file="tests/test_resource_grants.py" line="775">
			<error type="ProgrammingError" message="(psycopg2.errors.DuplicateObject) type &quot;project_country&quot; already exists

[SQL: CREATE TYPE project_country AS ENUM ('AFG', 'ALA', 'ALB', 'DZA', 'ASM', 'AND', 'AGO', 'AIA', 'ATA', 'ATG', 'ARG', 'ARM', 'ABW', 'AUS', 'AUT', 'AZE', 'BHS', 'BHR', 'BGD', 'BRB', 'BLR', 'BEL', 'BLZ', 'BEN', 'BMU', 'BTN', 'BOL', 'BES', 'BIH', 'BWA', 'BVT', 'BRA', 'IOT', 'BRN', 'BGR', 'BFA', 'BDI', 'KHM', 'CMR', 'CAN', 'CPV', 'CYM', 'CAF', 'TCD', 'CHL', 'CHN', 'CXR', 'CCK', 'COL', 'COM', 'COG', 'COD', 'COK', 'CRI', 'CIV', 'HRV', 'CUB', 'CUW', 'CYP', 'CZE', 'DNK', 'DJI', 'DMA', 'DOM', 'ECU', 'EGY', 'SLV', 'GNQ', 'ERI', 'EST', 'ETH', 'FLK', 'FRO', 'FJI', 'FIN', 'FRA', 'GUF', 'PYF', 'ATF', 'GAB', 'GMB', 'GEO', 'DEU', 'GHA', 'GIB', 'GRC', 'GRL', 'GRD', 'GLP', 'GUM', 'GTM', 'GGY', 'GIN', 'GNB', 'GUY', 'HTI', 'HMD', 'VAT', 'HND', 'HKG', 'HUN', 'ISL', 'IND', 'IDN', 'IRN', 'IRQ', 'IRL', 'IMN', 'ISR', 'ITA', 'JAM', 'JPN', 'JEY', 'JOR', 'KAZ', 'KEN', 'KIR', 'PRK', 'KOR', 'XKX', 'KWT', 'KGZ', 'LAO', 'LVA', 'LBN', 'LSO', 'LBR', 'LBY', 'LIE', 'LTU', 'LUX', 'MAC', 'MKD', 'MDG', 'MWI', 'MYS', 'MDV', 'MLI', 'MLT', 'MHL', 'MTQ', 'MRT', 'MUS', 'MYT', 'MEX', 'FSM', 'MDA', 'MCO', 'MNG', 'MNE', 'MSR', 'MAR', 'MOZ', 'MMR', 'NAM', 'NRU', 'NPL', 'NLD', 'NCL', 'NZL', 'NIC', 'NER', 'NGA', 'NIU', 'NFK', 'MNP', 'NOR', 'OMN', 'PAK', 'PLW', 'PSE', 'PAN', 'PNG', 'PRY', 'PER', 'PHL', 'PCN', 'POL', 'PRT', 'PRI', 'QAT', 'REU', 'ROU', 'RUS', 'RWA', 'BLM', 'SHN', 'KNA', 'LCA', 'MAF', 'SPM', 'VCT', 'WSM', 'SMR', 'STP', 'SAU', 'SEN', 'SRB', 'SYC', 'SLE', 'SGP', 'SXM', 'SVK', 'SVN', 'SLB', 'SOM', 'ZAF', 'SGS', 'SSD', 'ESP', 'LKA', 'SDN', 'SUR', 'SJM', 'SWZ', 'SWE', 'CHE', 'SYR', 'TWN', 'TJK', 'TZA', 'THA', 'TLS', 'TGO', 'TKL', 'TON', 'TTO', 'TUN', 'TUR', 'TKM', 'TCA', 'TUV', 'UGA', 'UKR', 'ARE', 'GBR', 'USA', 'UMI', 'URY', 'UZB', 'VUT', 'VEN', 'VNM', 'VGB', 'VIR', 'WLF', 'ESH', 'YEM', 'ZMB', 'ZWE')]
(Background on this error at: https://sqlalche.me/e/20/f405)"><![CDATA[Traceback (most recent call last):
  File "/usr/src/app/.venv/lib/python3.9/site-packages/sqlalchemy/engine/base.py", line 1971, in _exec_single_context
    self.dialect.do_execute(
  File "/usr/src/app/.venv/lib/python3.9/site-packages/sqlalchemy/engine/default.py", line 919, in do_execute
    cursor.execute(statement, parameters)
psycopg2.errors.DuplicateObject: type "project_country" already exists


The above exception was the direct cause of the following exception:

Traceback (most recent call last):
  File "/usr/src/app/tests/base_test.py", line 64, in setUp
    upgrade()
  File "/usr/src/app/.venv/lib/python3.9/site-packages/flask_migrate/__init__.py", line 111, in wrapped
    f(*args, **kwargs)
  File "/usr/src/app/.venv/lib/python3.9/site-packages/flask_migrate/__init__.py", line 200, in upgrade
    command.upgrade(config, revision, sql=sql, tag=tag)
  File "/usr/src/app/.venv/lib/python3.9/site-packages/alembic/command.py", line 403, in upgrade
    script.run_env()
  File "/usr/src/app/.venv/lib/python3.9/site-packages/alembic/script/base.py", line 583, in run_env
    util.load_python_file(self.dir, "env.py")
  File "/usr/src/app/.venv/lib/python3.9/site-packages/alembic/util/pyfiles.py", line 95, in load_python_file
    module = load_module_py(module_id, path)
  File "/usr/src/app/.venv/lib/python3.9/site-packages/alembic/util/pyfiles.py", line 113, in load_module_py
    spec.loader.exec_module(module)  # type: ignore
  File "<frozen importlib._bootstrap_external>", line 850, in exec_module
  File "<frozen importlib._bootstrap>", line 228, in _call_with_frames_removed
  File "migrations/env.py", line 113, in <module>
    run_migrations_online()
  File "migrations/env.py", line 107, in run_migrations_online
    context.run_migrations()
  File "<string>", line 8, in run_migrations
  File "/usr/src/app/.venv/lib/python3.9/site-packages/alembic/runtime/environment.py", line 948, in run_migrations
    self.get_context().run_migrations(**kw)
  File "/usr/src/app/.venv/lib/python3.9/site-packages/alembic/runtime/migration.py", line 627, in run_migrations
    step.migration_fn(**kw)
  File "/usr/src/app/migrations/versions/1af632eb25cf_.py", line 65, in upgrade
    op.create_table('projects',
  File "<string>", line 8, in create_table
  File "<string>", line 3, in create_table
  File "/usr/src/app/.venv/lib/python3.9/site-packages/alembic/operations/ops.py", line 1311, in create_table
    return operations.invoke(op)
  File "/usr/src/app/.venv/lib/python3.9/site-packages/alembic/operations/base.py", line 445, in invoke
    return fn(self, operation)
  File "/usr/src/app/.venv/lib/python3.9/site-packages/alembic/operations/toimpl.py", line 131, in create_table
    operations.impl.create_table(table)
  File "/usr/src/app/.venv/lib/python3.9/site-packages/alembic/ddl/impl.py", line 363, in create_table
    table.dispatch.before_create(
  File "/usr/src/app/.venv/lib/python3.9/site-packages/sqlalchemy/event/attr.py", line 497, in __call__
    fn(*args, **kw)
  File "/usr/src/app/.venv/lib/python3.9/site-packages/sqlalchemy/util/langhelpers.py", line 852, in __call__
    return getattr(self.target, self.name)(*arg, **kw)
  File "/usr/src/app/.venv/lib/python3.9/site-packages/sqlalchemy/sql/sqltypes.py", line 1120, in _on_table_create
    t._on_table_create(target, bind, **kw)
  File "/usr/src/app/.venv/lib/python3.9/site-packages/sqlalchemy/dialects/postgresql/named_types.py", line 98, in _on_table_create
    self.create(bind=bind, checkfirst=checkfirst)
  File "/usr/src/app/.venv/lib/python3.9/site-packages/sqlalchemy/dialects/postgresql/named_types.py", line 338, in create
    super().create(bind, checkfirst=checkfirst)
  File "/usr/src/app/.venv/lib/python3.9/site-packages/sqlalchemy/dialects/postgresql/named_types.py", line 51, in create
    bind._run_ddl_visitor(self.DDLGenerator, self, checkfirst=checkfirst)
  File "/usr/src/app/.venv/lib/python3.9/site-packages/sqlalchemy/engine/base.py", line 2461, in _run_ddl_visitor
    visitorcallable(self.dialect, self, **kwargs).traverse_single(element)
  File "/usr/src/app/.venv/lib/python3.9/site-packages/sqlalchemy/sql/visitors.py", line 664, in traverse_single
    return meth(obj, **kw)
  File "/usr/src/app/.venv/lib/python3.9/site-packages/sqlalchemy/dialects/postgresql/named_types.py", line 153, in visit_enum
    self.connection.execute(CreateEnumType(enum))
  File "/usr/src/app/.venv/lib/python3.9/site-packages/sqlalchemy/engine/base.py", line 1422, in execute
    return meth(
  File "/usr/src/app/.venv/lib/python3.9/site-packages/sqlalchemy/sql/ddl.py", line 180, in _execute_on_connection
    return connection._execute_ddl(
  File "/usr/src/app/.venv/lib/python3.9/site-packages/sqlalchemy/engine/base.py", line 1533, in _execute_ddl
    ret = self._execute_context(
  File "/usr/src/app/.venv/lib/python3.9/site-packages/sqlalchemy/engine/base.py", line 1850, in _execute_context
    return self._exec_single_context(
  File "/usr/src/app/.venv/lib/python3.9/site-packages/sqlalchemy/engine/base.py", line 1990, in _exec_single_context
    self._handle_dbapi_exception(
  File "/usr/src/app/.venv/lib/python3.9/site-packages/sqlalchemy/engine/base.py", line 2357, in _handle_dbapi_exception
    raise sqlalchemy_exception.with_traceback(exc_info[2]) from e
  File "/usr/src/app/.venv/lib/python3.9/site-packages/sqlalchemy/engine/base.py", line 1971, in _exec_single_context
    self.dialect.do_execute(
  File "/usr/src/app/.venv/lib/python3.9/site-packages/sqlalchemy/engine/default.py", line 919, in do_execute
    cursor.execute(statement, parameters)
sqlalchemy.exc.ProgrammingError: (psycopg2.errors.DuplicateObject) type "project_country" already exists

[SQL: CREATE TYPE project_country AS ENUM ('AFG', 'ALA', 'ALB', 'DZA', 'ASM', 'AND', 'AGO', 'AIA', 'ATA', 'ATG', 'ARG', 'ARM', 'ABW', 'AUS', 'AUT', 'AZE', 'BHS', 'BHR', 'BGD', 'BRB', 'BLR', 'BEL', 'BLZ', 'BEN', 'BMU', 'BTN', 'BOL', 'BES', 'BIH', 'BWA', 'BVT', 'BRA', 'IOT', 'BRN', 'BGR', 'BFA', 'BDI', 'KHM', 'CMR', 'CAN', 'CPV', 'CYM', 'CAF', 'TCD', 'CHL', 'CHN', 'CXR', 'CCK', 'COL', 'COM', 'COG', 'COD', 'COK', 'CRI', 'CIV', 'HRV', 'CUB', 'CUW', 'CYP', 'CZE', 'DNK', 'DJI', 'DMA', 'DOM', 'ECU', 'EGY', 'SLV', 'GNQ', 'ERI', 'EST', 'ETH', 'FLK', 'FRO', 'FJI', 'FIN', 'FRA', 'GUF', 'PYF', 'ATF', 'GAB', 'GMB', 'GEO', 'DEU', 'GHA', 'GIB', 'GRC', 'GRL', 'GRD', 'GLP', 'GUM', 'GTM', 'GGY', 'GIN', 'GNB', 'GUY', 'HTI', 'HMD', 'VAT', 'HND', 'HKG', 'HUN', 'ISL', 'IND', 'IDN', 'IRN', 'IRQ', 'IRL', 'IMN', 'ISR', 'ITA', 'JAM', 'JPN', 'JEY', 'JOR', 'KAZ', 'KEN', 'KIR', 'PRK', 'KOR', 'XKX', 'KWT', 'KGZ', 'LAO', 'LVA', 'LBN', 'LSO', 'LBR', 'LBY', 'LIE', 'LTU', 'LUX', 'MAC', 'MKD', 'MDG', 'MWI', 'MYS', 'MDV', 'MLI', 'MLT', 'MHL', 'MTQ', 'MRT', 'MUS', 'MYT', 'MEX', 'FSM', 'MDA', 'MCO', 'MNG', 'MNE', 'MSR', 'MAR', 'MOZ', 'MMR', 'NAM', 'NRU', 'NPL', 'NLD', 'NCL', 'NZL', 'NIC', 'NER', 'NGA', 'NIU', 'NFK', 'MNP', 'NOR', 'OMN', 'PAK', 'PLW', 'PSE', 'PAN', 'PNG', 'PRY', 'PER', 'PHL', 'PCN', 'POL', 'PRT', 'PRI', 'QAT', 'REU', 'ROU', 'RUS', 'RWA', 'BLM', 'SHN', 'KNA', 'LCA', 'MAF', 'SPM', 'VCT', 'WSM', 'SMR', 'STP', 'SAU', 'SEN', 'SRB', 'SYC', 'SLE', 'SGP', 'SXM', 'SVK', 'SVN', 'SLB', 'SOM', 'ZAF', 'SGS', 'SSD', 'ESP', 'LKA', 'SDN', 'SUR', 'SJM', 'SWZ', 'SWE', 'CHE', 'SYR', 'TWN', 'TJK', 'TZA', 'THA', 'TLS', 'TGO', 'TKL', 'TON', 'TTO', 'TUN', 'TUR', 'TKM', 'TCA', 'TUV', 'UGA', 'UKR', 'ARE', 'GBR', 'USA', 'UMI', 'URY', 'UZB', 'VUT', 'VEN', 'VNM', 'VGB', 'VIR', 'WLF', 'ESH', 'YEM', 'ZMB', 'ZWE')]
(Background on this error at: https://sqlalche.me/e/20/f405)
]]></error>
			<system-err><![CDATA[INFO  [alembic.runtime.migration] Context impl PostgresqlImpl.
INFO  [alembic.runtime.migration] Will assume transactional DDL.
INFO  [alembic.runtime.migration] Running upgrade  -> 1af632eb25cf, empty message
]]></system-err>
		</testcase>
	</testsuite>
	<testsuite name="test_resource_organisations.OrganisationsResourceTestCase-20240412155730" tests="7" file="test_resource_organisations.py" time="0.742" timestamp="2024-04-12T15:57:35" failures="0" errors="7" skipped="0">
		<testcase classname="test_resource_organisations.OrganisationsResourceTestCase" name="test_organisations_detail" time="0.179" timestamp="2024-04-12T15:57:34" file="tests/test_resource_organisations.py" line="680">
			<error type="ProgrammingError" message="(psycopg2.errors.DuplicateObject) type &quot;project_country&quot; already exists

[SQL: CREATE TYPE project_country AS ENUM ('AFG', 'ALA', 'ALB', 'DZA', 'ASM', 'AND', 'AGO', 'AIA', 'ATA', 'ATG', 'ARG', 'ARM', 'ABW', 'AUS', 'AUT', 'AZE', 'BHS', 'BHR', 'BGD', 'BRB', 'BLR', 'BEL', 'BLZ', 'BEN', 'BMU', 'BTN', 'BOL', 'BES', 'BIH', 'BWA', 'BVT', 'BRA', 'IOT', 'BRN', 'BGR', 'BFA', 'BDI', 'KHM', 'CMR', 'CAN', 'CPV', 'CYM', 'CAF', 'TCD', 'CHL', 'CHN', 'CXR', 'CCK', 'COL', 'COM', 'COG', 'COD', 'COK', 'CRI', 'CIV', 'HRV', 'CUB', 'CUW', 'CYP', 'CZE', 'DNK', 'DJI', 'DMA', 'DOM', 'ECU', 'EGY', 'SLV', 'GNQ', 'ERI', 'EST', 'ETH', 'FLK', 'FRO', 'FJI', 'FIN', 'FRA', 'GUF', 'PYF', 'ATF', 'GAB', 'GMB', 'GEO', 'DEU', 'GHA', 'GIB', 'GRC', 'GRL', 'GRD', 'GLP', 'GUM', 'GTM', 'GGY', 'GIN', 'GNB', 'GUY', 'HTI', 'HMD', 'VAT', 'HND', 'HKG', 'HUN', 'ISL', 'IND', 'IDN', 'IRN', 'IRQ', 'IRL', 'IMN', 'ISR', 'ITA', 'JAM', 'JPN', 'JEY', 'JOR', 'KAZ', 'KEN', 'KIR', 'PRK', 'KOR', 'XKX', 'KWT', 'KGZ', 'LAO', 'LVA', 'LBN', 'LSO', 'LBR', 'LBY', 'LIE', 'LTU', 'LUX', 'MAC', 'MKD', 'MDG', 'MWI', 'MYS', 'MDV', 'MLI', 'MLT', 'MHL', 'MTQ', 'MRT', 'MUS', 'MYT', 'MEX', 'FSM', 'MDA', 'MCO', 'MNG', 'MNE', 'MSR', 'MAR', 'MOZ', 'MMR', 'NAM', 'NRU', 'NPL', 'NLD', 'NCL', 'NZL', 'NIC', 'NER', 'NGA', 'NIU', 'NFK', 'MNP', 'NOR', 'OMN', 'PAK', 'PLW', 'PSE', 'PAN', 'PNG', 'PRY', 'PER', 'PHL', 'PCN', 'POL', 'PRT', 'PRI', 'QAT', 'REU', 'ROU', 'RUS', 'RWA', 'BLM', 'SHN', 'KNA', 'LCA', 'MAF', 'SPM', 'VCT', 'WSM', 'SMR', 'STP', 'SAU', 'SEN', 'SRB', 'SYC', 'SLE', 'SGP', 'SXM', 'SVK', 'SVN', 'SLB', 'SOM', 'ZAF', 'SGS', 'SSD', 'ESP', 'LKA', 'SDN', 'SUR', 'SJM', 'SWZ', 'SWE', 'CHE', 'SYR', 'TWN', 'TJK', 'TZA', 'THA', 'TLS', 'TGO', 'TKL', 'TON', 'TTO', 'TUN', 'TUR', 'TKM', 'TCA', 'TUV', 'UGA', 'UKR', 'ARE', 'GBR', 'USA', 'UMI', 'URY', 'UZB', 'VUT', 'VEN', 'VNM', 'VGB', 'VIR', 'WLF', 'ESH', 'YEM', 'ZMB', 'ZWE')]
(Background on this error at: https://sqlalche.me/e/20/f405)"><![CDATA[Traceback (most recent call last):
  File "/usr/src/app/.venv/lib/python3.9/site-packages/sqlalchemy/engine/base.py", line 1971, in _exec_single_context
    self.dialect.do_execute(
  File "/usr/src/app/.venv/lib/python3.9/site-packages/sqlalchemy/engine/default.py", line 919, in do_execute
    cursor.execute(statement, parameters)
psycopg2.errors.DuplicateObject: type "project_country" already exists


The above exception was the direct cause of the following exception:

Traceback (most recent call last):
  File "/usr/src/app/tests/base_test.py", line 64, in setUp
    upgrade()
  File "/usr/src/app/.venv/lib/python3.9/site-packages/flask_migrate/__init__.py", line 111, in wrapped
    f(*args, **kwargs)
  File "/usr/src/app/.venv/lib/python3.9/site-packages/flask_migrate/__init__.py", line 200, in upgrade
    command.upgrade(config, revision, sql=sql, tag=tag)
  File "/usr/src/app/.venv/lib/python3.9/site-packages/alembic/command.py", line 403, in upgrade
    script.run_env()
  File "/usr/src/app/.venv/lib/python3.9/site-packages/alembic/script/base.py", line 583, in run_env
    util.load_python_file(self.dir, "env.py")
  File "/usr/src/app/.venv/lib/python3.9/site-packages/alembic/util/pyfiles.py", line 95, in load_python_file
    module = load_module_py(module_id, path)
  File "/usr/src/app/.venv/lib/python3.9/site-packages/alembic/util/pyfiles.py", line 113, in load_module_py
    spec.loader.exec_module(module)  # type: ignore
  File "<frozen importlib._bootstrap_external>", line 850, in exec_module
  File "<frozen importlib._bootstrap>", line 228, in _call_with_frames_removed
  File "migrations/env.py", line 113, in <module>
    run_migrations_online()
  File "migrations/env.py", line 107, in run_migrations_online
    context.run_migrations()
  File "<string>", line 8, in run_migrations
  File "/usr/src/app/.venv/lib/python3.9/site-packages/alembic/runtime/environment.py", line 948, in run_migrations
    self.get_context().run_migrations(**kw)
  File "/usr/src/app/.venv/lib/python3.9/site-packages/alembic/runtime/migration.py", line 627, in run_migrations
    step.migration_fn(**kw)
  File "/usr/src/app/migrations/versions/1af632eb25cf_.py", line 65, in upgrade
    op.create_table('projects',
  File "<string>", line 8, in create_table
  File "<string>", line 3, in create_table
  File "/usr/src/app/.venv/lib/python3.9/site-packages/alembic/operations/ops.py", line 1311, in create_table
    return operations.invoke(op)
  File "/usr/src/app/.venv/lib/python3.9/site-packages/alembic/operations/base.py", line 445, in invoke
    return fn(self, operation)
  File "/usr/src/app/.venv/lib/python3.9/site-packages/alembic/operations/toimpl.py", line 131, in create_table
    operations.impl.create_table(table)
  File "/usr/src/app/.venv/lib/python3.9/site-packages/alembic/ddl/impl.py", line 363, in create_table
    table.dispatch.before_create(
  File "/usr/src/app/.venv/lib/python3.9/site-packages/sqlalchemy/event/attr.py", line 497, in __call__
    fn(*args, **kw)
  File "/usr/src/app/.venv/lib/python3.9/site-packages/sqlalchemy/util/langhelpers.py", line 852, in __call__
    return getattr(self.target, self.name)(*arg, **kw)
  File "/usr/src/app/.venv/lib/python3.9/site-packages/sqlalchemy/sql/sqltypes.py", line 1120, in _on_table_create
    t._on_table_create(target, bind, **kw)
  File "/usr/src/app/.venv/lib/python3.9/site-packages/sqlalchemy/dialects/postgresql/named_types.py", line 98, in _on_table_create
    self.create(bind=bind, checkfirst=checkfirst)
  File "/usr/src/app/.venv/lib/python3.9/site-packages/sqlalchemy/dialects/postgresql/named_types.py", line 338, in create
    super().create(bind, checkfirst=checkfirst)
  File "/usr/src/app/.venv/lib/python3.9/site-packages/sqlalchemy/dialects/postgresql/named_types.py", line 51, in create
    bind._run_ddl_visitor(self.DDLGenerator, self, checkfirst=checkfirst)
  File "/usr/src/app/.venv/lib/python3.9/site-packages/sqlalchemy/engine/base.py", line 2461, in _run_ddl_visitor
    visitorcallable(self.dialect, self, **kwargs).traverse_single(element)
  File "/usr/src/app/.venv/lib/python3.9/site-packages/sqlalchemy/sql/visitors.py", line 664, in traverse_single
    return meth(obj, **kw)
  File "/usr/src/app/.venv/lib/python3.9/site-packages/sqlalchemy/dialects/postgresql/named_types.py", line 153, in visit_enum
    self.connection.execute(CreateEnumType(enum))
  File "/usr/src/app/.venv/lib/python3.9/site-packages/sqlalchemy/engine/base.py", line 1422, in execute
    return meth(
  File "/usr/src/app/.venv/lib/python3.9/site-packages/sqlalchemy/sql/ddl.py", line 180, in _execute_on_connection
    return connection._execute_ddl(
  File "/usr/src/app/.venv/lib/python3.9/site-packages/sqlalchemy/engine/base.py", line 1533, in _execute_ddl
    ret = self._execute_context(
  File "/usr/src/app/.venv/lib/python3.9/site-packages/sqlalchemy/engine/base.py", line 1850, in _execute_context
    return self._exec_single_context(
  File "/usr/src/app/.venv/lib/python3.9/site-packages/sqlalchemy/engine/base.py", line 1990, in _exec_single_context
    self._handle_dbapi_exception(
  File "/usr/src/app/.venv/lib/python3.9/site-packages/sqlalchemy/engine/base.py", line 2357, in _handle_dbapi_exception
    raise sqlalchemy_exception.with_traceback(exc_info[2]) from e
  File "/usr/src/app/.venv/lib/python3.9/site-packages/sqlalchemy/engine/base.py", line 1971, in _exec_single_context
    self.dialect.do_execute(
  File "/usr/src/app/.venv/lib/python3.9/site-packages/sqlalchemy/engine/default.py", line 919, in do_execute
    cursor.execute(statement, parameters)
sqlalchemy.exc.ProgrammingError: (psycopg2.errors.DuplicateObject) type "project_country" already exists

[SQL: CREATE TYPE project_country AS ENUM ('AFG', 'ALA', 'ALB', 'DZA', 'ASM', 'AND', 'AGO', 'AIA', 'ATA', 'ATG', 'ARG', 'ARM', 'ABW', 'AUS', 'AUT', 'AZE', 'BHS', 'BHR', 'BGD', 'BRB', 'BLR', 'BEL', 'BLZ', 'BEN', 'BMU', 'BTN', 'BOL', 'BES', 'BIH', 'BWA', 'BVT', 'BRA', 'IOT', 'BRN', 'BGR', 'BFA', 'BDI', 'KHM', 'CMR', 'CAN', 'CPV', 'CYM', 'CAF', 'TCD', 'CHL', 'CHN', 'CXR', 'CCK', 'COL', 'COM', 'COG', 'COD', 'COK', 'CRI', 'CIV', 'HRV', 'CUB', 'CUW', 'CYP', 'CZE', 'DNK', 'DJI', 'DMA', 'DOM', 'ECU', 'EGY', 'SLV', 'GNQ', 'ERI', 'EST', 'ETH', 'FLK', 'FRO', 'FJI', 'FIN', 'FRA', 'GUF', 'PYF', 'ATF', 'GAB', 'GMB', 'GEO', 'DEU', 'GHA', 'GIB', 'GRC', 'GRL', 'GRD', 'GLP', 'GUM', 'GTM', 'GGY', 'GIN', 'GNB', 'GUY', 'HTI', 'HMD', 'VAT', 'HND', 'HKG', 'HUN', 'ISL', 'IND', 'IDN', 'IRN', 'IRQ', 'IRL', 'IMN', 'ISR', 'ITA', 'JAM', 'JPN', 'JEY', 'JOR', 'KAZ', 'KEN', 'KIR', 'PRK', 'KOR', 'XKX', 'KWT', 'KGZ', 'LAO', 'LVA', 'LBN', 'LSO', 'LBR', 'LBY', 'LIE', 'LTU', 'LUX', 'MAC', 'MKD', 'MDG', 'MWI', 'MYS', 'MDV', 'MLI', 'MLT', 'MHL', 'MTQ', 'MRT', 'MUS', 'MYT', 'MEX', 'FSM', 'MDA', 'MCO', 'MNG', 'MNE', 'MSR', 'MAR', 'MOZ', 'MMR', 'NAM', 'NRU', 'NPL', 'NLD', 'NCL', 'NZL', 'NIC', 'NER', 'NGA', 'NIU', 'NFK', 'MNP', 'NOR', 'OMN', 'PAK', 'PLW', 'PSE', 'PAN', 'PNG', 'PRY', 'PER', 'PHL', 'PCN', 'POL', 'PRT', 'PRI', 'QAT', 'REU', 'ROU', 'RUS', 'RWA', 'BLM', 'SHN', 'KNA', 'LCA', 'MAF', 'SPM', 'VCT', 'WSM', 'SMR', 'STP', 'SAU', 'SEN', 'SRB', 'SYC', 'SLE', 'SGP', 'SXM', 'SVK', 'SVN', 'SLB', 'SOM', 'ZAF', 'SGS', 'SSD', 'ESP', 'LKA', 'SDN', 'SUR', 'SJM', 'SWZ', 'SWE', 'CHE', 'SYR', 'TWN', 'TJK', 'TZA', 'THA', 'TLS', 'TGO', 'TKL', 'TON', 'TTO', 'TUN', 'TUR', 'TKM', 'TCA', 'TUV', 'UGA', 'UKR', 'ARE', 'GBR', 'USA', 'UMI', 'URY', 'UZB', 'VUT', 'VEN', 'VNM', 'VGB', 'VIR', 'WLF', 'ESH', 'YEM', 'ZMB', 'ZWE')]
(Background on this error at: https://sqlalche.me/e/20/f405)
]]></error>
			<system-err><![CDATA[INFO  [alembic.runtime.migration] Context impl PostgresqlImpl.
INFO  [alembic.runtime.migration] Will assume transactional DDL.
INFO  [alembic.runtime.migration] Running upgrade  -> 1af632eb25cf, empty message
]]></system-err>
		</testcase>
		<testcase classname="test_resource_organisations.OrganisationsResourceTestCase" name="test_organisations_grants" time="0.099" timestamp="2024-04-12T15:57:34" file="tests/test_resource_organisations.py" line="982">
			<error type="ProgrammingError" message="(psycopg2.errors.DuplicateObject) type &quot;project_country&quot; already exists

[SQL: CREATE TYPE project_country AS ENUM ('AFG', 'ALA', 'ALB', 'DZA', 'ASM', 'AND', 'AGO', 'AIA', 'ATA', 'ATG', 'ARG', 'ARM', 'ABW', 'AUS', 'AUT', 'AZE', 'BHS', 'BHR', 'BGD', 'BRB', 'BLR', 'BEL', 'BLZ', 'BEN', 'BMU', 'BTN', 'BOL', 'BES', 'BIH', 'BWA', 'BVT', 'BRA', 'IOT', 'BRN', 'BGR', 'BFA', 'BDI', 'KHM', 'CMR', 'CAN', 'CPV', 'CYM', 'CAF', 'TCD', 'CHL', 'CHN', 'CXR', 'CCK', 'COL', 'COM', 'COG', 'COD', 'COK', 'CRI', 'CIV', 'HRV', 'CUB', 'CUW', 'CYP', 'CZE', 'DNK', 'DJI', 'DMA', 'DOM', 'ECU', 'EGY', 'SLV', 'GNQ', 'ERI', 'EST', 'ETH', 'FLK', 'FRO', 'FJI', 'FIN', 'FRA', 'GUF', 'PYF', 'ATF', 'GAB', 'GMB', 'GEO', 'DEU', 'GHA', 'GIB', 'GRC', 'GRL', 'GRD', 'GLP', 'GUM', 'GTM', 'GGY', 'GIN', 'GNB', 'GUY', 'HTI', 'HMD', 'VAT', 'HND', 'HKG', 'HUN', 'ISL', 'IND', 'IDN', 'IRN', 'IRQ', 'IRL', 'IMN', 'ISR', 'ITA', 'JAM', 'JPN', 'JEY', 'JOR', 'KAZ', 'KEN', 'KIR', 'PRK', 'KOR', 'XKX', 'KWT', 'KGZ', 'LAO', 'LVA', 'LBN', 'LSO', 'LBR', 'LBY', 'LIE', 'LTU', 'LUX', 'MAC', 'MKD', 'MDG', 'MWI', 'MYS', 'MDV', 'MLI', 'MLT', 'MHL', 'MTQ', 'MRT', 'MUS', 'MYT', 'MEX', 'FSM', 'MDA', 'MCO', 'MNG', 'MNE', 'MSR', 'MAR', 'MOZ', 'MMR', 'NAM', 'NRU', 'NPL', 'NLD', 'NCL', 'NZL', 'NIC', 'NER', 'NGA', 'NIU', 'NFK', 'MNP', 'NOR', 'OMN', 'PAK', 'PLW', 'PSE', 'PAN', 'PNG', 'PRY', 'PER', 'PHL', 'PCN', 'POL', 'PRT', 'PRI', 'QAT', 'REU', 'ROU', 'RUS', 'RWA', 'BLM', 'SHN', 'KNA', 'LCA', 'MAF', 'SPM', 'VCT', 'WSM', 'SMR', 'STP', 'SAU', 'SEN', 'SRB', 'SYC', 'SLE', 'SGP', 'SXM', 'SVK', 'SVN', 'SLB', 'SOM', 'ZAF', 'SGS', 'SSD', 'ESP', 'LKA', 'SDN', 'SUR', 'SJM', 'SWZ', 'SWE', 'CHE', 'SYR', 'TWN', 'TJK', 'TZA', 'THA', 'TLS', 'TGO', 'TKL', 'TON', 'TTO', 'TUN', 'TUR', 'TKM', 'TCA', 'TUV', 'UGA', 'UKR', 'ARE', 'GBR', 'USA', 'UMI', 'URY', 'UZB', 'VUT', 'VEN', 'VNM', 'VGB', 'VIR', 'WLF', 'ESH', 'YEM', 'ZMB', 'ZWE')]
(Background on this error at: https://sqlalche.me/e/20/f405)"><![CDATA[Traceback (most recent call last):
  File "/usr/src/app/.venv/lib/python3.9/site-packages/sqlalchemy/engine/base.py", line 1971, in _exec_single_context
    self.dialect.do_execute(
  File "/usr/src/app/.venv/lib/python3.9/site-packages/sqlalchemy/engine/default.py", line 919, in do_execute
    cursor.execute(statement, parameters)
psycopg2.errors.DuplicateObject: type "project_country" already exists


The above exception was the direct cause of the following exception:

Traceback (most recent call last):
  File "/usr/src/app/tests/base_test.py", line 64, in setUp
    upgrade()
  File "/usr/src/app/.venv/lib/python3.9/site-packages/flask_migrate/__init__.py", line 111, in wrapped
    f(*args, **kwargs)
  File "/usr/src/app/.venv/lib/python3.9/site-packages/flask_migrate/__init__.py", line 200, in upgrade
    command.upgrade(config, revision, sql=sql, tag=tag)
  File "/usr/src/app/.venv/lib/python3.9/site-packages/alembic/command.py", line 403, in upgrade
    script.run_env()
  File "/usr/src/app/.venv/lib/python3.9/site-packages/alembic/script/base.py", line 583, in run_env
    util.load_python_file(self.dir, "env.py")
  File "/usr/src/app/.venv/lib/python3.9/site-packages/alembic/util/pyfiles.py", line 95, in load_python_file
    module = load_module_py(module_id, path)
  File "/usr/src/app/.venv/lib/python3.9/site-packages/alembic/util/pyfiles.py", line 113, in load_module_py
    spec.loader.exec_module(module)  # type: ignore
  File "<frozen importlib._bootstrap_external>", line 850, in exec_module
  File "<frozen importlib._bootstrap>", line 228, in _call_with_frames_removed
  File "migrations/env.py", line 113, in <module>
    run_migrations_online()
  File "migrations/env.py", line 107, in run_migrations_online
    context.run_migrations()
  File "<string>", line 8, in run_migrations
  File "/usr/src/app/.venv/lib/python3.9/site-packages/alembic/runtime/environment.py", line 948, in run_migrations
    self.get_context().run_migrations(**kw)
  File "/usr/src/app/.venv/lib/python3.9/site-packages/alembic/runtime/migration.py", line 627, in run_migrations
    step.migration_fn(**kw)
  File "/usr/src/app/migrations/versions/1af632eb25cf_.py", line 65, in upgrade
    op.create_table('projects',
  File "<string>", line 8, in create_table
  File "<string>", line 3, in create_table
  File "/usr/src/app/.venv/lib/python3.9/site-packages/alembic/operations/ops.py", line 1311, in create_table
    return operations.invoke(op)
  File "/usr/src/app/.venv/lib/python3.9/site-packages/alembic/operations/base.py", line 445, in invoke
    return fn(self, operation)
  File "/usr/src/app/.venv/lib/python3.9/site-packages/alembic/operations/toimpl.py", line 131, in create_table
    operations.impl.create_table(table)
  File "/usr/src/app/.venv/lib/python3.9/site-packages/alembic/ddl/impl.py", line 363, in create_table
    table.dispatch.before_create(
  File "/usr/src/app/.venv/lib/python3.9/site-packages/sqlalchemy/event/attr.py", line 497, in __call__
    fn(*args, **kw)
  File "/usr/src/app/.venv/lib/python3.9/site-packages/sqlalchemy/util/langhelpers.py", line 852, in __call__
    return getattr(self.target, self.name)(*arg, **kw)
  File "/usr/src/app/.venv/lib/python3.9/site-packages/sqlalchemy/sql/sqltypes.py", line 1120, in _on_table_create
    t._on_table_create(target, bind, **kw)
  File "/usr/src/app/.venv/lib/python3.9/site-packages/sqlalchemy/dialects/postgresql/named_types.py", line 98, in _on_table_create
    self.create(bind=bind, checkfirst=checkfirst)
  File "/usr/src/app/.venv/lib/python3.9/site-packages/sqlalchemy/dialects/postgresql/named_types.py", line 338, in create
    super().create(bind, checkfirst=checkfirst)
  File "/usr/src/app/.venv/lib/python3.9/site-packages/sqlalchemy/dialects/postgresql/named_types.py", line 51, in create
    bind._run_ddl_visitor(self.DDLGenerator, self, checkfirst=checkfirst)
  File "/usr/src/app/.venv/lib/python3.9/site-packages/sqlalchemy/engine/base.py", line 2461, in _run_ddl_visitor
    visitorcallable(self.dialect, self, **kwargs).traverse_single(element)
  File "/usr/src/app/.venv/lib/python3.9/site-packages/sqlalchemy/sql/visitors.py", line 664, in traverse_single
    return meth(obj, **kw)
  File "/usr/src/app/.venv/lib/python3.9/site-packages/sqlalchemy/dialects/postgresql/named_types.py", line 153, in visit_enum
    self.connection.execute(CreateEnumType(enum))
  File "/usr/src/app/.venv/lib/python3.9/site-packages/sqlalchemy/engine/base.py", line 1422, in execute
    return meth(
  File "/usr/src/app/.venv/lib/python3.9/site-packages/sqlalchemy/sql/ddl.py", line 180, in _execute_on_connection
    return connection._execute_ddl(
  File "/usr/src/app/.venv/lib/python3.9/site-packages/sqlalchemy/engine/base.py", line 1533, in _execute_ddl
    ret = self._execute_context(
  File "/usr/src/app/.venv/lib/python3.9/site-packages/sqlalchemy/engine/base.py", line 1850, in _execute_context
    return self._exec_single_context(
  File "/usr/src/app/.venv/lib/python3.9/site-packages/sqlalchemy/engine/base.py", line 1990, in _exec_single_context
    self._handle_dbapi_exception(
  File "/usr/src/app/.venv/lib/python3.9/site-packages/sqlalchemy/engine/base.py", line 2357, in _handle_dbapi_exception
    raise sqlalchemy_exception.with_traceback(exc_info[2]) from e
  File "/usr/src/app/.venv/lib/python3.9/site-packages/sqlalchemy/engine/base.py", line 1971, in _exec_single_context
    self.dialect.do_execute(
  File "/usr/src/app/.venv/lib/python3.9/site-packages/sqlalchemy/engine/default.py", line 919, in do_execute
    cursor.execute(statement, parameters)
sqlalchemy.exc.ProgrammingError: (psycopg2.errors.DuplicateObject) type "project_country" already exists

[SQL: CREATE TYPE project_country AS ENUM ('AFG', 'ALA', 'ALB', 'DZA', 'ASM', 'AND', 'AGO', 'AIA', 'ATA', 'ATG', 'ARG', 'ARM', 'ABW', 'AUS', 'AUT', 'AZE', 'BHS', 'BHR', 'BGD', 'BRB', 'BLR', 'BEL', 'BLZ', 'BEN', 'BMU', 'BTN', 'BOL', 'BES', 'BIH', 'BWA', 'BVT', 'BRA', 'IOT', 'BRN', 'BGR', 'BFA', 'BDI', 'KHM', 'CMR', 'CAN', 'CPV', 'CYM', 'CAF', 'TCD', 'CHL', 'CHN', 'CXR', 'CCK', 'COL', 'COM', 'COG', 'COD', 'COK', 'CRI', 'CIV', 'HRV', 'CUB', 'CUW', 'CYP', 'CZE', 'DNK', 'DJI', 'DMA', 'DOM', 'ECU', 'EGY', 'SLV', 'GNQ', 'ERI', 'EST', 'ETH', 'FLK', 'FRO', 'FJI', 'FIN', 'FRA', 'GUF', 'PYF', 'ATF', 'GAB', 'GMB', 'GEO', 'DEU', 'GHA', 'GIB', 'GRC', 'GRL', 'GRD', 'GLP', 'GUM', 'GTM', 'GGY', 'GIN', 'GNB', 'GUY', 'HTI', 'HMD', 'VAT', 'HND', 'HKG', 'HUN', 'ISL', 'IND', 'IDN', 'IRN', 'IRQ', 'IRL', 'IMN', 'ISR', 'ITA', 'JAM', 'JPN', 'JEY', 'JOR', 'KAZ', 'KEN', 'KIR', 'PRK', 'KOR', 'XKX', 'KWT', 'KGZ', 'LAO', 'LVA', 'LBN', 'LSO', 'LBR', 'LBY', 'LIE', 'LTU', 'LUX', 'MAC', 'MKD', 'MDG', 'MWI', 'MYS', 'MDV', 'MLI', 'MLT', 'MHL', 'MTQ', 'MRT', 'MUS', 'MYT', 'MEX', 'FSM', 'MDA', 'MCO', 'MNG', 'MNE', 'MSR', 'MAR', 'MOZ', 'MMR', 'NAM', 'NRU', 'NPL', 'NLD', 'NCL', 'NZL', 'NIC', 'NER', 'NGA', 'NIU', 'NFK', 'MNP', 'NOR', 'OMN', 'PAK', 'PLW', 'PSE', 'PAN', 'PNG', 'PRY', 'PER', 'PHL', 'PCN', 'POL', 'PRT', 'PRI', 'QAT', 'REU', 'ROU', 'RUS', 'RWA', 'BLM', 'SHN', 'KNA', 'LCA', 'MAF', 'SPM', 'VCT', 'WSM', 'SMR', 'STP', 'SAU', 'SEN', 'SRB', 'SYC', 'SLE', 'SGP', 'SXM', 'SVK', 'SVN', 'SLB', 'SOM', 'ZAF', 'SGS', 'SSD', 'ESP', 'LKA', 'SDN', 'SUR', 'SJM', 'SWZ', 'SWE', 'CHE', 'SYR', 'TWN', 'TJK', 'TZA', 'THA', 'TLS', 'TGO', 'TKL', 'TON', 'TTO', 'TUN', 'TUR', 'TKM', 'TCA', 'TUV', 'UGA', 'UKR', 'ARE', 'GBR', 'USA', 'UMI', 'URY', 'UZB', 'VUT', 'VEN', 'VNM', 'VGB', 'VIR', 'WLF', 'ESH', 'YEM', 'ZMB', 'ZWE')]
(Background on this error at: https://sqlalche.me/e/20/f405)
]]></error>
			<system-err><![CDATA[INFO  [alembic.runtime.migration] Context impl PostgresqlImpl.
INFO  [alembic.runtime.migration] Will assume transactional DDL.
INFO  [alembic.runtime.migration] Running upgrade  -> 1af632eb25cf, empty message
]]></system-err>
		</testcase>
		<testcase classname="test_resource_organisations.OrganisationsResourceTestCase" name="test_organisations_list" time="0.120" timestamp="2024-04-12T15:57:35" file="tests/test_resource_organisations.py" line="9">
			<error type="ProgrammingError" message="(psycopg2.errors.DuplicateObject) type &quot;project_country&quot; already exists

[SQL: CREATE TYPE project_country AS ENUM ('AFG', 'ALA', 'ALB', 'DZA', 'ASM', 'AND', 'AGO', 'AIA', 'ATA', 'ATG', 'ARG', 'ARM', 'ABW', 'AUS', 'AUT', 'AZE', 'BHS', 'BHR', 'BGD', 'BRB', 'BLR', 'BEL', 'BLZ', 'BEN', 'BMU', 'BTN', 'BOL', 'BES', 'BIH', 'BWA', 'BVT', 'BRA', 'IOT', 'BRN', 'BGR', 'BFA', 'BDI', 'KHM', 'CMR', 'CAN', 'CPV', 'CYM', 'CAF', 'TCD', 'CHL', 'CHN', 'CXR', 'CCK', 'COL', 'COM', 'COG', 'COD', 'COK', 'CRI', 'CIV', 'HRV', 'CUB', 'CUW', 'CYP', 'CZE', 'DNK', 'DJI', 'DMA', 'DOM', 'ECU', 'EGY', 'SLV', 'GNQ', 'ERI', 'EST', 'ETH', 'FLK', 'FRO', 'FJI', 'FIN', 'FRA', 'GUF', 'PYF', 'ATF', 'GAB', 'GMB', 'GEO', 'DEU', 'GHA', 'GIB', 'GRC', 'GRL', 'GRD', 'GLP', 'GUM', 'GTM', 'GGY', 'GIN', 'GNB', 'GUY', 'HTI', 'HMD', 'VAT', 'HND', 'HKG', 'HUN', 'ISL', 'IND', 'IDN', 'IRN', 'IRQ', 'IRL', 'IMN', 'ISR', 'ITA', 'JAM', 'JPN', 'JEY', 'JOR', 'KAZ', 'KEN', 'KIR', 'PRK', 'KOR', 'XKX', 'KWT', 'KGZ', 'LAO', 'LVA', 'LBN', 'LSO', 'LBR', 'LBY', 'LIE', 'LTU', 'LUX', 'MAC', 'MKD', 'MDG', 'MWI', 'MYS', 'MDV', 'MLI', 'MLT', 'MHL', 'MTQ', 'MRT', 'MUS', 'MYT', 'MEX', 'FSM', 'MDA', 'MCO', 'MNG', 'MNE', 'MSR', 'MAR', 'MOZ', 'MMR', 'NAM', 'NRU', 'NPL', 'NLD', 'NCL', 'NZL', 'NIC', 'NER', 'NGA', 'NIU', 'NFK', 'MNP', 'NOR', 'OMN', 'PAK', 'PLW', 'PSE', 'PAN', 'PNG', 'PRY', 'PER', 'PHL', 'PCN', 'POL', 'PRT', 'PRI', 'QAT', 'REU', 'ROU', 'RUS', 'RWA', 'BLM', 'SHN', 'KNA', 'LCA', 'MAF', 'SPM', 'VCT', 'WSM', 'SMR', 'STP', 'SAU', 'SEN', 'SRB', 'SYC', 'SLE', 'SGP', 'SXM', 'SVK', 'SVN', 'SLB', 'SOM', 'ZAF', 'SGS', 'SSD', 'ESP', 'LKA', 'SDN', 'SUR', 'SJM', 'SWZ', 'SWE', 'CHE', 'SYR', 'TWN', 'TJK', 'TZA', 'THA', 'TLS', 'TGO', 'TKL', 'TON', 'TTO', 'TUN', 'TUR', 'TKM', 'TCA', 'TUV', 'UGA', 'UKR', 'ARE', 'GBR', 'USA', 'UMI', 'URY', 'UZB', 'VUT', 'VEN', 'VNM', 'VGB', 'VIR', 'WLF', 'ESH', 'YEM', 'ZMB', 'ZWE')]
(Background on this error at: https://sqlalche.me/e/20/f405)"><![CDATA[Traceback (most recent call last):
  File "/usr/src/app/.venv/lib/python3.9/site-packages/sqlalchemy/engine/base.py", line 1971, in _exec_single_context
    self.dialect.do_execute(
  File "/usr/src/app/.venv/lib/python3.9/site-packages/sqlalchemy/engine/default.py", line 919, in do_execute
    cursor.execute(statement, parameters)
psycopg2.errors.DuplicateObject: type "project_country" already exists


The above exception was the direct cause of the following exception:

Traceback (most recent call last):
  File "/usr/src/app/tests/base_test.py", line 64, in setUp
    upgrade()
  File "/usr/src/app/.venv/lib/python3.9/site-packages/flask_migrate/__init__.py", line 111, in wrapped
    f(*args, **kwargs)
  File "/usr/src/app/.venv/lib/python3.9/site-packages/flask_migrate/__init__.py", line 200, in upgrade
    command.upgrade(config, revision, sql=sql, tag=tag)
  File "/usr/src/app/.venv/lib/python3.9/site-packages/alembic/command.py", line 403, in upgrade
    script.run_env()
  File "/usr/src/app/.venv/lib/python3.9/site-packages/alembic/script/base.py", line 583, in run_env
    util.load_python_file(self.dir, "env.py")
  File "/usr/src/app/.venv/lib/python3.9/site-packages/alembic/util/pyfiles.py", line 95, in load_python_file
    module = load_module_py(module_id, path)
  File "/usr/src/app/.venv/lib/python3.9/site-packages/alembic/util/pyfiles.py", line 113, in load_module_py
    spec.loader.exec_module(module)  # type: ignore
  File "<frozen importlib._bootstrap_external>", line 850, in exec_module
  File "<frozen importlib._bootstrap>", line 228, in _call_with_frames_removed
  File "migrations/env.py", line 113, in <module>
    run_migrations_online()
  File "migrations/env.py", line 107, in run_migrations_online
    context.run_migrations()
  File "<string>", line 8, in run_migrations
  File "/usr/src/app/.venv/lib/python3.9/site-packages/alembic/runtime/environment.py", line 948, in run_migrations
    self.get_context().run_migrations(**kw)
  File "/usr/src/app/.venv/lib/python3.9/site-packages/alembic/runtime/migration.py", line 627, in run_migrations
    step.migration_fn(**kw)
  File "/usr/src/app/migrations/versions/1af632eb25cf_.py", line 65, in upgrade
    op.create_table('projects',
  File "<string>", line 8, in create_table
  File "<string>", line 3, in create_table
  File "/usr/src/app/.venv/lib/python3.9/site-packages/alembic/operations/ops.py", line 1311, in create_table
    return operations.invoke(op)
  File "/usr/src/app/.venv/lib/python3.9/site-packages/alembic/operations/base.py", line 445, in invoke
    return fn(self, operation)
  File "/usr/src/app/.venv/lib/python3.9/site-packages/alembic/operations/toimpl.py", line 131, in create_table
    operations.impl.create_table(table)
  File "/usr/src/app/.venv/lib/python3.9/site-packages/alembic/ddl/impl.py", line 363, in create_table
    table.dispatch.before_create(
  File "/usr/src/app/.venv/lib/python3.9/site-packages/sqlalchemy/event/attr.py", line 497, in __call__
    fn(*args, **kw)
  File "/usr/src/app/.venv/lib/python3.9/site-packages/sqlalchemy/util/langhelpers.py", line 852, in __call__
    return getattr(self.target, self.name)(*arg, **kw)
  File "/usr/src/app/.venv/lib/python3.9/site-packages/sqlalchemy/sql/sqltypes.py", line 1120, in _on_table_create
    t._on_table_create(target, bind, **kw)
  File "/usr/src/app/.venv/lib/python3.9/site-packages/sqlalchemy/dialects/postgresql/named_types.py", line 98, in _on_table_create
    self.create(bind=bind, checkfirst=checkfirst)
  File "/usr/src/app/.venv/lib/python3.9/site-packages/sqlalchemy/dialects/postgresql/named_types.py", line 338, in create
    super().create(bind, checkfirst=checkfirst)
  File "/usr/src/app/.venv/lib/python3.9/site-packages/sqlalchemy/dialects/postgresql/named_types.py", line 51, in create
    bind._run_ddl_visitor(self.DDLGenerator, self, checkfirst=checkfirst)
  File "/usr/src/app/.venv/lib/python3.9/site-packages/sqlalchemy/engine/base.py", line 2461, in _run_ddl_visitor
    visitorcallable(self.dialect, self, **kwargs).traverse_single(element)
  File "/usr/src/app/.venv/lib/python3.9/site-packages/sqlalchemy/sql/visitors.py", line 664, in traverse_single
    return meth(obj, **kw)
  File "/usr/src/app/.venv/lib/python3.9/site-packages/sqlalchemy/dialects/postgresql/named_types.py", line 153, in visit_enum
    self.connection.execute(CreateEnumType(enum))
  File "/usr/src/app/.venv/lib/python3.9/site-packages/sqlalchemy/engine/base.py", line 1422, in execute
    return meth(
  File "/usr/src/app/.venv/lib/python3.9/site-packages/sqlalchemy/sql/ddl.py", line 180, in _execute_on_connection
    return connection._execute_ddl(
  File "/usr/src/app/.venv/lib/python3.9/site-packages/sqlalchemy/engine/base.py", line 1533, in _execute_ddl
    ret = self._execute_context(
  File "/usr/src/app/.venv/lib/python3.9/site-packages/sqlalchemy/engine/base.py", line 1850, in _execute_context
    return self._exec_single_context(
  File "/usr/src/app/.venv/lib/python3.9/site-packages/sqlalchemy/engine/base.py", line 1990, in _exec_single_context
    self._handle_dbapi_exception(
  File "/usr/src/app/.venv/lib/python3.9/site-packages/sqlalchemy/engine/base.py", line 2357, in _handle_dbapi_exception
    raise sqlalchemy_exception.with_traceback(exc_info[2]) from e
  File "/usr/src/app/.venv/lib/python3.9/site-packages/sqlalchemy/engine/base.py", line 1971, in _exec_single_context
    self.dialect.do_execute(
  File "/usr/src/app/.venv/lib/python3.9/site-packages/sqlalchemy/engine/default.py", line 919, in do_execute
    cursor.execute(statement, parameters)
sqlalchemy.exc.ProgrammingError: (psycopg2.errors.DuplicateObject) type "project_country" already exists

[SQL: CREATE TYPE project_country AS ENUM ('AFG', 'ALA', 'ALB', 'DZA', 'ASM', 'AND', 'AGO', 'AIA', 'ATA', 'ATG', 'ARG', 'ARM', 'ABW', 'AUS', 'AUT', 'AZE', 'BHS', 'BHR', 'BGD', 'BRB', 'BLR', 'BEL', 'BLZ', 'BEN', 'BMU', 'BTN', 'BOL', 'BES', 'BIH', 'BWA', 'BVT', 'BRA', 'IOT', 'BRN', 'BGR', 'BFA', 'BDI', 'KHM', 'CMR', 'CAN', 'CPV', 'CYM', 'CAF', 'TCD', 'CHL', 'CHN', 'CXR', 'CCK', 'COL', 'COM', 'COG', 'COD', 'COK', 'CRI', 'CIV', 'HRV', 'CUB', 'CUW', 'CYP', 'CZE', 'DNK', 'DJI', 'DMA', 'DOM', 'ECU', 'EGY', 'SLV', 'GNQ', 'ERI', 'EST', 'ETH', 'FLK', 'FRO', 'FJI', 'FIN', 'FRA', 'GUF', 'PYF', 'ATF', 'GAB', 'GMB', 'GEO', 'DEU', 'GHA', 'GIB', 'GRC', 'GRL', 'GRD', 'GLP', 'GUM', 'GTM', 'GGY', 'GIN', 'GNB', 'GUY', 'HTI', 'HMD', 'VAT', 'HND', 'HKG', 'HUN', 'ISL', 'IND', 'IDN', 'IRN', 'IRQ', 'IRL', 'IMN', 'ISR', 'ITA', 'JAM', 'JPN', 'JEY', 'JOR', 'KAZ', 'KEN', 'KIR', 'PRK', 'KOR', 'XKX', 'KWT', 'KGZ', 'LAO', 'LVA', 'LBN', 'LSO', 'LBR', 'LBY', 'LIE', 'LTU', 'LUX', 'MAC', 'MKD', 'MDG', 'MWI', 'MYS', 'MDV', 'MLI', 'MLT', 'MHL', 'MTQ', 'MRT', 'MUS', 'MYT', 'MEX', 'FSM', 'MDA', 'MCO', 'MNG', 'MNE', 'MSR', 'MAR', 'MOZ', 'MMR', 'NAM', 'NRU', 'NPL', 'NLD', 'NCL', 'NZL', 'NIC', 'NER', 'NGA', 'NIU', 'NFK', 'MNP', 'NOR', 'OMN', 'PAK', 'PLW', 'PSE', 'PAN', 'PNG', 'PRY', 'PER', 'PHL', 'PCN', 'POL', 'PRT', 'PRI', 'QAT', 'REU', 'ROU', 'RUS', 'RWA', 'BLM', 'SHN', 'KNA', 'LCA', 'MAF', 'SPM', 'VCT', 'WSM', 'SMR', 'STP', 'SAU', 'SEN', 'SRB', 'SYC', 'SLE', 'SGP', 'SXM', 'SVK', 'SVN', 'SLB', 'SOM', 'ZAF', 'SGS', 'SSD', 'ESP', 'LKA', 'SDN', 'SUR', 'SJM', 'SWZ', 'SWE', 'CHE', 'SYR', 'TWN', 'TJK', 'TZA', 'THA', 'TLS', 'TGO', 'TKL', 'TON', 'TTO', 'TUN', 'TUR', 'TKM', 'TCA', 'TUV', 'UGA', 'UKR', 'ARE', 'GBR', 'USA', 'UMI', 'URY', 'UZB', 'VUT', 'VEN', 'VNM', 'VGB', 'VIR', 'WLF', 'ESH', 'YEM', 'ZMB', 'ZWE')]
(Background on this error at: https://sqlalche.me/e/20/f405)
]]></error>
			<system-err><![CDATA[INFO  [alembic.runtime.migration] Context impl PostgresqlImpl.
INFO  [alembic.runtime.migration] Will assume transactional DDL.
INFO  [alembic.runtime.migration] Running upgrade  -> 1af632eb25cf, empty message
]]></system-err>
		</testcase>
		<testcase classname="test_resource_organisations.OrganisationsResourceTestCase" name="test_organisations_people" time="0.118" timestamp="2024-04-12T15:57:35" file="tests/test_resource_organisations.py" line="1000">
			<error type="ProgrammingError" message="(psycopg2.errors.DuplicateObject) type &quot;project_country&quot; already exists

[SQL: CREATE TYPE project_country AS ENUM ('AFG', 'ALA', 'ALB', 'DZA', 'ASM', 'AND', 'AGO', 'AIA', 'ATA', 'ATG', 'ARG', 'ARM', 'ABW', 'AUS', 'AUT', 'AZE', 'BHS', 'BHR', 'BGD', 'BRB', 'BLR', 'BEL', 'BLZ', 'BEN', 'BMU', 'BTN', 'BOL', 'BES', 'BIH', 'BWA', 'BVT', 'BRA', 'IOT', 'BRN', 'BGR', 'BFA', 'BDI', 'KHM', 'CMR', 'CAN', 'CPV', 'CYM', 'CAF', 'TCD', 'CHL', 'CHN', 'CXR', 'CCK', 'COL', 'COM', 'COG', 'COD', 'COK', 'CRI', 'CIV', 'HRV', 'CUB', 'CUW', 'CYP', 'CZE', 'DNK', 'DJI', 'DMA', 'DOM', 'ECU', 'EGY', 'SLV', 'GNQ', 'ERI', 'EST', 'ETH', 'FLK', 'FRO', 'FJI', 'FIN', 'FRA', 'GUF', 'PYF', 'ATF', 'GAB', 'GMB', 'GEO', 'DEU', 'GHA', 'GIB', 'GRC', 'GRL', 'GRD', 'GLP', 'GUM', 'GTM', 'GGY', 'GIN', 'GNB', 'GUY', 'HTI', 'HMD', 'VAT', 'HND', 'HKG', 'HUN', 'ISL', 'IND', 'IDN', 'IRN', 'IRQ', 'IRL', 'IMN', 'ISR', 'ITA', 'JAM', 'JPN', 'JEY', 'JOR', 'KAZ', 'KEN', 'KIR', 'PRK', 'KOR', 'XKX', 'KWT', 'KGZ', 'LAO', 'LVA', 'LBN', 'LSO', 'LBR', 'LBY', 'LIE', 'LTU', 'LUX', 'MAC', 'MKD', 'MDG', 'MWI', 'MYS', 'MDV', 'MLI', 'MLT', 'MHL', 'MTQ', 'MRT', 'MUS', 'MYT', 'MEX', 'FSM', 'MDA', 'MCO', 'MNG', 'MNE', 'MSR', 'MAR', 'MOZ', 'MMR', 'NAM', 'NRU', 'NPL', 'NLD', 'NCL', 'NZL', 'NIC', 'NER', 'NGA', 'NIU', 'NFK', 'MNP', 'NOR', 'OMN', 'PAK', 'PLW', 'PSE', 'PAN', 'PNG', 'PRY', 'PER', 'PHL', 'PCN', 'POL', 'PRT', 'PRI', 'QAT', 'REU', 'ROU', 'RUS', 'RWA', 'BLM', 'SHN', 'KNA', 'LCA', 'MAF', 'SPM', 'VCT', 'WSM', 'SMR', 'STP', 'SAU', 'SEN', 'SRB', 'SYC', 'SLE', 'SGP', 'SXM', 'SVK', 'SVN', 'SLB', 'SOM', 'ZAF', 'SGS', 'SSD', 'ESP', 'LKA', 'SDN', 'SUR', 'SJM', 'SWZ', 'SWE', 'CHE', 'SYR', 'TWN', 'TJK', 'TZA', 'THA', 'TLS', 'TGO', 'TKL', 'TON', 'TTO', 'TUN', 'TUR', 'TKM', 'TCA', 'TUV', 'UGA', 'UKR', 'ARE', 'GBR', 'USA', 'UMI', 'URY', 'UZB', 'VUT', 'VEN', 'VNM', 'VGB', 'VIR', 'WLF', 'ESH', 'YEM', 'ZMB', 'ZWE')]
(Background on this error at: https://sqlalche.me/e/20/f405)"><![CDATA[Traceback (most recent call last):
  File "/usr/src/app/.venv/lib/python3.9/site-packages/sqlalchemy/engine/base.py", line 1971, in _exec_single_context
    self.dialect.do_execute(
  File "/usr/src/app/.venv/lib/python3.9/site-packages/sqlalchemy/engine/default.py", line 919, in do_execute
    cursor.execute(statement, parameters)
psycopg2.errors.DuplicateObject: type "project_country" already exists


The above exception was the direct cause of the following exception:

Traceback (most recent call last):
  File "/usr/src/app/tests/base_test.py", line 64, in setUp
    upgrade()
  File "/usr/src/app/.venv/lib/python3.9/site-packages/flask_migrate/__init__.py", line 111, in wrapped
    f(*args, **kwargs)
  File "/usr/src/app/.venv/lib/python3.9/site-packages/flask_migrate/__init__.py", line 200, in upgrade
    command.upgrade(config, revision, sql=sql, tag=tag)
  File "/usr/src/app/.venv/lib/python3.9/site-packages/alembic/command.py", line 403, in upgrade
    script.run_env()
  File "/usr/src/app/.venv/lib/python3.9/site-packages/alembic/script/base.py", line 583, in run_env
    util.load_python_file(self.dir, "env.py")
  File "/usr/src/app/.venv/lib/python3.9/site-packages/alembic/util/pyfiles.py", line 95, in load_python_file
    module = load_module_py(module_id, path)
  File "/usr/src/app/.venv/lib/python3.9/site-packages/alembic/util/pyfiles.py", line 113, in load_module_py
    spec.loader.exec_module(module)  # type: ignore
  File "<frozen importlib._bootstrap_external>", line 850, in exec_module
  File "<frozen importlib._bootstrap>", line 228, in _call_with_frames_removed
  File "migrations/env.py", line 113, in <module>
    run_migrations_online()
  File "migrations/env.py", line 107, in run_migrations_online
    context.run_migrations()
  File "<string>", line 8, in run_migrations
  File "/usr/src/app/.venv/lib/python3.9/site-packages/alembic/runtime/environment.py", line 948, in run_migrations
    self.get_context().run_migrations(**kw)
  File "/usr/src/app/.venv/lib/python3.9/site-packages/alembic/runtime/migration.py", line 627, in run_migrations
    step.migration_fn(**kw)
  File "/usr/src/app/migrations/versions/1af632eb25cf_.py", line 65, in upgrade
    op.create_table('projects',
  File "<string>", line 8, in create_table
  File "<string>", line 3, in create_table
  File "/usr/src/app/.venv/lib/python3.9/site-packages/alembic/operations/ops.py", line 1311, in create_table
    return operations.invoke(op)
  File "/usr/src/app/.venv/lib/python3.9/site-packages/alembic/operations/base.py", line 445, in invoke
    return fn(self, operation)
  File "/usr/src/app/.venv/lib/python3.9/site-packages/alembic/operations/toimpl.py", line 131, in create_table
    operations.impl.create_table(table)
  File "/usr/src/app/.venv/lib/python3.9/site-packages/alembic/ddl/impl.py", line 363, in create_table
    table.dispatch.before_create(
  File "/usr/src/app/.venv/lib/python3.9/site-packages/sqlalchemy/event/attr.py", line 497, in __call__
    fn(*args, **kw)
  File "/usr/src/app/.venv/lib/python3.9/site-packages/sqlalchemy/util/langhelpers.py", line 852, in __call__
    return getattr(self.target, self.name)(*arg, **kw)
  File "/usr/src/app/.venv/lib/python3.9/site-packages/sqlalchemy/sql/sqltypes.py", line 1120, in _on_table_create
    t._on_table_create(target, bind, **kw)
  File "/usr/src/app/.venv/lib/python3.9/site-packages/sqlalchemy/dialects/postgresql/named_types.py", line 98, in _on_table_create
    self.create(bind=bind, checkfirst=checkfirst)
  File "/usr/src/app/.venv/lib/python3.9/site-packages/sqlalchemy/dialects/postgresql/named_types.py", line 338, in create
    super().create(bind, checkfirst=checkfirst)
  File "/usr/src/app/.venv/lib/python3.9/site-packages/sqlalchemy/dialects/postgresql/named_types.py", line 51, in create
    bind._run_ddl_visitor(self.DDLGenerator, self, checkfirst=checkfirst)
  File "/usr/src/app/.venv/lib/python3.9/site-packages/sqlalchemy/engine/base.py", line 2461, in _run_ddl_visitor
    visitorcallable(self.dialect, self, **kwargs).traverse_single(element)
  File "/usr/src/app/.venv/lib/python3.9/site-packages/sqlalchemy/sql/visitors.py", line 664, in traverse_single
    return meth(obj, **kw)
  File "/usr/src/app/.venv/lib/python3.9/site-packages/sqlalchemy/dialects/postgresql/named_types.py", line 153, in visit_enum
    self.connection.execute(CreateEnumType(enum))
  File "/usr/src/app/.venv/lib/python3.9/site-packages/sqlalchemy/engine/base.py", line 1422, in execute
    return meth(
  File "/usr/src/app/.venv/lib/python3.9/site-packages/sqlalchemy/sql/ddl.py", line 180, in _execute_on_connection
    return connection._execute_ddl(
  File "/usr/src/app/.venv/lib/python3.9/site-packages/sqlalchemy/engine/base.py", line 1533, in _execute_ddl
    ret = self._execute_context(
  File "/usr/src/app/.venv/lib/python3.9/site-packages/sqlalchemy/engine/base.py", line 1850, in _execute_context
    return self._exec_single_context(
  File "/usr/src/app/.venv/lib/python3.9/site-packages/sqlalchemy/engine/base.py", line 1990, in _exec_single_context
    self._handle_dbapi_exception(
  File "/usr/src/app/.venv/lib/python3.9/site-packages/sqlalchemy/engine/base.py", line 2357, in _handle_dbapi_exception
    raise sqlalchemy_exception.with_traceback(exc_info[2]) from e
  File "/usr/src/app/.venv/lib/python3.9/site-packages/sqlalchemy/engine/base.py", line 1971, in _exec_single_context
    self.dialect.do_execute(
  File "/usr/src/app/.venv/lib/python3.9/site-packages/sqlalchemy/engine/default.py", line 919, in do_execute
    cursor.execute(statement, parameters)
sqlalchemy.exc.ProgrammingError: (psycopg2.errors.DuplicateObject) type "project_country" already exists

[SQL: CREATE TYPE project_country AS ENUM ('AFG', 'ALA', 'ALB', 'DZA', 'ASM', 'AND', 'AGO', 'AIA', 'ATA', 'ATG', 'ARG', 'ARM', 'ABW', 'AUS', 'AUT', 'AZE', 'BHS', 'BHR', 'BGD', 'BRB', 'BLR', 'BEL', 'BLZ', 'BEN', 'BMU', 'BTN', 'BOL', 'BES', 'BIH', 'BWA', 'BVT', 'BRA', 'IOT', 'BRN', 'BGR', 'BFA', 'BDI', 'KHM', 'CMR', 'CAN', 'CPV', 'CYM', 'CAF', 'TCD', 'CHL', 'CHN', 'CXR', 'CCK', 'COL', 'COM', 'COG', 'COD', 'COK', 'CRI', 'CIV', 'HRV', 'CUB', 'CUW', 'CYP', 'CZE', 'DNK', 'DJI', 'DMA', 'DOM', 'ECU', 'EGY', 'SLV', 'GNQ', 'ERI', 'EST', 'ETH', 'FLK', 'FRO', 'FJI', 'FIN', 'FRA', 'GUF', 'PYF', 'ATF', 'GAB', 'GMB', 'GEO', 'DEU', 'GHA', 'GIB', 'GRC', 'GRL', 'GRD', 'GLP', 'GUM', 'GTM', 'GGY', 'GIN', 'GNB', 'GUY', 'HTI', 'HMD', 'VAT', 'HND', 'HKG', 'HUN', 'ISL', 'IND', 'IDN', 'IRN', 'IRQ', 'IRL', 'IMN', 'ISR', 'ITA', 'JAM', 'JPN', 'JEY', 'JOR', 'KAZ', 'KEN', 'KIR', 'PRK', 'KOR', 'XKX', 'KWT', 'KGZ', 'LAO', 'LVA', 'LBN', 'LSO', 'LBR', 'LBY', 'LIE', 'LTU', 'LUX', 'MAC', 'MKD', 'MDG', 'MWI', 'MYS', 'MDV', 'MLI', 'MLT', 'MHL', 'MTQ', 'MRT', 'MUS', 'MYT', 'MEX', 'FSM', 'MDA', 'MCO', 'MNG', 'MNE', 'MSR', 'MAR', 'MOZ', 'MMR', 'NAM', 'NRU', 'NPL', 'NLD', 'NCL', 'NZL', 'NIC', 'NER', 'NGA', 'NIU', 'NFK', 'MNP', 'NOR', 'OMN', 'PAK', 'PLW', 'PSE', 'PAN', 'PNG', 'PRY', 'PER', 'PHL', 'PCN', 'POL', 'PRT', 'PRI', 'QAT', 'REU', 'ROU', 'RUS', 'RWA', 'BLM', 'SHN', 'KNA', 'LCA', 'MAF', 'SPM', 'VCT', 'WSM', 'SMR', 'STP', 'SAU', 'SEN', 'SRB', 'SYC', 'SLE', 'SGP', 'SXM', 'SVK', 'SVN', 'SLB', 'SOM', 'ZAF', 'SGS', 'SSD', 'ESP', 'LKA', 'SDN', 'SUR', 'SJM', 'SWZ', 'SWE', 'CHE', 'SYR', 'TWN', 'TJK', 'TZA', 'THA', 'TLS', 'TGO', 'TKL', 'TON', 'TTO', 'TUN', 'TUR', 'TKM', 'TCA', 'TUV', 'UGA', 'UKR', 'ARE', 'GBR', 'USA', 'UMI', 'URY', 'UZB', 'VUT', 'VEN', 'VNM', 'VGB', 'VIR', 'WLF', 'ESH', 'YEM', 'ZMB', 'ZWE')]
(Background on this error at: https://sqlalche.me/e/20/f405)
]]></error>
			<system-err><![CDATA[INFO  [alembic.runtime.migration] Context impl PostgresqlImpl.
INFO  [alembic.runtime.migration] Will assume transactional DDL.
INFO  [alembic.runtime.migration] Running upgrade  -> 1af632eb25cf, empty message
]]></system-err>
		</testcase>
		<testcase classname="test_resource_organisations.OrganisationsResourceTestCase" name="test_organisations_relationship_grants" time="0.078" timestamp="2024-04-12T15:57:35" file="tests/test_resource_organisations.py" line="939">
			<error type="ProgrammingError" message="(psycopg2.errors.DuplicateObject) type &quot;project_country&quot; already exists

[SQL: CREATE TYPE project_country AS ENUM ('AFG', 'ALA', 'ALB', 'DZA', 'ASM', 'AND', 'AGO', 'AIA', 'ATA', 'ATG', 'ARG', 'ARM', 'ABW', 'AUS', 'AUT', 'AZE', 'BHS', 'BHR', 'BGD', 'BRB', 'BLR', 'BEL', 'BLZ', 'BEN', 'BMU', 'BTN', 'BOL', 'BES', 'BIH', 'BWA', 'BVT', 'BRA', 'IOT', 'BRN', 'BGR', 'BFA', 'BDI', 'KHM', 'CMR', 'CAN', 'CPV', 'CYM', 'CAF', 'TCD', 'CHL', 'CHN', 'CXR', 'CCK', 'COL', 'COM', 'COG', 'COD', 'COK', 'CRI', 'CIV', 'HRV', 'CUB', 'CUW', 'CYP', 'CZE', 'DNK', 'DJI', 'DMA', 'DOM', 'ECU', 'EGY', 'SLV', 'GNQ', 'ERI', 'EST', 'ETH', 'FLK', 'FRO', 'FJI', 'FIN', 'FRA', 'GUF', 'PYF', 'ATF', 'GAB', 'GMB', 'GEO', 'DEU', 'GHA', 'GIB', 'GRC', 'GRL', 'GRD', 'GLP', 'GUM', 'GTM', 'GGY', 'GIN', 'GNB', 'GUY', 'HTI', 'HMD', 'VAT', 'HND', 'HKG', 'HUN', 'ISL', 'IND', 'IDN', 'IRN', 'IRQ', 'IRL', 'IMN', 'ISR', 'ITA', 'JAM', 'JPN', 'JEY', 'JOR', 'KAZ', 'KEN', 'KIR', 'PRK', 'KOR', 'XKX', 'KWT', 'KGZ', 'LAO', 'LVA', 'LBN', 'LSO', 'LBR', 'LBY', 'LIE', 'LTU', 'LUX', 'MAC', 'MKD', 'MDG', 'MWI', 'MYS', 'MDV', 'MLI', 'MLT', 'MHL', 'MTQ', 'MRT', 'MUS', 'MYT', 'MEX', 'FSM', 'MDA', 'MCO', 'MNG', 'MNE', 'MSR', 'MAR', 'MOZ', 'MMR', 'NAM', 'NRU', 'NPL', 'NLD', 'NCL', 'NZL', 'NIC', 'NER', 'NGA', 'NIU', 'NFK', 'MNP', 'NOR', 'OMN', 'PAK', 'PLW', 'PSE', 'PAN', 'PNG', 'PRY', 'PER', 'PHL', 'PCN', 'POL', 'PRT', 'PRI', 'QAT', 'REU', 'ROU', 'RUS', 'RWA', 'BLM', 'SHN', 'KNA', 'LCA', 'MAF', 'SPM', 'VCT', 'WSM', 'SMR', 'STP', 'SAU', 'SEN', 'SRB', 'SYC', 'SLE', 'SGP', 'SXM', 'SVK', 'SVN', 'SLB', 'SOM', 'ZAF', 'SGS', 'SSD', 'ESP', 'LKA', 'SDN', 'SUR', 'SJM', 'SWZ', 'SWE', 'CHE', 'SYR', 'TWN', 'TJK', 'TZA', 'THA', 'TLS', 'TGO', 'TKL', 'TON', 'TTO', 'TUN', 'TUR', 'TKM', 'TCA', 'TUV', 'UGA', 'UKR', 'ARE', 'GBR', 'USA', 'UMI', 'URY', 'UZB', 'VUT', 'VEN', 'VNM', 'VGB', 'VIR', 'WLF', 'ESH', 'YEM', 'ZMB', 'ZWE')]
(Background on this error at: https://sqlalche.me/e/20/f405)"><![CDATA[Traceback (most recent call last):
  File "/usr/src/app/.venv/lib/python3.9/site-packages/sqlalchemy/engine/base.py", line 1971, in _exec_single_context
    self.dialect.do_execute(
  File "/usr/src/app/.venv/lib/python3.9/site-packages/sqlalchemy/engine/default.py", line 919, in do_execute
    cursor.execute(statement, parameters)
psycopg2.errors.DuplicateObject: type "project_country" already exists


The above exception was the direct cause of the following exception:

Traceback (most recent call last):
  File "/usr/src/app/tests/base_test.py", line 64, in setUp
    upgrade()
  File "/usr/src/app/.venv/lib/python3.9/site-packages/flask_migrate/__init__.py", line 111, in wrapped
    f(*args, **kwargs)
  File "/usr/src/app/.venv/lib/python3.9/site-packages/flask_migrate/__init__.py", line 200, in upgrade
    command.upgrade(config, revision, sql=sql, tag=tag)
  File "/usr/src/app/.venv/lib/python3.9/site-packages/alembic/command.py", line 403, in upgrade
    script.run_env()
  File "/usr/src/app/.venv/lib/python3.9/site-packages/alembic/script/base.py", line 583, in run_env
    util.load_python_file(self.dir, "env.py")
  File "/usr/src/app/.venv/lib/python3.9/site-packages/alembic/util/pyfiles.py", line 95, in load_python_file
    module = load_module_py(module_id, path)
  File "/usr/src/app/.venv/lib/python3.9/site-packages/alembic/util/pyfiles.py", line 113, in load_module_py
    spec.loader.exec_module(module)  # type: ignore
  File "<frozen importlib._bootstrap_external>", line 850, in exec_module
  File "<frozen importlib._bootstrap>", line 228, in _call_with_frames_removed
  File "migrations/env.py", line 113, in <module>
    run_migrations_online()
  File "migrations/env.py", line 107, in run_migrations_online
    context.run_migrations()
  File "<string>", line 8, in run_migrations
  File "/usr/src/app/.venv/lib/python3.9/site-packages/alembic/runtime/environment.py", line 948, in run_migrations
    self.get_context().run_migrations(**kw)
  File "/usr/src/app/.venv/lib/python3.9/site-packages/alembic/runtime/migration.py", line 627, in run_migrations
    step.migration_fn(**kw)
  File "/usr/src/app/migrations/versions/1af632eb25cf_.py", line 65, in upgrade
    op.create_table('projects',
  File "<string>", line 8, in create_table
  File "<string>", line 3, in create_table
  File "/usr/src/app/.venv/lib/python3.9/site-packages/alembic/operations/ops.py", line 1311, in create_table
    return operations.invoke(op)
  File "/usr/src/app/.venv/lib/python3.9/site-packages/alembic/operations/base.py", line 445, in invoke
    return fn(self, operation)
  File "/usr/src/app/.venv/lib/python3.9/site-packages/alembic/operations/toimpl.py", line 131, in create_table
    operations.impl.create_table(table)
  File "/usr/src/app/.venv/lib/python3.9/site-packages/alembic/ddl/impl.py", line 363, in create_table
    table.dispatch.before_create(
  File "/usr/src/app/.venv/lib/python3.9/site-packages/sqlalchemy/event/attr.py", line 497, in __call__
    fn(*args, **kw)
  File "/usr/src/app/.venv/lib/python3.9/site-packages/sqlalchemy/util/langhelpers.py", line 852, in __call__
    return getattr(self.target, self.name)(*arg, **kw)
  File "/usr/src/app/.venv/lib/python3.9/site-packages/sqlalchemy/sql/sqltypes.py", line 1120, in _on_table_create
    t._on_table_create(target, bind, **kw)
  File "/usr/src/app/.venv/lib/python3.9/site-packages/sqlalchemy/dialects/postgresql/named_types.py", line 98, in _on_table_create
    self.create(bind=bind, checkfirst=checkfirst)
  File "/usr/src/app/.venv/lib/python3.9/site-packages/sqlalchemy/dialects/postgresql/named_types.py", line 338, in create
    super().create(bind, checkfirst=checkfirst)
  File "/usr/src/app/.venv/lib/python3.9/site-packages/sqlalchemy/dialects/postgresql/named_types.py", line 51, in create
    bind._run_ddl_visitor(self.DDLGenerator, self, checkfirst=checkfirst)
  File "/usr/src/app/.venv/lib/python3.9/site-packages/sqlalchemy/engine/base.py", line 2461, in _run_ddl_visitor
    visitorcallable(self.dialect, self, **kwargs).traverse_single(element)
  File "/usr/src/app/.venv/lib/python3.9/site-packages/sqlalchemy/sql/visitors.py", line 664, in traverse_single
    return meth(obj, **kw)
  File "/usr/src/app/.venv/lib/python3.9/site-packages/sqlalchemy/dialects/postgresql/named_types.py", line 153, in visit_enum
    self.connection.execute(CreateEnumType(enum))
  File "/usr/src/app/.venv/lib/python3.9/site-packages/sqlalchemy/engine/base.py", line 1422, in execute
    return meth(
  File "/usr/src/app/.venv/lib/python3.9/site-packages/sqlalchemy/sql/ddl.py", line 180, in _execute_on_connection
    return connection._execute_ddl(
  File "/usr/src/app/.venv/lib/python3.9/site-packages/sqlalchemy/engine/base.py", line 1533, in _execute_ddl
    ret = self._execute_context(
  File "/usr/src/app/.venv/lib/python3.9/site-packages/sqlalchemy/engine/base.py", line 1850, in _execute_context
    return self._exec_single_context(
  File "/usr/src/app/.venv/lib/python3.9/site-packages/sqlalchemy/engine/base.py", line 1990, in _exec_single_context
    self._handle_dbapi_exception(
  File "/usr/src/app/.venv/lib/python3.9/site-packages/sqlalchemy/engine/base.py", line 2357, in _handle_dbapi_exception
    raise sqlalchemy_exception.with_traceback(exc_info[2]) from e
  File "/usr/src/app/.venv/lib/python3.9/site-packages/sqlalchemy/engine/base.py", line 1971, in _exec_single_context
    self.dialect.do_execute(
  File "/usr/src/app/.venv/lib/python3.9/site-packages/sqlalchemy/engine/default.py", line 919, in do_execute
    cursor.execute(statement, parameters)
sqlalchemy.exc.ProgrammingError: (psycopg2.errors.DuplicateObject) type "project_country" already exists

[SQL: CREATE TYPE project_country AS ENUM ('AFG', 'ALA', 'ALB', 'DZA', 'ASM', 'AND', 'AGO', 'AIA', 'ATA', 'ATG', 'ARG', 'ARM', 'ABW', 'AUS', 'AUT', 'AZE', 'BHS', 'BHR', 'BGD', 'BRB', 'BLR', 'BEL', 'BLZ', 'BEN', 'BMU', 'BTN', 'BOL', 'BES', 'BIH', 'BWA', 'BVT', 'BRA', 'IOT', 'BRN', 'BGR', 'BFA', 'BDI', 'KHM', 'CMR', 'CAN', 'CPV', 'CYM', 'CAF', 'TCD', 'CHL', 'CHN', 'CXR', 'CCK', 'COL', 'COM', 'COG', 'COD', 'COK', 'CRI', 'CIV', 'HRV', 'CUB', 'CUW', 'CYP', 'CZE', 'DNK', 'DJI', 'DMA', 'DOM', 'ECU', 'EGY', 'SLV', 'GNQ', 'ERI', 'EST', 'ETH', 'FLK', 'FRO', 'FJI', 'FIN', 'FRA', 'GUF', 'PYF', 'ATF', 'GAB', 'GMB', 'GEO', 'DEU', 'GHA', 'GIB', 'GRC', 'GRL', 'GRD', 'GLP', 'GUM', 'GTM', 'GGY', 'GIN', 'GNB', 'GUY', 'HTI', 'HMD', 'VAT', 'HND', 'HKG', 'HUN', 'ISL', 'IND', 'IDN', 'IRN', 'IRQ', 'IRL', 'IMN', 'ISR', 'ITA', 'JAM', 'JPN', 'JEY', 'JOR', 'KAZ', 'KEN', 'KIR', 'PRK', 'KOR', 'XKX', 'KWT', 'KGZ', 'LAO', 'LVA', 'LBN', 'LSO', 'LBR', 'LBY', 'LIE', 'LTU', 'LUX', 'MAC', 'MKD', 'MDG', 'MWI', 'MYS', 'MDV', 'MLI', 'MLT', 'MHL', 'MTQ', 'MRT', 'MUS', 'MYT', 'MEX', 'FSM', 'MDA', 'MCO', 'MNG', 'MNE', 'MSR', 'MAR', 'MOZ', 'MMR', 'NAM', 'NRU', 'NPL', 'NLD', 'NCL', 'NZL', 'NIC', 'NER', 'NGA', 'NIU', 'NFK', 'MNP', 'NOR', 'OMN', 'PAK', 'PLW', 'PSE', 'PAN', 'PNG', 'PRY', 'PER', 'PHL', 'PCN', 'POL', 'PRT', 'PRI', 'QAT', 'REU', 'ROU', 'RUS', 'RWA', 'BLM', 'SHN', 'KNA', 'LCA', 'MAF', 'SPM', 'VCT', 'WSM', 'SMR', 'STP', 'SAU', 'SEN', 'SRB', 'SYC', 'SLE', 'SGP', 'SXM', 'SVK', 'SVN', 'SLB', 'SOM', 'ZAF', 'SGS', 'SSD', 'ESP', 'LKA', 'SDN', 'SUR', 'SJM', 'SWZ', 'SWE', 'CHE', 'SYR', 'TWN', 'TJK', 'TZA', 'THA', 'TLS', 'TGO', 'TKL', 'TON', 'TTO', 'TUN', 'TUR', 'TKM', 'TCA', 'TUV', 'UGA', 'UKR', 'ARE', 'GBR', 'USA', 'UMI', 'URY', 'UZB', 'VUT', 'VEN', 'VNM', 'VGB', 'VIR', 'WLF', 'ESH', 'YEM', 'ZMB', 'ZWE')]
(Background on this error at: https://sqlalche.me/e/20/f405)
]]></error>
			<system-err><![CDATA[INFO  [alembic.runtime.migration] Context impl PostgresqlImpl.
INFO  [alembic.runtime.migration] Will assume transactional DDL.
INFO  [alembic.runtime.migration] Running upgrade  -> 1af632eb25cf, empty message
]]></system-err>
		</testcase>
		<testcase classname="test_resource_organisations.OrganisationsResourceTestCase" name="test_organisations_relationship_people" time="0.073" timestamp="2024-04-12T15:57:35" file="tests/test_resource_organisations.py" line="958">
			<error type="ProgrammingError" message="(psycopg2.errors.DuplicateObject) type &quot;project_country&quot; already exists

[SQL: CREATE TYPE project_country AS ENUM ('AFG', 'ALA', 'ALB', 'DZA', 'ASM', 'AND', 'AGO', 'AIA', 'ATA', 'ATG', 'ARG', 'ARM', 'ABW', 'AUS', 'AUT', 'AZE', 'BHS', 'BHR', 'BGD', 'BRB', 'BLR', 'BEL', 'BLZ', 'BEN', 'BMU', 'BTN', 'BOL', 'BES', 'BIH', 'BWA', 'BVT', 'BRA', 'IOT', 'BRN', 'BGR', 'BFA', 'BDI', 'KHM', 'CMR', 'CAN', 'CPV', 'CYM', 'CAF', 'TCD', 'CHL', 'CHN', 'CXR', 'CCK', 'COL', 'COM', 'COG', 'COD', 'COK', 'CRI', 'CIV', 'HRV', 'CUB', 'CUW', 'CYP', 'CZE', 'DNK', 'DJI', 'DMA', 'DOM', 'ECU', 'EGY', 'SLV', 'GNQ', 'ERI', 'EST', 'ETH', 'FLK', 'FRO', 'FJI', 'FIN', 'FRA', 'GUF', 'PYF', 'ATF', 'GAB', 'GMB', 'GEO', 'DEU', 'GHA', 'GIB', 'GRC', 'GRL', 'GRD', 'GLP', 'GUM', 'GTM', 'GGY', 'GIN', 'GNB', 'GUY', 'HTI', 'HMD', 'VAT', 'HND', 'HKG', 'HUN', 'ISL', 'IND', 'IDN', 'IRN', 'IRQ', 'IRL', 'IMN', 'ISR', 'ITA', 'JAM', 'JPN', 'JEY', 'JOR', 'KAZ', 'KEN', 'KIR', 'PRK', 'KOR', 'XKX', 'KWT', 'KGZ', 'LAO', 'LVA', 'LBN', 'LSO', 'LBR', 'LBY', 'LIE', 'LTU', 'LUX', 'MAC', 'MKD', 'MDG', 'MWI', 'MYS', 'MDV', 'MLI', 'MLT', 'MHL', 'MTQ', 'MRT', 'MUS', 'MYT', 'MEX', 'FSM', 'MDA', 'MCO', 'MNG', 'MNE', 'MSR', 'MAR', 'MOZ', 'MMR', 'NAM', 'NRU', 'NPL', 'NLD', 'NCL', 'NZL', 'NIC', 'NER', 'NGA', 'NIU', 'NFK', 'MNP', 'NOR', 'OMN', 'PAK', 'PLW', 'PSE', 'PAN', 'PNG', 'PRY', 'PER', 'PHL', 'PCN', 'POL', 'PRT', 'PRI', 'QAT', 'REU', 'ROU', 'RUS', 'RWA', 'BLM', 'SHN', 'KNA', 'LCA', 'MAF', 'SPM', 'VCT', 'WSM', 'SMR', 'STP', 'SAU', 'SEN', 'SRB', 'SYC', 'SLE', 'SGP', 'SXM', 'SVK', 'SVN', 'SLB', 'SOM', 'ZAF', 'SGS', 'SSD', 'ESP', 'LKA', 'SDN', 'SUR', 'SJM', 'SWZ', 'SWE', 'CHE', 'SYR', 'TWN', 'TJK', 'TZA', 'THA', 'TLS', 'TGO', 'TKL', 'TON', 'TTO', 'TUN', 'TUR', 'TKM', 'TCA', 'TUV', 'UGA', 'UKR', 'ARE', 'GBR', 'USA', 'UMI', 'URY', 'UZB', 'VUT', 'VEN', 'VNM', 'VGB', 'VIR', 'WLF', 'ESH', 'YEM', 'ZMB', 'ZWE')]
(Background on this error at: https://sqlalche.me/e/20/f405)"><![CDATA[Traceback (most recent call last):
  File "/usr/src/app/.venv/lib/python3.9/site-packages/sqlalchemy/engine/base.py", line 1971, in _exec_single_context
    self.dialect.do_execute(
  File "/usr/src/app/.venv/lib/python3.9/site-packages/sqlalchemy/engine/default.py", line 919, in do_execute
    cursor.execute(statement, parameters)
psycopg2.errors.DuplicateObject: type "project_country" already exists


The above exception was the direct cause of the following exception:

Traceback (most recent call last):
  File "/usr/src/app/tests/base_test.py", line 64, in setUp
    upgrade()
  File "/usr/src/app/.venv/lib/python3.9/site-packages/flask_migrate/__init__.py", line 111, in wrapped
    f(*args, **kwargs)
  File "/usr/src/app/.venv/lib/python3.9/site-packages/flask_migrate/__init__.py", line 200, in upgrade
    command.upgrade(config, revision, sql=sql, tag=tag)
  File "/usr/src/app/.venv/lib/python3.9/site-packages/alembic/command.py", line 403, in upgrade
    script.run_env()
  File "/usr/src/app/.venv/lib/python3.9/site-packages/alembic/script/base.py", line 583, in run_env
    util.load_python_file(self.dir, "env.py")
  File "/usr/src/app/.venv/lib/python3.9/site-packages/alembic/util/pyfiles.py", line 95, in load_python_file
    module = load_module_py(module_id, path)
  File "/usr/src/app/.venv/lib/python3.9/site-packages/alembic/util/pyfiles.py", line 113, in load_module_py
    spec.loader.exec_module(module)  # type: ignore
  File "<frozen importlib._bootstrap_external>", line 850, in exec_module
  File "<frozen importlib._bootstrap>", line 228, in _call_with_frames_removed
  File "migrations/env.py", line 113, in <module>
    run_migrations_online()
  File "migrations/env.py", line 107, in run_migrations_online
    context.run_migrations()
  File "<string>", line 8, in run_migrations
  File "/usr/src/app/.venv/lib/python3.9/site-packages/alembic/runtime/environment.py", line 948, in run_migrations
    self.get_context().run_migrations(**kw)
  File "/usr/src/app/.venv/lib/python3.9/site-packages/alembic/runtime/migration.py", line 627, in run_migrations
    step.migration_fn(**kw)
  File "/usr/src/app/migrations/versions/1af632eb25cf_.py", line 65, in upgrade
    op.create_table('projects',
  File "<string>", line 8, in create_table
  File "<string>", line 3, in create_table
  File "/usr/src/app/.venv/lib/python3.9/site-packages/alembic/operations/ops.py", line 1311, in create_table
    return operations.invoke(op)
  File "/usr/src/app/.venv/lib/python3.9/site-packages/alembic/operations/base.py", line 445, in invoke
    return fn(self, operation)
  File "/usr/src/app/.venv/lib/python3.9/site-packages/alembic/operations/toimpl.py", line 131, in create_table
    operations.impl.create_table(table)
  File "/usr/src/app/.venv/lib/python3.9/site-packages/alembic/ddl/impl.py", line 363, in create_table
    table.dispatch.before_create(
  File "/usr/src/app/.venv/lib/python3.9/site-packages/sqlalchemy/event/attr.py", line 497, in __call__
    fn(*args, **kw)
  File "/usr/src/app/.venv/lib/python3.9/site-packages/sqlalchemy/util/langhelpers.py", line 852, in __call__
    return getattr(self.target, self.name)(*arg, **kw)
  File "/usr/src/app/.venv/lib/python3.9/site-packages/sqlalchemy/sql/sqltypes.py", line 1120, in _on_table_create
    t._on_table_create(target, bind, **kw)
  File "/usr/src/app/.venv/lib/python3.9/site-packages/sqlalchemy/dialects/postgresql/named_types.py", line 98, in _on_table_create
    self.create(bind=bind, checkfirst=checkfirst)
  File "/usr/src/app/.venv/lib/python3.9/site-packages/sqlalchemy/dialects/postgresql/named_types.py", line 338, in create
    super().create(bind, checkfirst=checkfirst)
  File "/usr/src/app/.venv/lib/python3.9/site-packages/sqlalchemy/dialects/postgresql/named_types.py", line 51, in create
    bind._run_ddl_visitor(self.DDLGenerator, self, checkfirst=checkfirst)
  File "/usr/src/app/.venv/lib/python3.9/site-packages/sqlalchemy/engine/base.py", line 2461, in _run_ddl_visitor
    visitorcallable(self.dialect, self, **kwargs).traverse_single(element)
  File "/usr/src/app/.venv/lib/python3.9/site-packages/sqlalchemy/sql/visitors.py", line 664, in traverse_single
    return meth(obj, **kw)
  File "/usr/src/app/.venv/lib/python3.9/site-packages/sqlalchemy/dialects/postgresql/named_types.py", line 153, in visit_enum
    self.connection.execute(CreateEnumType(enum))
  File "/usr/src/app/.venv/lib/python3.9/site-packages/sqlalchemy/engine/base.py", line 1422, in execute
    return meth(
  File "/usr/src/app/.venv/lib/python3.9/site-packages/sqlalchemy/sql/ddl.py", line 180, in _execute_on_connection
    return connection._execute_ddl(
  File "/usr/src/app/.venv/lib/python3.9/site-packages/sqlalchemy/engine/base.py", line 1533, in _execute_ddl
    ret = self._execute_context(
  File "/usr/src/app/.venv/lib/python3.9/site-packages/sqlalchemy/engine/base.py", line 1850, in _execute_context
    return self._exec_single_context(
  File "/usr/src/app/.venv/lib/python3.9/site-packages/sqlalchemy/engine/base.py", line 1990, in _exec_single_context
    self._handle_dbapi_exception(
  File "/usr/src/app/.venv/lib/python3.9/site-packages/sqlalchemy/engine/base.py", line 2357, in _handle_dbapi_exception
    raise sqlalchemy_exception.with_traceback(exc_info[2]) from e
  File "/usr/src/app/.venv/lib/python3.9/site-packages/sqlalchemy/engine/base.py", line 1971, in _exec_single_context
    self.dialect.do_execute(
  File "/usr/src/app/.venv/lib/python3.9/site-packages/sqlalchemy/engine/default.py", line 919, in do_execute
    cursor.execute(statement, parameters)
sqlalchemy.exc.ProgrammingError: (psycopg2.errors.DuplicateObject) type "project_country" already exists

[SQL: CREATE TYPE project_country AS ENUM ('AFG', 'ALA', 'ALB', 'DZA', 'ASM', 'AND', 'AGO', 'AIA', 'ATA', 'ATG', 'ARG', 'ARM', 'ABW', 'AUS', 'AUT', 'AZE', 'BHS', 'BHR', 'BGD', 'BRB', 'BLR', 'BEL', 'BLZ', 'BEN', 'BMU', 'BTN', 'BOL', 'BES', 'BIH', 'BWA', 'BVT', 'BRA', 'IOT', 'BRN', 'BGR', 'BFA', 'BDI', 'KHM', 'CMR', 'CAN', 'CPV', 'CYM', 'CAF', 'TCD', 'CHL', 'CHN', 'CXR', 'CCK', 'COL', 'COM', 'COG', 'COD', 'COK', 'CRI', 'CIV', 'HRV', 'CUB', 'CUW', 'CYP', 'CZE', 'DNK', 'DJI', 'DMA', 'DOM', 'ECU', 'EGY', 'SLV', 'GNQ', 'ERI', 'EST', 'ETH', 'FLK', 'FRO', 'FJI', 'FIN', 'FRA', 'GUF', 'PYF', 'ATF', 'GAB', 'GMB', 'GEO', 'DEU', 'GHA', 'GIB', 'GRC', 'GRL', 'GRD', 'GLP', 'GUM', 'GTM', 'GGY', 'GIN', 'GNB', 'GUY', 'HTI', 'HMD', 'VAT', 'HND', 'HKG', 'HUN', 'ISL', 'IND', 'IDN', 'IRN', 'IRQ', 'IRL', 'IMN', 'ISR', 'ITA', 'JAM', 'JPN', 'JEY', 'JOR', 'KAZ', 'KEN', 'KIR', 'PRK', 'KOR', 'XKX', 'KWT', 'KGZ', 'LAO', 'LVA', 'LBN', 'LSO', 'LBR', 'LBY', 'LIE', 'LTU', 'LUX', 'MAC', 'MKD', 'MDG', 'MWI', 'MYS', 'MDV', 'MLI', 'MLT', 'MHL', 'MTQ', 'MRT', 'MUS', 'MYT', 'MEX', 'FSM', 'MDA', 'MCO', 'MNG', 'MNE', 'MSR', 'MAR', 'MOZ', 'MMR', 'NAM', 'NRU', 'NPL', 'NLD', 'NCL', 'NZL', 'NIC', 'NER', 'NGA', 'NIU', 'NFK', 'MNP', 'NOR', 'OMN', 'PAK', 'PLW', 'PSE', 'PAN', 'PNG', 'PRY', 'PER', 'PHL', 'PCN', 'POL', 'PRT', 'PRI', 'QAT', 'REU', 'ROU', 'RUS', 'RWA', 'BLM', 'SHN', 'KNA', 'LCA', 'MAF', 'SPM', 'VCT', 'WSM', 'SMR', 'STP', 'SAU', 'SEN', 'SRB', 'SYC', 'SLE', 'SGP', 'SXM', 'SVK', 'SVN', 'SLB', 'SOM', 'ZAF', 'SGS', 'SSD', 'ESP', 'LKA', 'SDN', 'SUR', 'SJM', 'SWZ', 'SWE', 'CHE', 'SYR', 'TWN', 'TJK', 'TZA', 'THA', 'TLS', 'TGO', 'TKL', 'TON', 'TTO', 'TUN', 'TUR', 'TKM', 'TCA', 'TUV', 'UGA', 'UKR', 'ARE', 'GBR', 'USA', 'UMI', 'URY', 'UZB', 'VUT', 'VEN', 'VNM', 'VGB', 'VIR', 'WLF', 'ESH', 'YEM', 'ZMB', 'ZWE')]
(Background on this error at: https://sqlalche.me/e/20/f405)
]]></error>
			<system-err><![CDATA[INFO  [alembic.runtime.migration] Context impl PostgresqlImpl.
INFO  [alembic.runtime.migration] Will assume transactional DDL.
INFO  [alembic.runtime.migration] Running upgrade  -> 1af632eb25cf, empty message
]]></system-err>
		</testcase>
		<testcase classname="test_resource_organisations.OrganisationsResourceTestCase" name="test_organisations_single_missing_unknown_id" time="0.075" timestamp="2024-04-12T15:57:35" file="tests/test_resource_organisations.py" line="922">
			<error type="ProgrammingError" message="(psycopg2.errors.DuplicateObject) type &quot;project_country&quot; already exists

[SQL: CREATE TYPE project_country AS ENUM ('AFG', 'ALA', 'ALB', 'DZA', 'ASM', 'AND', 'AGO', 'AIA', 'ATA', 'ATG', 'ARG', 'ARM', 'ABW', 'AUS', 'AUT', 'AZE', 'BHS', 'BHR', 'BGD', 'BRB', 'BLR', 'BEL', 'BLZ', 'BEN', 'BMU', 'BTN', 'BOL', 'BES', 'BIH', 'BWA', 'BVT', 'BRA', 'IOT', 'BRN', 'BGR', 'BFA', 'BDI', 'KHM', 'CMR', 'CAN', 'CPV', 'CYM', 'CAF', 'TCD', 'CHL', 'CHN', 'CXR', 'CCK', 'COL', 'COM', 'COG', 'COD', 'COK', 'CRI', 'CIV', 'HRV', 'CUB', 'CUW', 'CYP', 'CZE', 'DNK', 'DJI', 'DMA', 'DOM', 'ECU', 'EGY', 'SLV', 'GNQ', 'ERI', 'EST', 'ETH', 'FLK', 'FRO', 'FJI', 'FIN', 'FRA', 'GUF', 'PYF', 'ATF', 'GAB', 'GMB', 'GEO', 'DEU', 'GHA', 'GIB', 'GRC', 'GRL', 'GRD', 'GLP', 'GUM', 'GTM', 'GGY', 'GIN', 'GNB', 'GUY', 'HTI', 'HMD', 'VAT', 'HND', 'HKG', 'HUN', 'ISL', 'IND', 'IDN', 'IRN', 'IRQ', 'IRL', 'IMN', 'ISR', 'ITA', 'JAM', 'JPN', 'JEY', 'JOR', 'KAZ', 'KEN', 'KIR', 'PRK', 'KOR', 'XKX', 'KWT', 'KGZ', 'LAO', 'LVA', 'LBN', 'LSO', 'LBR', 'LBY', 'LIE', 'LTU', 'LUX', 'MAC', 'MKD', 'MDG', 'MWI', 'MYS', 'MDV', 'MLI', 'MLT', 'MHL', 'MTQ', 'MRT', 'MUS', 'MYT', 'MEX', 'FSM', 'MDA', 'MCO', 'MNG', 'MNE', 'MSR', 'MAR', 'MOZ', 'MMR', 'NAM', 'NRU', 'NPL', 'NLD', 'NCL', 'NZL', 'NIC', 'NER', 'NGA', 'NIU', 'NFK', 'MNP', 'NOR', 'OMN', 'PAK', 'PLW', 'PSE', 'PAN', 'PNG', 'PRY', 'PER', 'PHL', 'PCN', 'POL', 'PRT', 'PRI', 'QAT', 'REU', 'ROU', 'RUS', 'RWA', 'BLM', 'SHN', 'KNA', 'LCA', 'MAF', 'SPM', 'VCT', 'WSM', 'SMR', 'STP', 'SAU', 'SEN', 'SRB', 'SYC', 'SLE', 'SGP', 'SXM', 'SVK', 'SVN', 'SLB', 'SOM', 'ZAF', 'SGS', 'SSD', 'ESP', 'LKA', 'SDN', 'SUR', 'SJM', 'SWZ', 'SWE', 'CHE', 'SYR', 'TWN', 'TJK', 'TZA', 'THA', 'TLS', 'TGO', 'TKL', 'TON', 'TTO', 'TUN', 'TUR', 'TKM', 'TCA', 'TUV', 'UGA', 'UKR', 'ARE', 'GBR', 'USA', 'UMI', 'URY', 'UZB', 'VUT', 'VEN', 'VNM', 'VGB', 'VIR', 'WLF', 'ESH', 'YEM', 'ZMB', 'ZWE')]
(Background on this error at: https://sqlalche.me/e/20/f405)"><![CDATA[Traceback (most recent call last):
  File "/usr/src/app/.venv/lib/python3.9/site-packages/sqlalchemy/engine/base.py", line 1971, in _exec_single_context
    self.dialect.do_execute(
  File "/usr/src/app/.venv/lib/python3.9/site-packages/sqlalchemy/engine/default.py", line 919, in do_execute
    cursor.execute(statement, parameters)
psycopg2.errors.DuplicateObject: type "project_country" already exists


The above exception was the direct cause of the following exception:

Traceback (most recent call last):
  File "/usr/src/app/tests/base_test.py", line 64, in setUp
    upgrade()
  File "/usr/src/app/.venv/lib/python3.9/site-packages/flask_migrate/__init__.py", line 111, in wrapped
    f(*args, **kwargs)
  File "/usr/src/app/.venv/lib/python3.9/site-packages/flask_migrate/__init__.py", line 200, in upgrade
    command.upgrade(config, revision, sql=sql, tag=tag)
  File "/usr/src/app/.venv/lib/python3.9/site-packages/alembic/command.py", line 403, in upgrade
    script.run_env()
  File "/usr/src/app/.venv/lib/python3.9/site-packages/alembic/script/base.py", line 583, in run_env
    util.load_python_file(self.dir, "env.py")
  File "/usr/src/app/.venv/lib/python3.9/site-packages/alembic/util/pyfiles.py", line 95, in load_python_file
    module = load_module_py(module_id, path)
  File "/usr/src/app/.venv/lib/python3.9/site-packages/alembic/util/pyfiles.py", line 113, in load_module_py
    spec.loader.exec_module(module)  # type: ignore
  File "<frozen importlib._bootstrap_external>", line 850, in exec_module
  File "<frozen importlib._bootstrap>", line 228, in _call_with_frames_removed
  File "migrations/env.py", line 113, in <module>
    run_migrations_online()
  File "migrations/env.py", line 107, in run_migrations_online
    context.run_migrations()
  File "<string>", line 8, in run_migrations
  File "/usr/src/app/.venv/lib/python3.9/site-packages/alembic/runtime/environment.py", line 948, in run_migrations
    self.get_context().run_migrations(**kw)
  File "/usr/src/app/.venv/lib/python3.9/site-packages/alembic/runtime/migration.py", line 627, in run_migrations
    step.migration_fn(**kw)
  File "/usr/src/app/migrations/versions/1af632eb25cf_.py", line 65, in upgrade
    op.create_table('projects',
  File "<string>", line 8, in create_table
  File "<string>", line 3, in create_table
  File "/usr/src/app/.venv/lib/python3.9/site-packages/alembic/operations/ops.py", line 1311, in create_table
    return operations.invoke(op)
  File "/usr/src/app/.venv/lib/python3.9/site-packages/alembic/operations/base.py", line 445, in invoke
    return fn(self, operation)
  File "/usr/src/app/.venv/lib/python3.9/site-packages/alembic/operations/toimpl.py", line 131, in create_table
    operations.impl.create_table(table)
  File "/usr/src/app/.venv/lib/python3.9/site-packages/alembic/ddl/impl.py", line 363, in create_table
    table.dispatch.before_create(
  File "/usr/src/app/.venv/lib/python3.9/site-packages/sqlalchemy/event/attr.py", line 497, in __call__
    fn(*args, **kw)
  File "/usr/src/app/.venv/lib/python3.9/site-packages/sqlalchemy/util/langhelpers.py", line 852, in __call__
    return getattr(self.target, self.name)(*arg, **kw)
  File "/usr/src/app/.venv/lib/python3.9/site-packages/sqlalchemy/sql/sqltypes.py", line 1120, in _on_table_create
    t._on_table_create(target, bind, **kw)
  File "/usr/src/app/.venv/lib/python3.9/site-packages/sqlalchemy/dialects/postgresql/named_types.py", line 98, in _on_table_create
    self.create(bind=bind, checkfirst=checkfirst)
  File "/usr/src/app/.venv/lib/python3.9/site-packages/sqlalchemy/dialects/postgresql/named_types.py", line 338, in create
    super().create(bind, checkfirst=checkfirst)
  File "/usr/src/app/.venv/lib/python3.9/site-packages/sqlalchemy/dialects/postgresql/named_types.py", line 51, in create
    bind._run_ddl_visitor(self.DDLGenerator, self, checkfirst=checkfirst)
  File "/usr/src/app/.venv/lib/python3.9/site-packages/sqlalchemy/engine/base.py", line 2461, in _run_ddl_visitor
    visitorcallable(self.dialect, self, **kwargs).traverse_single(element)
  File "/usr/src/app/.venv/lib/python3.9/site-packages/sqlalchemy/sql/visitors.py", line 664, in traverse_single
    return meth(obj, **kw)
  File "/usr/src/app/.venv/lib/python3.9/site-packages/sqlalchemy/dialects/postgresql/named_types.py", line 153, in visit_enum
    self.connection.execute(CreateEnumType(enum))
  File "/usr/src/app/.venv/lib/python3.9/site-packages/sqlalchemy/engine/base.py", line 1422, in execute
    return meth(
  File "/usr/src/app/.venv/lib/python3.9/site-packages/sqlalchemy/sql/ddl.py", line 180, in _execute_on_connection
    return connection._execute_ddl(
  File "/usr/src/app/.venv/lib/python3.9/site-packages/sqlalchemy/engine/base.py", line 1533, in _execute_ddl
    ret = self._execute_context(
  File "/usr/src/app/.venv/lib/python3.9/site-packages/sqlalchemy/engine/base.py", line 1850, in _execute_context
    return self._exec_single_context(
  File "/usr/src/app/.venv/lib/python3.9/site-packages/sqlalchemy/engine/base.py", line 1990, in _exec_single_context
    self._handle_dbapi_exception(
  File "/usr/src/app/.venv/lib/python3.9/site-packages/sqlalchemy/engine/base.py", line 2357, in _handle_dbapi_exception
    raise sqlalchemy_exception.with_traceback(exc_info[2]) from e
  File "/usr/src/app/.venv/lib/python3.9/site-packages/sqlalchemy/engine/base.py", line 1971, in _exec_single_context
    self.dialect.do_execute(
  File "/usr/src/app/.venv/lib/python3.9/site-packages/sqlalchemy/engine/default.py", line 919, in do_execute
    cursor.execute(statement, parameters)
sqlalchemy.exc.ProgrammingError: (psycopg2.errors.DuplicateObject) type "project_country" already exists

[SQL: CREATE TYPE project_country AS ENUM ('AFG', 'ALA', 'ALB', 'DZA', 'ASM', 'AND', 'AGO', 'AIA', 'ATA', 'ATG', 'ARG', 'ARM', 'ABW', 'AUS', 'AUT', 'AZE', 'BHS', 'BHR', 'BGD', 'BRB', 'BLR', 'BEL', 'BLZ', 'BEN', 'BMU', 'BTN', 'BOL', 'BES', 'BIH', 'BWA', 'BVT', 'BRA', 'IOT', 'BRN', 'BGR', 'BFA', 'BDI', 'KHM', 'CMR', 'CAN', 'CPV', 'CYM', 'CAF', 'TCD', 'CHL', 'CHN', 'CXR', 'CCK', 'COL', 'COM', 'COG', 'COD', 'COK', 'CRI', 'CIV', 'HRV', 'CUB', 'CUW', 'CYP', 'CZE', 'DNK', 'DJI', 'DMA', 'DOM', 'ECU', 'EGY', 'SLV', 'GNQ', 'ERI', 'EST', 'ETH', 'FLK', 'FRO', 'FJI', 'FIN', 'FRA', 'GUF', 'PYF', 'ATF', 'GAB', 'GMB', 'GEO', 'DEU', 'GHA', 'GIB', 'GRC', 'GRL', 'GRD', 'GLP', 'GUM', 'GTM', 'GGY', 'GIN', 'GNB', 'GUY', 'HTI', 'HMD', 'VAT', 'HND', 'HKG', 'HUN', 'ISL', 'IND', 'IDN', 'IRN', 'IRQ', 'IRL', 'IMN', 'ISR', 'ITA', 'JAM', 'JPN', 'JEY', 'JOR', 'KAZ', 'KEN', 'KIR', 'PRK', 'KOR', 'XKX', 'KWT', 'KGZ', 'LAO', 'LVA', 'LBN', 'LSO', 'LBR', 'LBY', 'LIE', 'LTU', 'LUX', 'MAC', 'MKD', 'MDG', 'MWI', 'MYS', 'MDV', 'MLI', 'MLT', 'MHL', 'MTQ', 'MRT', 'MUS', 'MYT', 'MEX', 'FSM', 'MDA', 'MCO', 'MNG', 'MNE', 'MSR', 'MAR', 'MOZ', 'MMR', 'NAM', 'NRU', 'NPL', 'NLD', 'NCL', 'NZL', 'NIC', 'NER', 'NGA', 'NIU', 'NFK', 'MNP', 'NOR', 'OMN', 'PAK', 'PLW', 'PSE', 'PAN', 'PNG', 'PRY', 'PER', 'PHL', 'PCN', 'POL', 'PRT', 'PRI', 'QAT', 'REU', 'ROU', 'RUS', 'RWA', 'BLM', 'SHN', 'KNA', 'LCA', 'MAF', 'SPM', 'VCT', 'WSM', 'SMR', 'STP', 'SAU', 'SEN', 'SRB', 'SYC', 'SLE', 'SGP', 'SXM', 'SVK', 'SVN', 'SLB', 'SOM', 'ZAF', 'SGS', 'SSD', 'ESP', 'LKA', 'SDN', 'SUR', 'SJM', 'SWZ', 'SWE', 'CHE', 'SYR', 'TWN', 'TJK', 'TZA', 'THA', 'TLS', 'TGO', 'TKL', 'TON', 'TTO', 'TUN', 'TUR', 'TKM', 'TCA', 'TUV', 'UGA', 'UKR', 'ARE', 'GBR', 'USA', 'UMI', 'URY', 'UZB', 'VUT', 'VEN', 'VNM', 'VGB', 'VIR', 'WLF', 'ESH', 'YEM', 'ZMB', 'ZWE')]
(Background on this error at: https://sqlalche.me/e/20/f405)
]]></error>
			<system-err><![CDATA[INFO  [alembic.runtime.migration] Context impl PostgresqlImpl.
INFO  [alembic.runtime.migration] Will assume transactional DDL.
INFO  [alembic.runtime.migration] Running upgrade  -> 1af632eb25cf, empty message
]]></system-err>
		</testcase>
	</testsuite>
	<testsuite name="test_resource_participants.ParticipantsResourceTestCase-20240412155730" tests="7" file="test_resource_participants.py" time="0.719" timestamp="2024-04-12T15:57:36" failures="0" errors="7" skipped="0">
		<testcase classname="test_resource_participants.ParticipantsResourceTestCase" name="test_participants_detail" time="0.081" timestamp="2024-04-12T15:57:35" file="tests/test_resource_participants.py" line="295">
			<error type="ProgrammingError" message="(psycopg2.errors.DuplicateObject) type &quot;project_country&quot; already exists

[SQL: CREATE TYPE project_country AS ENUM ('AFG', 'ALA', 'ALB', 'DZA', 'ASM', 'AND', 'AGO', 'AIA', 'ATA', 'ATG', 'ARG', 'ARM', 'ABW', 'AUS', 'AUT', 'AZE', 'BHS', 'BHR', 'BGD', 'BRB', 'BLR', 'BEL', 'BLZ', 'BEN', 'BMU', 'BTN', 'BOL', 'BES', 'BIH', 'BWA', 'BVT', 'BRA', 'IOT', 'BRN', 'BGR', 'BFA', 'BDI', 'KHM', 'CMR', 'CAN', 'CPV', 'CYM', 'CAF', 'TCD', 'CHL', 'CHN', 'CXR', 'CCK', 'COL', 'COM', 'COG', 'COD', 'COK', 'CRI', 'CIV', 'HRV', 'CUB', 'CUW', 'CYP', 'CZE', 'DNK', 'DJI', 'DMA', 'DOM', 'ECU', 'EGY', 'SLV', 'GNQ', 'ERI', 'EST', 'ETH', 'FLK', 'FRO', 'FJI', 'FIN', 'FRA', 'GUF', 'PYF', 'ATF', 'GAB', 'GMB', 'GEO', 'DEU', 'GHA', 'GIB', 'GRC', 'GRL', 'GRD', 'GLP', 'GUM', 'GTM', 'GGY', 'GIN', 'GNB', 'GUY', 'HTI', 'HMD', 'VAT', 'HND', 'HKG', 'HUN', 'ISL', 'IND', 'IDN', 'IRN', 'IRQ', 'IRL', 'IMN', 'ISR', 'ITA', 'JAM', 'JPN', 'JEY', 'JOR', 'KAZ', 'KEN', 'KIR', 'PRK', 'KOR', 'XKX', 'KWT', 'KGZ', 'LAO', 'LVA', 'LBN', 'LSO', 'LBR', 'LBY', 'LIE', 'LTU', 'LUX', 'MAC', 'MKD', 'MDG', 'MWI', 'MYS', 'MDV', 'MLI', 'MLT', 'MHL', 'MTQ', 'MRT', 'MUS', 'MYT', 'MEX', 'FSM', 'MDA', 'MCO', 'MNG', 'MNE', 'MSR', 'MAR', 'MOZ', 'MMR', 'NAM', 'NRU', 'NPL', 'NLD', 'NCL', 'NZL', 'NIC', 'NER', 'NGA', 'NIU', 'NFK', 'MNP', 'NOR', 'OMN', 'PAK', 'PLW', 'PSE', 'PAN', 'PNG', 'PRY', 'PER', 'PHL', 'PCN', 'POL', 'PRT', 'PRI', 'QAT', 'REU', 'ROU', 'RUS', 'RWA', 'BLM', 'SHN', 'KNA', 'LCA', 'MAF', 'SPM', 'VCT', 'WSM', 'SMR', 'STP', 'SAU', 'SEN', 'SRB', 'SYC', 'SLE', 'SGP', 'SXM', 'SVK', 'SVN', 'SLB', 'SOM', 'ZAF', 'SGS', 'SSD', 'ESP', 'LKA', 'SDN', 'SUR', 'SJM', 'SWZ', 'SWE', 'CHE', 'SYR', 'TWN', 'TJK', 'TZA', 'THA', 'TLS', 'TGO', 'TKL', 'TON', 'TTO', 'TUN', 'TUR', 'TKM', 'TCA', 'TUV', 'UGA', 'UKR', 'ARE', 'GBR', 'USA', 'UMI', 'URY', 'UZB', 'VUT', 'VEN', 'VNM', 'VGB', 'VIR', 'WLF', 'ESH', 'YEM', 'ZMB', 'ZWE')]
(Background on this error at: https://sqlalche.me/e/20/f405)"><![CDATA[Traceback (most recent call last):
  File "/usr/src/app/.venv/lib/python3.9/site-packages/sqlalchemy/engine/base.py", line 1971, in _exec_single_context
    self.dialect.do_execute(
  File "/usr/src/app/.venv/lib/python3.9/site-packages/sqlalchemy/engine/default.py", line 919, in do_execute
    cursor.execute(statement, parameters)
psycopg2.errors.DuplicateObject: type "project_country" already exists


The above exception was the direct cause of the following exception:

Traceback (most recent call last):
  File "/usr/src/app/tests/base_test.py", line 64, in setUp
    upgrade()
  File "/usr/src/app/.venv/lib/python3.9/site-packages/flask_migrate/__init__.py", line 111, in wrapped
    f(*args, **kwargs)
  File "/usr/src/app/.venv/lib/python3.9/site-packages/flask_migrate/__init__.py", line 200, in upgrade
    command.upgrade(config, revision, sql=sql, tag=tag)
  File "/usr/src/app/.venv/lib/python3.9/site-packages/alembic/command.py", line 403, in upgrade
    script.run_env()
  File "/usr/src/app/.venv/lib/python3.9/site-packages/alembic/script/base.py", line 583, in run_env
    util.load_python_file(self.dir, "env.py")
  File "/usr/src/app/.venv/lib/python3.9/site-packages/alembic/util/pyfiles.py", line 95, in load_python_file
    module = load_module_py(module_id, path)
  File "/usr/src/app/.venv/lib/python3.9/site-packages/alembic/util/pyfiles.py", line 113, in load_module_py
    spec.loader.exec_module(module)  # type: ignore
  File "<frozen importlib._bootstrap_external>", line 850, in exec_module
  File "<frozen importlib._bootstrap>", line 228, in _call_with_frames_removed
  File "migrations/env.py", line 113, in <module>
    run_migrations_online()
  File "migrations/env.py", line 107, in run_migrations_online
    context.run_migrations()
  File "<string>", line 8, in run_migrations
  File "/usr/src/app/.venv/lib/python3.9/site-packages/alembic/runtime/environment.py", line 948, in run_migrations
    self.get_context().run_migrations(**kw)
  File "/usr/src/app/.venv/lib/python3.9/site-packages/alembic/runtime/migration.py", line 627, in run_migrations
    step.migration_fn(**kw)
  File "/usr/src/app/migrations/versions/1af632eb25cf_.py", line 65, in upgrade
    op.create_table('projects',
  File "<string>", line 8, in create_table
  File "<string>", line 3, in create_table
  File "/usr/src/app/.venv/lib/python3.9/site-packages/alembic/operations/ops.py", line 1311, in create_table
    return operations.invoke(op)
  File "/usr/src/app/.venv/lib/python3.9/site-packages/alembic/operations/base.py", line 445, in invoke
    return fn(self, operation)
  File "/usr/src/app/.venv/lib/python3.9/site-packages/alembic/operations/toimpl.py", line 131, in create_table
    operations.impl.create_table(table)
  File "/usr/src/app/.venv/lib/python3.9/site-packages/alembic/ddl/impl.py", line 363, in create_table
    table.dispatch.before_create(
  File "/usr/src/app/.venv/lib/python3.9/site-packages/sqlalchemy/event/attr.py", line 497, in __call__
    fn(*args, **kw)
  File "/usr/src/app/.venv/lib/python3.9/site-packages/sqlalchemy/util/langhelpers.py", line 852, in __call__
    return getattr(self.target, self.name)(*arg, **kw)
  File "/usr/src/app/.venv/lib/python3.9/site-packages/sqlalchemy/sql/sqltypes.py", line 1120, in _on_table_create
    t._on_table_create(target, bind, **kw)
  File "/usr/src/app/.venv/lib/python3.9/site-packages/sqlalchemy/dialects/postgresql/named_types.py", line 98, in _on_table_create
    self.create(bind=bind, checkfirst=checkfirst)
  File "/usr/src/app/.venv/lib/python3.9/site-packages/sqlalchemy/dialects/postgresql/named_types.py", line 338, in create
    super().create(bind, checkfirst=checkfirst)
  File "/usr/src/app/.venv/lib/python3.9/site-packages/sqlalchemy/dialects/postgresql/named_types.py", line 51, in create
    bind._run_ddl_visitor(self.DDLGenerator, self, checkfirst=checkfirst)
  File "/usr/src/app/.venv/lib/python3.9/site-packages/sqlalchemy/engine/base.py", line 2461, in _run_ddl_visitor
    visitorcallable(self.dialect, self, **kwargs).traverse_single(element)
  File "/usr/src/app/.venv/lib/python3.9/site-packages/sqlalchemy/sql/visitors.py", line 664, in traverse_single
    return meth(obj, **kw)
  File "/usr/src/app/.venv/lib/python3.9/site-packages/sqlalchemy/dialects/postgresql/named_types.py", line 153, in visit_enum
    self.connection.execute(CreateEnumType(enum))
  File "/usr/src/app/.venv/lib/python3.9/site-packages/sqlalchemy/engine/base.py", line 1422, in execute
    return meth(
  File "/usr/src/app/.venv/lib/python3.9/site-packages/sqlalchemy/sql/ddl.py", line 180, in _execute_on_connection
    return connection._execute_ddl(
  File "/usr/src/app/.venv/lib/python3.9/site-packages/sqlalchemy/engine/base.py", line 1533, in _execute_ddl
    ret = self._execute_context(
  File "/usr/src/app/.venv/lib/python3.9/site-packages/sqlalchemy/engine/base.py", line 1850, in _execute_context
    return self._exec_single_context(
  File "/usr/src/app/.venv/lib/python3.9/site-packages/sqlalchemy/engine/base.py", line 1990, in _exec_single_context
    self._handle_dbapi_exception(
  File "/usr/src/app/.venv/lib/python3.9/site-packages/sqlalchemy/engine/base.py", line 2357, in _handle_dbapi_exception
    raise sqlalchemy_exception.with_traceback(exc_info[2]) from e
  File "/usr/src/app/.venv/lib/python3.9/site-packages/sqlalchemy/engine/base.py", line 1971, in _exec_single_context
    self.dialect.do_execute(
  File "/usr/src/app/.venv/lib/python3.9/site-packages/sqlalchemy/engine/default.py", line 919, in do_execute
    cursor.execute(statement, parameters)
sqlalchemy.exc.ProgrammingError: (psycopg2.errors.DuplicateObject) type "project_country" already exists

[SQL: CREATE TYPE project_country AS ENUM ('AFG', 'ALA', 'ALB', 'DZA', 'ASM', 'AND', 'AGO', 'AIA', 'ATA', 'ATG', 'ARG', 'ARM', 'ABW', 'AUS', 'AUT', 'AZE', 'BHS', 'BHR', 'BGD', 'BRB', 'BLR', 'BEL', 'BLZ', 'BEN', 'BMU', 'BTN', 'BOL', 'BES', 'BIH', 'BWA', 'BVT', 'BRA', 'IOT', 'BRN', 'BGR', 'BFA', 'BDI', 'KHM', 'CMR', 'CAN', 'CPV', 'CYM', 'CAF', 'TCD', 'CHL', 'CHN', 'CXR', 'CCK', 'COL', 'COM', 'COG', 'COD', 'COK', 'CRI', 'CIV', 'HRV', 'CUB', 'CUW', 'CYP', 'CZE', 'DNK', 'DJI', 'DMA', 'DOM', 'ECU', 'EGY', 'SLV', 'GNQ', 'ERI', 'EST', 'ETH', 'FLK', 'FRO', 'FJI', 'FIN', 'FRA', 'GUF', 'PYF', 'ATF', 'GAB', 'GMB', 'GEO', 'DEU', 'GHA', 'GIB', 'GRC', 'GRL', 'GRD', 'GLP', 'GUM', 'GTM', 'GGY', 'GIN', 'GNB', 'GUY', 'HTI', 'HMD', 'VAT', 'HND', 'HKG', 'HUN', 'ISL', 'IND', 'IDN', 'IRN', 'IRQ', 'IRL', 'IMN', 'ISR', 'ITA', 'JAM', 'JPN', 'JEY', 'JOR', 'KAZ', 'KEN', 'KIR', 'PRK', 'KOR', 'XKX', 'KWT', 'KGZ', 'LAO', 'LVA', 'LBN', 'LSO', 'LBR', 'LBY', 'LIE', 'LTU', 'LUX', 'MAC', 'MKD', 'MDG', 'MWI', 'MYS', 'MDV', 'MLI', 'MLT', 'MHL', 'MTQ', 'MRT', 'MUS', 'MYT', 'MEX', 'FSM', 'MDA', 'MCO', 'MNG', 'MNE', 'MSR', 'MAR', 'MOZ', 'MMR', 'NAM', 'NRU', 'NPL', 'NLD', 'NCL', 'NZL', 'NIC', 'NER', 'NGA', 'NIU', 'NFK', 'MNP', 'NOR', 'OMN', 'PAK', 'PLW', 'PSE', 'PAN', 'PNG', 'PRY', 'PER', 'PHL', 'PCN', 'POL', 'PRT', 'PRI', 'QAT', 'REU', 'ROU', 'RUS', 'RWA', 'BLM', 'SHN', 'KNA', 'LCA', 'MAF', 'SPM', 'VCT', 'WSM', 'SMR', 'STP', 'SAU', 'SEN', 'SRB', 'SYC', 'SLE', 'SGP', 'SXM', 'SVK', 'SVN', 'SLB', 'SOM', 'ZAF', 'SGS', 'SSD', 'ESP', 'LKA', 'SDN', 'SUR', 'SJM', 'SWZ', 'SWE', 'CHE', 'SYR', 'TWN', 'TJK', 'TZA', 'THA', 'TLS', 'TGO', 'TKL', 'TON', 'TTO', 'TUN', 'TUR', 'TKM', 'TCA', 'TUV', 'UGA', 'UKR', 'ARE', 'GBR', 'USA', 'UMI', 'URY', 'UZB', 'VUT', 'VEN', 'VNM', 'VGB', 'VIR', 'WLF', 'ESH', 'YEM', 'ZMB', 'ZWE')]
(Background on this error at: https://sqlalche.me/e/20/f405)
]]></error>
			<system-err><![CDATA[INFO  [alembic.runtime.migration] Context impl PostgresqlImpl.
INFO  [alembic.runtime.migration] Will assume transactional DDL.
INFO  [alembic.runtime.migration] Running upgrade  -> 1af632eb25cf, empty message
]]></system-err>
		</testcase>
		<testcase classname="test_resource_participants.ParticipantsResourceTestCase" name="test_participants_list" time="0.103" timestamp="2024-04-12T15:57:35" file="tests/test_resource_participants.py" line="9">
			<error type="ProgrammingError" message="(psycopg2.errors.DuplicateObject) type &quot;project_country&quot; already exists

[SQL: CREATE TYPE project_country AS ENUM ('AFG', 'ALA', 'ALB', 'DZA', 'ASM', 'AND', 'AGO', 'AIA', 'ATA', 'ATG', 'ARG', 'ARM', 'ABW', 'AUS', 'AUT', 'AZE', 'BHS', 'BHR', 'BGD', 'BRB', 'BLR', 'BEL', 'BLZ', 'BEN', 'BMU', 'BTN', 'BOL', 'BES', 'BIH', 'BWA', 'BVT', 'BRA', 'IOT', 'BRN', 'BGR', 'BFA', 'BDI', 'KHM', 'CMR', 'CAN', 'CPV', 'CYM', 'CAF', 'TCD', 'CHL', 'CHN', 'CXR', 'CCK', 'COL', 'COM', 'COG', 'COD', 'COK', 'CRI', 'CIV', 'HRV', 'CUB', 'CUW', 'CYP', 'CZE', 'DNK', 'DJI', 'DMA', 'DOM', 'ECU', 'EGY', 'SLV', 'GNQ', 'ERI', 'EST', 'ETH', 'FLK', 'FRO', 'FJI', 'FIN', 'FRA', 'GUF', 'PYF', 'ATF', 'GAB', 'GMB', 'GEO', 'DEU', 'GHA', 'GIB', 'GRC', 'GRL', 'GRD', 'GLP', 'GUM', 'GTM', 'GGY', 'GIN', 'GNB', 'GUY', 'HTI', 'HMD', 'VAT', 'HND', 'HKG', 'HUN', 'ISL', 'IND', 'IDN', 'IRN', 'IRQ', 'IRL', 'IMN', 'ISR', 'ITA', 'JAM', 'JPN', 'JEY', 'JOR', 'KAZ', 'KEN', 'KIR', 'PRK', 'KOR', 'XKX', 'KWT', 'KGZ', 'LAO', 'LVA', 'LBN', 'LSO', 'LBR', 'LBY', 'LIE', 'LTU', 'LUX', 'MAC', 'MKD', 'MDG', 'MWI', 'MYS', 'MDV', 'MLI', 'MLT', 'MHL', 'MTQ', 'MRT', 'MUS', 'MYT', 'MEX', 'FSM', 'MDA', 'MCO', 'MNG', 'MNE', 'MSR', 'MAR', 'MOZ', 'MMR', 'NAM', 'NRU', 'NPL', 'NLD', 'NCL', 'NZL', 'NIC', 'NER', 'NGA', 'NIU', 'NFK', 'MNP', 'NOR', 'OMN', 'PAK', 'PLW', 'PSE', 'PAN', 'PNG', 'PRY', 'PER', 'PHL', 'PCN', 'POL', 'PRT', 'PRI', 'QAT', 'REU', 'ROU', 'RUS', 'RWA', 'BLM', 'SHN', 'KNA', 'LCA', 'MAF', 'SPM', 'VCT', 'WSM', 'SMR', 'STP', 'SAU', 'SEN', 'SRB', 'SYC', 'SLE', 'SGP', 'SXM', 'SVK', 'SVN', 'SLB', 'SOM', 'ZAF', 'SGS', 'SSD', 'ESP', 'LKA', 'SDN', 'SUR', 'SJM', 'SWZ', 'SWE', 'CHE', 'SYR', 'TWN', 'TJK', 'TZA', 'THA', 'TLS', 'TGO', 'TKL', 'TON', 'TTO', 'TUN', 'TUR', 'TKM', 'TCA', 'TUV', 'UGA', 'UKR', 'ARE', 'GBR', 'USA', 'UMI', 'URY', 'UZB', 'VUT', 'VEN', 'VNM', 'VGB', 'VIR', 'WLF', 'ESH', 'YEM', 'ZMB', 'ZWE')]
(Background on this error at: https://sqlalche.me/e/20/f405)"><![CDATA[Traceback (most recent call last):
  File "/usr/src/app/.venv/lib/python3.9/site-packages/sqlalchemy/engine/base.py", line 1971, in _exec_single_context
    self.dialect.do_execute(
  File "/usr/src/app/.venv/lib/python3.9/site-packages/sqlalchemy/engine/default.py", line 919, in do_execute
    cursor.execute(statement, parameters)
psycopg2.errors.DuplicateObject: type "project_country" already exists


The above exception was the direct cause of the following exception:

Traceback (most recent call last):
  File "/usr/src/app/tests/base_test.py", line 64, in setUp
    upgrade()
  File "/usr/src/app/.venv/lib/python3.9/site-packages/flask_migrate/__init__.py", line 111, in wrapped
    f(*args, **kwargs)
  File "/usr/src/app/.venv/lib/python3.9/site-packages/flask_migrate/__init__.py", line 200, in upgrade
    command.upgrade(config, revision, sql=sql, tag=tag)
  File "/usr/src/app/.venv/lib/python3.9/site-packages/alembic/command.py", line 403, in upgrade
    script.run_env()
  File "/usr/src/app/.venv/lib/python3.9/site-packages/alembic/script/base.py", line 583, in run_env
    util.load_python_file(self.dir, "env.py")
  File "/usr/src/app/.venv/lib/python3.9/site-packages/alembic/util/pyfiles.py", line 95, in load_python_file
    module = load_module_py(module_id, path)
  File "/usr/src/app/.venv/lib/python3.9/site-packages/alembic/util/pyfiles.py", line 113, in load_module_py
    spec.loader.exec_module(module)  # type: ignore
  File "<frozen importlib._bootstrap_external>", line 850, in exec_module
  File "<frozen importlib._bootstrap>", line 228, in _call_with_frames_removed
  File "migrations/env.py", line 113, in <module>
    run_migrations_online()
  File "migrations/env.py", line 107, in run_migrations_online
    context.run_migrations()
  File "<string>", line 8, in run_migrations
  File "/usr/src/app/.venv/lib/python3.9/site-packages/alembic/runtime/environment.py", line 948, in run_migrations
    self.get_context().run_migrations(**kw)
  File "/usr/src/app/.venv/lib/python3.9/site-packages/alembic/runtime/migration.py", line 627, in run_migrations
    step.migration_fn(**kw)
  File "/usr/src/app/migrations/versions/1af632eb25cf_.py", line 65, in upgrade
    op.create_table('projects',
  File "<string>", line 8, in create_table
  File "<string>", line 3, in create_table
  File "/usr/src/app/.venv/lib/python3.9/site-packages/alembic/operations/ops.py", line 1311, in create_table
    return operations.invoke(op)
  File "/usr/src/app/.venv/lib/python3.9/site-packages/alembic/operations/base.py", line 445, in invoke
    return fn(self, operation)
  File "/usr/src/app/.venv/lib/python3.9/site-packages/alembic/operations/toimpl.py", line 131, in create_table
    operations.impl.create_table(table)
  File "/usr/src/app/.venv/lib/python3.9/site-packages/alembic/ddl/impl.py", line 363, in create_table
    table.dispatch.before_create(
  File "/usr/src/app/.venv/lib/python3.9/site-packages/sqlalchemy/event/attr.py", line 497, in __call__
    fn(*args, **kw)
  File "/usr/src/app/.venv/lib/python3.9/site-packages/sqlalchemy/util/langhelpers.py", line 852, in __call__
    return getattr(self.target, self.name)(*arg, **kw)
  File "/usr/src/app/.venv/lib/python3.9/site-packages/sqlalchemy/sql/sqltypes.py", line 1120, in _on_table_create
    t._on_table_create(target, bind, **kw)
  File "/usr/src/app/.venv/lib/python3.9/site-packages/sqlalchemy/dialects/postgresql/named_types.py", line 98, in _on_table_create
    self.create(bind=bind, checkfirst=checkfirst)
  File "/usr/src/app/.venv/lib/python3.9/site-packages/sqlalchemy/dialects/postgresql/named_types.py", line 338, in create
    super().create(bind, checkfirst=checkfirst)
  File "/usr/src/app/.venv/lib/python3.9/site-packages/sqlalchemy/dialects/postgresql/named_types.py", line 51, in create
    bind._run_ddl_visitor(self.DDLGenerator, self, checkfirst=checkfirst)
  File "/usr/src/app/.venv/lib/python3.9/site-packages/sqlalchemy/engine/base.py", line 2461, in _run_ddl_visitor
    visitorcallable(self.dialect, self, **kwargs).traverse_single(element)
  File "/usr/src/app/.venv/lib/python3.9/site-packages/sqlalchemy/sql/visitors.py", line 664, in traverse_single
    return meth(obj, **kw)
  File "/usr/src/app/.venv/lib/python3.9/site-packages/sqlalchemy/dialects/postgresql/named_types.py", line 153, in visit_enum
    self.connection.execute(CreateEnumType(enum))
  File "/usr/src/app/.venv/lib/python3.9/site-packages/sqlalchemy/engine/base.py", line 1422, in execute
    return meth(
  File "/usr/src/app/.venv/lib/python3.9/site-packages/sqlalchemy/sql/ddl.py", line 180, in _execute_on_connection
    return connection._execute_ddl(
  File "/usr/src/app/.venv/lib/python3.9/site-packages/sqlalchemy/engine/base.py", line 1533, in _execute_ddl
    ret = self._execute_context(
  File "/usr/src/app/.venv/lib/python3.9/site-packages/sqlalchemy/engine/base.py", line 1850, in _execute_context
    return self._exec_single_context(
  File "/usr/src/app/.venv/lib/python3.9/site-packages/sqlalchemy/engine/base.py", line 1990, in _exec_single_context
    self._handle_dbapi_exception(
  File "/usr/src/app/.venv/lib/python3.9/site-packages/sqlalchemy/engine/base.py", line 2357, in _handle_dbapi_exception
    raise sqlalchemy_exception.with_traceback(exc_info[2]) from e
  File "/usr/src/app/.venv/lib/python3.9/site-packages/sqlalchemy/engine/base.py", line 1971, in _exec_single_context
    self.dialect.do_execute(
  File "/usr/src/app/.venv/lib/python3.9/site-packages/sqlalchemy/engine/default.py", line 919, in do_execute
    cursor.execute(statement, parameters)
sqlalchemy.exc.ProgrammingError: (psycopg2.errors.DuplicateObject) type "project_country" already exists

[SQL: CREATE TYPE project_country AS ENUM ('AFG', 'ALA', 'ALB', 'DZA', 'ASM', 'AND', 'AGO', 'AIA', 'ATA', 'ATG', 'ARG', 'ARM', 'ABW', 'AUS', 'AUT', 'AZE', 'BHS', 'BHR', 'BGD', 'BRB', 'BLR', 'BEL', 'BLZ', 'BEN', 'BMU', 'BTN', 'BOL', 'BES', 'BIH', 'BWA', 'BVT', 'BRA', 'IOT', 'BRN', 'BGR', 'BFA', 'BDI', 'KHM', 'CMR', 'CAN', 'CPV', 'CYM', 'CAF', 'TCD', 'CHL', 'CHN', 'CXR', 'CCK', 'COL', 'COM', 'COG', 'COD', 'COK', 'CRI', 'CIV', 'HRV', 'CUB', 'CUW', 'CYP', 'CZE', 'DNK', 'DJI', 'DMA', 'DOM', 'ECU', 'EGY', 'SLV', 'GNQ', 'ERI', 'EST', 'ETH', 'FLK', 'FRO', 'FJI', 'FIN', 'FRA', 'GUF', 'PYF', 'ATF', 'GAB', 'GMB', 'GEO', 'DEU', 'GHA', 'GIB', 'GRC', 'GRL', 'GRD', 'GLP', 'GUM', 'GTM', 'GGY', 'GIN', 'GNB', 'GUY', 'HTI', 'HMD', 'VAT', 'HND', 'HKG', 'HUN', 'ISL', 'IND', 'IDN', 'IRN', 'IRQ', 'IRL', 'IMN', 'ISR', 'ITA', 'JAM', 'JPN', 'JEY', 'JOR', 'KAZ', 'KEN', 'KIR', 'PRK', 'KOR', 'XKX', 'KWT', 'KGZ', 'LAO', 'LVA', 'LBN', 'LSO', 'LBR', 'LBY', 'LIE', 'LTU', 'LUX', 'MAC', 'MKD', 'MDG', 'MWI', 'MYS', 'MDV', 'MLI', 'MLT', 'MHL', 'MTQ', 'MRT', 'MUS', 'MYT', 'MEX', 'FSM', 'MDA', 'MCO', 'MNG', 'MNE', 'MSR', 'MAR', 'MOZ', 'MMR', 'NAM', 'NRU', 'NPL', 'NLD', 'NCL', 'NZL', 'NIC', 'NER', 'NGA', 'NIU', 'NFK', 'MNP', 'NOR', 'OMN', 'PAK', 'PLW', 'PSE', 'PAN', 'PNG', 'PRY', 'PER', 'PHL', 'PCN', 'POL', 'PRT', 'PRI', 'QAT', 'REU', 'ROU', 'RUS', 'RWA', 'BLM', 'SHN', 'KNA', 'LCA', 'MAF', 'SPM', 'VCT', 'WSM', 'SMR', 'STP', 'SAU', 'SEN', 'SRB', 'SYC', 'SLE', 'SGP', 'SXM', 'SVK', 'SVN', 'SLB', 'SOM', 'ZAF', 'SGS', 'SSD', 'ESP', 'LKA', 'SDN', 'SUR', 'SJM', 'SWZ', 'SWE', 'CHE', 'SYR', 'TWN', 'TJK', 'TZA', 'THA', 'TLS', 'TGO', 'TKL', 'TON', 'TTO', 'TUN', 'TUR', 'TKM', 'TCA', 'TUV', 'UGA', 'UKR', 'ARE', 'GBR', 'USA', 'UMI', 'URY', 'UZB', 'VUT', 'VEN', 'VNM', 'VGB', 'VIR', 'WLF', 'ESH', 'YEM', 'ZMB', 'ZWE')]
(Background on this error at: https://sqlalche.me/e/20/f405)
]]></error>
			<system-err><![CDATA[INFO  [alembic.runtime.migration] Context impl PostgresqlImpl.
INFO  [alembic.runtime.migration] Will assume transactional DDL.
INFO  [alembic.runtime.migration] Running upgrade  -> 1af632eb25cf, empty message
]]></system-err>
		</testcase>
		<testcase classname="test_resource_participants.ParticipantsResourceTestCase" name="test_participants_people" time="0.175" timestamp="2024-04-12T15:57:35" file="tests/test_resource_participants.py" line="689">
			<error type="ProgrammingError" message="(psycopg2.errors.DuplicateObject) type &quot;project_country&quot; already exists

[SQL: CREATE TYPE project_country AS ENUM ('AFG', 'ALA', 'ALB', 'DZA', 'ASM', 'AND', 'AGO', 'AIA', 'ATA', 'ATG', 'ARG', 'ARM', 'ABW', 'AUS', 'AUT', 'AZE', 'BHS', 'BHR', 'BGD', 'BRB', 'BLR', 'BEL', 'BLZ', 'BEN', 'BMU', 'BTN', 'BOL', 'BES', 'BIH', 'BWA', 'BVT', 'BRA', 'IOT', 'BRN', 'BGR', 'BFA', 'BDI', 'KHM', 'CMR', 'CAN', 'CPV', 'CYM', 'CAF', 'TCD', 'CHL', 'CHN', 'CXR', 'CCK', 'COL', 'COM', 'COG', 'COD', 'COK', 'CRI', 'CIV', 'HRV', 'CUB', 'CUW', 'CYP', 'CZE', 'DNK', 'DJI', 'DMA', 'DOM', 'ECU', 'EGY', 'SLV', 'GNQ', 'ERI', 'EST', 'ETH', 'FLK', 'FRO', 'FJI', 'FIN', 'FRA', 'GUF', 'PYF', 'ATF', 'GAB', 'GMB', 'GEO', 'DEU', 'GHA', 'GIB', 'GRC', 'GRL', 'GRD', 'GLP', 'GUM', 'GTM', 'GGY', 'GIN', 'GNB', 'GUY', 'HTI', 'HMD', 'VAT', 'HND', 'HKG', 'HUN', 'ISL', 'IND', 'IDN', 'IRN', 'IRQ', 'IRL', 'IMN', 'ISR', 'ITA', 'JAM', 'JPN', 'JEY', 'JOR', 'KAZ', 'KEN', 'KIR', 'PRK', 'KOR', 'XKX', 'KWT', 'KGZ', 'LAO', 'LVA', 'LBN', 'LSO', 'LBR', 'LBY', 'LIE', 'LTU', 'LUX', 'MAC', 'MKD', 'MDG', 'MWI', 'MYS', 'MDV', 'MLI', 'MLT', 'MHL', 'MTQ', 'MRT', 'MUS', 'MYT', 'MEX', 'FSM', 'MDA', 'MCO', 'MNG', 'MNE', 'MSR', 'MAR', 'MOZ', 'MMR', 'NAM', 'NRU', 'NPL', 'NLD', 'NCL', 'NZL', 'NIC', 'NER', 'NGA', 'NIU', 'NFK', 'MNP', 'NOR', 'OMN', 'PAK', 'PLW', 'PSE', 'PAN', 'PNG', 'PRY', 'PER', 'PHL', 'PCN', 'POL', 'PRT', 'PRI', 'QAT', 'REU', 'ROU', 'RUS', 'RWA', 'BLM', 'SHN', 'KNA', 'LCA', 'MAF', 'SPM', 'VCT', 'WSM', 'SMR', 'STP', 'SAU', 'SEN', 'SRB', 'SYC', 'SLE', 'SGP', 'SXM', 'SVK', 'SVN', 'SLB', 'SOM', 'ZAF', 'SGS', 'SSD', 'ESP', 'LKA', 'SDN', 'SUR', 'SJM', 'SWZ', 'SWE', 'CHE', 'SYR', 'TWN', 'TJK', 'TZA', 'THA', 'TLS', 'TGO', 'TKL', 'TON', 'TTO', 'TUN', 'TUR', 'TKM', 'TCA', 'TUV', 'UGA', 'UKR', 'ARE', 'GBR', 'USA', 'UMI', 'URY', 'UZB', 'VUT', 'VEN', 'VNM', 'VGB', 'VIR', 'WLF', 'ESH', 'YEM', 'ZMB', 'ZWE')]
(Background on this error at: https://sqlalche.me/e/20/f405)"><![CDATA[Traceback (most recent call last):
  File "/usr/src/app/.venv/lib/python3.9/site-packages/sqlalchemy/engine/base.py", line 1971, in _exec_single_context
    self.dialect.do_execute(
  File "/usr/src/app/.venv/lib/python3.9/site-packages/sqlalchemy/engine/default.py", line 919, in do_execute
    cursor.execute(statement, parameters)
psycopg2.errors.DuplicateObject: type "project_country" already exists


The above exception was the direct cause of the following exception:

Traceback (most recent call last):
  File "/usr/src/app/tests/base_test.py", line 64, in setUp
    upgrade()
  File "/usr/src/app/.venv/lib/python3.9/site-packages/flask_migrate/__init__.py", line 111, in wrapped
    f(*args, **kwargs)
  File "/usr/src/app/.venv/lib/python3.9/site-packages/flask_migrate/__init__.py", line 200, in upgrade
    command.upgrade(config, revision, sql=sql, tag=tag)
  File "/usr/src/app/.venv/lib/python3.9/site-packages/alembic/command.py", line 403, in upgrade
    script.run_env()
  File "/usr/src/app/.venv/lib/python3.9/site-packages/alembic/script/base.py", line 583, in run_env
    util.load_python_file(self.dir, "env.py")
  File "/usr/src/app/.venv/lib/python3.9/site-packages/alembic/util/pyfiles.py", line 95, in load_python_file
    module = load_module_py(module_id, path)
  File "/usr/src/app/.venv/lib/python3.9/site-packages/alembic/util/pyfiles.py", line 113, in load_module_py
    spec.loader.exec_module(module)  # type: ignore
  File "<frozen importlib._bootstrap_external>", line 850, in exec_module
  File "<frozen importlib._bootstrap>", line 228, in _call_with_frames_removed
  File "migrations/env.py", line 113, in <module>
    run_migrations_online()
  File "migrations/env.py", line 107, in run_migrations_online
    context.run_migrations()
  File "<string>", line 8, in run_migrations
  File "/usr/src/app/.venv/lib/python3.9/site-packages/alembic/runtime/environment.py", line 948, in run_migrations
    self.get_context().run_migrations(**kw)
  File "/usr/src/app/.venv/lib/python3.9/site-packages/alembic/runtime/migration.py", line 627, in run_migrations
    step.migration_fn(**kw)
  File "/usr/src/app/migrations/versions/1af632eb25cf_.py", line 65, in upgrade
    op.create_table('projects',
  File "<string>", line 8, in create_table
  File "<string>", line 3, in create_table
  File "/usr/src/app/.venv/lib/python3.9/site-packages/alembic/operations/ops.py", line 1311, in create_table
    return operations.invoke(op)
  File "/usr/src/app/.venv/lib/python3.9/site-packages/alembic/operations/base.py", line 445, in invoke
    return fn(self, operation)
  File "/usr/src/app/.venv/lib/python3.9/site-packages/alembic/operations/toimpl.py", line 131, in create_table
    operations.impl.create_table(table)
  File "/usr/src/app/.venv/lib/python3.9/site-packages/alembic/ddl/impl.py", line 363, in create_table
    table.dispatch.before_create(
  File "/usr/src/app/.venv/lib/python3.9/site-packages/sqlalchemy/event/attr.py", line 497, in __call__
    fn(*args, **kw)
  File "/usr/src/app/.venv/lib/python3.9/site-packages/sqlalchemy/util/langhelpers.py", line 852, in __call__
    return getattr(self.target, self.name)(*arg, **kw)
  File "/usr/src/app/.venv/lib/python3.9/site-packages/sqlalchemy/sql/sqltypes.py", line 1120, in _on_table_create
    t._on_table_create(target, bind, **kw)
  File "/usr/src/app/.venv/lib/python3.9/site-packages/sqlalchemy/dialects/postgresql/named_types.py", line 98, in _on_table_create
    self.create(bind=bind, checkfirst=checkfirst)
  File "/usr/src/app/.venv/lib/python3.9/site-packages/sqlalchemy/dialects/postgresql/named_types.py", line 338, in create
    super().create(bind, checkfirst=checkfirst)
  File "/usr/src/app/.venv/lib/python3.9/site-packages/sqlalchemy/dialects/postgresql/named_types.py", line 51, in create
    bind._run_ddl_visitor(self.DDLGenerator, self, checkfirst=checkfirst)
  File "/usr/src/app/.venv/lib/python3.9/site-packages/sqlalchemy/engine/base.py", line 2461, in _run_ddl_visitor
    visitorcallable(self.dialect, self, **kwargs).traverse_single(element)
  File "/usr/src/app/.venv/lib/python3.9/site-packages/sqlalchemy/sql/visitors.py", line 664, in traverse_single
    return meth(obj, **kw)
  File "/usr/src/app/.venv/lib/python3.9/site-packages/sqlalchemy/dialects/postgresql/named_types.py", line 153, in visit_enum
    self.connection.execute(CreateEnumType(enum))
  File "/usr/src/app/.venv/lib/python3.9/site-packages/sqlalchemy/engine/base.py", line 1422, in execute
    return meth(
  File "/usr/src/app/.venv/lib/python3.9/site-packages/sqlalchemy/sql/ddl.py", line 180, in _execute_on_connection
    return connection._execute_ddl(
  File "/usr/src/app/.venv/lib/python3.9/site-packages/sqlalchemy/engine/base.py", line 1533, in _execute_ddl
    ret = self._execute_context(
  File "/usr/src/app/.venv/lib/python3.9/site-packages/sqlalchemy/engine/base.py", line 1850, in _execute_context
    return self._exec_single_context(
  File "/usr/src/app/.venv/lib/python3.9/site-packages/sqlalchemy/engine/base.py", line 1990, in _exec_single_context
    self._handle_dbapi_exception(
  File "/usr/src/app/.venv/lib/python3.9/site-packages/sqlalchemy/engine/base.py", line 2357, in _handle_dbapi_exception
    raise sqlalchemy_exception.with_traceback(exc_info[2]) from e
  File "/usr/src/app/.venv/lib/python3.9/site-packages/sqlalchemy/engine/base.py", line 1971, in _exec_single_context
    self.dialect.do_execute(
  File "/usr/src/app/.venv/lib/python3.9/site-packages/sqlalchemy/engine/default.py", line 919, in do_execute
    cursor.execute(statement, parameters)
sqlalchemy.exc.ProgrammingError: (psycopg2.errors.DuplicateObject) type "project_country" already exists

[SQL: CREATE TYPE project_country AS ENUM ('AFG', 'ALA', 'ALB', 'DZA', 'ASM', 'AND', 'AGO', 'AIA', 'ATA', 'ATG', 'ARG', 'ARM', 'ABW', 'AUS', 'AUT', 'AZE', 'BHS', 'BHR', 'BGD', 'BRB', 'BLR', 'BEL', 'BLZ', 'BEN', 'BMU', 'BTN', 'BOL', 'BES', 'BIH', 'BWA', 'BVT', 'BRA', 'IOT', 'BRN', 'BGR', 'BFA', 'BDI', 'KHM', 'CMR', 'CAN', 'CPV', 'CYM', 'CAF', 'TCD', 'CHL', 'CHN', 'CXR', 'CCK', 'COL', 'COM', 'COG', 'COD', 'COK', 'CRI', 'CIV', 'HRV', 'CUB', 'CUW', 'CYP', 'CZE', 'DNK', 'DJI', 'DMA', 'DOM', 'ECU', 'EGY', 'SLV', 'GNQ', 'ERI', 'EST', 'ETH', 'FLK', 'FRO', 'FJI', 'FIN', 'FRA', 'GUF', 'PYF', 'ATF', 'GAB', 'GMB', 'GEO', 'DEU', 'GHA', 'GIB', 'GRC', 'GRL', 'GRD', 'GLP', 'GUM', 'GTM', 'GGY', 'GIN', 'GNB', 'GUY', 'HTI', 'HMD', 'VAT', 'HND', 'HKG', 'HUN', 'ISL', 'IND', 'IDN', 'IRN', 'IRQ', 'IRL', 'IMN', 'ISR', 'ITA', 'JAM', 'JPN', 'JEY', 'JOR', 'KAZ', 'KEN', 'KIR', 'PRK', 'KOR', 'XKX', 'KWT', 'KGZ', 'LAO', 'LVA', 'LBN', 'LSO', 'LBR', 'LBY', 'LIE', 'LTU', 'LUX', 'MAC', 'MKD', 'MDG', 'MWI', 'MYS', 'MDV', 'MLI', 'MLT', 'MHL', 'MTQ', 'MRT', 'MUS', 'MYT', 'MEX', 'FSM', 'MDA', 'MCO', 'MNG', 'MNE', 'MSR', 'MAR', 'MOZ', 'MMR', 'NAM', 'NRU', 'NPL', 'NLD', 'NCL', 'NZL', 'NIC', 'NER', 'NGA', 'NIU', 'NFK', 'MNP', 'NOR', 'OMN', 'PAK', 'PLW', 'PSE', 'PAN', 'PNG', 'PRY', 'PER', 'PHL', 'PCN', 'POL', 'PRT', 'PRI', 'QAT', 'REU', 'ROU', 'RUS', 'RWA', 'BLM', 'SHN', 'KNA', 'LCA', 'MAF', 'SPM', 'VCT', 'WSM', 'SMR', 'STP', 'SAU', 'SEN', 'SRB', 'SYC', 'SLE', 'SGP', 'SXM', 'SVK', 'SVN', 'SLB', 'SOM', 'ZAF', 'SGS', 'SSD', 'ESP', 'LKA', 'SDN', 'SUR', 'SJM', 'SWZ', 'SWE', 'CHE', 'SYR', 'TWN', 'TJK', 'TZA', 'THA', 'TLS', 'TGO', 'TKL', 'TON', 'TTO', 'TUN', 'TUR', 'TKM', 'TCA', 'TUV', 'UGA', 'UKR', 'ARE', 'GBR', 'USA', 'UMI', 'URY', 'UZB', 'VUT', 'VEN', 'VNM', 'VGB', 'VIR', 'WLF', 'ESH', 'YEM', 'ZMB', 'ZWE')]
(Background on this error at: https://sqlalche.me/e/20/f405)
]]></error>
			<system-err><![CDATA[INFO  [alembic.runtime.migration] Context impl PostgresqlImpl.
INFO  [alembic.runtime.migration] Will assume transactional DDL.
INFO  [alembic.runtime.migration] Running upgrade  -> 1af632eb25cf, empty message
]]></system-err>
		</testcase>
		<testcase classname="test_resource_participants.ParticipantsResourceTestCase" name="test_participants_projects" time="0.108" timestamp="2024-04-12T15:57:35" file="tests/test_resource_participants.py" line="562">
			<error type="ProgrammingError" message="(psycopg2.errors.DuplicateObject) type &quot;project_country&quot; already exists

[SQL: CREATE TYPE project_country AS ENUM ('AFG', 'ALA', 'ALB', 'DZA', 'ASM', 'AND', 'AGO', 'AIA', 'ATA', 'ATG', 'ARG', 'ARM', 'ABW', 'AUS', 'AUT', 'AZE', 'BHS', 'BHR', 'BGD', 'BRB', 'BLR', 'BEL', 'BLZ', 'BEN', 'BMU', 'BTN', 'BOL', 'BES', 'BIH', 'BWA', 'BVT', 'BRA', 'IOT', 'BRN', 'BGR', 'BFA', 'BDI', 'KHM', 'CMR', 'CAN', 'CPV', 'CYM', 'CAF', 'TCD', 'CHL', 'CHN', 'CXR', 'CCK', 'COL', 'COM', 'COG', 'COD', 'COK', 'CRI', 'CIV', 'HRV', 'CUB', 'CUW', 'CYP', 'CZE', 'DNK', 'DJI', 'DMA', 'DOM', 'ECU', 'EGY', 'SLV', 'GNQ', 'ERI', 'EST', 'ETH', 'FLK', 'FRO', 'FJI', 'FIN', 'FRA', 'GUF', 'PYF', 'ATF', 'GAB', 'GMB', 'GEO', 'DEU', 'GHA', 'GIB', 'GRC', 'GRL', 'GRD', 'GLP', 'GUM', 'GTM', 'GGY', 'GIN', 'GNB', 'GUY', 'HTI', 'HMD', 'VAT', 'HND', 'HKG', 'HUN', 'ISL', 'IND', 'IDN', 'IRN', 'IRQ', 'IRL', 'IMN', 'ISR', 'ITA', 'JAM', 'JPN', 'JEY', 'JOR', 'KAZ', 'KEN', 'KIR', 'PRK', 'KOR', 'XKX', 'KWT', 'KGZ', 'LAO', 'LVA', 'LBN', 'LSO', 'LBR', 'LBY', 'LIE', 'LTU', 'LUX', 'MAC', 'MKD', 'MDG', 'MWI', 'MYS', 'MDV', 'MLI', 'MLT', 'MHL', 'MTQ', 'MRT', 'MUS', 'MYT', 'MEX', 'FSM', 'MDA', 'MCO', 'MNG', 'MNE', 'MSR', 'MAR', 'MOZ', 'MMR', 'NAM', 'NRU', 'NPL', 'NLD', 'NCL', 'NZL', 'NIC', 'NER', 'NGA', 'NIU', 'NFK', 'MNP', 'NOR', 'OMN', 'PAK', 'PLW', 'PSE', 'PAN', 'PNG', 'PRY', 'PER', 'PHL', 'PCN', 'POL', 'PRT', 'PRI', 'QAT', 'REU', 'ROU', 'RUS', 'RWA', 'BLM', 'SHN', 'KNA', 'LCA', 'MAF', 'SPM', 'VCT', 'WSM', 'SMR', 'STP', 'SAU', 'SEN', 'SRB', 'SYC', 'SLE', 'SGP', 'SXM', 'SVK', 'SVN', 'SLB', 'SOM', 'ZAF', 'SGS', 'SSD', 'ESP', 'LKA', 'SDN', 'SUR', 'SJM', 'SWZ', 'SWE', 'CHE', 'SYR', 'TWN', 'TJK', 'TZA', 'THA', 'TLS', 'TGO', 'TKL', 'TON', 'TTO', 'TUN', 'TUR', 'TKM', 'TCA', 'TUV', 'UGA', 'UKR', 'ARE', 'GBR', 'USA', 'UMI', 'URY', 'UZB', 'VUT', 'VEN', 'VNM', 'VGB', 'VIR', 'WLF', 'ESH', 'YEM', 'ZMB', 'ZWE')]
(Background on this error at: https://sqlalche.me/e/20/f405)"><![CDATA[Traceback (most recent call last):
  File "/usr/src/app/.venv/lib/python3.9/site-packages/sqlalchemy/engine/base.py", line 1971, in _exec_single_context
    self.dialect.do_execute(
  File "/usr/src/app/.venv/lib/python3.9/site-packages/sqlalchemy/engine/default.py", line 919, in do_execute
    cursor.execute(statement, parameters)
psycopg2.errors.DuplicateObject: type "project_country" already exists


The above exception was the direct cause of the following exception:

Traceback (most recent call last):
  File "/usr/src/app/tests/base_test.py", line 64, in setUp
    upgrade()
  File "/usr/src/app/.venv/lib/python3.9/site-packages/flask_migrate/__init__.py", line 111, in wrapped
    f(*args, **kwargs)
  File "/usr/src/app/.venv/lib/python3.9/site-packages/flask_migrate/__init__.py", line 200, in upgrade
    command.upgrade(config, revision, sql=sql, tag=tag)
  File "/usr/src/app/.venv/lib/python3.9/site-packages/alembic/command.py", line 403, in upgrade
    script.run_env()
  File "/usr/src/app/.venv/lib/python3.9/site-packages/alembic/script/base.py", line 583, in run_env
    util.load_python_file(self.dir, "env.py")
  File "/usr/src/app/.venv/lib/python3.9/site-packages/alembic/util/pyfiles.py", line 95, in load_python_file
    module = load_module_py(module_id, path)
  File "/usr/src/app/.venv/lib/python3.9/site-packages/alembic/util/pyfiles.py", line 113, in load_module_py
    spec.loader.exec_module(module)  # type: ignore
  File "<frozen importlib._bootstrap_external>", line 850, in exec_module
  File "<frozen importlib._bootstrap>", line 228, in _call_with_frames_removed
  File "migrations/env.py", line 113, in <module>
    run_migrations_online()
  File "migrations/env.py", line 107, in run_migrations_online
    context.run_migrations()
  File "<string>", line 8, in run_migrations
  File "/usr/src/app/.venv/lib/python3.9/site-packages/alembic/runtime/environment.py", line 948, in run_migrations
    self.get_context().run_migrations(**kw)
  File "/usr/src/app/.venv/lib/python3.9/site-packages/alembic/runtime/migration.py", line 627, in run_migrations
    step.migration_fn(**kw)
  File "/usr/src/app/migrations/versions/1af632eb25cf_.py", line 65, in upgrade
    op.create_table('projects',
  File "<string>", line 8, in create_table
  File "<string>", line 3, in create_table
  File "/usr/src/app/.venv/lib/python3.9/site-packages/alembic/operations/ops.py", line 1311, in create_table
    return operations.invoke(op)
  File "/usr/src/app/.venv/lib/python3.9/site-packages/alembic/operations/base.py", line 445, in invoke
    return fn(self, operation)
  File "/usr/src/app/.venv/lib/python3.9/site-packages/alembic/operations/toimpl.py", line 131, in create_table
    operations.impl.create_table(table)
  File "/usr/src/app/.venv/lib/python3.9/site-packages/alembic/ddl/impl.py", line 363, in create_table
    table.dispatch.before_create(
  File "/usr/src/app/.venv/lib/python3.9/site-packages/sqlalchemy/event/attr.py", line 497, in __call__
    fn(*args, **kw)
  File "/usr/src/app/.venv/lib/python3.9/site-packages/sqlalchemy/util/langhelpers.py", line 852, in __call__
    return getattr(self.target, self.name)(*arg, **kw)
  File "/usr/src/app/.venv/lib/python3.9/site-packages/sqlalchemy/sql/sqltypes.py", line 1120, in _on_table_create
    t._on_table_create(target, bind, **kw)
  File "/usr/src/app/.venv/lib/python3.9/site-packages/sqlalchemy/dialects/postgresql/named_types.py", line 98, in _on_table_create
    self.create(bind=bind, checkfirst=checkfirst)
  File "/usr/src/app/.venv/lib/python3.9/site-packages/sqlalchemy/dialects/postgresql/named_types.py", line 338, in create
    super().create(bind, checkfirst=checkfirst)
  File "/usr/src/app/.venv/lib/python3.9/site-packages/sqlalchemy/dialects/postgresql/named_types.py", line 51, in create
    bind._run_ddl_visitor(self.DDLGenerator, self, checkfirst=checkfirst)
  File "/usr/src/app/.venv/lib/python3.9/site-packages/sqlalchemy/engine/base.py", line 2461, in _run_ddl_visitor
    visitorcallable(self.dialect, self, **kwargs).traverse_single(element)
  File "/usr/src/app/.venv/lib/python3.9/site-packages/sqlalchemy/sql/visitors.py", line 664, in traverse_single
    return meth(obj, **kw)
  File "/usr/src/app/.venv/lib/python3.9/site-packages/sqlalchemy/dialects/postgresql/named_types.py", line 153, in visit_enum
    self.connection.execute(CreateEnumType(enum))
  File "/usr/src/app/.venv/lib/python3.9/site-packages/sqlalchemy/engine/base.py", line 1422, in execute
    return meth(
  File "/usr/src/app/.venv/lib/python3.9/site-packages/sqlalchemy/sql/ddl.py", line 180, in _execute_on_connection
    return connection._execute_ddl(
  File "/usr/src/app/.venv/lib/python3.9/site-packages/sqlalchemy/engine/base.py", line 1533, in _execute_ddl
    ret = self._execute_context(
  File "/usr/src/app/.venv/lib/python3.9/site-packages/sqlalchemy/engine/base.py", line 1850, in _execute_context
    return self._exec_single_context(
  File "/usr/src/app/.venv/lib/python3.9/site-packages/sqlalchemy/engine/base.py", line 1990, in _exec_single_context
    self._handle_dbapi_exception(
  File "/usr/src/app/.venv/lib/python3.9/site-packages/sqlalchemy/engine/base.py", line 2357, in _handle_dbapi_exception
    raise sqlalchemy_exception.with_traceback(exc_info[2]) from e
  File "/usr/src/app/.venv/lib/python3.9/site-packages/sqlalchemy/engine/base.py", line 1971, in _exec_single_context
    self.dialect.do_execute(
  File "/usr/src/app/.venv/lib/python3.9/site-packages/sqlalchemy/engine/default.py", line 919, in do_execute
    cursor.execute(statement, parameters)
sqlalchemy.exc.ProgrammingError: (psycopg2.errors.DuplicateObject) type "project_country" already exists

[SQL: CREATE TYPE project_country AS ENUM ('AFG', 'ALA', 'ALB', 'DZA', 'ASM', 'AND', 'AGO', 'AIA', 'ATA', 'ATG', 'ARG', 'ARM', 'ABW', 'AUS', 'AUT', 'AZE', 'BHS', 'BHR', 'BGD', 'BRB', 'BLR', 'BEL', 'BLZ', 'BEN', 'BMU', 'BTN', 'BOL', 'BES', 'BIH', 'BWA', 'BVT', 'BRA', 'IOT', 'BRN', 'BGR', 'BFA', 'BDI', 'KHM', 'CMR', 'CAN', 'CPV', 'CYM', 'CAF', 'TCD', 'CHL', 'CHN', 'CXR', 'CCK', 'COL', 'COM', 'COG', 'COD', 'COK', 'CRI', 'CIV', 'HRV', 'CUB', 'CUW', 'CYP', 'CZE', 'DNK', 'DJI', 'DMA', 'DOM', 'ECU', 'EGY', 'SLV', 'GNQ', 'ERI', 'EST', 'ETH', 'FLK', 'FRO', 'FJI', 'FIN', 'FRA', 'GUF', 'PYF', 'ATF', 'GAB', 'GMB', 'GEO', 'DEU', 'GHA', 'GIB', 'GRC', 'GRL', 'GRD', 'GLP', 'GUM', 'GTM', 'GGY', 'GIN', 'GNB', 'GUY', 'HTI', 'HMD', 'VAT', 'HND', 'HKG', 'HUN', 'ISL', 'IND', 'IDN', 'IRN', 'IRQ', 'IRL', 'IMN', 'ISR', 'ITA', 'JAM', 'JPN', 'JEY', 'JOR', 'KAZ', 'KEN', 'KIR', 'PRK', 'KOR', 'XKX', 'KWT', 'KGZ', 'LAO', 'LVA', 'LBN', 'LSO', 'LBR', 'LBY', 'LIE', 'LTU', 'LUX', 'MAC', 'MKD', 'MDG', 'MWI', 'MYS', 'MDV', 'MLI', 'MLT', 'MHL', 'MTQ', 'MRT', 'MUS', 'MYT', 'MEX', 'FSM', 'MDA', 'MCO', 'MNG', 'MNE', 'MSR', 'MAR', 'MOZ', 'MMR', 'NAM', 'NRU', 'NPL', 'NLD', 'NCL', 'NZL', 'NIC', 'NER', 'NGA', 'NIU', 'NFK', 'MNP', 'NOR', 'OMN', 'PAK', 'PLW', 'PSE', 'PAN', 'PNG', 'PRY', 'PER', 'PHL', 'PCN', 'POL', 'PRT', 'PRI', 'QAT', 'REU', 'ROU', 'RUS', 'RWA', 'BLM', 'SHN', 'KNA', 'LCA', 'MAF', 'SPM', 'VCT', 'WSM', 'SMR', 'STP', 'SAU', 'SEN', 'SRB', 'SYC', 'SLE', 'SGP', 'SXM', 'SVK', 'SVN', 'SLB', 'SOM', 'ZAF', 'SGS', 'SSD', 'ESP', 'LKA', 'SDN', 'SUR', 'SJM', 'SWZ', 'SWE', 'CHE', 'SYR', 'TWN', 'TJK', 'TZA', 'THA', 'TLS', 'TGO', 'TKL', 'TON', 'TTO', 'TUN', 'TUR', 'TKM', 'TCA', 'TUV', 'UGA', 'UKR', 'ARE', 'GBR', 'USA', 'UMI', 'URY', 'UZB', 'VUT', 'VEN', 'VNM', 'VGB', 'VIR', 'WLF', 'ESH', 'YEM', 'ZMB', 'ZWE')]
(Background on this error at: https://sqlalche.me/e/20/f405)
]]></error>
			<system-err><![CDATA[INFO  [alembic.runtime.migration] Context impl PostgresqlImpl.
INFO  [alembic.runtime.migration] Will assume transactional DDL.
INFO  [alembic.runtime.migration] Running upgrade  -> 1af632eb25cf, empty message
]]></system-err>
		</testcase>
		<testcase classname="test_resource_participants.ParticipantsResourceTestCase" name="test_participants_relationship_people" time="0.085" timestamp="2024-04-12T15:57:35" file="tests/test_resource_participants.py" line="540">
			<error type="ProgrammingError" message="(psycopg2.errors.DuplicateObject) type &quot;project_country&quot; already exists

[SQL: CREATE TYPE project_country AS ENUM ('AFG', 'ALA', 'ALB', 'DZA', 'ASM', 'AND', 'AGO', 'AIA', 'ATA', 'ATG', 'ARG', 'ARM', 'ABW', 'AUS', 'AUT', 'AZE', 'BHS', 'BHR', 'BGD', 'BRB', 'BLR', 'BEL', 'BLZ', 'BEN', 'BMU', 'BTN', 'BOL', 'BES', 'BIH', 'BWA', 'BVT', 'BRA', 'IOT', 'BRN', 'BGR', 'BFA', 'BDI', 'KHM', 'CMR', 'CAN', 'CPV', 'CYM', 'CAF', 'TCD', 'CHL', 'CHN', 'CXR', 'CCK', 'COL', 'COM', 'COG', 'COD', 'COK', 'CRI', 'CIV', 'HRV', 'CUB', 'CUW', 'CYP', 'CZE', 'DNK', 'DJI', 'DMA', 'DOM', 'ECU', 'EGY', 'SLV', 'GNQ', 'ERI', 'EST', 'ETH', 'FLK', 'FRO', 'FJI', 'FIN', 'FRA', 'GUF', 'PYF', 'ATF', 'GAB', 'GMB', 'GEO', 'DEU', 'GHA', 'GIB', 'GRC', 'GRL', 'GRD', 'GLP', 'GUM', 'GTM', 'GGY', 'GIN', 'GNB', 'GUY', 'HTI', 'HMD', 'VAT', 'HND', 'HKG', 'HUN', 'ISL', 'IND', 'IDN', 'IRN', 'IRQ', 'IRL', 'IMN', 'ISR', 'ITA', 'JAM', 'JPN', 'JEY', 'JOR', 'KAZ', 'KEN', 'KIR', 'PRK', 'KOR', 'XKX', 'KWT', 'KGZ', 'LAO', 'LVA', 'LBN', 'LSO', 'LBR', 'LBY', 'LIE', 'LTU', 'LUX', 'MAC', 'MKD', 'MDG', 'MWI', 'MYS', 'MDV', 'MLI', 'MLT', 'MHL', 'MTQ', 'MRT', 'MUS', 'MYT', 'MEX', 'FSM', 'MDA', 'MCO', 'MNG', 'MNE', 'MSR', 'MAR', 'MOZ', 'MMR', 'NAM', 'NRU', 'NPL', 'NLD', 'NCL', 'NZL', 'NIC', 'NER', 'NGA', 'NIU', 'NFK', 'MNP', 'NOR', 'OMN', 'PAK', 'PLW', 'PSE', 'PAN', 'PNG', 'PRY', 'PER', 'PHL', 'PCN', 'POL', 'PRT', 'PRI', 'QAT', 'REU', 'ROU', 'RUS', 'RWA', 'BLM', 'SHN', 'KNA', 'LCA', 'MAF', 'SPM', 'VCT', 'WSM', 'SMR', 'STP', 'SAU', 'SEN', 'SRB', 'SYC', 'SLE', 'SGP', 'SXM', 'SVK', 'SVN', 'SLB', 'SOM', 'ZAF', 'SGS', 'SSD', 'ESP', 'LKA', 'SDN', 'SUR', 'SJM', 'SWZ', 'SWE', 'CHE', 'SYR', 'TWN', 'TJK', 'TZA', 'THA', 'TLS', 'TGO', 'TKL', 'TON', 'TTO', 'TUN', 'TUR', 'TKM', 'TCA', 'TUV', 'UGA', 'UKR', 'ARE', 'GBR', 'USA', 'UMI', 'URY', 'UZB', 'VUT', 'VEN', 'VNM', 'VGB', 'VIR', 'WLF', 'ESH', 'YEM', 'ZMB', 'ZWE')]
(Background on this error at: https://sqlalche.me/e/20/f405)"><![CDATA[Traceback (most recent call last):
  File "/usr/src/app/.venv/lib/python3.9/site-packages/sqlalchemy/engine/base.py", line 1971, in _exec_single_context
    self.dialect.do_execute(
  File "/usr/src/app/.venv/lib/python3.9/site-packages/sqlalchemy/engine/default.py", line 919, in do_execute
    cursor.execute(statement, parameters)
psycopg2.errors.DuplicateObject: type "project_country" already exists


The above exception was the direct cause of the following exception:

Traceback (most recent call last):
  File "/usr/src/app/tests/base_test.py", line 64, in setUp
    upgrade()
  File "/usr/src/app/.venv/lib/python3.9/site-packages/flask_migrate/__init__.py", line 111, in wrapped
    f(*args, **kwargs)
  File "/usr/src/app/.venv/lib/python3.9/site-packages/flask_migrate/__init__.py", line 200, in upgrade
    command.upgrade(config, revision, sql=sql, tag=tag)
  File "/usr/src/app/.venv/lib/python3.9/site-packages/alembic/command.py", line 403, in upgrade
    script.run_env()
  File "/usr/src/app/.venv/lib/python3.9/site-packages/alembic/script/base.py", line 583, in run_env
    util.load_python_file(self.dir, "env.py")
  File "/usr/src/app/.venv/lib/python3.9/site-packages/alembic/util/pyfiles.py", line 95, in load_python_file
    module = load_module_py(module_id, path)
  File "/usr/src/app/.venv/lib/python3.9/site-packages/alembic/util/pyfiles.py", line 113, in load_module_py
    spec.loader.exec_module(module)  # type: ignore
  File "<frozen importlib._bootstrap_external>", line 850, in exec_module
  File "<frozen importlib._bootstrap>", line 228, in _call_with_frames_removed
  File "migrations/env.py", line 113, in <module>
    run_migrations_online()
  File "migrations/env.py", line 107, in run_migrations_online
    context.run_migrations()
  File "<string>", line 8, in run_migrations
  File "/usr/src/app/.venv/lib/python3.9/site-packages/alembic/runtime/environment.py", line 948, in run_migrations
    self.get_context().run_migrations(**kw)
  File "/usr/src/app/.venv/lib/python3.9/site-packages/alembic/runtime/migration.py", line 627, in run_migrations
    step.migration_fn(**kw)
  File "/usr/src/app/migrations/versions/1af632eb25cf_.py", line 65, in upgrade
    op.create_table('projects',
  File "<string>", line 8, in create_table
  File "<string>", line 3, in create_table
  File "/usr/src/app/.venv/lib/python3.9/site-packages/alembic/operations/ops.py", line 1311, in create_table
    return operations.invoke(op)
  File "/usr/src/app/.venv/lib/python3.9/site-packages/alembic/operations/base.py", line 445, in invoke
    return fn(self, operation)
  File "/usr/src/app/.venv/lib/python3.9/site-packages/alembic/operations/toimpl.py", line 131, in create_table
    operations.impl.create_table(table)
  File "/usr/src/app/.venv/lib/python3.9/site-packages/alembic/ddl/impl.py", line 363, in create_table
    table.dispatch.before_create(
  File "/usr/src/app/.venv/lib/python3.9/site-packages/sqlalchemy/event/attr.py", line 497, in __call__
    fn(*args, **kw)
  File "/usr/src/app/.venv/lib/python3.9/site-packages/sqlalchemy/util/langhelpers.py", line 852, in __call__
    return getattr(self.target, self.name)(*arg, **kw)
  File "/usr/src/app/.venv/lib/python3.9/site-packages/sqlalchemy/sql/sqltypes.py", line 1120, in _on_table_create
    t._on_table_create(target, bind, **kw)
  File "/usr/src/app/.venv/lib/python3.9/site-packages/sqlalchemy/dialects/postgresql/named_types.py", line 98, in _on_table_create
    self.create(bind=bind, checkfirst=checkfirst)
  File "/usr/src/app/.venv/lib/python3.9/site-packages/sqlalchemy/dialects/postgresql/named_types.py", line 338, in create
    super().create(bind, checkfirst=checkfirst)
  File "/usr/src/app/.venv/lib/python3.9/site-packages/sqlalchemy/dialects/postgresql/named_types.py", line 51, in create
    bind._run_ddl_visitor(self.DDLGenerator, self, checkfirst=checkfirst)
  File "/usr/src/app/.venv/lib/python3.9/site-packages/sqlalchemy/engine/base.py", line 2461, in _run_ddl_visitor
    visitorcallable(self.dialect, self, **kwargs).traverse_single(element)
  File "/usr/src/app/.venv/lib/python3.9/site-packages/sqlalchemy/sql/visitors.py", line 664, in traverse_single
    return meth(obj, **kw)
  File "/usr/src/app/.venv/lib/python3.9/site-packages/sqlalchemy/dialects/postgresql/named_types.py", line 153, in visit_enum
    self.connection.execute(CreateEnumType(enum))
  File "/usr/src/app/.venv/lib/python3.9/site-packages/sqlalchemy/engine/base.py", line 1422, in execute
    return meth(
  File "/usr/src/app/.venv/lib/python3.9/site-packages/sqlalchemy/sql/ddl.py", line 180, in _execute_on_connection
    return connection._execute_ddl(
  File "/usr/src/app/.venv/lib/python3.9/site-packages/sqlalchemy/engine/base.py", line 1533, in _execute_ddl
    ret = self._execute_context(
  File "/usr/src/app/.venv/lib/python3.9/site-packages/sqlalchemy/engine/base.py", line 1850, in _execute_context
    return self._exec_single_context(
  File "/usr/src/app/.venv/lib/python3.9/site-packages/sqlalchemy/engine/base.py", line 1990, in _exec_single_context
    self._handle_dbapi_exception(
  File "/usr/src/app/.venv/lib/python3.9/site-packages/sqlalchemy/engine/base.py", line 2357, in _handle_dbapi_exception
    raise sqlalchemy_exception.with_traceback(exc_info[2]) from e
  File "/usr/src/app/.venv/lib/python3.9/site-packages/sqlalchemy/engine/base.py", line 1971, in _exec_single_context
    self.dialect.do_execute(
  File "/usr/src/app/.venv/lib/python3.9/site-packages/sqlalchemy/engine/default.py", line 919, in do_execute
    cursor.execute(statement, parameters)
sqlalchemy.exc.ProgrammingError: (psycopg2.errors.DuplicateObject) type "project_country" already exists

[SQL: CREATE TYPE project_country AS ENUM ('AFG', 'ALA', 'ALB', 'DZA', 'ASM', 'AND', 'AGO', 'AIA', 'ATA', 'ATG', 'ARG', 'ARM', 'ABW', 'AUS', 'AUT', 'AZE', 'BHS', 'BHR', 'BGD', 'BRB', 'BLR', 'BEL', 'BLZ', 'BEN', 'BMU', 'BTN', 'BOL', 'BES', 'BIH', 'BWA', 'BVT', 'BRA', 'IOT', 'BRN', 'BGR', 'BFA', 'BDI', 'KHM', 'CMR', 'CAN', 'CPV', 'CYM', 'CAF', 'TCD', 'CHL', 'CHN', 'CXR', 'CCK', 'COL', 'COM', 'COG', 'COD', 'COK', 'CRI', 'CIV', 'HRV', 'CUB', 'CUW', 'CYP', 'CZE', 'DNK', 'DJI', 'DMA', 'DOM', 'ECU', 'EGY', 'SLV', 'GNQ', 'ERI', 'EST', 'ETH', 'FLK', 'FRO', 'FJI', 'FIN', 'FRA', 'GUF', 'PYF', 'ATF', 'GAB', 'GMB', 'GEO', 'DEU', 'GHA', 'GIB', 'GRC', 'GRL', 'GRD', 'GLP', 'GUM', 'GTM', 'GGY', 'GIN', 'GNB', 'GUY', 'HTI', 'HMD', 'VAT', 'HND', 'HKG', 'HUN', 'ISL', 'IND', 'IDN', 'IRN', 'IRQ', 'IRL', 'IMN', 'ISR', 'ITA', 'JAM', 'JPN', 'JEY', 'JOR', 'KAZ', 'KEN', 'KIR', 'PRK', 'KOR', 'XKX', 'KWT', 'KGZ', 'LAO', 'LVA', 'LBN', 'LSO', 'LBR', 'LBY', 'LIE', 'LTU', 'LUX', 'MAC', 'MKD', 'MDG', 'MWI', 'MYS', 'MDV', 'MLI', 'MLT', 'MHL', 'MTQ', 'MRT', 'MUS', 'MYT', 'MEX', 'FSM', 'MDA', 'MCO', 'MNG', 'MNE', 'MSR', 'MAR', 'MOZ', 'MMR', 'NAM', 'NRU', 'NPL', 'NLD', 'NCL', 'NZL', 'NIC', 'NER', 'NGA', 'NIU', 'NFK', 'MNP', 'NOR', 'OMN', 'PAK', 'PLW', 'PSE', 'PAN', 'PNG', 'PRY', 'PER', 'PHL', 'PCN', 'POL', 'PRT', 'PRI', 'QAT', 'REU', 'ROU', 'RUS', 'RWA', 'BLM', 'SHN', 'KNA', 'LCA', 'MAF', 'SPM', 'VCT', 'WSM', 'SMR', 'STP', 'SAU', 'SEN', 'SRB', 'SYC', 'SLE', 'SGP', 'SXM', 'SVK', 'SVN', 'SLB', 'SOM', 'ZAF', 'SGS', 'SSD', 'ESP', 'LKA', 'SDN', 'SUR', 'SJM', 'SWZ', 'SWE', 'CHE', 'SYR', 'TWN', 'TJK', 'TZA', 'THA', 'TLS', 'TGO', 'TKL', 'TON', 'TTO', 'TUN', 'TUR', 'TKM', 'TCA', 'TUV', 'UGA', 'UKR', 'ARE', 'GBR', 'USA', 'UMI', 'URY', 'UZB', 'VUT', 'VEN', 'VNM', 'VGB', 'VIR', 'WLF', 'ESH', 'YEM', 'ZMB', 'ZWE')]
(Background on this error at: https://sqlalche.me/e/20/f405)
]]></error>
			<system-err><![CDATA[INFO  [alembic.runtime.migration] Context impl PostgresqlImpl.
INFO  [alembic.runtime.migration] Will assume transactional DDL.
INFO  [alembic.runtime.migration] Running upgrade  -> 1af632eb25cf, empty message
]]></system-err>
		</testcase>
		<testcase classname="test_resource_participants.ParticipantsResourceTestCase" name="test_participants_relationship_projects" time="0.083" timestamp="2024-04-12T15:57:36" file="tests/test_resource_participants.py" line="518">
			<error type="ProgrammingError" message="(psycopg2.errors.DuplicateObject) type &quot;project_country&quot; already exists

[SQL: CREATE TYPE project_country AS ENUM ('AFG', 'ALA', 'ALB', 'DZA', 'ASM', 'AND', 'AGO', 'AIA', 'ATA', 'ATG', 'ARG', 'ARM', 'ABW', 'AUS', 'AUT', 'AZE', 'BHS', 'BHR', 'BGD', 'BRB', 'BLR', 'BEL', 'BLZ', 'BEN', 'BMU', 'BTN', 'BOL', 'BES', 'BIH', 'BWA', 'BVT', 'BRA', 'IOT', 'BRN', 'BGR', 'BFA', 'BDI', 'KHM', 'CMR', 'CAN', 'CPV', 'CYM', 'CAF', 'TCD', 'CHL', 'CHN', 'CXR', 'CCK', 'COL', 'COM', 'COG', 'COD', 'COK', 'CRI', 'CIV', 'HRV', 'CUB', 'CUW', 'CYP', 'CZE', 'DNK', 'DJI', 'DMA', 'DOM', 'ECU', 'EGY', 'SLV', 'GNQ', 'ERI', 'EST', 'ETH', 'FLK', 'FRO', 'FJI', 'FIN', 'FRA', 'GUF', 'PYF', 'ATF', 'GAB', 'GMB', 'GEO', 'DEU', 'GHA', 'GIB', 'GRC', 'GRL', 'GRD', 'GLP', 'GUM', 'GTM', 'GGY', 'GIN', 'GNB', 'GUY', 'HTI', 'HMD', 'VAT', 'HND', 'HKG', 'HUN', 'ISL', 'IND', 'IDN', 'IRN', 'IRQ', 'IRL', 'IMN', 'ISR', 'ITA', 'JAM', 'JPN', 'JEY', 'JOR', 'KAZ', 'KEN', 'KIR', 'PRK', 'KOR', 'XKX', 'KWT', 'KGZ', 'LAO', 'LVA', 'LBN', 'LSO', 'LBR', 'LBY', 'LIE', 'LTU', 'LUX', 'MAC', 'MKD', 'MDG', 'MWI', 'MYS', 'MDV', 'MLI', 'MLT', 'MHL', 'MTQ', 'MRT', 'MUS', 'MYT', 'MEX', 'FSM', 'MDA', 'MCO', 'MNG', 'MNE', 'MSR', 'MAR', 'MOZ', 'MMR', 'NAM', 'NRU', 'NPL', 'NLD', 'NCL', 'NZL', 'NIC', 'NER', 'NGA', 'NIU', 'NFK', 'MNP', 'NOR', 'OMN', 'PAK', 'PLW', 'PSE', 'PAN', 'PNG', 'PRY', 'PER', 'PHL', 'PCN', 'POL', 'PRT', 'PRI', 'QAT', 'REU', 'ROU', 'RUS', 'RWA', 'BLM', 'SHN', 'KNA', 'LCA', 'MAF', 'SPM', 'VCT', 'WSM', 'SMR', 'STP', 'SAU', 'SEN', 'SRB', 'SYC', 'SLE', 'SGP', 'SXM', 'SVK', 'SVN', 'SLB', 'SOM', 'ZAF', 'SGS', 'SSD', 'ESP', 'LKA', 'SDN', 'SUR', 'SJM', 'SWZ', 'SWE', 'CHE', 'SYR', 'TWN', 'TJK', 'TZA', 'THA', 'TLS', 'TGO', 'TKL', 'TON', 'TTO', 'TUN', 'TUR', 'TKM', 'TCA', 'TUV', 'UGA', 'UKR', 'ARE', 'GBR', 'USA', 'UMI', 'URY', 'UZB', 'VUT', 'VEN', 'VNM', 'VGB', 'VIR', 'WLF', 'ESH', 'YEM', 'ZMB', 'ZWE')]
(Background on this error at: https://sqlalche.me/e/20/f405)"><![CDATA[Traceback (most recent call last):
  File "/usr/src/app/.venv/lib/python3.9/site-packages/sqlalchemy/engine/base.py", line 1971, in _exec_single_context
    self.dialect.do_execute(
  File "/usr/src/app/.venv/lib/python3.9/site-packages/sqlalchemy/engine/default.py", line 919, in do_execute
    cursor.execute(statement, parameters)
psycopg2.errors.DuplicateObject: type "project_country" already exists


The above exception was the direct cause of the following exception:

Traceback (most recent call last):
  File "/usr/src/app/tests/base_test.py", line 64, in setUp
    upgrade()
  File "/usr/src/app/.venv/lib/python3.9/site-packages/flask_migrate/__init__.py", line 111, in wrapped
    f(*args, **kwargs)
  File "/usr/src/app/.venv/lib/python3.9/site-packages/flask_migrate/__init__.py", line 200, in upgrade
    command.upgrade(config, revision, sql=sql, tag=tag)
  File "/usr/src/app/.venv/lib/python3.9/site-packages/alembic/command.py", line 403, in upgrade
    script.run_env()
  File "/usr/src/app/.venv/lib/python3.9/site-packages/alembic/script/base.py", line 583, in run_env
    util.load_python_file(self.dir, "env.py")
  File "/usr/src/app/.venv/lib/python3.9/site-packages/alembic/util/pyfiles.py", line 95, in load_python_file
    module = load_module_py(module_id, path)
  File "/usr/src/app/.venv/lib/python3.9/site-packages/alembic/util/pyfiles.py", line 113, in load_module_py
    spec.loader.exec_module(module)  # type: ignore
  File "<frozen importlib._bootstrap_external>", line 850, in exec_module
  File "<frozen importlib._bootstrap>", line 228, in _call_with_frames_removed
  File "migrations/env.py", line 113, in <module>
    run_migrations_online()
  File "migrations/env.py", line 107, in run_migrations_online
    context.run_migrations()
  File "<string>", line 8, in run_migrations
  File "/usr/src/app/.venv/lib/python3.9/site-packages/alembic/runtime/environment.py", line 948, in run_migrations
    self.get_context().run_migrations(**kw)
  File "/usr/src/app/.venv/lib/python3.9/site-packages/alembic/runtime/migration.py", line 627, in run_migrations
    step.migration_fn(**kw)
  File "/usr/src/app/migrations/versions/1af632eb25cf_.py", line 65, in upgrade
    op.create_table('projects',
  File "<string>", line 8, in create_table
  File "<string>", line 3, in create_table
  File "/usr/src/app/.venv/lib/python3.9/site-packages/alembic/operations/ops.py", line 1311, in create_table
    return operations.invoke(op)
  File "/usr/src/app/.venv/lib/python3.9/site-packages/alembic/operations/base.py", line 445, in invoke
    return fn(self, operation)
  File "/usr/src/app/.venv/lib/python3.9/site-packages/alembic/operations/toimpl.py", line 131, in create_table
    operations.impl.create_table(table)
  File "/usr/src/app/.venv/lib/python3.9/site-packages/alembic/ddl/impl.py", line 363, in create_table
    table.dispatch.before_create(
  File "/usr/src/app/.venv/lib/python3.9/site-packages/sqlalchemy/event/attr.py", line 497, in __call__
    fn(*args, **kw)
  File "/usr/src/app/.venv/lib/python3.9/site-packages/sqlalchemy/util/langhelpers.py", line 852, in __call__
    return getattr(self.target, self.name)(*arg, **kw)
  File "/usr/src/app/.venv/lib/python3.9/site-packages/sqlalchemy/sql/sqltypes.py", line 1120, in _on_table_create
    t._on_table_create(target, bind, **kw)
  File "/usr/src/app/.venv/lib/python3.9/site-packages/sqlalchemy/dialects/postgresql/named_types.py", line 98, in _on_table_create
    self.create(bind=bind, checkfirst=checkfirst)
  File "/usr/src/app/.venv/lib/python3.9/site-packages/sqlalchemy/dialects/postgresql/named_types.py", line 338, in create
    super().create(bind, checkfirst=checkfirst)
  File "/usr/src/app/.venv/lib/python3.9/site-packages/sqlalchemy/dialects/postgresql/named_types.py", line 51, in create
    bind._run_ddl_visitor(self.DDLGenerator, self, checkfirst=checkfirst)
  File "/usr/src/app/.venv/lib/python3.9/site-packages/sqlalchemy/engine/base.py", line 2461, in _run_ddl_visitor
    visitorcallable(self.dialect, self, **kwargs).traverse_single(element)
  File "/usr/src/app/.venv/lib/python3.9/site-packages/sqlalchemy/sql/visitors.py", line 664, in traverse_single
    return meth(obj, **kw)
  File "/usr/src/app/.venv/lib/python3.9/site-packages/sqlalchemy/dialects/postgresql/named_types.py", line 153, in visit_enum
    self.connection.execute(CreateEnumType(enum))
  File "/usr/src/app/.venv/lib/python3.9/site-packages/sqlalchemy/engine/base.py", line 1422, in execute
    return meth(
  File "/usr/src/app/.venv/lib/python3.9/site-packages/sqlalchemy/sql/ddl.py", line 180, in _execute_on_connection
    return connection._execute_ddl(
  File "/usr/src/app/.venv/lib/python3.9/site-packages/sqlalchemy/engine/base.py", line 1533, in _execute_ddl
    ret = self._execute_context(
  File "/usr/src/app/.venv/lib/python3.9/site-packages/sqlalchemy/engine/base.py", line 1850, in _execute_context
    return self._exec_single_context(
  File "/usr/src/app/.venv/lib/python3.9/site-packages/sqlalchemy/engine/base.py", line 1990, in _exec_single_context
    self._handle_dbapi_exception(
  File "/usr/src/app/.venv/lib/python3.9/site-packages/sqlalchemy/engine/base.py", line 2357, in _handle_dbapi_exception
    raise sqlalchemy_exception.with_traceback(exc_info[2]) from e
  File "/usr/src/app/.venv/lib/python3.9/site-packages/sqlalchemy/engine/base.py", line 1971, in _exec_single_context
    self.dialect.do_execute(
  File "/usr/src/app/.venv/lib/python3.9/site-packages/sqlalchemy/engine/default.py", line 919, in do_execute
    cursor.execute(statement, parameters)
sqlalchemy.exc.ProgrammingError: (psycopg2.errors.DuplicateObject) type "project_country" already exists

[SQL: CREATE TYPE project_country AS ENUM ('AFG', 'ALA', 'ALB', 'DZA', 'ASM', 'AND', 'AGO', 'AIA', 'ATA', 'ATG', 'ARG', 'ARM', 'ABW', 'AUS', 'AUT', 'AZE', 'BHS', 'BHR', 'BGD', 'BRB', 'BLR', 'BEL', 'BLZ', 'BEN', 'BMU', 'BTN', 'BOL', 'BES', 'BIH', 'BWA', 'BVT', 'BRA', 'IOT', 'BRN', 'BGR', 'BFA', 'BDI', 'KHM', 'CMR', 'CAN', 'CPV', 'CYM', 'CAF', 'TCD', 'CHL', 'CHN', 'CXR', 'CCK', 'COL', 'COM', 'COG', 'COD', 'COK', 'CRI', 'CIV', 'HRV', 'CUB', 'CUW', 'CYP', 'CZE', 'DNK', 'DJI', 'DMA', 'DOM', 'ECU', 'EGY', 'SLV', 'GNQ', 'ERI', 'EST', 'ETH', 'FLK', 'FRO', 'FJI', 'FIN', 'FRA', 'GUF', 'PYF', 'ATF', 'GAB', 'GMB', 'GEO', 'DEU', 'GHA', 'GIB', 'GRC', 'GRL', 'GRD', 'GLP', 'GUM', 'GTM', 'GGY', 'GIN', 'GNB', 'GUY', 'HTI', 'HMD', 'VAT', 'HND', 'HKG', 'HUN', 'ISL', 'IND', 'IDN', 'IRN', 'IRQ', 'IRL', 'IMN', 'ISR', 'ITA', 'JAM', 'JPN', 'JEY', 'JOR', 'KAZ', 'KEN', 'KIR', 'PRK', 'KOR', 'XKX', 'KWT', 'KGZ', 'LAO', 'LVA', 'LBN', 'LSO', 'LBR', 'LBY', 'LIE', 'LTU', 'LUX', 'MAC', 'MKD', 'MDG', 'MWI', 'MYS', 'MDV', 'MLI', 'MLT', 'MHL', 'MTQ', 'MRT', 'MUS', 'MYT', 'MEX', 'FSM', 'MDA', 'MCO', 'MNG', 'MNE', 'MSR', 'MAR', 'MOZ', 'MMR', 'NAM', 'NRU', 'NPL', 'NLD', 'NCL', 'NZL', 'NIC', 'NER', 'NGA', 'NIU', 'NFK', 'MNP', 'NOR', 'OMN', 'PAK', 'PLW', 'PSE', 'PAN', 'PNG', 'PRY', 'PER', 'PHL', 'PCN', 'POL', 'PRT', 'PRI', 'QAT', 'REU', 'ROU', 'RUS', 'RWA', 'BLM', 'SHN', 'KNA', 'LCA', 'MAF', 'SPM', 'VCT', 'WSM', 'SMR', 'STP', 'SAU', 'SEN', 'SRB', 'SYC', 'SLE', 'SGP', 'SXM', 'SVK', 'SVN', 'SLB', 'SOM', 'ZAF', 'SGS', 'SSD', 'ESP', 'LKA', 'SDN', 'SUR', 'SJM', 'SWZ', 'SWE', 'CHE', 'SYR', 'TWN', 'TJK', 'TZA', 'THA', 'TLS', 'TGO', 'TKL', 'TON', 'TTO', 'TUN', 'TUR', 'TKM', 'TCA', 'TUV', 'UGA', 'UKR', 'ARE', 'GBR', 'USA', 'UMI', 'URY', 'UZB', 'VUT', 'VEN', 'VNM', 'VGB', 'VIR', 'WLF', 'ESH', 'YEM', 'ZMB', 'ZWE')]
(Background on this error at: https://sqlalche.me/e/20/f405)
]]></error>
			<system-err><![CDATA[INFO  [alembic.runtime.migration] Context impl PostgresqlImpl.
INFO  [alembic.runtime.migration] Will assume transactional DDL.
INFO  [alembic.runtime.migration] Running upgrade  -> 1af632eb25cf, empty message
]]></system-err>
		</testcase>
		<testcase classname="test_resource_participants.ParticipantsResourceTestCase" name="test_participants_single_missing_unknown_id" time="0.083" timestamp="2024-04-12T15:57:36" file="tests/test_resource_participants.py" line="501">
			<error type="ProgrammingError" message="(psycopg2.errors.DuplicateObject) type &quot;project_country&quot; already exists

[SQL: CREATE TYPE project_country AS ENUM ('AFG', 'ALA', 'ALB', 'DZA', 'ASM', 'AND', 'AGO', 'AIA', 'ATA', 'ATG', 'ARG', 'ARM', 'ABW', 'AUS', 'AUT', 'AZE', 'BHS', 'BHR', 'BGD', 'BRB', 'BLR', 'BEL', 'BLZ', 'BEN', 'BMU', 'BTN', 'BOL', 'BES', 'BIH', 'BWA', 'BVT', 'BRA', 'IOT', 'BRN', 'BGR', 'BFA', 'BDI', 'KHM', 'CMR', 'CAN', 'CPV', 'CYM', 'CAF', 'TCD', 'CHL', 'CHN', 'CXR', 'CCK', 'COL', 'COM', 'COG', 'COD', 'COK', 'CRI', 'CIV', 'HRV', 'CUB', 'CUW', 'CYP', 'CZE', 'DNK', 'DJI', 'DMA', 'DOM', 'ECU', 'EGY', 'SLV', 'GNQ', 'ERI', 'EST', 'ETH', 'FLK', 'FRO', 'FJI', 'FIN', 'FRA', 'GUF', 'PYF', 'ATF', 'GAB', 'GMB', 'GEO', 'DEU', 'GHA', 'GIB', 'GRC', 'GRL', 'GRD', 'GLP', 'GUM', 'GTM', 'GGY', 'GIN', 'GNB', 'GUY', 'HTI', 'HMD', 'VAT', 'HND', 'HKG', 'HUN', 'ISL', 'IND', 'IDN', 'IRN', 'IRQ', 'IRL', 'IMN', 'ISR', 'ITA', 'JAM', 'JPN', 'JEY', 'JOR', 'KAZ', 'KEN', 'KIR', 'PRK', 'KOR', 'XKX', 'KWT', 'KGZ', 'LAO', 'LVA', 'LBN', 'LSO', 'LBR', 'LBY', 'LIE', 'LTU', 'LUX', 'MAC', 'MKD', 'MDG', 'MWI', 'MYS', 'MDV', 'MLI', 'MLT', 'MHL', 'MTQ', 'MRT', 'MUS', 'MYT', 'MEX', 'FSM', 'MDA', 'MCO', 'MNG', 'MNE', 'MSR', 'MAR', 'MOZ', 'MMR', 'NAM', 'NRU', 'NPL', 'NLD', 'NCL', 'NZL', 'NIC', 'NER', 'NGA', 'NIU', 'NFK', 'MNP', 'NOR', 'OMN', 'PAK', 'PLW', 'PSE', 'PAN', 'PNG', 'PRY', 'PER', 'PHL', 'PCN', 'POL', 'PRT', 'PRI', 'QAT', 'REU', 'ROU', 'RUS', 'RWA', 'BLM', 'SHN', 'KNA', 'LCA', 'MAF', 'SPM', 'VCT', 'WSM', 'SMR', 'STP', 'SAU', 'SEN', 'SRB', 'SYC', 'SLE', 'SGP', 'SXM', 'SVK', 'SVN', 'SLB', 'SOM', 'ZAF', 'SGS', 'SSD', 'ESP', 'LKA', 'SDN', 'SUR', 'SJM', 'SWZ', 'SWE', 'CHE', 'SYR', 'TWN', 'TJK', 'TZA', 'THA', 'TLS', 'TGO', 'TKL', 'TON', 'TTO', 'TUN', 'TUR', 'TKM', 'TCA', 'TUV', 'UGA', 'UKR', 'ARE', 'GBR', 'USA', 'UMI', 'URY', 'UZB', 'VUT', 'VEN', 'VNM', 'VGB', 'VIR', 'WLF', 'ESH', 'YEM', 'ZMB', 'ZWE')]
(Background on this error at: https://sqlalche.me/e/20/f405)"><![CDATA[Traceback (most recent call last):
  File "/usr/src/app/.venv/lib/python3.9/site-packages/sqlalchemy/engine/base.py", line 1971, in _exec_single_context
    self.dialect.do_execute(
  File "/usr/src/app/.venv/lib/python3.9/site-packages/sqlalchemy/engine/default.py", line 919, in do_execute
    cursor.execute(statement, parameters)
psycopg2.errors.DuplicateObject: type "project_country" already exists


The above exception was the direct cause of the following exception:

Traceback (most recent call last):
  File "/usr/src/app/tests/base_test.py", line 64, in setUp
    upgrade()
  File "/usr/src/app/.venv/lib/python3.9/site-packages/flask_migrate/__init__.py", line 111, in wrapped
    f(*args, **kwargs)
  File "/usr/src/app/.venv/lib/python3.9/site-packages/flask_migrate/__init__.py", line 200, in upgrade
    command.upgrade(config, revision, sql=sql, tag=tag)
  File "/usr/src/app/.venv/lib/python3.9/site-packages/alembic/command.py", line 403, in upgrade
    script.run_env()
  File "/usr/src/app/.venv/lib/python3.9/site-packages/alembic/script/base.py", line 583, in run_env
    util.load_python_file(self.dir, "env.py")
  File "/usr/src/app/.venv/lib/python3.9/site-packages/alembic/util/pyfiles.py", line 95, in load_python_file
    module = load_module_py(module_id, path)
  File "/usr/src/app/.venv/lib/python3.9/site-packages/alembic/util/pyfiles.py", line 113, in load_module_py
    spec.loader.exec_module(module)  # type: ignore
  File "<frozen importlib._bootstrap_external>", line 850, in exec_module
  File "<frozen importlib._bootstrap>", line 228, in _call_with_frames_removed
  File "migrations/env.py", line 113, in <module>
    run_migrations_online()
  File "migrations/env.py", line 107, in run_migrations_online
    context.run_migrations()
  File "<string>", line 8, in run_migrations
  File "/usr/src/app/.venv/lib/python3.9/site-packages/alembic/runtime/environment.py", line 948, in run_migrations
    self.get_context().run_migrations(**kw)
  File "/usr/src/app/.venv/lib/python3.9/site-packages/alembic/runtime/migration.py", line 627, in run_migrations
    step.migration_fn(**kw)
  File "/usr/src/app/migrations/versions/1af632eb25cf_.py", line 65, in upgrade
    op.create_table('projects',
  File "<string>", line 8, in create_table
  File "<string>", line 3, in create_table
  File "/usr/src/app/.venv/lib/python3.9/site-packages/alembic/operations/ops.py", line 1311, in create_table
    return operations.invoke(op)
  File "/usr/src/app/.venv/lib/python3.9/site-packages/alembic/operations/base.py", line 445, in invoke
    return fn(self, operation)
  File "/usr/src/app/.venv/lib/python3.9/site-packages/alembic/operations/toimpl.py", line 131, in create_table
    operations.impl.create_table(table)
  File "/usr/src/app/.venv/lib/python3.9/site-packages/alembic/ddl/impl.py", line 363, in create_table
    table.dispatch.before_create(
  File "/usr/src/app/.venv/lib/python3.9/site-packages/sqlalchemy/event/attr.py", line 497, in __call__
    fn(*args, **kw)
  File "/usr/src/app/.venv/lib/python3.9/site-packages/sqlalchemy/util/langhelpers.py", line 852, in __call__
    return getattr(self.target, self.name)(*arg, **kw)
  File "/usr/src/app/.venv/lib/python3.9/site-packages/sqlalchemy/sql/sqltypes.py", line 1120, in _on_table_create
    t._on_table_create(target, bind, **kw)
  File "/usr/src/app/.venv/lib/python3.9/site-packages/sqlalchemy/dialects/postgresql/named_types.py", line 98, in _on_table_create
    self.create(bind=bind, checkfirst=checkfirst)
  File "/usr/src/app/.venv/lib/python3.9/site-packages/sqlalchemy/dialects/postgresql/named_types.py", line 338, in create
    super().create(bind, checkfirst=checkfirst)
  File "/usr/src/app/.venv/lib/python3.9/site-packages/sqlalchemy/dialects/postgresql/named_types.py", line 51, in create
    bind._run_ddl_visitor(self.DDLGenerator, self, checkfirst=checkfirst)
  File "/usr/src/app/.venv/lib/python3.9/site-packages/sqlalchemy/engine/base.py", line 2461, in _run_ddl_visitor
    visitorcallable(self.dialect, self, **kwargs).traverse_single(element)
  File "/usr/src/app/.venv/lib/python3.9/site-packages/sqlalchemy/sql/visitors.py", line 664, in traverse_single
    return meth(obj, **kw)
  File "/usr/src/app/.venv/lib/python3.9/site-packages/sqlalchemy/dialects/postgresql/named_types.py", line 153, in visit_enum
    self.connection.execute(CreateEnumType(enum))
  File "/usr/src/app/.venv/lib/python3.9/site-packages/sqlalchemy/engine/base.py", line 1422, in execute
    return meth(
  File "/usr/src/app/.venv/lib/python3.9/site-packages/sqlalchemy/sql/ddl.py", line 180, in _execute_on_connection
    return connection._execute_ddl(
  File "/usr/src/app/.venv/lib/python3.9/site-packages/sqlalchemy/engine/base.py", line 1533, in _execute_ddl
    ret = self._execute_context(
  File "/usr/src/app/.venv/lib/python3.9/site-packages/sqlalchemy/engine/base.py", line 1850, in _execute_context
    return self._exec_single_context(
  File "/usr/src/app/.venv/lib/python3.9/site-packages/sqlalchemy/engine/base.py", line 1990, in _exec_single_context
    self._handle_dbapi_exception(
  File "/usr/src/app/.venv/lib/python3.9/site-packages/sqlalchemy/engine/base.py", line 2357, in _handle_dbapi_exception
    raise sqlalchemy_exception.with_traceback(exc_info[2]) from e
  File "/usr/src/app/.venv/lib/python3.9/site-packages/sqlalchemy/engine/base.py", line 1971, in _exec_single_context
    self.dialect.do_execute(
  File "/usr/src/app/.venv/lib/python3.9/site-packages/sqlalchemy/engine/default.py", line 919, in do_execute
    cursor.execute(statement, parameters)
sqlalchemy.exc.ProgrammingError: (psycopg2.errors.DuplicateObject) type "project_country" already exists

[SQL: CREATE TYPE project_country AS ENUM ('AFG', 'ALA', 'ALB', 'DZA', 'ASM', 'AND', 'AGO', 'AIA', 'ATA', 'ATG', 'ARG', 'ARM', 'ABW', 'AUS', 'AUT', 'AZE', 'BHS', 'BHR', 'BGD', 'BRB', 'BLR', 'BEL', 'BLZ', 'BEN', 'BMU', 'BTN', 'BOL', 'BES', 'BIH', 'BWA', 'BVT', 'BRA', 'IOT', 'BRN', 'BGR', 'BFA', 'BDI', 'KHM', 'CMR', 'CAN', 'CPV', 'CYM', 'CAF', 'TCD', 'CHL', 'CHN', 'CXR', 'CCK', 'COL', 'COM', 'COG', 'COD', 'COK', 'CRI', 'CIV', 'HRV', 'CUB', 'CUW', 'CYP', 'CZE', 'DNK', 'DJI', 'DMA', 'DOM', 'ECU', 'EGY', 'SLV', 'GNQ', 'ERI', 'EST', 'ETH', 'FLK', 'FRO', 'FJI', 'FIN', 'FRA', 'GUF', 'PYF', 'ATF', 'GAB', 'GMB', 'GEO', 'DEU', 'GHA', 'GIB', 'GRC', 'GRL', 'GRD', 'GLP', 'GUM', 'GTM', 'GGY', 'GIN', 'GNB', 'GUY', 'HTI', 'HMD', 'VAT', 'HND', 'HKG', 'HUN', 'ISL', 'IND', 'IDN', 'IRN', 'IRQ', 'IRL', 'IMN', 'ISR', 'ITA', 'JAM', 'JPN', 'JEY', 'JOR', 'KAZ', 'KEN', 'KIR', 'PRK', 'KOR', 'XKX', 'KWT', 'KGZ', 'LAO', 'LVA', 'LBN', 'LSO', 'LBR', 'LBY', 'LIE', 'LTU', 'LUX', 'MAC', 'MKD', 'MDG', 'MWI', 'MYS', 'MDV', 'MLI', 'MLT', 'MHL', 'MTQ', 'MRT', 'MUS', 'MYT', 'MEX', 'FSM', 'MDA', 'MCO', 'MNG', 'MNE', 'MSR', 'MAR', 'MOZ', 'MMR', 'NAM', 'NRU', 'NPL', 'NLD', 'NCL', 'NZL', 'NIC', 'NER', 'NGA', 'NIU', 'NFK', 'MNP', 'NOR', 'OMN', 'PAK', 'PLW', 'PSE', 'PAN', 'PNG', 'PRY', 'PER', 'PHL', 'PCN', 'POL', 'PRT', 'PRI', 'QAT', 'REU', 'ROU', 'RUS', 'RWA', 'BLM', 'SHN', 'KNA', 'LCA', 'MAF', 'SPM', 'VCT', 'WSM', 'SMR', 'STP', 'SAU', 'SEN', 'SRB', 'SYC', 'SLE', 'SGP', 'SXM', 'SVK', 'SVN', 'SLB', 'SOM', 'ZAF', 'SGS', 'SSD', 'ESP', 'LKA', 'SDN', 'SUR', 'SJM', 'SWZ', 'SWE', 'CHE', 'SYR', 'TWN', 'TJK', 'TZA', 'THA', 'TLS', 'TGO', 'TKL', 'TON', 'TTO', 'TUN', 'TUR', 'TKM', 'TCA', 'TUV', 'UGA', 'UKR', 'ARE', 'GBR', 'USA', 'UMI', 'URY', 'UZB', 'VUT', 'VEN', 'VNM', 'VGB', 'VIR', 'WLF', 'ESH', 'YEM', 'ZMB', 'ZWE')]
(Background on this error at: https://sqlalche.me/e/20/f405)
]]></error>
			<system-err><![CDATA[INFO  [alembic.runtime.migration] Context impl PostgresqlImpl.
INFO  [alembic.runtime.migration] Will assume transactional DDL.
INFO  [alembic.runtime.migration] Running upgrade  -> 1af632eb25cf, empty message
]]></system-err>
		</testcase>
	</testsuite>
	<testsuite name="test_resource_people.PeopleResourceTestCase-20240412155730" tests="7" file="test_resource_people.py" time="0.659" timestamp="2024-04-12T15:57:36" failures="0" errors="7" skipped="0">
		<testcase classname="test_resource_people.PeopleResourceTestCase" name="test_people_detail" time="0.073" timestamp="2024-04-12T15:57:36" file="tests/test_resource_people.py" line="373">
			<error type="ProgrammingError" message="(psycopg2.errors.DuplicateObject) type &quot;project_country&quot; already exists

[SQL: CREATE TYPE project_country AS ENUM ('AFG', 'ALA', 'ALB', 'DZA', 'ASM', 'AND', 'AGO', 'AIA', 'ATA', 'ATG', 'ARG', 'ARM', 'ABW', 'AUS', 'AUT', 'AZE', 'BHS', 'BHR', 'BGD', 'BRB', 'BLR', 'BEL', 'BLZ', 'BEN', 'BMU', 'BTN', 'BOL', 'BES', 'BIH', 'BWA', 'BVT', 'BRA', 'IOT', 'BRN', 'BGR', 'BFA', 'BDI', 'KHM', 'CMR', 'CAN', 'CPV', 'CYM', 'CAF', 'TCD', 'CHL', 'CHN', 'CXR', 'CCK', 'COL', 'COM', 'COG', 'COD', 'COK', 'CRI', 'CIV', 'HRV', 'CUB', 'CUW', 'CYP', 'CZE', 'DNK', 'DJI', 'DMA', 'DOM', 'ECU', 'EGY', 'SLV', 'GNQ', 'ERI', 'EST', 'ETH', 'FLK', 'FRO', 'FJI', 'FIN', 'FRA', 'GUF', 'PYF', 'ATF', 'GAB', 'GMB', 'GEO', 'DEU', 'GHA', 'GIB', 'GRC', 'GRL', 'GRD', 'GLP', 'GUM', 'GTM', 'GGY', 'GIN', 'GNB', 'GUY', 'HTI', 'HMD', 'VAT', 'HND', 'HKG', 'HUN', 'ISL', 'IND', 'IDN', 'IRN', 'IRQ', 'IRL', 'IMN', 'ISR', 'ITA', 'JAM', 'JPN', 'JEY', 'JOR', 'KAZ', 'KEN', 'KIR', 'PRK', 'KOR', 'XKX', 'KWT', 'KGZ', 'LAO', 'LVA', 'LBN', 'LSO', 'LBR', 'LBY', 'LIE', 'LTU', 'LUX', 'MAC', 'MKD', 'MDG', 'MWI', 'MYS', 'MDV', 'MLI', 'MLT', 'MHL', 'MTQ', 'MRT', 'MUS', 'MYT', 'MEX', 'FSM', 'MDA', 'MCO', 'MNG', 'MNE', 'MSR', 'MAR', 'MOZ', 'MMR', 'NAM', 'NRU', 'NPL', 'NLD', 'NCL', 'NZL', 'NIC', 'NER', 'NGA', 'NIU', 'NFK', 'MNP', 'NOR', 'OMN', 'PAK', 'PLW', 'PSE', 'PAN', 'PNG', 'PRY', 'PER', 'PHL', 'PCN', 'POL', 'PRT', 'PRI', 'QAT', 'REU', 'ROU', 'RUS', 'RWA', 'BLM', 'SHN', 'KNA', 'LCA', 'MAF', 'SPM', 'VCT', 'WSM', 'SMR', 'STP', 'SAU', 'SEN', 'SRB', 'SYC', 'SLE', 'SGP', 'SXM', 'SVK', 'SVN', 'SLB', 'SOM', 'ZAF', 'SGS', 'SSD', 'ESP', 'LKA', 'SDN', 'SUR', 'SJM', 'SWZ', 'SWE', 'CHE', 'SYR', 'TWN', 'TJK', 'TZA', 'THA', 'TLS', 'TGO', 'TKL', 'TON', 'TTO', 'TUN', 'TUR', 'TKM', 'TCA', 'TUV', 'UGA', 'UKR', 'ARE', 'GBR', 'USA', 'UMI', 'URY', 'UZB', 'VUT', 'VEN', 'VNM', 'VGB', 'VIR', 'WLF', 'ESH', 'YEM', 'ZMB', 'ZWE')]
(Background on this error at: https://sqlalche.me/e/20/f405)"><![CDATA[Traceback (most recent call last):
  File "/usr/src/app/.venv/lib/python3.9/site-packages/sqlalchemy/engine/base.py", line 1971, in _exec_single_context
    self.dialect.do_execute(
  File "/usr/src/app/.venv/lib/python3.9/site-packages/sqlalchemy/engine/default.py", line 919, in do_execute
    cursor.execute(statement, parameters)
psycopg2.errors.DuplicateObject: type "project_country" already exists


The above exception was the direct cause of the following exception:

Traceback (most recent call last):
  File "/usr/src/app/tests/base_test.py", line 64, in setUp
    upgrade()
  File "/usr/src/app/.venv/lib/python3.9/site-packages/flask_migrate/__init__.py", line 111, in wrapped
    f(*args, **kwargs)
  File "/usr/src/app/.venv/lib/python3.9/site-packages/flask_migrate/__init__.py", line 200, in upgrade
    command.upgrade(config, revision, sql=sql, tag=tag)
  File "/usr/src/app/.venv/lib/python3.9/site-packages/alembic/command.py", line 403, in upgrade
    script.run_env()
  File "/usr/src/app/.venv/lib/python3.9/site-packages/alembic/script/base.py", line 583, in run_env
    util.load_python_file(self.dir, "env.py")
  File "/usr/src/app/.venv/lib/python3.9/site-packages/alembic/util/pyfiles.py", line 95, in load_python_file
    module = load_module_py(module_id, path)
  File "/usr/src/app/.venv/lib/python3.9/site-packages/alembic/util/pyfiles.py", line 113, in load_module_py
    spec.loader.exec_module(module)  # type: ignore
  File "<frozen importlib._bootstrap_external>", line 850, in exec_module
  File "<frozen importlib._bootstrap>", line 228, in _call_with_frames_removed
  File "migrations/env.py", line 113, in <module>
    run_migrations_online()
  File "migrations/env.py", line 107, in run_migrations_online
    context.run_migrations()
  File "<string>", line 8, in run_migrations
  File "/usr/src/app/.venv/lib/python3.9/site-packages/alembic/runtime/environment.py", line 948, in run_migrations
    self.get_context().run_migrations(**kw)
  File "/usr/src/app/.venv/lib/python3.9/site-packages/alembic/runtime/migration.py", line 627, in run_migrations
    step.migration_fn(**kw)
  File "/usr/src/app/migrations/versions/1af632eb25cf_.py", line 65, in upgrade
    op.create_table('projects',
  File "<string>", line 8, in create_table
  File "<string>", line 3, in create_table
  File "/usr/src/app/.venv/lib/python3.9/site-packages/alembic/operations/ops.py", line 1311, in create_table
    return operations.invoke(op)
  File "/usr/src/app/.venv/lib/python3.9/site-packages/alembic/operations/base.py", line 445, in invoke
    return fn(self, operation)
  File "/usr/src/app/.venv/lib/python3.9/site-packages/alembic/operations/toimpl.py", line 131, in create_table
    operations.impl.create_table(table)
  File "/usr/src/app/.venv/lib/python3.9/site-packages/alembic/ddl/impl.py", line 363, in create_table
    table.dispatch.before_create(
  File "/usr/src/app/.venv/lib/python3.9/site-packages/sqlalchemy/event/attr.py", line 497, in __call__
    fn(*args, **kw)
  File "/usr/src/app/.venv/lib/python3.9/site-packages/sqlalchemy/util/langhelpers.py", line 852, in __call__
    return getattr(self.target, self.name)(*arg, **kw)
  File "/usr/src/app/.venv/lib/python3.9/site-packages/sqlalchemy/sql/sqltypes.py", line 1120, in _on_table_create
    t._on_table_create(target, bind, **kw)
  File "/usr/src/app/.venv/lib/python3.9/site-packages/sqlalchemy/dialects/postgresql/named_types.py", line 98, in _on_table_create
    self.create(bind=bind, checkfirst=checkfirst)
  File "/usr/src/app/.venv/lib/python3.9/site-packages/sqlalchemy/dialects/postgresql/named_types.py", line 338, in create
    super().create(bind, checkfirst=checkfirst)
  File "/usr/src/app/.venv/lib/python3.9/site-packages/sqlalchemy/dialects/postgresql/named_types.py", line 51, in create
    bind._run_ddl_visitor(self.DDLGenerator, self, checkfirst=checkfirst)
  File "/usr/src/app/.venv/lib/python3.9/site-packages/sqlalchemy/engine/base.py", line 2461, in _run_ddl_visitor
    visitorcallable(self.dialect, self, **kwargs).traverse_single(element)
  File "/usr/src/app/.venv/lib/python3.9/site-packages/sqlalchemy/sql/visitors.py", line 664, in traverse_single
    return meth(obj, **kw)
  File "/usr/src/app/.venv/lib/python3.9/site-packages/sqlalchemy/dialects/postgresql/named_types.py", line 153, in visit_enum
    self.connection.execute(CreateEnumType(enum))
  File "/usr/src/app/.venv/lib/python3.9/site-packages/sqlalchemy/engine/base.py", line 1422, in execute
    return meth(
  File "/usr/src/app/.venv/lib/python3.9/site-packages/sqlalchemy/sql/ddl.py", line 180, in _execute_on_connection
    return connection._execute_ddl(
  File "/usr/src/app/.venv/lib/python3.9/site-packages/sqlalchemy/engine/base.py", line 1533, in _execute_ddl
    ret = self._execute_context(
  File "/usr/src/app/.venv/lib/python3.9/site-packages/sqlalchemy/engine/base.py", line 1850, in _execute_context
    return self._exec_single_context(
  File "/usr/src/app/.venv/lib/python3.9/site-packages/sqlalchemy/engine/base.py", line 1990, in _exec_single_context
    self._handle_dbapi_exception(
  File "/usr/src/app/.venv/lib/python3.9/site-packages/sqlalchemy/engine/base.py", line 2357, in _handle_dbapi_exception
    raise sqlalchemy_exception.with_traceback(exc_info[2]) from e
  File "/usr/src/app/.venv/lib/python3.9/site-packages/sqlalchemy/engine/base.py", line 1971, in _exec_single_context
    self.dialect.do_execute(
  File "/usr/src/app/.venv/lib/python3.9/site-packages/sqlalchemy/engine/default.py", line 919, in do_execute
    cursor.execute(statement, parameters)
sqlalchemy.exc.ProgrammingError: (psycopg2.errors.DuplicateObject) type "project_country" already exists

[SQL: CREATE TYPE project_country AS ENUM ('AFG', 'ALA', 'ALB', 'DZA', 'ASM', 'AND', 'AGO', 'AIA', 'ATA', 'ATG', 'ARG', 'ARM', 'ABW', 'AUS', 'AUT', 'AZE', 'BHS', 'BHR', 'BGD', 'BRB', 'BLR', 'BEL', 'BLZ', 'BEN', 'BMU', 'BTN', 'BOL', 'BES', 'BIH', 'BWA', 'BVT', 'BRA', 'IOT', 'BRN', 'BGR', 'BFA', 'BDI', 'KHM', 'CMR', 'CAN', 'CPV', 'CYM', 'CAF', 'TCD', 'CHL', 'CHN', 'CXR', 'CCK', 'COL', 'COM', 'COG', 'COD', 'COK', 'CRI', 'CIV', 'HRV', 'CUB', 'CUW', 'CYP', 'CZE', 'DNK', 'DJI', 'DMA', 'DOM', 'ECU', 'EGY', 'SLV', 'GNQ', 'ERI', 'EST', 'ETH', 'FLK', 'FRO', 'FJI', 'FIN', 'FRA', 'GUF', 'PYF', 'ATF', 'GAB', 'GMB', 'GEO', 'DEU', 'GHA', 'GIB', 'GRC', 'GRL', 'GRD', 'GLP', 'GUM', 'GTM', 'GGY', 'GIN', 'GNB', 'GUY', 'HTI', 'HMD', 'VAT', 'HND', 'HKG', 'HUN', 'ISL', 'IND', 'IDN', 'IRN', 'IRQ', 'IRL', 'IMN', 'ISR', 'ITA', 'JAM', 'JPN', 'JEY', 'JOR', 'KAZ', 'KEN', 'KIR', 'PRK', 'KOR', 'XKX', 'KWT', 'KGZ', 'LAO', 'LVA', 'LBN', 'LSO', 'LBR', 'LBY', 'LIE', 'LTU', 'LUX', 'MAC', 'MKD', 'MDG', 'MWI', 'MYS', 'MDV', 'MLI', 'MLT', 'MHL', 'MTQ', 'MRT', 'MUS', 'MYT', 'MEX', 'FSM', 'MDA', 'MCO', 'MNG', 'MNE', 'MSR', 'MAR', 'MOZ', 'MMR', 'NAM', 'NRU', 'NPL', 'NLD', 'NCL', 'NZL', 'NIC', 'NER', 'NGA', 'NIU', 'NFK', 'MNP', 'NOR', 'OMN', 'PAK', 'PLW', 'PSE', 'PAN', 'PNG', 'PRY', 'PER', 'PHL', 'PCN', 'POL', 'PRT', 'PRI', 'QAT', 'REU', 'ROU', 'RUS', 'RWA', 'BLM', 'SHN', 'KNA', 'LCA', 'MAF', 'SPM', 'VCT', 'WSM', 'SMR', 'STP', 'SAU', 'SEN', 'SRB', 'SYC', 'SLE', 'SGP', 'SXM', 'SVK', 'SVN', 'SLB', 'SOM', 'ZAF', 'SGS', 'SSD', 'ESP', 'LKA', 'SDN', 'SUR', 'SJM', 'SWZ', 'SWE', 'CHE', 'SYR', 'TWN', 'TJK', 'TZA', 'THA', 'TLS', 'TGO', 'TKL', 'TON', 'TTO', 'TUN', 'TUR', 'TKM', 'TCA', 'TUV', 'UGA', 'UKR', 'ARE', 'GBR', 'USA', 'UMI', 'URY', 'UZB', 'VUT', 'VEN', 'VNM', 'VGB', 'VIR', 'WLF', 'ESH', 'YEM', 'ZMB', 'ZWE')]
(Background on this error at: https://sqlalche.me/e/20/f405)
]]></error>
			<system-err><![CDATA[INFO  [alembic.runtime.migration] Context impl PostgresqlImpl.
INFO  [alembic.runtime.migration] Will assume transactional DDL.
INFO  [alembic.runtime.migration] Running upgrade  -> 1af632eb25cf, empty message
]]></system-err>
		</testcase>
		<testcase classname="test_resource_people.PeopleResourceTestCase" name="test_people_list" time="0.101" timestamp="2024-04-12T15:57:36" file="tests/test_resource_people.py" line="11">
			<error type="ProgrammingError" message="(psycopg2.errors.DuplicateObject) type &quot;project_country&quot; already exists

[SQL: CREATE TYPE project_country AS ENUM ('AFG', 'ALA', 'ALB', 'DZA', 'ASM', 'AND', 'AGO', 'AIA', 'ATA', 'ATG', 'ARG', 'ARM', 'ABW', 'AUS', 'AUT', 'AZE', 'BHS', 'BHR', 'BGD', 'BRB', 'BLR', 'BEL', 'BLZ', 'BEN', 'BMU', 'BTN', 'BOL', 'BES', 'BIH', 'BWA', 'BVT', 'BRA', 'IOT', 'BRN', 'BGR', 'BFA', 'BDI', 'KHM', 'CMR', 'CAN', 'CPV', 'CYM', 'CAF', 'TCD', 'CHL', 'CHN', 'CXR', 'CCK', 'COL', 'COM', 'COG', 'COD', 'COK', 'CRI', 'CIV', 'HRV', 'CUB', 'CUW', 'CYP', 'CZE', 'DNK', 'DJI', 'DMA', 'DOM', 'ECU', 'EGY', 'SLV', 'GNQ', 'ERI', 'EST', 'ETH', 'FLK', 'FRO', 'FJI', 'FIN', 'FRA', 'GUF', 'PYF', 'ATF', 'GAB', 'GMB', 'GEO', 'DEU', 'GHA', 'GIB', 'GRC', 'GRL', 'GRD', 'GLP', 'GUM', 'GTM', 'GGY', 'GIN', 'GNB', 'GUY', 'HTI', 'HMD', 'VAT', 'HND', 'HKG', 'HUN', 'ISL', 'IND', 'IDN', 'IRN', 'IRQ', 'IRL', 'IMN', 'ISR', 'ITA', 'JAM', 'JPN', 'JEY', 'JOR', 'KAZ', 'KEN', 'KIR', 'PRK', 'KOR', 'XKX', 'KWT', 'KGZ', 'LAO', 'LVA', 'LBN', 'LSO', 'LBR', 'LBY', 'LIE', 'LTU', 'LUX', 'MAC', 'MKD', 'MDG', 'MWI', 'MYS', 'MDV', 'MLI', 'MLT', 'MHL', 'MTQ', 'MRT', 'MUS', 'MYT', 'MEX', 'FSM', 'MDA', 'MCO', 'MNG', 'MNE', 'MSR', 'MAR', 'MOZ', 'MMR', 'NAM', 'NRU', 'NPL', 'NLD', 'NCL', 'NZL', 'NIC', 'NER', 'NGA', 'NIU', 'NFK', 'MNP', 'NOR', 'OMN', 'PAK', 'PLW', 'PSE', 'PAN', 'PNG', 'PRY', 'PER', 'PHL', 'PCN', 'POL', 'PRT', 'PRI', 'QAT', 'REU', 'ROU', 'RUS', 'RWA', 'BLM', 'SHN', 'KNA', 'LCA', 'MAF', 'SPM', 'VCT', 'WSM', 'SMR', 'STP', 'SAU', 'SEN', 'SRB', 'SYC', 'SLE', 'SGP', 'SXM', 'SVK', 'SVN', 'SLB', 'SOM', 'ZAF', 'SGS', 'SSD', 'ESP', 'LKA', 'SDN', 'SUR', 'SJM', 'SWZ', 'SWE', 'CHE', 'SYR', 'TWN', 'TJK', 'TZA', 'THA', 'TLS', 'TGO', 'TKL', 'TON', 'TTO', 'TUN', 'TUR', 'TKM', 'TCA', 'TUV', 'UGA', 'UKR', 'ARE', 'GBR', 'USA', 'UMI', 'URY', 'UZB', 'VUT', 'VEN', 'VNM', 'VGB', 'VIR', 'WLF', 'ESH', 'YEM', 'ZMB', 'ZWE')]
(Background on this error at: https://sqlalche.me/e/20/f405)"><![CDATA[Traceback (most recent call last):
  File "/usr/src/app/.venv/lib/python3.9/site-packages/sqlalchemy/engine/base.py", line 1971, in _exec_single_context
    self.dialect.do_execute(
  File "/usr/src/app/.venv/lib/python3.9/site-packages/sqlalchemy/engine/default.py", line 919, in do_execute
    cursor.execute(statement, parameters)
psycopg2.errors.DuplicateObject: type "project_country" already exists


The above exception was the direct cause of the following exception:

Traceback (most recent call last):
  File "/usr/src/app/tests/base_test.py", line 64, in setUp
    upgrade()
  File "/usr/src/app/.venv/lib/python3.9/site-packages/flask_migrate/__init__.py", line 111, in wrapped
    f(*args, **kwargs)
  File "/usr/src/app/.venv/lib/python3.9/site-packages/flask_migrate/__init__.py", line 200, in upgrade
    command.upgrade(config, revision, sql=sql, tag=tag)
  File "/usr/src/app/.venv/lib/python3.9/site-packages/alembic/command.py", line 403, in upgrade
    script.run_env()
  File "/usr/src/app/.venv/lib/python3.9/site-packages/alembic/script/base.py", line 583, in run_env
    util.load_python_file(self.dir, "env.py")
  File "/usr/src/app/.venv/lib/python3.9/site-packages/alembic/util/pyfiles.py", line 95, in load_python_file
    module = load_module_py(module_id, path)
  File "/usr/src/app/.venv/lib/python3.9/site-packages/alembic/util/pyfiles.py", line 113, in load_module_py
    spec.loader.exec_module(module)  # type: ignore
  File "<frozen importlib._bootstrap_external>", line 850, in exec_module
  File "<frozen importlib._bootstrap>", line 228, in _call_with_frames_removed
  File "migrations/env.py", line 113, in <module>
    run_migrations_online()
  File "migrations/env.py", line 107, in run_migrations_online
    context.run_migrations()
  File "<string>", line 8, in run_migrations
  File "/usr/src/app/.venv/lib/python3.9/site-packages/alembic/runtime/environment.py", line 948, in run_migrations
    self.get_context().run_migrations(**kw)
  File "/usr/src/app/.venv/lib/python3.9/site-packages/alembic/runtime/migration.py", line 627, in run_migrations
    step.migration_fn(**kw)
  File "/usr/src/app/migrations/versions/1af632eb25cf_.py", line 65, in upgrade
    op.create_table('projects',
  File "<string>", line 8, in create_table
  File "<string>", line 3, in create_table
  File "/usr/src/app/.venv/lib/python3.9/site-packages/alembic/operations/ops.py", line 1311, in create_table
    return operations.invoke(op)
  File "/usr/src/app/.venv/lib/python3.9/site-packages/alembic/operations/base.py", line 445, in invoke
    return fn(self, operation)
  File "/usr/src/app/.venv/lib/python3.9/site-packages/alembic/operations/toimpl.py", line 131, in create_table
    operations.impl.create_table(table)
  File "/usr/src/app/.venv/lib/python3.9/site-packages/alembic/ddl/impl.py", line 363, in create_table
    table.dispatch.before_create(
  File "/usr/src/app/.venv/lib/python3.9/site-packages/sqlalchemy/event/attr.py", line 497, in __call__
    fn(*args, **kw)
  File "/usr/src/app/.venv/lib/python3.9/site-packages/sqlalchemy/util/langhelpers.py", line 852, in __call__
    return getattr(self.target, self.name)(*arg, **kw)
  File "/usr/src/app/.venv/lib/python3.9/site-packages/sqlalchemy/sql/sqltypes.py", line 1120, in _on_table_create
    t._on_table_create(target, bind, **kw)
  File "/usr/src/app/.venv/lib/python3.9/site-packages/sqlalchemy/dialects/postgresql/named_types.py", line 98, in _on_table_create
    self.create(bind=bind, checkfirst=checkfirst)
  File "/usr/src/app/.venv/lib/python3.9/site-packages/sqlalchemy/dialects/postgresql/named_types.py", line 338, in create
    super().create(bind, checkfirst=checkfirst)
  File "/usr/src/app/.venv/lib/python3.9/site-packages/sqlalchemy/dialects/postgresql/named_types.py", line 51, in create
    bind._run_ddl_visitor(self.DDLGenerator, self, checkfirst=checkfirst)
  File "/usr/src/app/.venv/lib/python3.9/site-packages/sqlalchemy/engine/base.py", line 2461, in _run_ddl_visitor
    visitorcallable(self.dialect, self, **kwargs).traverse_single(element)
  File "/usr/src/app/.venv/lib/python3.9/site-packages/sqlalchemy/sql/visitors.py", line 664, in traverse_single
    return meth(obj, **kw)
  File "/usr/src/app/.venv/lib/python3.9/site-packages/sqlalchemy/dialects/postgresql/named_types.py", line 153, in visit_enum
    self.connection.execute(CreateEnumType(enum))
  File "/usr/src/app/.venv/lib/python3.9/site-packages/sqlalchemy/engine/base.py", line 1422, in execute
    return meth(
  File "/usr/src/app/.venv/lib/python3.9/site-packages/sqlalchemy/sql/ddl.py", line 180, in _execute_on_connection
    return connection._execute_ddl(
  File "/usr/src/app/.venv/lib/python3.9/site-packages/sqlalchemy/engine/base.py", line 1533, in _execute_ddl
    ret = self._execute_context(
  File "/usr/src/app/.venv/lib/python3.9/site-packages/sqlalchemy/engine/base.py", line 1850, in _execute_context
    return self._exec_single_context(
  File "/usr/src/app/.venv/lib/python3.9/site-packages/sqlalchemy/engine/base.py", line 1990, in _exec_single_context
    self._handle_dbapi_exception(
  File "/usr/src/app/.venv/lib/python3.9/site-packages/sqlalchemy/engine/base.py", line 2357, in _handle_dbapi_exception
    raise sqlalchemy_exception.with_traceback(exc_info[2]) from e
  File "/usr/src/app/.venv/lib/python3.9/site-packages/sqlalchemy/engine/base.py", line 1971, in _exec_single_context
    self.dialect.do_execute(
  File "/usr/src/app/.venv/lib/python3.9/site-packages/sqlalchemy/engine/default.py", line 919, in do_execute
    cursor.execute(statement, parameters)
sqlalchemy.exc.ProgrammingError: (psycopg2.errors.DuplicateObject) type "project_country" already exists

[SQL: CREATE TYPE project_country AS ENUM ('AFG', 'ALA', 'ALB', 'DZA', 'ASM', 'AND', 'AGO', 'AIA', 'ATA', 'ATG', 'ARG', 'ARM', 'ABW', 'AUS', 'AUT', 'AZE', 'BHS', 'BHR', 'BGD', 'BRB', 'BLR', 'BEL', 'BLZ', 'BEN', 'BMU', 'BTN', 'BOL', 'BES', 'BIH', 'BWA', 'BVT', 'BRA', 'IOT', 'BRN', 'BGR', 'BFA', 'BDI', 'KHM', 'CMR', 'CAN', 'CPV', 'CYM', 'CAF', 'TCD', 'CHL', 'CHN', 'CXR', 'CCK', 'COL', 'COM', 'COG', 'COD', 'COK', 'CRI', 'CIV', 'HRV', 'CUB', 'CUW', 'CYP', 'CZE', 'DNK', 'DJI', 'DMA', 'DOM', 'ECU', 'EGY', 'SLV', 'GNQ', 'ERI', 'EST', 'ETH', 'FLK', 'FRO', 'FJI', 'FIN', 'FRA', 'GUF', 'PYF', 'ATF', 'GAB', 'GMB', 'GEO', 'DEU', 'GHA', 'GIB', 'GRC', 'GRL', 'GRD', 'GLP', 'GUM', 'GTM', 'GGY', 'GIN', 'GNB', 'GUY', 'HTI', 'HMD', 'VAT', 'HND', 'HKG', 'HUN', 'ISL', 'IND', 'IDN', 'IRN', 'IRQ', 'IRL', 'IMN', 'ISR', 'ITA', 'JAM', 'JPN', 'JEY', 'JOR', 'KAZ', 'KEN', 'KIR', 'PRK', 'KOR', 'XKX', 'KWT', 'KGZ', 'LAO', 'LVA', 'LBN', 'LSO', 'LBR', 'LBY', 'LIE', 'LTU', 'LUX', 'MAC', 'MKD', 'MDG', 'MWI', 'MYS', 'MDV', 'MLI', 'MLT', 'MHL', 'MTQ', 'MRT', 'MUS', 'MYT', 'MEX', 'FSM', 'MDA', 'MCO', 'MNG', 'MNE', 'MSR', 'MAR', 'MOZ', 'MMR', 'NAM', 'NRU', 'NPL', 'NLD', 'NCL', 'NZL', 'NIC', 'NER', 'NGA', 'NIU', 'NFK', 'MNP', 'NOR', 'OMN', 'PAK', 'PLW', 'PSE', 'PAN', 'PNG', 'PRY', 'PER', 'PHL', 'PCN', 'POL', 'PRT', 'PRI', 'QAT', 'REU', 'ROU', 'RUS', 'RWA', 'BLM', 'SHN', 'KNA', 'LCA', 'MAF', 'SPM', 'VCT', 'WSM', 'SMR', 'STP', 'SAU', 'SEN', 'SRB', 'SYC', 'SLE', 'SGP', 'SXM', 'SVK', 'SVN', 'SLB', 'SOM', 'ZAF', 'SGS', 'SSD', 'ESP', 'LKA', 'SDN', 'SUR', 'SJM', 'SWZ', 'SWE', 'CHE', 'SYR', 'TWN', 'TJK', 'TZA', 'THA', 'TLS', 'TGO', 'TKL', 'TON', 'TTO', 'TUN', 'TUR', 'TKM', 'TCA', 'TUV', 'UGA', 'UKR', 'ARE', 'GBR', 'USA', 'UMI', 'URY', 'UZB', 'VUT', 'VEN', 'VNM', 'VGB', 'VIR', 'WLF', 'ESH', 'YEM', 'ZMB', 'ZWE')]
(Background on this error at: https://sqlalche.me/e/20/f405)
]]></error>
			<system-err><![CDATA[INFO  [alembic.runtime.migration] Context impl PostgresqlImpl.
INFO  [alembic.runtime.migration] Will assume transactional DDL.
INFO  [alembic.runtime.migration] Running upgrade  -> 1af632eb25cf, empty message
]]></system-err>
		</testcase>
		<testcase classname="test_resource_people.PeopleResourceTestCase" name="test_people_organisations" time="0.098" timestamp="2024-04-12T15:57:36" file="tests/test_resource_people.py" line="734">
			<error type="ProgrammingError" message="(psycopg2.errors.DuplicateObject) type &quot;project_country&quot; already exists

[SQL: CREATE TYPE project_country AS ENUM ('AFG', 'ALA', 'ALB', 'DZA', 'ASM', 'AND', 'AGO', 'AIA', 'ATA', 'ATG', 'ARG', 'ARM', 'ABW', 'AUS', 'AUT', 'AZE', 'BHS', 'BHR', 'BGD', 'BRB', 'BLR', 'BEL', 'BLZ', 'BEN', 'BMU', 'BTN', 'BOL', 'BES', 'BIH', 'BWA', 'BVT', 'BRA', 'IOT', 'BRN', 'BGR', 'BFA', 'BDI', 'KHM', 'CMR', 'CAN', 'CPV', 'CYM', 'CAF', 'TCD', 'CHL', 'CHN', 'CXR', 'CCK', 'COL', 'COM', 'COG', 'COD', 'COK', 'CRI', 'CIV', 'HRV', 'CUB', 'CUW', 'CYP', 'CZE', 'DNK', 'DJI', 'DMA', 'DOM', 'ECU', 'EGY', 'SLV', 'GNQ', 'ERI', 'EST', 'ETH', 'FLK', 'FRO', 'FJI', 'FIN', 'FRA', 'GUF', 'PYF', 'ATF', 'GAB', 'GMB', 'GEO', 'DEU', 'GHA', 'GIB', 'GRC', 'GRL', 'GRD', 'GLP', 'GUM', 'GTM', 'GGY', 'GIN', 'GNB', 'GUY', 'HTI', 'HMD', 'VAT', 'HND', 'HKG', 'HUN', 'ISL', 'IND', 'IDN', 'IRN', 'IRQ', 'IRL', 'IMN', 'ISR', 'ITA', 'JAM', 'JPN', 'JEY', 'JOR', 'KAZ', 'KEN', 'KIR', 'PRK', 'KOR', 'XKX', 'KWT', 'KGZ', 'LAO', 'LVA', 'LBN', 'LSO', 'LBR', 'LBY', 'LIE', 'LTU', 'LUX', 'MAC', 'MKD', 'MDG', 'MWI', 'MYS', 'MDV', 'MLI', 'MLT', 'MHL', 'MTQ', 'MRT', 'MUS', 'MYT', 'MEX', 'FSM', 'MDA', 'MCO', 'MNG', 'MNE', 'MSR', 'MAR', 'MOZ', 'MMR', 'NAM', 'NRU', 'NPL', 'NLD', 'NCL', 'NZL', 'NIC', 'NER', 'NGA', 'NIU', 'NFK', 'MNP', 'NOR', 'OMN', 'PAK', 'PLW', 'PSE', 'PAN', 'PNG', 'PRY', 'PER', 'PHL', 'PCN', 'POL', 'PRT', 'PRI', 'QAT', 'REU', 'ROU', 'RUS', 'RWA', 'BLM', 'SHN', 'KNA', 'LCA', 'MAF', 'SPM', 'VCT', 'WSM', 'SMR', 'STP', 'SAU', 'SEN', 'SRB', 'SYC', 'SLE', 'SGP', 'SXM', 'SVK', 'SVN', 'SLB', 'SOM', 'ZAF', 'SGS', 'SSD', 'ESP', 'LKA', 'SDN', 'SUR', 'SJM', 'SWZ', 'SWE', 'CHE', 'SYR', 'TWN', 'TJK', 'TZA', 'THA', 'TLS', 'TGO', 'TKL', 'TON', 'TTO', 'TUN', 'TUR', 'TKM', 'TCA', 'TUV', 'UGA', 'UKR', 'ARE', 'GBR', 'USA', 'UMI', 'URY', 'UZB', 'VUT', 'VEN', 'VNM', 'VGB', 'VIR', 'WLF', 'ESH', 'YEM', 'ZMB', 'ZWE')]
(Background on this error at: https://sqlalche.me/e/20/f405)"><![CDATA[Traceback (most recent call last):
  File "/usr/src/app/.venv/lib/python3.9/site-packages/sqlalchemy/engine/base.py", line 1971, in _exec_single_context
    self.dialect.do_execute(
  File "/usr/src/app/.venv/lib/python3.9/site-packages/sqlalchemy/engine/default.py", line 919, in do_execute
    cursor.execute(statement, parameters)
psycopg2.errors.DuplicateObject: type "project_country" already exists


The above exception was the direct cause of the following exception:

Traceback (most recent call last):
  File "/usr/src/app/tests/base_test.py", line 64, in setUp
    upgrade()
  File "/usr/src/app/.venv/lib/python3.9/site-packages/flask_migrate/__init__.py", line 111, in wrapped
    f(*args, **kwargs)
  File "/usr/src/app/.venv/lib/python3.9/site-packages/flask_migrate/__init__.py", line 200, in upgrade
    command.upgrade(config, revision, sql=sql, tag=tag)
  File "/usr/src/app/.venv/lib/python3.9/site-packages/alembic/command.py", line 403, in upgrade
    script.run_env()
  File "/usr/src/app/.venv/lib/python3.9/site-packages/alembic/script/base.py", line 583, in run_env
    util.load_python_file(self.dir, "env.py")
  File "/usr/src/app/.venv/lib/python3.9/site-packages/alembic/util/pyfiles.py", line 95, in load_python_file
    module = load_module_py(module_id, path)
  File "/usr/src/app/.venv/lib/python3.9/site-packages/alembic/util/pyfiles.py", line 113, in load_module_py
    spec.loader.exec_module(module)  # type: ignore
  File "<frozen importlib._bootstrap_external>", line 850, in exec_module
  File "<frozen importlib._bootstrap>", line 228, in _call_with_frames_removed
  File "migrations/env.py", line 113, in <module>
    run_migrations_online()
  File "migrations/env.py", line 107, in run_migrations_online
    context.run_migrations()
  File "<string>", line 8, in run_migrations
  File "/usr/src/app/.venv/lib/python3.9/site-packages/alembic/runtime/environment.py", line 948, in run_migrations
    self.get_context().run_migrations(**kw)
  File "/usr/src/app/.venv/lib/python3.9/site-packages/alembic/runtime/migration.py", line 627, in run_migrations
    step.migration_fn(**kw)
  File "/usr/src/app/migrations/versions/1af632eb25cf_.py", line 65, in upgrade
    op.create_table('projects',
  File "<string>", line 8, in create_table
  File "<string>", line 3, in create_table
  File "/usr/src/app/.venv/lib/python3.9/site-packages/alembic/operations/ops.py", line 1311, in create_table
    return operations.invoke(op)
  File "/usr/src/app/.venv/lib/python3.9/site-packages/alembic/operations/base.py", line 445, in invoke
    return fn(self, operation)
  File "/usr/src/app/.venv/lib/python3.9/site-packages/alembic/operations/toimpl.py", line 131, in create_table
    operations.impl.create_table(table)
  File "/usr/src/app/.venv/lib/python3.9/site-packages/alembic/ddl/impl.py", line 363, in create_table
    table.dispatch.before_create(
  File "/usr/src/app/.venv/lib/python3.9/site-packages/sqlalchemy/event/attr.py", line 497, in __call__
    fn(*args, **kw)
  File "/usr/src/app/.venv/lib/python3.9/site-packages/sqlalchemy/util/langhelpers.py", line 852, in __call__
    return getattr(self.target, self.name)(*arg, **kw)
  File "/usr/src/app/.venv/lib/python3.9/site-packages/sqlalchemy/sql/sqltypes.py", line 1120, in _on_table_create
    t._on_table_create(target, bind, **kw)
  File "/usr/src/app/.venv/lib/python3.9/site-packages/sqlalchemy/dialects/postgresql/named_types.py", line 98, in _on_table_create
    self.create(bind=bind, checkfirst=checkfirst)
  File "/usr/src/app/.venv/lib/python3.9/site-packages/sqlalchemy/dialects/postgresql/named_types.py", line 338, in create
    super().create(bind, checkfirst=checkfirst)
  File "/usr/src/app/.venv/lib/python3.9/site-packages/sqlalchemy/dialects/postgresql/named_types.py", line 51, in create
    bind._run_ddl_visitor(self.DDLGenerator, self, checkfirst=checkfirst)
  File "/usr/src/app/.venv/lib/python3.9/site-packages/sqlalchemy/engine/base.py", line 2461, in _run_ddl_visitor
    visitorcallable(self.dialect, self, **kwargs).traverse_single(element)
  File "/usr/src/app/.venv/lib/python3.9/site-packages/sqlalchemy/sql/visitors.py", line 664, in traverse_single
    return meth(obj, **kw)
  File "/usr/src/app/.venv/lib/python3.9/site-packages/sqlalchemy/dialects/postgresql/named_types.py", line 153, in visit_enum
    self.connection.execute(CreateEnumType(enum))
  File "/usr/src/app/.venv/lib/python3.9/site-packages/sqlalchemy/engine/base.py", line 1422, in execute
    return meth(
  File "/usr/src/app/.venv/lib/python3.9/site-packages/sqlalchemy/sql/ddl.py", line 180, in _execute_on_connection
    return connection._execute_ddl(
  File "/usr/src/app/.venv/lib/python3.9/site-packages/sqlalchemy/engine/base.py", line 1533, in _execute_ddl
    ret = self._execute_context(
  File "/usr/src/app/.venv/lib/python3.9/site-packages/sqlalchemy/engine/base.py", line 1850, in _execute_context
    return self._exec_single_context(
  File "/usr/src/app/.venv/lib/python3.9/site-packages/sqlalchemy/engine/base.py", line 1990, in _exec_single_context
    self._handle_dbapi_exception(
  File "/usr/src/app/.venv/lib/python3.9/site-packages/sqlalchemy/engine/base.py", line 2357, in _handle_dbapi_exception
    raise sqlalchemy_exception.with_traceback(exc_info[2]) from e
  File "/usr/src/app/.venv/lib/python3.9/site-packages/sqlalchemy/engine/base.py", line 1971, in _exec_single_context
    self.dialect.do_execute(
  File "/usr/src/app/.venv/lib/python3.9/site-packages/sqlalchemy/engine/default.py", line 919, in do_execute
    cursor.execute(statement, parameters)
sqlalchemy.exc.ProgrammingError: (psycopg2.errors.DuplicateObject) type "project_country" already exists

[SQL: CREATE TYPE project_country AS ENUM ('AFG', 'ALA', 'ALB', 'DZA', 'ASM', 'AND', 'AGO', 'AIA', 'ATA', 'ATG', 'ARG', 'ARM', 'ABW', 'AUS', 'AUT', 'AZE', 'BHS', 'BHR', 'BGD', 'BRB', 'BLR', 'BEL', 'BLZ', 'BEN', 'BMU', 'BTN', 'BOL', 'BES', 'BIH', 'BWA', 'BVT', 'BRA', 'IOT', 'BRN', 'BGR', 'BFA', 'BDI', 'KHM', 'CMR', 'CAN', 'CPV', 'CYM', 'CAF', 'TCD', 'CHL', 'CHN', 'CXR', 'CCK', 'COL', 'COM', 'COG', 'COD', 'COK', 'CRI', 'CIV', 'HRV', 'CUB', 'CUW', 'CYP', 'CZE', 'DNK', 'DJI', 'DMA', 'DOM', 'ECU', 'EGY', 'SLV', 'GNQ', 'ERI', 'EST', 'ETH', 'FLK', 'FRO', 'FJI', 'FIN', 'FRA', 'GUF', 'PYF', 'ATF', 'GAB', 'GMB', 'GEO', 'DEU', 'GHA', 'GIB', 'GRC', 'GRL', 'GRD', 'GLP', 'GUM', 'GTM', 'GGY', 'GIN', 'GNB', 'GUY', 'HTI', 'HMD', 'VAT', 'HND', 'HKG', 'HUN', 'ISL', 'IND', 'IDN', 'IRN', 'IRQ', 'IRL', 'IMN', 'ISR', 'ITA', 'JAM', 'JPN', 'JEY', 'JOR', 'KAZ', 'KEN', 'KIR', 'PRK', 'KOR', 'XKX', 'KWT', 'KGZ', 'LAO', 'LVA', 'LBN', 'LSO', 'LBR', 'LBY', 'LIE', 'LTU', 'LUX', 'MAC', 'MKD', 'MDG', 'MWI', 'MYS', 'MDV', 'MLI', 'MLT', 'MHL', 'MTQ', 'MRT', 'MUS', 'MYT', 'MEX', 'FSM', 'MDA', 'MCO', 'MNG', 'MNE', 'MSR', 'MAR', 'MOZ', 'MMR', 'NAM', 'NRU', 'NPL', 'NLD', 'NCL', 'NZL', 'NIC', 'NER', 'NGA', 'NIU', 'NFK', 'MNP', 'NOR', 'OMN', 'PAK', 'PLW', 'PSE', 'PAN', 'PNG', 'PRY', 'PER', 'PHL', 'PCN', 'POL', 'PRT', 'PRI', 'QAT', 'REU', 'ROU', 'RUS', 'RWA', 'BLM', 'SHN', 'KNA', 'LCA', 'MAF', 'SPM', 'VCT', 'WSM', 'SMR', 'STP', 'SAU', 'SEN', 'SRB', 'SYC', 'SLE', 'SGP', 'SXM', 'SVK', 'SVN', 'SLB', 'SOM', 'ZAF', 'SGS', 'SSD', 'ESP', 'LKA', 'SDN', 'SUR', 'SJM', 'SWZ', 'SWE', 'CHE', 'SYR', 'TWN', 'TJK', 'TZA', 'THA', 'TLS', 'TGO', 'TKL', 'TON', 'TTO', 'TUN', 'TUR', 'TKM', 'TCA', 'TUV', 'UGA', 'UKR', 'ARE', 'GBR', 'USA', 'UMI', 'URY', 'UZB', 'VUT', 'VEN', 'VNM', 'VGB', 'VIR', 'WLF', 'ESH', 'YEM', 'ZMB', 'ZWE')]
(Background on this error at: https://sqlalche.me/e/20/f405)
]]></error>
			<system-err><![CDATA[INFO  [alembic.runtime.migration] Context impl PostgresqlImpl.
INFO  [alembic.runtime.migration] Will assume transactional DDL.
INFO  [alembic.runtime.migration] Running upgrade  -> 1af632eb25cf, empty message
]]></system-err>
		</testcase>
		<testcase classname="test_resource_people.PeopleResourceTestCase" name="test_people_participants" time="0.137" timestamp="2024-04-12T15:57:36" file="tests/test_resource_people.py" line="678">
			<error type="ProgrammingError" message="(psycopg2.errors.DuplicateObject) type &quot;project_country&quot; already exists

[SQL: CREATE TYPE project_country AS ENUM ('AFG', 'ALA', 'ALB', 'DZA', 'ASM', 'AND', 'AGO', 'AIA', 'ATA', 'ATG', 'ARG', 'ARM', 'ABW', 'AUS', 'AUT', 'AZE', 'BHS', 'BHR', 'BGD', 'BRB', 'BLR', 'BEL', 'BLZ', 'BEN', 'BMU', 'BTN', 'BOL', 'BES', 'BIH', 'BWA', 'BVT', 'BRA', 'IOT', 'BRN', 'BGR', 'BFA', 'BDI', 'KHM', 'CMR', 'CAN', 'CPV', 'CYM', 'CAF', 'TCD', 'CHL', 'CHN', 'CXR', 'CCK', 'COL', 'COM', 'COG', 'COD', 'COK', 'CRI', 'CIV', 'HRV', 'CUB', 'CUW', 'CYP', 'CZE', 'DNK', 'DJI', 'DMA', 'DOM', 'ECU', 'EGY', 'SLV', 'GNQ', 'ERI', 'EST', 'ETH', 'FLK', 'FRO', 'FJI', 'FIN', 'FRA', 'GUF', 'PYF', 'ATF', 'GAB', 'GMB', 'GEO', 'DEU', 'GHA', 'GIB', 'GRC', 'GRL', 'GRD', 'GLP', 'GUM', 'GTM', 'GGY', 'GIN', 'GNB', 'GUY', 'HTI', 'HMD', 'VAT', 'HND', 'HKG', 'HUN', 'ISL', 'IND', 'IDN', 'IRN', 'IRQ', 'IRL', 'IMN', 'ISR', 'ITA', 'JAM', 'JPN', 'JEY', 'JOR', 'KAZ', 'KEN', 'KIR', 'PRK', 'KOR', 'XKX', 'KWT', 'KGZ', 'LAO', 'LVA', 'LBN', 'LSO', 'LBR', 'LBY', 'LIE', 'LTU', 'LUX', 'MAC', 'MKD', 'MDG', 'MWI', 'MYS', 'MDV', 'MLI', 'MLT', 'MHL', 'MTQ', 'MRT', 'MUS', 'MYT', 'MEX', 'FSM', 'MDA', 'MCO', 'MNG', 'MNE', 'MSR', 'MAR', 'MOZ', 'MMR', 'NAM', 'NRU', 'NPL', 'NLD', 'NCL', 'NZL', 'NIC', 'NER', 'NGA', 'NIU', 'NFK', 'MNP', 'NOR', 'OMN', 'PAK', 'PLW', 'PSE', 'PAN', 'PNG', 'PRY', 'PER', 'PHL', 'PCN', 'POL', 'PRT', 'PRI', 'QAT', 'REU', 'ROU', 'RUS', 'RWA', 'BLM', 'SHN', 'KNA', 'LCA', 'MAF', 'SPM', 'VCT', 'WSM', 'SMR', 'STP', 'SAU', 'SEN', 'SRB', 'SYC', 'SLE', 'SGP', 'SXM', 'SVK', 'SVN', 'SLB', 'SOM', 'ZAF', 'SGS', 'SSD', 'ESP', 'LKA', 'SDN', 'SUR', 'SJM', 'SWZ', 'SWE', 'CHE', 'SYR', 'TWN', 'TJK', 'TZA', 'THA', 'TLS', 'TGO', 'TKL', 'TON', 'TTO', 'TUN', 'TUR', 'TKM', 'TCA', 'TUV', 'UGA', 'UKR', 'ARE', 'GBR', 'USA', 'UMI', 'URY', 'UZB', 'VUT', 'VEN', 'VNM', 'VGB', 'VIR', 'WLF', 'ESH', 'YEM', 'ZMB', 'ZWE')]
(Background on this error at: https://sqlalche.me/e/20/f405)"><![CDATA[Traceback (most recent call last):
  File "/usr/src/app/.venv/lib/python3.9/site-packages/sqlalchemy/engine/base.py", line 1971, in _exec_single_context
    self.dialect.do_execute(
  File "/usr/src/app/.venv/lib/python3.9/site-packages/sqlalchemy/engine/default.py", line 919, in do_execute
    cursor.execute(statement, parameters)
psycopg2.errors.DuplicateObject: type "project_country" already exists


The above exception was the direct cause of the following exception:

Traceback (most recent call last):
  File "/usr/src/app/tests/base_test.py", line 64, in setUp
    upgrade()
  File "/usr/src/app/.venv/lib/python3.9/site-packages/flask_migrate/__init__.py", line 111, in wrapped
    f(*args, **kwargs)
  File "/usr/src/app/.venv/lib/python3.9/site-packages/flask_migrate/__init__.py", line 200, in upgrade
    command.upgrade(config, revision, sql=sql, tag=tag)
  File "/usr/src/app/.venv/lib/python3.9/site-packages/alembic/command.py", line 403, in upgrade
    script.run_env()
  File "/usr/src/app/.venv/lib/python3.9/site-packages/alembic/script/base.py", line 583, in run_env
    util.load_python_file(self.dir, "env.py")
  File "/usr/src/app/.venv/lib/python3.9/site-packages/alembic/util/pyfiles.py", line 95, in load_python_file
    module = load_module_py(module_id, path)
  File "/usr/src/app/.venv/lib/python3.9/site-packages/alembic/util/pyfiles.py", line 113, in load_module_py
    spec.loader.exec_module(module)  # type: ignore
  File "<frozen importlib._bootstrap_external>", line 850, in exec_module
  File "<frozen importlib._bootstrap>", line 228, in _call_with_frames_removed
  File "migrations/env.py", line 113, in <module>
    run_migrations_online()
  File "migrations/env.py", line 107, in run_migrations_online
    context.run_migrations()
  File "<string>", line 8, in run_migrations
  File "/usr/src/app/.venv/lib/python3.9/site-packages/alembic/runtime/environment.py", line 948, in run_migrations
    self.get_context().run_migrations(**kw)
  File "/usr/src/app/.venv/lib/python3.9/site-packages/alembic/runtime/migration.py", line 627, in run_migrations
    step.migration_fn(**kw)
  File "/usr/src/app/migrations/versions/1af632eb25cf_.py", line 65, in upgrade
    op.create_table('projects',
  File "<string>", line 8, in create_table
  File "<string>", line 3, in create_table
  File "/usr/src/app/.venv/lib/python3.9/site-packages/alembic/operations/ops.py", line 1311, in create_table
    return operations.invoke(op)
  File "/usr/src/app/.venv/lib/python3.9/site-packages/alembic/operations/base.py", line 445, in invoke
    return fn(self, operation)
  File "/usr/src/app/.venv/lib/python3.9/site-packages/alembic/operations/toimpl.py", line 131, in create_table
    operations.impl.create_table(table)
  File "/usr/src/app/.venv/lib/python3.9/site-packages/alembic/ddl/impl.py", line 363, in create_table
    table.dispatch.before_create(
  File "/usr/src/app/.venv/lib/python3.9/site-packages/sqlalchemy/event/attr.py", line 497, in __call__
    fn(*args, **kw)
  File "/usr/src/app/.venv/lib/python3.9/site-packages/sqlalchemy/util/langhelpers.py", line 852, in __call__
    return getattr(self.target, self.name)(*arg, **kw)
  File "/usr/src/app/.venv/lib/python3.9/site-packages/sqlalchemy/sql/sqltypes.py", line 1120, in _on_table_create
    t._on_table_create(target, bind, **kw)
  File "/usr/src/app/.venv/lib/python3.9/site-packages/sqlalchemy/dialects/postgresql/named_types.py", line 98, in _on_table_create
    self.create(bind=bind, checkfirst=checkfirst)
  File "/usr/src/app/.venv/lib/python3.9/site-packages/sqlalchemy/dialects/postgresql/named_types.py", line 338, in create
    super().create(bind, checkfirst=checkfirst)
  File "/usr/src/app/.venv/lib/python3.9/site-packages/sqlalchemy/dialects/postgresql/named_types.py", line 51, in create
    bind._run_ddl_visitor(self.DDLGenerator, self, checkfirst=checkfirst)
  File "/usr/src/app/.venv/lib/python3.9/site-packages/sqlalchemy/engine/base.py", line 2461, in _run_ddl_visitor
    visitorcallable(self.dialect, self, **kwargs).traverse_single(element)
  File "/usr/src/app/.venv/lib/python3.9/site-packages/sqlalchemy/sql/visitors.py", line 664, in traverse_single
    return meth(obj, **kw)
  File "/usr/src/app/.venv/lib/python3.9/site-packages/sqlalchemy/dialects/postgresql/named_types.py", line 153, in visit_enum
    self.connection.execute(CreateEnumType(enum))
  File "/usr/src/app/.venv/lib/python3.9/site-packages/sqlalchemy/engine/base.py", line 1422, in execute
    return meth(
  File "/usr/src/app/.venv/lib/python3.9/site-packages/sqlalchemy/sql/ddl.py", line 180, in _execute_on_connection
    return connection._execute_ddl(
  File "/usr/src/app/.venv/lib/python3.9/site-packages/sqlalchemy/engine/base.py", line 1533, in _execute_ddl
    ret = self._execute_context(
  File "/usr/src/app/.venv/lib/python3.9/site-packages/sqlalchemy/engine/base.py", line 1850, in _execute_context
    return self._exec_single_context(
  File "/usr/src/app/.venv/lib/python3.9/site-packages/sqlalchemy/engine/base.py", line 1990, in _exec_single_context
    self._handle_dbapi_exception(
  File "/usr/src/app/.venv/lib/python3.9/site-packages/sqlalchemy/engine/base.py", line 2357, in _handle_dbapi_exception
    raise sqlalchemy_exception.with_traceback(exc_info[2]) from e
  File "/usr/src/app/.venv/lib/python3.9/site-packages/sqlalchemy/engine/base.py", line 1971, in _exec_single_context
    self.dialect.do_execute(
  File "/usr/src/app/.venv/lib/python3.9/site-packages/sqlalchemy/engine/default.py", line 919, in do_execute
    cursor.execute(statement, parameters)
sqlalchemy.exc.ProgrammingError: (psycopg2.errors.DuplicateObject) type "project_country" already exists

[SQL: CREATE TYPE project_country AS ENUM ('AFG', 'ALA', 'ALB', 'DZA', 'ASM', 'AND', 'AGO', 'AIA', 'ATA', 'ATG', 'ARG', 'ARM', 'ABW', 'AUS', 'AUT', 'AZE', 'BHS', 'BHR', 'BGD', 'BRB', 'BLR', 'BEL', 'BLZ', 'BEN', 'BMU', 'BTN', 'BOL', 'BES', 'BIH', 'BWA', 'BVT', 'BRA', 'IOT', 'BRN', 'BGR', 'BFA', 'BDI', 'KHM', 'CMR', 'CAN', 'CPV', 'CYM', 'CAF', 'TCD', 'CHL', 'CHN', 'CXR', 'CCK', 'COL', 'COM', 'COG', 'COD', 'COK', 'CRI', 'CIV', 'HRV', 'CUB', 'CUW', 'CYP', 'CZE', 'DNK', 'DJI', 'DMA', 'DOM', 'ECU', 'EGY', 'SLV', 'GNQ', 'ERI', 'EST', 'ETH', 'FLK', 'FRO', 'FJI', 'FIN', 'FRA', 'GUF', 'PYF', 'ATF', 'GAB', 'GMB', 'GEO', 'DEU', 'GHA', 'GIB', 'GRC', 'GRL', 'GRD', 'GLP', 'GUM', 'GTM', 'GGY', 'GIN', 'GNB', 'GUY', 'HTI', 'HMD', 'VAT', 'HND', 'HKG', 'HUN', 'ISL', 'IND', 'IDN', 'IRN', 'IRQ', 'IRL', 'IMN', 'ISR', 'ITA', 'JAM', 'JPN', 'JEY', 'JOR', 'KAZ', 'KEN', 'KIR', 'PRK', 'KOR', 'XKX', 'KWT', 'KGZ', 'LAO', 'LVA', 'LBN', 'LSO', 'LBR', 'LBY', 'LIE', 'LTU', 'LUX', 'MAC', 'MKD', 'MDG', 'MWI', 'MYS', 'MDV', 'MLI', 'MLT', 'MHL', 'MTQ', 'MRT', 'MUS', 'MYT', 'MEX', 'FSM', 'MDA', 'MCO', 'MNG', 'MNE', 'MSR', 'MAR', 'MOZ', 'MMR', 'NAM', 'NRU', 'NPL', 'NLD', 'NCL', 'NZL', 'NIC', 'NER', 'NGA', 'NIU', 'NFK', 'MNP', 'NOR', 'OMN', 'PAK', 'PLW', 'PSE', 'PAN', 'PNG', 'PRY', 'PER', 'PHL', 'PCN', 'POL', 'PRT', 'PRI', 'QAT', 'REU', 'ROU', 'RUS', 'RWA', 'BLM', 'SHN', 'KNA', 'LCA', 'MAF', 'SPM', 'VCT', 'WSM', 'SMR', 'STP', 'SAU', 'SEN', 'SRB', 'SYC', 'SLE', 'SGP', 'SXM', 'SVK', 'SVN', 'SLB', 'SOM', 'ZAF', 'SGS', 'SSD', 'ESP', 'LKA', 'SDN', 'SUR', 'SJM', 'SWZ', 'SWE', 'CHE', 'SYR', 'TWN', 'TJK', 'TZA', 'THA', 'TLS', 'TGO', 'TKL', 'TON', 'TTO', 'TUN', 'TUR', 'TKM', 'TCA', 'TUV', 'UGA', 'UKR', 'ARE', 'GBR', 'USA', 'UMI', 'URY', 'UZB', 'VUT', 'VEN', 'VNM', 'VGB', 'VIR', 'WLF', 'ESH', 'YEM', 'ZMB', 'ZWE')]
(Background on this error at: https://sqlalche.me/e/20/f405)
]]></error>
			<system-err><![CDATA[INFO  [alembic.runtime.migration] Context impl PostgresqlImpl.
INFO  [alembic.runtime.migration] Will assume transactional DDL.
INFO  [alembic.runtime.migration] Running upgrade  -> 1af632eb25cf, empty message
]]></system-err>
		</testcase>
		<testcase classname="test_resource_people.PeopleResourceTestCase" name="test_people_relationship_organisations" time="0.086" timestamp="2024-04-12T15:57:36" file="tests/test_resource_people.py" line="632">
			<error type="ProgrammingError" message="(psycopg2.errors.DuplicateObject) type &quot;project_country&quot; already exists

[SQL: CREATE TYPE project_country AS ENUM ('AFG', 'ALA', 'ALB', 'DZA', 'ASM', 'AND', 'AGO', 'AIA', 'ATA', 'ATG', 'ARG', 'ARM', 'ABW', 'AUS', 'AUT', 'AZE', 'BHS', 'BHR', 'BGD', 'BRB', 'BLR', 'BEL', 'BLZ', 'BEN', 'BMU', 'BTN', 'BOL', 'BES', 'BIH', 'BWA', 'BVT', 'BRA', 'IOT', 'BRN', 'BGR', 'BFA', 'BDI', 'KHM', 'CMR', 'CAN', 'CPV', 'CYM', 'CAF', 'TCD', 'CHL', 'CHN', 'CXR', 'CCK', 'COL', 'COM', 'COG', 'COD', 'COK', 'CRI', 'CIV', 'HRV', 'CUB', 'CUW', 'CYP', 'CZE', 'DNK', 'DJI', 'DMA', 'DOM', 'ECU', 'EGY', 'SLV', 'GNQ', 'ERI', 'EST', 'ETH', 'FLK', 'FRO', 'FJI', 'FIN', 'FRA', 'GUF', 'PYF', 'ATF', 'GAB', 'GMB', 'GEO', 'DEU', 'GHA', 'GIB', 'GRC', 'GRL', 'GRD', 'GLP', 'GUM', 'GTM', 'GGY', 'GIN', 'GNB', 'GUY', 'HTI', 'HMD', 'VAT', 'HND', 'HKG', 'HUN', 'ISL', 'IND', 'IDN', 'IRN', 'IRQ', 'IRL', 'IMN', 'ISR', 'ITA', 'JAM', 'JPN', 'JEY', 'JOR', 'KAZ', 'KEN', 'KIR', 'PRK', 'KOR', 'XKX', 'KWT', 'KGZ', 'LAO', 'LVA', 'LBN', 'LSO', 'LBR', 'LBY', 'LIE', 'LTU', 'LUX', 'MAC', 'MKD', 'MDG', 'MWI', 'MYS', 'MDV', 'MLI', 'MLT', 'MHL', 'MTQ', 'MRT', 'MUS', 'MYT', 'MEX', 'FSM', 'MDA', 'MCO', 'MNG', 'MNE', 'MSR', 'MAR', 'MOZ', 'MMR', 'NAM', 'NRU', 'NPL', 'NLD', 'NCL', 'NZL', 'NIC', 'NER', 'NGA', 'NIU', 'NFK', 'MNP', 'NOR', 'OMN', 'PAK', 'PLW', 'PSE', 'PAN', 'PNG', 'PRY', 'PER', 'PHL', 'PCN', 'POL', 'PRT', 'PRI', 'QAT', 'REU', 'ROU', 'RUS', 'RWA', 'BLM', 'SHN', 'KNA', 'LCA', 'MAF', 'SPM', 'VCT', 'WSM', 'SMR', 'STP', 'SAU', 'SEN', 'SRB', 'SYC', 'SLE', 'SGP', 'SXM', 'SVK', 'SVN', 'SLB', 'SOM', 'ZAF', 'SGS', 'SSD', 'ESP', 'LKA', 'SDN', 'SUR', 'SJM', 'SWZ', 'SWE', 'CHE', 'SYR', 'TWN', 'TJK', 'TZA', 'THA', 'TLS', 'TGO', 'TKL', 'TON', 'TTO', 'TUN', 'TUR', 'TKM', 'TCA', 'TUV', 'UGA', 'UKR', 'ARE', 'GBR', 'USA', 'UMI', 'URY', 'UZB', 'VUT', 'VEN', 'VNM', 'VGB', 'VIR', 'WLF', 'ESH', 'YEM', 'ZMB', 'ZWE')]
(Background on this error at: https://sqlalche.me/e/20/f405)"><![CDATA[Traceback (most recent call last):
  File "/usr/src/app/.venv/lib/python3.9/site-packages/sqlalchemy/engine/base.py", line 1971, in _exec_single_context
    self.dialect.do_execute(
  File "/usr/src/app/.venv/lib/python3.9/site-packages/sqlalchemy/engine/default.py", line 919, in do_execute
    cursor.execute(statement, parameters)
psycopg2.errors.DuplicateObject: type "project_country" already exists


The above exception was the direct cause of the following exception:

Traceback (most recent call last):
  File "/usr/src/app/tests/base_test.py", line 64, in setUp
    upgrade()
  File "/usr/src/app/.venv/lib/python3.9/site-packages/flask_migrate/__init__.py", line 111, in wrapped
    f(*args, **kwargs)
  File "/usr/src/app/.venv/lib/python3.9/site-packages/flask_migrate/__init__.py", line 200, in upgrade
    command.upgrade(config, revision, sql=sql, tag=tag)
  File "/usr/src/app/.venv/lib/python3.9/site-packages/alembic/command.py", line 403, in upgrade
    script.run_env()
  File "/usr/src/app/.venv/lib/python3.9/site-packages/alembic/script/base.py", line 583, in run_env
    util.load_python_file(self.dir, "env.py")
  File "/usr/src/app/.venv/lib/python3.9/site-packages/alembic/util/pyfiles.py", line 95, in load_python_file
    module = load_module_py(module_id, path)
  File "/usr/src/app/.venv/lib/python3.9/site-packages/alembic/util/pyfiles.py", line 113, in load_module_py
    spec.loader.exec_module(module)  # type: ignore
  File "<frozen importlib._bootstrap_external>", line 850, in exec_module
  File "<frozen importlib._bootstrap>", line 228, in _call_with_frames_removed
  File "migrations/env.py", line 113, in <module>
    run_migrations_online()
  File "migrations/env.py", line 107, in run_migrations_online
    context.run_migrations()
  File "<string>", line 8, in run_migrations
  File "/usr/src/app/.venv/lib/python3.9/site-packages/alembic/runtime/environment.py", line 948, in run_migrations
    self.get_context().run_migrations(**kw)
  File "/usr/src/app/.venv/lib/python3.9/site-packages/alembic/runtime/migration.py", line 627, in run_migrations
    step.migration_fn(**kw)
  File "/usr/src/app/migrations/versions/1af632eb25cf_.py", line 65, in upgrade
    op.create_table('projects',
  File "<string>", line 8, in create_table
  File "<string>", line 3, in create_table
  File "/usr/src/app/.venv/lib/python3.9/site-packages/alembic/operations/ops.py", line 1311, in create_table
    return operations.invoke(op)
  File "/usr/src/app/.venv/lib/python3.9/site-packages/alembic/operations/base.py", line 445, in invoke
    return fn(self, operation)
  File "/usr/src/app/.venv/lib/python3.9/site-packages/alembic/operations/toimpl.py", line 131, in create_table
    operations.impl.create_table(table)
  File "/usr/src/app/.venv/lib/python3.9/site-packages/alembic/ddl/impl.py", line 363, in create_table
    table.dispatch.before_create(
  File "/usr/src/app/.venv/lib/python3.9/site-packages/sqlalchemy/event/attr.py", line 497, in __call__
    fn(*args, **kw)
  File "/usr/src/app/.venv/lib/python3.9/site-packages/sqlalchemy/util/langhelpers.py", line 852, in __call__
    return getattr(self.target, self.name)(*arg, **kw)
  File "/usr/src/app/.venv/lib/python3.9/site-packages/sqlalchemy/sql/sqltypes.py", line 1120, in _on_table_create
    t._on_table_create(target, bind, **kw)
  File "/usr/src/app/.venv/lib/python3.9/site-packages/sqlalchemy/dialects/postgresql/named_types.py", line 98, in _on_table_create
    self.create(bind=bind, checkfirst=checkfirst)
  File "/usr/src/app/.venv/lib/python3.9/site-packages/sqlalchemy/dialects/postgresql/named_types.py", line 338, in create
    super().create(bind, checkfirst=checkfirst)
  File "/usr/src/app/.venv/lib/python3.9/site-packages/sqlalchemy/dialects/postgresql/named_types.py", line 51, in create
    bind._run_ddl_visitor(self.DDLGenerator, self, checkfirst=checkfirst)
  File "/usr/src/app/.venv/lib/python3.9/site-packages/sqlalchemy/engine/base.py", line 2461, in _run_ddl_visitor
    visitorcallable(self.dialect, self, **kwargs).traverse_single(element)
  File "/usr/src/app/.venv/lib/python3.9/site-packages/sqlalchemy/sql/visitors.py", line 664, in traverse_single
    return meth(obj, **kw)
  File "/usr/src/app/.venv/lib/python3.9/site-packages/sqlalchemy/dialects/postgresql/named_types.py", line 153, in visit_enum
    self.connection.execute(CreateEnumType(enum))
  File "/usr/src/app/.venv/lib/python3.9/site-packages/sqlalchemy/engine/base.py", line 1422, in execute
    return meth(
  File "/usr/src/app/.venv/lib/python3.9/site-packages/sqlalchemy/sql/ddl.py", line 180, in _execute_on_connection
    return connection._execute_ddl(
  File "/usr/src/app/.venv/lib/python3.9/site-packages/sqlalchemy/engine/base.py", line 1533, in _execute_ddl
    ret = self._execute_context(
  File "/usr/src/app/.venv/lib/python3.9/site-packages/sqlalchemy/engine/base.py", line 1850, in _execute_context
    return self._exec_single_context(
  File "/usr/src/app/.venv/lib/python3.9/site-packages/sqlalchemy/engine/base.py", line 1990, in _exec_single_context
    self._handle_dbapi_exception(
  File "/usr/src/app/.venv/lib/python3.9/site-packages/sqlalchemy/engine/base.py", line 2357, in _handle_dbapi_exception
    raise sqlalchemy_exception.with_traceback(exc_info[2]) from e
  File "/usr/src/app/.venv/lib/python3.9/site-packages/sqlalchemy/engine/base.py", line 1971, in _exec_single_context
    self.dialect.do_execute(
  File "/usr/src/app/.venv/lib/python3.9/site-packages/sqlalchemy/engine/default.py", line 919, in do_execute
    cursor.execute(statement, parameters)
sqlalchemy.exc.ProgrammingError: (psycopg2.errors.DuplicateObject) type "project_country" already exists

[SQL: CREATE TYPE project_country AS ENUM ('AFG', 'ALA', 'ALB', 'DZA', 'ASM', 'AND', 'AGO', 'AIA', 'ATA', 'ATG', 'ARG', 'ARM', 'ABW', 'AUS', 'AUT', 'AZE', 'BHS', 'BHR', 'BGD', 'BRB', 'BLR', 'BEL', 'BLZ', 'BEN', 'BMU', 'BTN', 'BOL', 'BES', 'BIH', 'BWA', 'BVT', 'BRA', 'IOT', 'BRN', 'BGR', 'BFA', 'BDI', 'KHM', 'CMR', 'CAN', 'CPV', 'CYM', 'CAF', 'TCD', 'CHL', 'CHN', 'CXR', 'CCK', 'COL', 'COM', 'COG', 'COD', 'COK', 'CRI', 'CIV', 'HRV', 'CUB', 'CUW', 'CYP', 'CZE', 'DNK', 'DJI', 'DMA', 'DOM', 'ECU', 'EGY', 'SLV', 'GNQ', 'ERI', 'EST', 'ETH', 'FLK', 'FRO', 'FJI', 'FIN', 'FRA', 'GUF', 'PYF', 'ATF', 'GAB', 'GMB', 'GEO', 'DEU', 'GHA', 'GIB', 'GRC', 'GRL', 'GRD', 'GLP', 'GUM', 'GTM', 'GGY', 'GIN', 'GNB', 'GUY', 'HTI', 'HMD', 'VAT', 'HND', 'HKG', 'HUN', 'ISL', 'IND', 'IDN', 'IRN', 'IRQ', 'IRL', 'IMN', 'ISR', 'ITA', 'JAM', 'JPN', 'JEY', 'JOR', 'KAZ', 'KEN', 'KIR', 'PRK', 'KOR', 'XKX', 'KWT', 'KGZ', 'LAO', 'LVA', 'LBN', 'LSO', 'LBR', 'LBY', 'LIE', 'LTU', 'LUX', 'MAC', 'MKD', 'MDG', 'MWI', 'MYS', 'MDV', 'MLI', 'MLT', 'MHL', 'MTQ', 'MRT', 'MUS', 'MYT', 'MEX', 'FSM', 'MDA', 'MCO', 'MNG', 'MNE', 'MSR', 'MAR', 'MOZ', 'MMR', 'NAM', 'NRU', 'NPL', 'NLD', 'NCL', 'NZL', 'NIC', 'NER', 'NGA', 'NIU', 'NFK', 'MNP', 'NOR', 'OMN', 'PAK', 'PLW', 'PSE', 'PAN', 'PNG', 'PRY', 'PER', 'PHL', 'PCN', 'POL', 'PRT', 'PRI', 'QAT', 'REU', 'ROU', 'RUS', 'RWA', 'BLM', 'SHN', 'KNA', 'LCA', 'MAF', 'SPM', 'VCT', 'WSM', 'SMR', 'STP', 'SAU', 'SEN', 'SRB', 'SYC', 'SLE', 'SGP', 'SXM', 'SVK', 'SVN', 'SLB', 'SOM', 'ZAF', 'SGS', 'SSD', 'ESP', 'LKA', 'SDN', 'SUR', 'SJM', 'SWZ', 'SWE', 'CHE', 'SYR', 'TWN', 'TJK', 'TZA', 'THA', 'TLS', 'TGO', 'TKL', 'TON', 'TTO', 'TUN', 'TUR', 'TKM', 'TCA', 'TUV', 'UGA', 'UKR', 'ARE', 'GBR', 'USA', 'UMI', 'URY', 'UZB', 'VUT', 'VEN', 'VNM', 'VGB', 'VIR', 'WLF', 'ESH', 'YEM', 'ZMB', 'ZWE')]
(Background on this error at: https://sqlalche.me/e/20/f405)
]]></error>
			<system-err><![CDATA[INFO  [alembic.runtime.migration] Context impl PostgresqlImpl.
INFO  [alembic.runtime.migration] Will assume transactional DDL.
INFO  [alembic.runtime.migration] Running upgrade  -> 1af632eb25cf, empty message
]]></system-err>
		</testcase>
		<testcase classname="test_resource_people.PeopleResourceTestCase" name="test_people_relationship_participants" time="0.093" timestamp="2024-04-12T15:57:36" file="tests/test_resource_people.py" line="654">
			<error type="ProgrammingError" message="(psycopg2.errors.DuplicateObject) type &quot;project_country&quot; already exists

[SQL: CREATE TYPE project_country AS ENUM ('AFG', 'ALA', 'ALB', 'DZA', 'ASM', 'AND', 'AGO', 'AIA', 'ATA', 'ATG', 'ARG', 'ARM', 'ABW', 'AUS', 'AUT', 'AZE', 'BHS', 'BHR', 'BGD', 'BRB', 'BLR', 'BEL', 'BLZ', 'BEN', 'BMU', 'BTN', 'BOL', 'BES', 'BIH', 'BWA', 'BVT', 'BRA', 'IOT', 'BRN', 'BGR', 'BFA', 'BDI', 'KHM', 'CMR', 'CAN', 'CPV', 'CYM', 'CAF', 'TCD', 'CHL', 'CHN', 'CXR', 'CCK', 'COL', 'COM', 'COG', 'COD', 'COK', 'CRI', 'CIV', 'HRV', 'CUB', 'CUW', 'CYP', 'CZE', 'DNK', 'DJI', 'DMA', 'DOM', 'ECU', 'EGY', 'SLV', 'GNQ', 'ERI', 'EST', 'ETH', 'FLK', 'FRO', 'FJI', 'FIN', 'FRA', 'GUF', 'PYF', 'ATF', 'GAB', 'GMB', 'GEO', 'DEU', 'GHA', 'GIB', 'GRC', 'GRL', 'GRD', 'GLP', 'GUM', 'GTM', 'GGY', 'GIN', 'GNB', 'GUY', 'HTI', 'HMD', 'VAT', 'HND', 'HKG', 'HUN', 'ISL', 'IND', 'IDN', 'IRN', 'IRQ', 'IRL', 'IMN', 'ISR', 'ITA', 'JAM', 'JPN', 'JEY', 'JOR', 'KAZ', 'KEN', 'KIR', 'PRK', 'KOR', 'XKX', 'KWT', 'KGZ', 'LAO', 'LVA', 'LBN', 'LSO', 'LBR', 'LBY', 'LIE', 'LTU', 'LUX', 'MAC', 'MKD', 'MDG', 'MWI', 'MYS', 'MDV', 'MLI', 'MLT', 'MHL', 'MTQ', 'MRT', 'MUS', 'MYT', 'MEX', 'FSM', 'MDA', 'MCO', 'MNG', 'MNE', 'MSR', 'MAR', 'MOZ', 'MMR', 'NAM', 'NRU', 'NPL', 'NLD', 'NCL', 'NZL', 'NIC', 'NER', 'NGA', 'NIU', 'NFK', 'MNP', 'NOR', 'OMN', 'PAK', 'PLW', 'PSE', 'PAN', 'PNG', 'PRY', 'PER', 'PHL', 'PCN', 'POL', 'PRT', 'PRI', 'QAT', 'REU', 'ROU', 'RUS', 'RWA', 'BLM', 'SHN', 'KNA', 'LCA', 'MAF', 'SPM', 'VCT', 'WSM', 'SMR', 'STP', 'SAU', 'SEN', 'SRB', 'SYC', 'SLE', 'SGP', 'SXM', 'SVK', 'SVN', 'SLB', 'SOM', 'ZAF', 'SGS', 'SSD', 'ESP', 'LKA', 'SDN', 'SUR', 'SJM', 'SWZ', 'SWE', 'CHE', 'SYR', 'TWN', 'TJK', 'TZA', 'THA', 'TLS', 'TGO', 'TKL', 'TON', 'TTO', 'TUN', 'TUR', 'TKM', 'TCA', 'TUV', 'UGA', 'UKR', 'ARE', 'GBR', 'USA', 'UMI', 'URY', 'UZB', 'VUT', 'VEN', 'VNM', 'VGB', 'VIR', 'WLF', 'ESH', 'YEM', 'ZMB', 'ZWE')]
(Background on this error at: https://sqlalche.me/e/20/f405)"><![CDATA[Traceback (most recent call last):
  File "/usr/src/app/.venv/lib/python3.9/site-packages/sqlalchemy/engine/base.py", line 1971, in _exec_single_context
    self.dialect.do_execute(
  File "/usr/src/app/.venv/lib/python3.9/site-packages/sqlalchemy/engine/default.py", line 919, in do_execute
    cursor.execute(statement, parameters)
psycopg2.errors.DuplicateObject: type "project_country" already exists


The above exception was the direct cause of the following exception:

Traceback (most recent call last):
  File "/usr/src/app/tests/base_test.py", line 64, in setUp
    upgrade()
  File "/usr/src/app/.venv/lib/python3.9/site-packages/flask_migrate/__init__.py", line 111, in wrapped
    f(*args, **kwargs)
  File "/usr/src/app/.venv/lib/python3.9/site-packages/flask_migrate/__init__.py", line 200, in upgrade
    command.upgrade(config, revision, sql=sql, tag=tag)
  File "/usr/src/app/.venv/lib/python3.9/site-packages/alembic/command.py", line 403, in upgrade
    script.run_env()
  File "/usr/src/app/.venv/lib/python3.9/site-packages/alembic/script/base.py", line 583, in run_env
    util.load_python_file(self.dir, "env.py")
  File "/usr/src/app/.venv/lib/python3.9/site-packages/alembic/util/pyfiles.py", line 95, in load_python_file
    module = load_module_py(module_id, path)
  File "/usr/src/app/.venv/lib/python3.9/site-packages/alembic/util/pyfiles.py", line 113, in load_module_py
    spec.loader.exec_module(module)  # type: ignore
  File "<frozen importlib._bootstrap_external>", line 850, in exec_module
  File "<frozen importlib._bootstrap>", line 228, in _call_with_frames_removed
  File "migrations/env.py", line 113, in <module>
    run_migrations_online()
  File "migrations/env.py", line 107, in run_migrations_online
    context.run_migrations()
  File "<string>", line 8, in run_migrations
  File "/usr/src/app/.venv/lib/python3.9/site-packages/alembic/runtime/environment.py", line 948, in run_migrations
    self.get_context().run_migrations(**kw)
  File "/usr/src/app/.venv/lib/python3.9/site-packages/alembic/runtime/migration.py", line 627, in run_migrations
    step.migration_fn(**kw)
  File "/usr/src/app/migrations/versions/1af632eb25cf_.py", line 65, in upgrade
    op.create_table('projects',
  File "<string>", line 8, in create_table
  File "<string>", line 3, in create_table
  File "/usr/src/app/.venv/lib/python3.9/site-packages/alembic/operations/ops.py", line 1311, in create_table
    return operations.invoke(op)
  File "/usr/src/app/.venv/lib/python3.9/site-packages/alembic/operations/base.py", line 445, in invoke
    return fn(self, operation)
  File "/usr/src/app/.venv/lib/python3.9/site-packages/alembic/operations/toimpl.py", line 131, in create_table
    operations.impl.create_table(table)
  File "/usr/src/app/.venv/lib/python3.9/site-packages/alembic/ddl/impl.py", line 363, in create_table
    table.dispatch.before_create(
  File "/usr/src/app/.venv/lib/python3.9/site-packages/sqlalchemy/event/attr.py", line 497, in __call__
    fn(*args, **kw)
  File "/usr/src/app/.venv/lib/python3.9/site-packages/sqlalchemy/util/langhelpers.py", line 852, in __call__
    return getattr(self.target, self.name)(*arg, **kw)
  File "/usr/src/app/.venv/lib/python3.9/site-packages/sqlalchemy/sql/sqltypes.py", line 1120, in _on_table_create
    t._on_table_create(target, bind, **kw)
  File "/usr/src/app/.venv/lib/python3.9/site-packages/sqlalchemy/dialects/postgresql/named_types.py", line 98, in _on_table_create
    self.create(bind=bind, checkfirst=checkfirst)
  File "/usr/src/app/.venv/lib/python3.9/site-packages/sqlalchemy/dialects/postgresql/named_types.py", line 338, in create
    super().create(bind, checkfirst=checkfirst)
  File "/usr/src/app/.venv/lib/python3.9/site-packages/sqlalchemy/dialects/postgresql/named_types.py", line 51, in create
    bind._run_ddl_visitor(self.DDLGenerator, self, checkfirst=checkfirst)
  File "/usr/src/app/.venv/lib/python3.9/site-packages/sqlalchemy/engine/base.py", line 2461, in _run_ddl_visitor
    visitorcallable(self.dialect, self, **kwargs).traverse_single(element)
  File "/usr/src/app/.venv/lib/python3.9/site-packages/sqlalchemy/sql/visitors.py", line 664, in traverse_single
    return meth(obj, **kw)
  File "/usr/src/app/.venv/lib/python3.9/site-packages/sqlalchemy/dialects/postgresql/named_types.py", line 153, in visit_enum
    self.connection.execute(CreateEnumType(enum))
  File "/usr/src/app/.venv/lib/python3.9/site-packages/sqlalchemy/engine/base.py", line 1422, in execute
    return meth(
  File "/usr/src/app/.venv/lib/python3.9/site-packages/sqlalchemy/sql/ddl.py", line 180, in _execute_on_connection
    return connection._execute_ddl(
  File "/usr/src/app/.venv/lib/python3.9/site-packages/sqlalchemy/engine/base.py", line 1533, in _execute_ddl
    ret = self._execute_context(
  File "/usr/src/app/.venv/lib/python3.9/site-packages/sqlalchemy/engine/base.py", line 1850, in _execute_context
    return self._exec_single_context(
  File "/usr/src/app/.venv/lib/python3.9/site-packages/sqlalchemy/engine/base.py", line 1990, in _exec_single_context
    self._handle_dbapi_exception(
  File "/usr/src/app/.venv/lib/python3.9/site-packages/sqlalchemy/engine/base.py", line 2357, in _handle_dbapi_exception
    raise sqlalchemy_exception.with_traceback(exc_info[2]) from e
  File "/usr/src/app/.venv/lib/python3.9/site-packages/sqlalchemy/engine/base.py", line 1971, in _exec_single_context
    self.dialect.do_execute(
  File "/usr/src/app/.venv/lib/python3.9/site-packages/sqlalchemy/engine/default.py", line 919, in do_execute
    cursor.execute(statement, parameters)
sqlalchemy.exc.ProgrammingError: (psycopg2.errors.DuplicateObject) type "project_country" already exists

[SQL: CREATE TYPE project_country AS ENUM ('AFG', 'ALA', 'ALB', 'DZA', 'ASM', 'AND', 'AGO', 'AIA', 'ATA', 'ATG', 'ARG', 'ARM', 'ABW', 'AUS', 'AUT', 'AZE', 'BHS', 'BHR', 'BGD', 'BRB', 'BLR', 'BEL', 'BLZ', 'BEN', 'BMU', 'BTN', 'BOL', 'BES', 'BIH', 'BWA', 'BVT', 'BRA', 'IOT', 'BRN', 'BGR', 'BFA', 'BDI', 'KHM', 'CMR', 'CAN', 'CPV', 'CYM', 'CAF', 'TCD', 'CHL', 'CHN', 'CXR', 'CCK', 'COL', 'COM', 'COG', 'COD', 'COK', 'CRI', 'CIV', 'HRV', 'CUB', 'CUW', 'CYP', 'CZE', 'DNK', 'DJI', 'DMA', 'DOM', 'ECU', 'EGY', 'SLV', 'GNQ', 'ERI', 'EST', 'ETH', 'FLK', 'FRO', 'FJI', 'FIN', 'FRA', 'GUF', 'PYF', 'ATF', 'GAB', 'GMB', 'GEO', 'DEU', 'GHA', 'GIB', 'GRC', 'GRL', 'GRD', 'GLP', 'GUM', 'GTM', 'GGY', 'GIN', 'GNB', 'GUY', 'HTI', 'HMD', 'VAT', 'HND', 'HKG', 'HUN', 'ISL', 'IND', 'IDN', 'IRN', 'IRQ', 'IRL', 'IMN', 'ISR', 'ITA', 'JAM', 'JPN', 'JEY', 'JOR', 'KAZ', 'KEN', 'KIR', 'PRK', 'KOR', 'XKX', 'KWT', 'KGZ', 'LAO', 'LVA', 'LBN', 'LSO', 'LBR', 'LBY', 'LIE', 'LTU', 'LUX', 'MAC', 'MKD', 'MDG', 'MWI', 'MYS', 'MDV', 'MLI', 'MLT', 'MHL', 'MTQ', 'MRT', 'MUS', 'MYT', 'MEX', 'FSM', 'MDA', 'MCO', 'MNG', 'MNE', 'MSR', 'MAR', 'MOZ', 'MMR', 'NAM', 'NRU', 'NPL', 'NLD', 'NCL', 'NZL', 'NIC', 'NER', 'NGA', 'NIU', 'NFK', 'MNP', 'NOR', 'OMN', 'PAK', 'PLW', 'PSE', 'PAN', 'PNG', 'PRY', 'PER', 'PHL', 'PCN', 'POL', 'PRT', 'PRI', 'QAT', 'REU', 'ROU', 'RUS', 'RWA', 'BLM', 'SHN', 'KNA', 'LCA', 'MAF', 'SPM', 'VCT', 'WSM', 'SMR', 'STP', 'SAU', 'SEN', 'SRB', 'SYC', 'SLE', 'SGP', 'SXM', 'SVK', 'SVN', 'SLB', 'SOM', 'ZAF', 'SGS', 'SSD', 'ESP', 'LKA', 'SDN', 'SUR', 'SJM', 'SWZ', 'SWE', 'CHE', 'SYR', 'TWN', 'TJK', 'TZA', 'THA', 'TLS', 'TGO', 'TKL', 'TON', 'TTO', 'TUN', 'TUR', 'TKM', 'TCA', 'TUV', 'UGA', 'UKR', 'ARE', 'GBR', 'USA', 'UMI', 'URY', 'UZB', 'VUT', 'VEN', 'VNM', 'VGB', 'VIR', 'WLF', 'ESH', 'YEM', 'ZMB', 'ZWE')]
(Background on this error at: https://sqlalche.me/e/20/f405)
]]></error>
			<system-err><![CDATA[INFO  [alembic.runtime.migration] Context impl PostgresqlImpl.
INFO  [alembic.runtime.migration] Will assume transactional DDL.
INFO  [alembic.runtime.migration] Running upgrade  -> 1af632eb25cf, empty message
]]></system-err>
		</testcase>
		<testcase classname="test_resource_people.PeopleResourceTestCase" name="test_people_single_missing_unknown_id" time="0.070" timestamp="2024-04-12T15:57:36" file="tests/test_resource_people.py" line="615">
			<error type="ProgrammingError" message="(psycopg2.errors.DuplicateObject) type &quot;project_country&quot; already exists

[SQL: CREATE TYPE project_country AS ENUM ('AFG', 'ALA', 'ALB', 'DZA', 'ASM', 'AND', 'AGO', 'AIA', 'ATA', 'ATG', 'ARG', 'ARM', 'ABW', 'AUS', 'AUT', 'AZE', 'BHS', 'BHR', 'BGD', 'BRB', 'BLR', 'BEL', 'BLZ', 'BEN', 'BMU', 'BTN', 'BOL', 'BES', 'BIH', 'BWA', 'BVT', 'BRA', 'IOT', 'BRN', 'BGR', 'BFA', 'BDI', 'KHM', 'CMR', 'CAN', 'CPV', 'CYM', 'CAF', 'TCD', 'CHL', 'CHN', 'CXR', 'CCK', 'COL', 'COM', 'COG', 'COD', 'COK', 'CRI', 'CIV', 'HRV', 'CUB', 'CUW', 'CYP', 'CZE', 'DNK', 'DJI', 'DMA', 'DOM', 'ECU', 'EGY', 'SLV', 'GNQ', 'ERI', 'EST', 'ETH', 'FLK', 'FRO', 'FJI', 'FIN', 'FRA', 'GUF', 'PYF', 'ATF', 'GAB', 'GMB', 'GEO', 'DEU', 'GHA', 'GIB', 'GRC', 'GRL', 'GRD', 'GLP', 'GUM', 'GTM', 'GGY', 'GIN', 'GNB', 'GUY', 'HTI', 'HMD', 'VAT', 'HND', 'HKG', 'HUN', 'ISL', 'IND', 'IDN', 'IRN', 'IRQ', 'IRL', 'IMN', 'ISR', 'ITA', 'JAM', 'JPN', 'JEY', 'JOR', 'KAZ', 'KEN', 'KIR', 'PRK', 'KOR', 'XKX', 'KWT', 'KGZ', 'LAO', 'LVA', 'LBN', 'LSO', 'LBR', 'LBY', 'LIE', 'LTU', 'LUX', 'MAC', 'MKD', 'MDG', 'MWI', 'MYS', 'MDV', 'MLI', 'MLT', 'MHL', 'MTQ', 'MRT', 'MUS', 'MYT', 'MEX', 'FSM', 'MDA', 'MCO', 'MNG', 'MNE', 'MSR', 'MAR', 'MOZ', 'MMR', 'NAM', 'NRU', 'NPL', 'NLD', 'NCL', 'NZL', 'NIC', 'NER', 'NGA', 'NIU', 'NFK', 'MNP', 'NOR', 'OMN', 'PAK', 'PLW', 'PSE', 'PAN', 'PNG', 'PRY', 'PER', 'PHL', 'PCN', 'POL', 'PRT', 'PRI', 'QAT', 'REU', 'ROU', 'RUS', 'RWA', 'BLM', 'SHN', 'KNA', 'LCA', 'MAF', 'SPM', 'VCT', 'WSM', 'SMR', 'STP', 'SAU', 'SEN', 'SRB', 'SYC', 'SLE', 'SGP', 'SXM', 'SVK', 'SVN', 'SLB', 'SOM', 'ZAF', 'SGS', 'SSD', 'ESP', 'LKA', 'SDN', 'SUR', 'SJM', 'SWZ', 'SWE', 'CHE', 'SYR', 'TWN', 'TJK', 'TZA', 'THA', 'TLS', 'TGO', 'TKL', 'TON', 'TTO', 'TUN', 'TUR', 'TKM', 'TCA', 'TUV', 'UGA', 'UKR', 'ARE', 'GBR', 'USA', 'UMI', 'URY', 'UZB', 'VUT', 'VEN', 'VNM', 'VGB', 'VIR', 'WLF', 'ESH', 'YEM', 'ZMB', 'ZWE')]
(Background on this error at: https://sqlalche.me/e/20/f405)"><![CDATA[Traceback (most recent call last):
  File "/usr/src/app/.venv/lib/python3.9/site-packages/sqlalchemy/engine/base.py", line 1971, in _exec_single_context
    self.dialect.do_execute(
  File "/usr/src/app/.venv/lib/python3.9/site-packages/sqlalchemy/engine/default.py", line 919, in do_execute
    cursor.execute(statement, parameters)
psycopg2.errors.DuplicateObject: type "project_country" already exists


The above exception was the direct cause of the following exception:

Traceback (most recent call last):
  File "/usr/src/app/tests/base_test.py", line 64, in setUp
    upgrade()
  File "/usr/src/app/.venv/lib/python3.9/site-packages/flask_migrate/__init__.py", line 111, in wrapped
    f(*args, **kwargs)
  File "/usr/src/app/.venv/lib/python3.9/site-packages/flask_migrate/__init__.py", line 200, in upgrade
    command.upgrade(config, revision, sql=sql, tag=tag)
  File "/usr/src/app/.venv/lib/python3.9/site-packages/alembic/command.py", line 403, in upgrade
    script.run_env()
  File "/usr/src/app/.venv/lib/python3.9/site-packages/alembic/script/base.py", line 583, in run_env
    util.load_python_file(self.dir, "env.py")
  File "/usr/src/app/.venv/lib/python3.9/site-packages/alembic/util/pyfiles.py", line 95, in load_python_file
    module = load_module_py(module_id, path)
  File "/usr/src/app/.venv/lib/python3.9/site-packages/alembic/util/pyfiles.py", line 113, in load_module_py
    spec.loader.exec_module(module)  # type: ignore
  File "<frozen importlib._bootstrap_external>", line 850, in exec_module
  File "<frozen importlib._bootstrap>", line 228, in _call_with_frames_removed
  File "migrations/env.py", line 113, in <module>
    run_migrations_online()
  File "migrations/env.py", line 107, in run_migrations_online
    context.run_migrations()
  File "<string>", line 8, in run_migrations
  File "/usr/src/app/.venv/lib/python3.9/site-packages/alembic/runtime/environment.py", line 948, in run_migrations
    self.get_context().run_migrations(**kw)
  File "/usr/src/app/.venv/lib/python3.9/site-packages/alembic/runtime/migration.py", line 627, in run_migrations
    step.migration_fn(**kw)
  File "/usr/src/app/migrations/versions/1af632eb25cf_.py", line 65, in upgrade
    op.create_table('projects',
  File "<string>", line 8, in create_table
  File "<string>", line 3, in create_table
  File "/usr/src/app/.venv/lib/python3.9/site-packages/alembic/operations/ops.py", line 1311, in create_table
    return operations.invoke(op)
  File "/usr/src/app/.venv/lib/python3.9/site-packages/alembic/operations/base.py", line 445, in invoke
    return fn(self, operation)
  File "/usr/src/app/.venv/lib/python3.9/site-packages/alembic/operations/toimpl.py", line 131, in create_table
    operations.impl.create_table(table)
  File "/usr/src/app/.venv/lib/python3.9/site-packages/alembic/ddl/impl.py", line 363, in create_table
    table.dispatch.before_create(
  File "/usr/src/app/.venv/lib/python3.9/site-packages/sqlalchemy/event/attr.py", line 497, in __call__
    fn(*args, **kw)
  File "/usr/src/app/.venv/lib/python3.9/site-packages/sqlalchemy/util/langhelpers.py", line 852, in __call__
    return getattr(self.target, self.name)(*arg, **kw)
  File "/usr/src/app/.venv/lib/python3.9/site-packages/sqlalchemy/sql/sqltypes.py", line 1120, in _on_table_create
    t._on_table_create(target, bind, **kw)
  File "/usr/src/app/.venv/lib/python3.9/site-packages/sqlalchemy/dialects/postgresql/named_types.py", line 98, in _on_table_create
    self.create(bind=bind, checkfirst=checkfirst)
  File "/usr/src/app/.venv/lib/python3.9/site-packages/sqlalchemy/dialects/postgresql/named_types.py", line 338, in create
    super().create(bind, checkfirst=checkfirst)
  File "/usr/src/app/.venv/lib/python3.9/site-packages/sqlalchemy/dialects/postgresql/named_types.py", line 51, in create
    bind._run_ddl_visitor(self.DDLGenerator, self, checkfirst=checkfirst)
  File "/usr/src/app/.venv/lib/python3.9/site-packages/sqlalchemy/engine/base.py", line 2461, in _run_ddl_visitor
    visitorcallable(self.dialect, self, **kwargs).traverse_single(element)
  File "/usr/src/app/.venv/lib/python3.9/site-packages/sqlalchemy/sql/visitors.py", line 664, in traverse_single
    return meth(obj, **kw)
  File "/usr/src/app/.venv/lib/python3.9/site-packages/sqlalchemy/dialects/postgresql/named_types.py", line 153, in visit_enum
    self.connection.execute(CreateEnumType(enum))
  File "/usr/src/app/.venv/lib/python3.9/site-packages/sqlalchemy/engine/base.py", line 1422, in execute
    return meth(
  File "/usr/src/app/.venv/lib/python3.9/site-packages/sqlalchemy/sql/ddl.py", line 180, in _execute_on_connection
    return connection._execute_ddl(
  File "/usr/src/app/.venv/lib/python3.9/site-packages/sqlalchemy/engine/base.py", line 1533, in _execute_ddl
    ret = self._execute_context(
  File "/usr/src/app/.venv/lib/python3.9/site-packages/sqlalchemy/engine/base.py", line 1850, in _execute_context
    return self._exec_single_context(
  File "/usr/src/app/.venv/lib/python3.9/site-packages/sqlalchemy/engine/base.py", line 1990, in _exec_single_context
    self._handle_dbapi_exception(
  File "/usr/src/app/.venv/lib/python3.9/site-packages/sqlalchemy/engine/base.py", line 2357, in _handle_dbapi_exception
    raise sqlalchemy_exception.with_traceback(exc_info[2]) from e
  File "/usr/src/app/.venv/lib/python3.9/site-packages/sqlalchemy/engine/base.py", line 1971, in _exec_single_context
    self.dialect.do_execute(
  File "/usr/src/app/.venv/lib/python3.9/site-packages/sqlalchemy/engine/default.py", line 919, in do_execute
    cursor.execute(statement, parameters)
sqlalchemy.exc.ProgrammingError: (psycopg2.errors.DuplicateObject) type "project_country" already exists

[SQL: CREATE TYPE project_country AS ENUM ('AFG', 'ALA', 'ALB', 'DZA', 'ASM', 'AND', 'AGO', 'AIA', 'ATA', 'ATG', 'ARG', 'ARM', 'ABW', 'AUS', 'AUT', 'AZE', 'BHS', 'BHR', 'BGD', 'BRB', 'BLR', 'BEL', 'BLZ', 'BEN', 'BMU', 'BTN', 'BOL', 'BES', 'BIH', 'BWA', 'BVT', 'BRA', 'IOT', 'BRN', 'BGR', 'BFA', 'BDI', 'KHM', 'CMR', 'CAN', 'CPV', 'CYM', 'CAF', 'TCD', 'CHL', 'CHN', 'CXR', 'CCK', 'COL', 'COM', 'COG', 'COD', 'COK', 'CRI', 'CIV', 'HRV', 'CUB', 'CUW', 'CYP', 'CZE', 'DNK', 'DJI', 'DMA', 'DOM', 'ECU', 'EGY', 'SLV', 'GNQ', 'ERI', 'EST', 'ETH', 'FLK', 'FRO', 'FJI', 'FIN', 'FRA', 'GUF', 'PYF', 'ATF', 'GAB', 'GMB', 'GEO', 'DEU', 'GHA', 'GIB', 'GRC', 'GRL', 'GRD', 'GLP', 'GUM', 'GTM', 'GGY', 'GIN', 'GNB', 'GUY', 'HTI', 'HMD', 'VAT', 'HND', 'HKG', 'HUN', 'ISL', 'IND', 'IDN', 'IRN', 'IRQ', 'IRL', 'IMN', 'ISR', 'ITA', 'JAM', 'JPN', 'JEY', 'JOR', 'KAZ', 'KEN', 'KIR', 'PRK', 'KOR', 'XKX', 'KWT', 'KGZ', 'LAO', 'LVA', 'LBN', 'LSO', 'LBR', 'LBY', 'LIE', 'LTU', 'LUX', 'MAC', 'MKD', 'MDG', 'MWI', 'MYS', 'MDV', 'MLI', 'MLT', 'MHL', 'MTQ', 'MRT', 'MUS', 'MYT', 'MEX', 'FSM', 'MDA', 'MCO', 'MNG', 'MNE', 'MSR', 'MAR', 'MOZ', 'MMR', 'NAM', 'NRU', 'NPL', 'NLD', 'NCL', 'NZL', 'NIC', 'NER', 'NGA', 'NIU', 'NFK', 'MNP', 'NOR', 'OMN', 'PAK', 'PLW', 'PSE', 'PAN', 'PNG', 'PRY', 'PER', 'PHL', 'PCN', 'POL', 'PRT', 'PRI', 'QAT', 'REU', 'ROU', 'RUS', 'RWA', 'BLM', 'SHN', 'KNA', 'LCA', 'MAF', 'SPM', 'VCT', 'WSM', 'SMR', 'STP', 'SAU', 'SEN', 'SRB', 'SYC', 'SLE', 'SGP', 'SXM', 'SVK', 'SVN', 'SLB', 'SOM', 'ZAF', 'SGS', 'SSD', 'ESP', 'LKA', 'SDN', 'SUR', 'SJM', 'SWZ', 'SWE', 'CHE', 'SYR', 'TWN', 'TJK', 'TZA', 'THA', 'TLS', 'TGO', 'TKL', 'TON', 'TTO', 'TUN', 'TUR', 'TKM', 'TCA', 'TUV', 'UGA', 'UKR', 'ARE', 'GBR', 'USA', 'UMI', 'URY', 'UZB', 'VUT', 'VEN', 'VNM', 'VGB', 'VIR', 'WLF', 'ESH', 'YEM', 'ZMB', 'ZWE')]
(Background on this error at: https://sqlalche.me/e/20/f405)
]]></error>
			<system-err><![CDATA[INFO  [alembic.runtime.migration] Context impl PostgresqlImpl.
INFO  [alembic.runtime.migration] Will assume transactional DDL.
INFO  [alembic.runtime.migration] Running upgrade  -> 1af632eb25cf, empty message
]]></system-err>
		</testcase>
	</testsuite>
	<testsuite name="test_resource_projects.ProjectsResourceTestCase-20240412155730" tests="9" file="test_resource_projects.py" time="0.858" timestamp="2024-04-12T15:57:37" failures="0" errors="9" skipped="0">
		<testcase classname="test_resource_projects.ProjectsResourceTestCase" name="test_projects_allocations" time="0.074" timestamp="2024-04-12T15:57:36" file="tests/test_resource_projects.py" line="1618">
			<error type="ProgrammingError" message="(psycopg2.errors.DuplicateObject) type &quot;project_country&quot; already exists

[SQL: CREATE TYPE project_country AS ENUM ('AFG', 'ALA', 'ALB', 'DZA', 'ASM', 'AND', 'AGO', 'AIA', 'ATA', 'ATG', 'ARG', 'ARM', 'ABW', 'AUS', 'AUT', 'AZE', 'BHS', 'BHR', 'BGD', 'BRB', 'BLR', 'BEL', 'BLZ', 'BEN', 'BMU', 'BTN', 'BOL', 'BES', 'BIH', 'BWA', 'BVT', 'BRA', 'IOT', 'BRN', 'BGR', 'BFA', 'BDI', 'KHM', 'CMR', 'CAN', 'CPV', 'CYM', 'CAF', 'TCD', 'CHL', 'CHN', 'CXR', 'CCK', 'COL', 'COM', 'COG', 'COD', 'COK', 'CRI', 'CIV', 'HRV', 'CUB', 'CUW', 'CYP', 'CZE', 'DNK', 'DJI', 'DMA', 'DOM', 'ECU', 'EGY', 'SLV', 'GNQ', 'ERI', 'EST', 'ETH', 'FLK', 'FRO', 'FJI', 'FIN', 'FRA', 'GUF', 'PYF', 'ATF', 'GAB', 'GMB', 'GEO', 'DEU', 'GHA', 'GIB', 'GRC', 'GRL', 'GRD', 'GLP', 'GUM', 'GTM', 'GGY', 'GIN', 'GNB', 'GUY', 'HTI', 'HMD', 'VAT', 'HND', 'HKG', 'HUN', 'ISL', 'IND', 'IDN', 'IRN', 'IRQ', 'IRL', 'IMN', 'ISR', 'ITA', 'JAM', 'JPN', 'JEY', 'JOR', 'KAZ', 'KEN', 'KIR', 'PRK', 'KOR', 'XKX', 'KWT', 'KGZ', 'LAO', 'LVA', 'LBN', 'LSO', 'LBR', 'LBY', 'LIE', 'LTU', 'LUX', 'MAC', 'MKD', 'MDG', 'MWI', 'MYS', 'MDV', 'MLI', 'MLT', 'MHL', 'MTQ', 'MRT', 'MUS', 'MYT', 'MEX', 'FSM', 'MDA', 'MCO', 'MNG', 'MNE', 'MSR', 'MAR', 'MOZ', 'MMR', 'NAM', 'NRU', 'NPL', 'NLD', 'NCL', 'NZL', 'NIC', 'NER', 'NGA', 'NIU', 'NFK', 'MNP', 'NOR', 'OMN', 'PAK', 'PLW', 'PSE', 'PAN', 'PNG', 'PRY', 'PER', 'PHL', 'PCN', 'POL', 'PRT', 'PRI', 'QAT', 'REU', 'ROU', 'RUS', 'RWA', 'BLM', 'SHN', 'KNA', 'LCA', 'MAF', 'SPM', 'VCT', 'WSM', 'SMR', 'STP', 'SAU', 'SEN', 'SRB', 'SYC', 'SLE', 'SGP', 'SXM', 'SVK', 'SVN', 'SLB', 'SOM', 'ZAF', 'SGS', 'SSD', 'ESP', 'LKA', 'SDN', 'SUR', 'SJM', 'SWZ', 'SWE', 'CHE', 'SYR', 'TWN', 'TJK', 'TZA', 'THA', 'TLS', 'TGO', 'TKL', 'TON', 'TTO', 'TUN', 'TUR', 'TKM', 'TCA', 'TUV', 'UGA', 'UKR', 'ARE', 'GBR', 'USA', 'UMI', 'URY', 'UZB', 'VUT', 'VEN', 'VNM', 'VGB', 'VIR', 'WLF', 'ESH', 'YEM', 'ZMB', 'ZWE')]
(Background on this error at: https://sqlalche.me/e/20/f405)"><![CDATA[Traceback (most recent call last):
  File "/usr/src/app/.venv/lib/python3.9/site-packages/sqlalchemy/engine/base.py", line 1971, in _exec_single_context
    self.dialect.do_execute(
  File "/usr/src/app/.venv/lib/python3.9/site-packages/sqlalchemy/engine/default.py", line 919, in do_execute
    cursor.execute(statement, parameters)
psycopg2.errors.DuplicateObject: type "project_country" already exists


The above exception was the direct cause of the following exception:

Traceback (most recent call last):
  File "/usr/src/app/tests/base_test.py", line 64, in setUp
    upgrade()
  File "/usr/src/app/.venv/lib/python3.9/site-packages/flask_migrate/__init__.py", line 111, in wrapped
    f(*args, **kwargs)
  File "/usr/src/app/.venv/lib/python3.9/site-packages/flask_migrate/__init__.py", line 200, in upgrade
    command.upgrade(config, revision, sql=sql, tag=tag)
  File "/usr/src/app/.venv/lib/python3.9/site-packages/alembic/command.py", line 403, in upgrade
    script.run_env()
  File "/usr/src/app/.venv/lib/python3.9/site-packages/alembic/script/base.py", line 583, in run_env
    util.load_python_file(self.dir, "env.py")
  File "/usr/src/app/.venv/lib/python3.9/site-packages/alembic/util/pyfiles.py", line 95, in load_python_file
    module = load_module_py(module_id, path)
  File "/usr/src/app/.venv/lib/python3.9/site-packages/alembic/util/pyfiles.py", line 113, in load_module_py
    spec.loader.exec_module(module)  # type: ignore
  File "<frozen importlib._bootstrap_external>", line 850, in exec_module
  File "<frozen importlib._bootstrap>", line 228, in _call_with_frames_removed
  File "migrations/env.py", line 113, in <module>
    run_migrations_online()
  File "migrations/env.py", line 107, in run_migrations_online
    context.run_migrations()
  File "<string>", line 8, in run_migrations
  File "/usr/src/app/.venv/lib/python3.9/site-packages/alembic/runtime/environment.py", line 948, in run_migrations
    self.get_context().run_migrations(**kw)
  File "/usr/src/app/.venv/lib/python3.9/site-packages/alembic/runtime/migration.py", line 627, in run_migrations
    step.migration_fn(**kw)
  File "/usr/src/app/migrations/versions/1af632eb25cf_.py", line 65, in upgrade
    op.create_table('projects',
  File "<string>", line 8, in create_table
  File "<string>", line 3, in create_table
  File "/usr/src/app/.venv/lib/python3.9/site-packages/alembic/operations/ops.py", line 1311, in create_table
    return operations.invoke(op)
  File "/usr/src/app/.venv/lib/python3.9/site-packages/alembic/operations/base.py", line 445, in invoke
    return fn(self, operation)
  File "/usr/src/app/.venv/lib/python3.9/site-packages/alembic/operations/toimpl.py", line 131, in create_table
    operations.impl.create_table(table)
  File "/usr/src/app/.venv/lib/python3.9/site-packages/alembic/ddl/impl.py", line 363, in create_table
    table.dispatch.before_create(
  File "/usr/src/app/.venv/lib/python3.9/site-packages/sqlalchemy/event/attr.py", line 497, in __call__
    fn(*args, **kw)
  File "/usr/src/app/.venv/lib/python3.9/site-packages/sqlalchemy/util/langhelpers.py", line 852, in __call__
    return getattr(self.target, self.name)(*arg, **kw)
  File "/usr/src/app/.venv/lib/python3.9/site-packages/sqlalchemy/sql/sqltypes.py", line 1120, in _on_table_create
    t._on_table_create(target, bind, **kw)
  File "/usr/src/app/.venv/lib/python3.9/site-packages/sqlalchemy/dialects/postgresql/named_types.py", line 98, in _on_table_create
    self.create(bind=bind, checkfirst=checkfirst)
  File "/usr/src/app/.venv/lib/python3.9/site-packages/sqlalchemy/dialects/postgresql/named_types.py", line 338, in create
    super().create(bind, checkfirst=checkfirst)
  File "/usr/src/app/.venv/lib/python3.9/site-packages/sqlalchemy/dialects/postgresql/named_types.py", line 51, in create
    bind._run_ddl_visitor(self.DDLGenerator, self, checkfirst=checkfirst)
  File "/usr/src/app/.venv/lib/python3.9/site-packages/sqlalchemy/engine/base.py", line 2461, in _run_ddl_visitor
    visitorcallable(self.dialect, self, **kwargs).traverse_single(element)
  File "/usr/src/app/.venv/lib/python3.9/site-packages/sqlalchemy/sql/visitors.py", line 664, in traverse_single
    return meth(obj, **kw)
  File "/usr/src/app/.venv/lib/python3.9/site-packages/sqlalchemy/dialects/postgresql/named_types.py", line 153, in visit_enum
    self.connection.execute(CreateEnumType(enum))
  File "/usr/src/app/.venv/lib/python3.9/site-packages/sqlalchemy/engine/base.py", line 1422, in execute
    return meth(
  File "/usr/src/app/.venv/lib/python3.9/site-packages/sqlalchemy/sql/ddl.py", line 180, in _execute_on_connection
    return connection._execute_ddl(
  File "/usr/src/app/.venv/lib/python3.9/site-packages/sqlalchemy/engine/base.py", line 1533, in _execute_ddl
    ret = self._execute_context(
  File "/usr/src/app/.venv/lib/python3.9/site-packages/sqlalchemy/engine/base.py", line 1850, in _execute_context
    return self._exec_single_context(
  File "/usr/src/app/.venv/lib/python3.9/site-packages/sqlalchemy/engine/base.py", line 1990, in _exec_single_context
    self._handle_dbapi_exception(
  File "/usr/src/app/.venv/lib/python3.9/site-packages/sqlalchemy/engine/base.py", line 2357, in _handle_dbapi_exception
    raise sqlalchemy_exception.with_traceback(exc_info[2]) from e
  File "/usr/src/app/.venv/lib/python3.9/site-packages/sqlalchemy/engine/base.py", line 1971, in _exec_single_context
    self.dialect.do_execute(
  File "/usr/src/app/.venv/lib/python3.9/site-packages/sqlalchemy/engine/default.py", line 919, in do_execute
    cursor.execute(statement, parameters)
sqlalchemy.exc.ProgrammingError: (psycopg2.errors.DuplicateObject) type "project_country" already exists

[SQL: CREATE TYPE project_country AS ENUM ('AFG', 'ALA', 'ALB', 'DZA', 'ASM', 'AND', 'AGO', 'AIA', 'ATA', 'ATG', 'ARG', 'ARM', 'ABW', 'AUS', 'AUT', 'AZE', 'BHS', 'BHR', 'BGD', 'BRB', 'BLR', 'BEL', 'BLZ', 'BEN', 'BMU', 'BTN', 'BOL', 'BES', 'BIH', 'BWA', 'BVT', 'BRA', 'IOT', 'BRN', 'BGR', 'BFA', 'BDI', 'KHM', 'CMR', 'CAN', 'CPV', 'CYM', 'CAF', 'TCD', 'CHL', 'CHN', 'CXR', 'CCK', 'COL', 'COM', 'COG', 'COD', 'COK', 'CRI', 'CIV', 'HRV', 'CUB', 'CUW', 'CYP', 'CZE', 'DNK', 'DJI', 'DMA', 'DOM', 'ECU', 'EGY', 'SLV', 'GNQ', 'ERI', 'EST', 'ETH', 'FLK', 'FRO', 'FJI', 'FIN', 'FRA', 'GUF', 'PYF', 'ATF', 'GAB', 'GMB', 'GEO', 'DEU', 'GHA', 'GIB', 'GRC', 'GRL', 'GRD', 'GLP', 'GUM', 'GTM', 'GGY', 'GIN', 'GNB', 'GUY', 'HTI', 'HMD', 'VAT', 'HND', 'HKG', 'HUN', 'ISL', 'IND', 'IDN', 'IRN', 'IRQ', 'IRL', 'IMN', 'ISR', 'ITA', 'JAM', 'JPN', 'JEY', 'JOR', 'KAZ', 'KEN', 'KIR', 'PRK', 'KOR', 'XKX', 'KWT', 'KGZ', 'LAO', 'LVA', 'LBN', 'LSO', 'LBR', 'LBY', 'LIE', 'LTU', 'LUX', 'MAC', 'MKD', 'MDG', 'MWI', 'MYS', 'MDV', 'MLI', 'MLT', 'MHL', 'MTQ', 'MRT', 'MUS', 'MYT', 'MEX', 'FSM', 'MDA', 'MCO', 'MNG', 'MNE', 'MSR', 'MAR', 'MOZ', 'MMR', 'NAM', 'NRU', 'NPL', 'NLD', 'NCL', 'NZL', 'NIC', 'NER', 'NGA', 'NIU', 'NFK', 'MNP', 'NOR', 'OMN', 'PAK', 'PLW', 'PSE', 'PAN', 'PNG', 'PRY', 'PER', 'PHL', 'PCN', 'POL', 'PRT', 'PRI', 'QAT', 'REU', 'ROU', 'RUS', 'RWA', 'BLM', 'SHN', 'KNA', 'LCA', 'MAF', 'SPM', 'VCT', 'WSM', 'SMR', 'STP', 'SAU', 'SEN', 'SRB', 'SYC', 'SLE', 'SGP', 'SXM', 'SVK', 'SVN', 'SLB', 'SOM', 'ZAF', 'SGS', 'SSD', 'ESP', 'LKA', 'SDN', 'SUR', 'SJM', 'SWZ', 'SWE', 'CHE', 'SYR', 'TWN', 'TJK', 'TZA', 'THA', 'TLS', 'TGO', 'TKL', 'TON', 'TTO', 'TUN', 'TUR', 'TKM', 'TCA', 'TUV', 'UGA', 'UKR', 'ARE', 'GBR', 'USA', 'UMI', 'URY', 'UZB', 'VUT', 'VEN', 'VNM', 'VGB', 'VIR', 'WLF', 'ESH', 'YEM', 'ZMB', 'ZWE')]
(Background on this error at: https://sqlalche.me/e/20/f405)
]]></error>
			<system-err><![CDATA[INFO  [alembic.runtime.migration] Context impl PostgresqlImpl.
INFO  [alembic.runtime.migration] Will assume transactional DDL.
INFO  [alembic.runtime.migration] Running upgrade  -> 1af632eb25cf, empty message
]]></system-err>
		</testcase>
		<testcase classname="test_resource_projects.ProjectsResourceTestCase" name="test_projects_categorisations" time="0.083" timestamp="2024-04-12T15:57:36" file="tests/test_resource_projects.py" line="1759">
			<error type="ProgrammingError" message="(psycopg2.errors.DuplicateObject) type &quot;project_country&quot; already exists

[SQL: CREATE TYPE project_country AS ENUM ('AFG', 'ALA', 'ALB', 'DZA', 'ASM', 'AND', 'AGO', 'AIA', 'ATA', 'ATG', 'ARG', 'ARM', 'ABW', 'AUS', 'AUT', 'AZE', 'BHS', 'BHR', 'BGD', 'BRB', 'BLR', 'BEL', 'BLZ', 'BEN', 'BMU', 'BTN', 'BOL', 'BES', 'BIH', 'BWA', 'BVT', 'BRA', 'IOT', 'BRN', 'BGR', 'BFA', 'BDI', 'KHM', 'CMR', 'CAN', 'CPV', 'CYM', 'CAF', 'TCD', 'CHL', 'CHN', 'CXR', 'CCK', 'COL', 'COM', 'COG', 'COD', 'COK', 'CRI', 'CIV', 'HRV', 'CUB', 'CUW', 'CYP', 'CZE', 'DNK', 'DJI', 'DMA', 'DOM', 'ECU', 'EGY', 'SLV', 'GNQ', 'ERI', 'EST', 'ETH', 'FLK', 'FRO', 'FJI', 'FIN', 'FRA', 'GUF', 'PYF', 'ATF', 'GAB', 'GMB', 'GEO', 'DEU', 'GHA', 'GIB', 'GRC', 'GRL', 'GRD', 'GLP', 'GUM', 'GTM', 'GGY', 'GIN', 'GNB', 'GUY', 'HTI', 'HMD', 'VAT', 'HND', 'HKG', 'HUN', 'ISL', 'IND', 'IDN', 'IRN', 'IRQ', 'IRL', 'IMN', 'ISR', 'ITA', 'JAM', 'JPN', 'JEY', 'JOR', 'KAZ', 'KEN', 'KIR', 'PRK', 'KOR', 'XKX', 'KWT', 'KGZ', 'LAO', 'LVA', 'LBN', 'LSO', 'LBR', 'LBY', 'LIE', 'LTU', 'LUX', 'MAC', 'MKD', 'MDG', 'MWI', 'MYS', 'MDV', 'MLI', 'MLT', 'MHL', 'MTQ', 'MRT', 'MUS', 'MYT', 'MEX', 'FSM', 'MDA', 'MCO', 'MNG', 'MNE', 'MSR', 'MAR', 'MOZ', 'MMR', 'NAM', 'NRU', 'NPL', 'NLD', 'NCL', 'NZL', 'NIC', 'NER', 'NGA', 'NIU', 'NFK', 'MNP', 'NOR', 'OMN', 'PAK', 'PLW', 'PSE', 'PAN', 'PNG', 'PRY', 'PER', 'PHL', 'PCN', 'POL', 'PRT', 'PRI', 'QAT', 'REU', 'ROU', 'RUS', 'RWA', 'BLM', 'SHN', 'KNA', 'LCA', 'MAF', 'SPM', 'VCT', 'WSM', 'SMR', 'STP', 'SAU', 'SEN', 'SRB', 'SYC', 'SLE', 'SGP', 'SXM', 'SVK', 'SVN', 'SLB', 'SOM', 'ZAF', 'SGS', 'SSD', 'ESP', 'LKA', 'SDN', 'SUR', 'SJM', 'SWZ', 'SWE', 'CHE', 'SYR', 'TWN', 'TJK', 'TZA', 'THA', 'TLS', 'TGO', 'TKL', 'TON', 'TTO', 'TUN', 'TUR', 'TKM', 'TCA', 'TUV', 'UGA', 'UKR', 'ARE', 'GBR', 'USA', 'UMI', 'URY', 'UZB', 'VUT', 'VEN', 'VNM', 'VGB', 'VIR', 'WLF', 'ESH', 'YEM', 'ZMB', 'ZWE')]
(Background on this error at: https://sqlalche.me/e/20/f405)"><![CDATA[Traceback (most recent call last):
  File "/usr/src/app/.venv/lib/python3.9/site-packages/sqlalchemy/engine/base.py", line 1971, in _exec_single_context
    self.dialect.do_execute(
  File "/usr/src/app/.venv/lib/python3.9/site-packages/sqlalchemy/engine/default.py", line 919, in do_execute
    cursor.execute(statement, parameters)
psycopg2.errors.DuplicateObject: type "project_country" already exists


The above exception was the direct cause of the following exception:

Traceback (most recent call last):
  File "/usr/src/app/tests/base_test.py", line 64, in setUp
    upgrade()
  File "/usr/src/app/.venv/lib/python3.9/site-packages/flask_migrate/__init__.py", line 111, in wrapped
    f(*args, **kwargs)
  File "/usr/src/app/.venv/lib/python3.9/site-packages/flask_migrate/__init__.py", line 200, in upgrade
    command.upgrade(config, revision, sql=sql, tag=tag)
  File "/usr/src/app/.venv/lib/python3.9/site-packages/alembic/command.py", line 403, in upgrade
    script.run_env()
  File "/usr/src/app/.venv/lib/python3.9/site-packages/alembic/script/base.py", line 583, in run_env
    util.load_python_file(self.dir, "env.py")
  File "/usr/src/app/.venv/lib/python3.9/site-packages/alembic/util/pyfiles.py", line 95, in load_python_file
    module = load_module_py(module_id, path)
  File "/usr/src/app/.venv/lib/python3.9/site-packages/alembic/util/pyfiles.py", line 113, in load_module_py
    spec.loader.exec_module(module)  # type: ignore
  File "<frozen importlib._bootstrap_external>", line 850, in exec_module
  File "<frozen importlib._bootstrap>", line 228, in _call_with_frames_removed
  File "migrations/env.py", line 113, in <module>
    run_migrations_online()
  File "migrations/env.py", line 107, in run_migrations_online
    context.run_migrations()
  File "<string>", line 8, in run_migrations
  File "/usr/src/app/.venv/lib/python3.9/site-packages/alembic/runtime/environment.py", line 948, in run_migrations
    self.get_context().run_migrations(**kw)
  File "/usr/src/app/.venv/lib/python3.9/site-packages/alembic/runtime/migration.py", line 627, in run_migrations
    step.migration_fn(**kw)
  File "/usr/src/app/migrations/versions/1af632eb25cf_.py", line 65, in upgrade
    op.create_table('projects',
  File "<string>", line 8, in create_table
  File "<string>", line 3, in create_table
  File "/usr/src/app/.venv/lib/python3.9/site-packages/alembic/operations/ops.py", line 1311, in create_table
    return operations.invoke(op)
  File "/usr/src/app/.venv/lib/python3.9/site-packages/alembic/operations/base.py", line 445, in invoke
    return fn(self, operation)
  File "/usr/src/app/.venv/lib/python3.9/site-packages/alembic/operations/toimpl.py", line 131, in create_table
    operations.impl.create_table(table)
  File "/usr/src/app/.venv/lib/python3.9/site-packages/alembic/ddl/impl.py", line 363, in create_table
    table.dispatch.before_create(
  File "/usr/src/app/.venv/lib/python3.9/site-packages/sqlalchemy/event/attr.py", line 497, in __call__
    fn(*args, **kw)
  File "/usr/src/app/.venv/lib/python3.9/site-packages/sqlalchemy/util/langhelpers.py", line 852, in __call__
    return getattr(self.target, self.name)(*arg, **kw)
  File "/usr/src/app/.venv/lib/python3.9/site-packages/sqlalchemy/sql/sqltypes.py", line 1120, in _on_table_create
    t._on_table_create(target, bind, **kw)
  File "/usr/src/app/.venv/lib/python3.9/site-packages/sqlalchemy/dialects/postgresql/named_types.py", line 98, in _on_table_create
    self.create(bind=bind, checkfirst=checkfirst)
  File "/usr/src/app/.venv/lib/python3.9/site-packages/sqlalchemy/dialects/postgresql/named_types.py", line 338, in create
    super().create(bind, checkfirst=checkfirst)
  File "/usr/src/app/.venv/lib/python3.9/site-packages/sqlalchemy/dialects/postgresql/named_types.py", line 51, in create
    bind._run_ddl_visitor(self.DDLGenerator, self, checkfirst=checkfirst)
  File "/usr/src/app/.venv/lib/python3.9/site-packages/sqlalchemy/engine/base.py", line 2461, in _run_ddl_visitor
    visitorcallable(self.dialect, self, **kwargs).traverse_single(element)
  File "/usr/src/app/.venv/lib/python3.9/site-packages/sqlalchemy/sql/visitors.py", line 664, in traverse_single
    return meth(obj, **kw)
  File "/usr/src/app/.venv/lib/python3.9/site-packages/sqlalchemy/dialects/postgresql/named_types.py", line 153, in visit_enum
    self.connection.execute(CreateEnumType(enum))
  File "/usr/src/app/.venv/lib/python3.9/site-packages/sqlalchemy/engine/base.py", line 1422, in execute
    return meth(
  File "/usr/src/app/.venv/lib/python3.9/site-packages/sqlalchemy/sql/ddl.py", line 180, in _execute_on_connection
    return connection._execute_ddl(
  File "/usr/src/app/.venv/lib/python3.9/site-packages/sqlalchemy/engine/base.py", line 1533, in _execute_ddl
    ret = self._execute_context(
  File "/usr/src/app/.venv/lib/python3.9/site-packages/sqlalchemy/engine/base.py", line 1850, in _execute_context
    return self._exec_single_context(
  File "/usr/src/app/.venv/lib/python3.9/site-packages/sqlalchemy/engine/base.py", line 1990, in _exec_single_context
    self._handle_dbapi_exception(
  File "/usr/src/app/.venv/lib/python3.9/site-packages/sqlalchemy/engine/base.py", line 2357, in _handle_dbapi_exception
    raise sqlalchemy_exception.with_traceback(exc_info[2]) from e
  File "/usr/src/app/.venv/lib/python3.9/site-packages/sqlalchemy/engine/base.py", line 1971, in _exec_single_context
    self.dialect.do_execute(
  File "/usr/src/app/.venv/lib/python3.9/site-packages/sqlalchemy/engine/default.py", line 919, in do_execute
    cursor.execute(statement, parameters)
sqlalchemy.exc.ProgrammingError: (psycopg2.errors.DuplicateObject) type "project_country" already exists

[SQL: CREATE TYPE project_country AS ENUM ('AFG', 'ALA', 'ALB', 'DZA', 'ASM', 'AND', 'AGO', 'AIA', 'ATA', 'ATG', 'ARG', 'ARM', 'ABW', 'AUS', 'AUT', 'AZE', 'BHS', 'BHR', 'BGD', 'BRB', 'BLR', 'BEL', 'BLZ', 'BEN', 'BMU', 'BTN', 'BOL', 'BES', 'BIH', 'BWA', 'BVT', 'BRA', 'IOT', 'BRN', 'BGR', 'BFA', 'BDI', 'KHM', 'CMR', 'CAN', 'CPV', 'CYM', 'CAF', 'TCD', 'CHL', 'CHN', 'CXR', 'CCK', 'COL', 'COM', 'COG', 'COD', 'COK', 'CRI', 'CIV', 'HRV', 'CUB', 'CUW', 'CYP', 'CZE', 'DNK', 'DJI', 'DMA', 'DOM', 'ECU', 'EGY', 'SLV', 'GNQ', 'ERI', 'EST', 'ETH', 'FLK', 'FRO', 'FJI', 'FIN', 'FRA', 'GUF', 'PYF', 'ATF', 'GAB', 'GMB', 'GEO', 'DEU', 'GHA', 'GIB', 'GRC', 'GRL', 'GRD', 'GLP', 'GUM', 'GTM', 'GGY', 'GIN', 'GNB', 'GUY', 'HTI', 'HMD', 'VAT', 'HND', 'HKG', 'HUN', 'ISL', 'IND', 'IDN', 'IRN', 'IRQ', 'IRL', 'IMN', 'ISR', 'ITA', 'JAM', 'JPN', 'JEY', 'JOR', 'KAZ', 'KEN', 'KIR', 'PRK', 'KOR', 'XKX', 'KWT', 'KGZ', 'LAO', 'LVA', 'LBN', 'LSO', 'LBR', 'LBY', 'LIE', 'LTU', 'LUX', 'MAC', 'MKD', 'MDG', 'MWI', 'MYS', 'MDV', 'MLI', 'MLT', 'MHL', 'MTQ', 'MRT', 'MUS', 'MYT', 'MEX', 'FSM', 'MDA', 'MCO', 'MNG', 'MNE', 'MSR', 'MAR', 'MOZ', 'MMR', 'NAM', 'NRU', 'NPL', 'NLD', 'NCL', 'NZL', 'NIC', 'NER', 'NGA', 'NIU', 'NFK', 'MNP', 'NOR', 'OMN', 'PAK', 'PLW', 'PSE', 'PAN', 'PNG', 'PRY', 'PER', 'PHL', 'PCN', 'POL', 'PRT', 'PRI', 'QAT', 'REU', 'ROU', 'RUS', 'RWA', 'BLM', 'SHN', 'KNA', 'LCA', 'MAF', 'SPM', 'VCT', 'WSM', 'SMR', 'STP', 'SAU', 'SEN', 'SRB', 'SYC', 'SLE', 'SGP', 'SXM', 'SVK', 'SVN', 'SLB', 'SOM', 'ZAF', 'SGS', 'SSD', 'ESP', 'LKA', 'SDN', 'SUR', 'SJM', 'SWZ', 'SWE', 'CHE', 'SYR', 'TWN', 'TJK', 'TZA', 'THA', 'TLS', 'TGO', 'TKL', 'TON', 'TTO', 'TUN', 'TUR', 'TKM', 'TCA', 'TUV', 'UGA', 'UKR', 'ARE', 'GBR', 'USA', 'UMI', 'URY', 'UZB', 'VUT', 'VEN', 'VNM', 'VGB', 'VIR', 'WLF', 'ESH', 'YEM', 'ZMB', 'ZWE')]
(Background on this error at: https://sqlalche.me/e/20/f405)
]]></error>
			<system-err><![CDATA[INFO  [alembic.runtime.migration] Context impl PostgresqlImpl.
INFO  [alembic.runtime.migration] Will assume transactional DDL.
INFO  [alembic.runtime.migration] Running upgrade  -> 1af632eb25cf, empty message
]]></system-err>
		</testcase>
		<testcase classname="test_resource_projects.ProjectsResourceTestCase" name="test_projects_detail" time="0.090" timestamp="2024-04-12T15:57:37" file="tests/test_resource_projects.py" line="903">
			<error type="ProgrammingError" message="(psycopg2.errors.DuplicateObject) type &quot;project_country&quot; already exists

[SQL: CREATE TYPE project_country AS ENUM ('AFG', 'ALA', 'ALB', 'DZA', 'ASM', 'AND', 'AGO', 'AIA', 'ATA', 'ATG', 'ARG', 'ARM', 'ABW', 'AUS', 'AUT', 'AZE', 'BHS', 'BHR', 'BGD', 'BRB', 'BLR', 'BEL', 'BLZ', 'BEN', 'BMU', 'BTN', 'BOL', 'BES', 'BIH', 'BWA', 'BVT', 'BRA', 'IOT', 'BRN', 'BGR', 'BFA', 'BDI', 'KHM', 'CMR', 'CAN', 'CPV', 'CYM', 'CAF', 'TCD', 'CHL', 'CHN', 'CXR', 'CCK', 'COL', 'COM', 'COG', 'COD', 'COK', 'CRI', 'CIV', 'HRV', 'CUB', 'CUW', 'CYP', 'CZE', 'DNK', 'DJI', 'DMA', 'DOM', 'ECU', 'EGY', 'SLV', 'GNQ', 'ERI', 'EST', 'ETH', 'FLK', 'FRO', 'FJI', 'FIN', 'FRA', 'GUF', 'PYF', 'ATF', 'GAB', 'GMB', 'GEO', 'DEU', 'GHA', 'GIB', 'GRC', 'GRL', 'GRD', 'GLP', 'GUM', 'GTM', 'GGY', 'GIN', 'GNB', 'GUY', 'HTI', 'HMD', 'VAT', 'HND', 'HKG', 'HUN', 'ISL', 'IND', 'IDN', 'IRN', 'IRQ', 'IRL', 'IMN', 'ISR', 'ITA', 'JAM', 'JPN', 'JEY', 'JOR', 'KAZ', 'KEN', 'KIR', 'PRK', 'KOR', 'XKX', 'KWT', 'KGZ', 'LAO', 'LVA', 'LBN', 'LSO', 'LBR', 'LBY', 'LIE', 'LTU', 'LUX', 'MAC', 'MKD', 'MDG', 'MWI', 'MYS', 'MDV', 'MLI', 'MLT', 'MHL', 'MTQ', 'MRT', 'MUS', 'MYT', 'MEX', 'FSM', 'MDA', 'MCO', 'MNG', 'MNE', 'MSR', 'MAR', 'MOZ', 'MMR', 'NAM', 'NRU', 'NPL', 'NLD', 'NCL', 'NZL', 'NIC', 'NER', 'NGA', 'NIU', 'NFK', 'MNP', 'NOR', 'OMN', 'PAK', 'PLW', 'PSE', 'PAN', 'PNG', 'PRY', 'PER', 'PHL', 'PCN', 'POL', 'PRT', 'PRI', 'QAT', 'REU', 'ROU', 'RUS', 'RWA', 'BLM', 'SHN', 'KNA', 'LCA', 'MAF', 'SPM', 'VCT', 'WSM', 'SMR', 'STP', 'SAU', 'SEN', 'SRB', 'SYC', 'SLE', 'SGP', 'SXM', 'SVK', 'SVN', 'SLB', 'SOM', 'ZAF', 'SGS', 'SSD', 'ESP', 'LKA', 'SDN', 'SUR', 'SJM', 'SWZ', 'SWE', 'CHE', 'SYR', 'TWN', 'TJK', 'TZA', 'THA', 'TLS', 'TGO', 'TKL', 'TON', 'TTO', 'TUN', 'TUR', 'TKM', 'TCA', 'TUV', 'UGA', 'UKR', 'ARE', 'GBR', 'USA', 'UMI', 'URY', 'UZB', 'VUT', 'VEN', 'VNM', 'VGB', 'VIR', 'WLF', 'ESH', 'YEM', 'ZMB', 'ZWE')]
(Background on this error at: https://sqlalche.me/e/20/f405)"><![CDATA[Traceback (most recent call last):
  File "/usr/src/app/.venv/lib/python3.9/site-packages/sqlalchemy/engine/base.py", line 1971, in _exec_single_context
    self.dialect.do_execute(
  File "/usr/src/app/.venv/lib/python3.9/site-packages/sqlalchemy/engine/default.py", line 919, in do_execute
    cursor.execute(statement, parameters)
psycopg2.errors.DuplicateObject: type "project_country" already exists


The above exception was the direct cause of the following exception:

Traceback (most recent call last):
  File "/usr/src/app/tests/base_test.py", line 64, in setUp
    upgrade()
  File "/usr/src/app/.venv/lib/python3.9/site-packages/flask_migrate/__init__.py", line 111, in wrapped
    f(*args, **kwargs)
  File "/usr/src/app/.venv/lib/python3.9/site-packages/flask_migrate/__init__.py", line 200, in upgrade
    command.upgrade(config, revision, sql=sql, tag=tag)
  File "/usr/src/app/.venv/lib/python3.9/site-packages/alembic/command.py", line 403, in upgrade
    script.run_env()
  File "/usr/src/app/.venv/lib/python3.9/site-packages/alembic/script/base.py", line 583, in run_env
    util.load_python_file(self.dir, "env.py")
  File "/usr/src/app/.venv/lib/python3.9/site-packages/alembic/util/pyfiles.py", line 95, in load_python_file
    module = load_module_py(module_id, path)
  File "/usr/src/app/.venv/lib/python3.9/site-packages/alembic/util/pyfiles.py", line 113, in load_module_py
    spec.loader.exec_module(module)  # type: ignore
  File "<frozen importlib._bootstrap_external>", line 850, in exec_module
  File "<frozen importlib._bootstrap>", line 228, in _call_with_frames_removed
  File "migrations/env.py", line 113, in <module>
    run_migrations_online()
  File "migrations/env.py", line 107, in run_migrations_online
    context.run_migrations()
  File "<string>", line 8, in run_migrations
  File "/usr/src/app/.venv/lib/python3.9/site-packages/alembic/runtime/environment.py", line 948, in run_migrations
    self.get_context().run_migrations(**kw)
  File "/usr/src/app/.venv/lib/python3.9/site-packages/alembic/runtime/migration.py", line 627, in run_migrations
    step.migration_fn(**kw)
  File "/usr/src/app/migrations/versions/1af632eb25cf_.py", line 65, in upgrade
    op.create_table('projects',
  File "<string>", line 8, in create_table
  File "<string>", line 3, in create_table
  File "/usr/src/app/.venv/lib/python3.9/site-packages/alembic/operations/ops.py", line 1311, in create_table
    return operations.invoke(op)
  File "/usr/src/app/.venv/lib/python3.9/site-packages/alembic/operations/base.py", line 445, in invoke
    return fn(self, operation)
  File "/usr/src/app/.venv/lib/python3.9/site-packages/alembic/operations/toimpl.py", line 131, in create_table
    operations.impl.create_table(table)
  File "/usr/src/app/.venv/lib/python3.9/site-packages/alembic/ddl/impl.py", line 363, in create_table
    table.dispatch.before_create(
  File "/usr/src/app/.venv/lib/python3.9/site-packages/sqlalchemy/event/attr.py", line 497, in __call__
    fn(*args, **kw)
  File "/usr/src/app/.venv/lib/python3.9/site-packages/sqlalchemy/util/langhelpers.py", line 852, in __call__
    return getattr(self.target, self.name)(*arg, **kw)
  File "/usr/src/app/.venv/lib/python3.9/site-packages/sqlalchemy/sql/sqltypes.py", line 1120, in _on_table_create
    t._on_table_create(target, bind, **kw)
  File "/usr/src/app/.venv/lib/python3.9/site-packages/sqlalchemy/dialects/postgresql/named_types.py", line 98, in _on_table_create
    self.create(bind=bind, checkfirst=checkfirst)
  File "/usr/src/app/.venv/lib/python3.9/site-packages/sqlalchemy/dialects/postgresql/named_types.py", line 338, in create
    super().create(bind, checkfirst=checkfirst)
  File "/usr/src/app/.venv/lib/python3.9/site-packages/sqlalchemy/dialects/postgresql/named_types.py", line 51, in create
    bind._run_ddl_visitor(self.DDLGenerator, self, checkfirst=checkfirst)
  File "/usr/src/app/.venv/lib/python3.9/site-packages/sqlalchemy/engine/base.py", line 2461, in _run_ddl_visitor
    visitorcallable(self.dialect, self, **kwargs).traverse_single(element)
  File "/usr/src/app/.venv/lib/python3.9/site-packages/sqlalchemy/sql/visitors.py", line 664, in traverse_single
    return meth(obj, **kw)
  File "/usr/src/app/.venv/lib/python3.9/site-packages/sqlalchemy/dialects/postgresql/named_types.py", line 153, in visit_enum
    self.connection.execute(CreateEnumType(enum))
  File "/usr/src/app/.venv/lib/python3.9/site-packages/sqlalchemy/engine/base.py", line 1422, in execute
    return meth(
  File "/usr/src/app/.venv/lib/python3.9/site-packages/sqlalchemy/sql/ddl.py", line 180, in _execute_on_connection
    return connection._execute_ddl(
  File "/usr/src/app/.venv/lib/python3.9/site-packages/sqlalchemy/engine/base.py", line 1533, in _execute_ddl
    ret = self._execute_context(
  File "/usr/src/app/.venv/lib/python3.9/site-packages/sqlalchemy/engine/base.py", line 1850, in _execute_context
    return self._exec_single_context(
  File "/usr/src/app/.venv/lib/python3.9/site-packages/sqlalchemy/engine/base.py", line 1990, in _exec_single_context
    self._handle_dbapi_exception(
  File "/usr/src/app/.venv/lib/python3.9/site-packages/sqlalchemy/engine/base.py", line 2357, in _handle_dbapi_exception
    raise sqlalchemy_exception.with_traceback(exc_info[2]) from e
  File "/usr/src/app/.venv/lib/python3.9/site-packages/sqlalchemy/engine/base.py", line 1971, in _exec_single_context
    self.dialect.do_execute(
  File "/usr/src/app/.venv/lib/python3.9/site-packages/sqlalchemy/engine/default.py", line 919, in do_execute
    cursor.execute(statement, parameters)
sqlalchemy.exc.ProgrammingError: (psycopg2.errors.DuplicateObject) type "project_country" already exists

[SQL: CREATE TYPE project_country AS ENUM ('AFG', 'ALA', 'ALB', 'DZA', 'ASM', 'AND', 'AGO', 'AIA', 'ATA', 'ATG', 'ARG', 'ARM', 'ABW', 'AUS', 'AUT', 'AZE', 'BHS', 'BHR', 'BGD', 'BRB', 'BLR', 'BEL', 'BLZ', 'BEN', 'BMU', 'BTN', 'BOL', 'BES', 'BIH', 'BWA', 'BVT', 'BRA', 'IOT', 'BRN', 'BGR', 'BFA', 'BDI', 'KHM', 'CMR', 'CAN', 'CPV', 'CYM', 'CAF', 'TCD', 'CHL', 'CHN', 'CXR', 'CCK', 'COL', 'COM', 'COG', 'COD', 'COK', 'CRI', 'CIV', 'HRV', 'CUB', 'CUW', 'CYP', 'CZE', 'DNK', 'DJI', 'DMA', 'DOM', 'ECU', 'EGY', 'SLV', 'GNQ', 'ERI', 'EST', 'ETH', 'FLK', 'FRO', 'FJI', 'FIN', 'FRA', 'GUF', 'PYF', 'ATF', 'GAB', 'GMB', 'GEO', 'DEU', 'GHA', 'GIB', 'GRC', 'GRL', 'GRD', 'GLP', 'GUM', 'GTM', 'GGY', 'GIN', 'GNB', 'GUY', 'HTI', 'HMD', 'VAT', 'HND', 'HKG', 'HUN', 'ISL', 'IND', 'IDN', 'IRN', 'IRQ', 'IRL', 'IMN', 'ISR', 'ITA', 'JAM', 'JPN', 'JEY', 'JOR', 'KAZ', 'KEN', 'KIR', 'PRK', 'KOR', 'XKX', 'KWT', 'KGZ', 'LAO', 'LVA', 'LBN', 'LSO', 'LBR', 'LBY', 'LIE', 'LTU', 'LUX', 'MAC', 'MKD', 'MDG', 'MWI', 'MYS', 'MDV', 'MLI', 'MLT', 'MHL', 'MTQ', 'MRT', 'MUS', 'MYT', 'MEX', 'FSM', 'MDA', 'MCO', 'MNG', 'MNE', 'MSR', 'MAR', 'MOZ', 'MMR', 'NAM', 'NRU', 'NPL', 'NLD', 'NCL', 'NZL', 'NIC', 'NER', 'NGA', 'NIU', 'NFK', 'MNP', 'NOR', 'OMN', 'PAK', 'PLW', 'PSE', 'PAN', 'PNG', 'PRY', 'PER', 'PHL', 'PCN', 'POL', 'PRT', 'PRI', 'QAT', 'REU', 'ROU', 'RUS', 'RWA', 'BLM', 'SHN', 'KNA', 'LCA', 'MAF', 'SPM', 'VCT', 'WSM', 'SMR', 'STP', 'SAU', 'SEN', 'SRB', 'SYC', 'SLE', 'SGP', 'SXM', 'SVK', 'SVN', 'SLB', 'SOM', 'ZAF', 'SGS', 'SSD', 'ESP', 'LKA', 'SDN', 'SUR', 'SJM', 'SWZ', 'SWE', 'CHE', 'SYR', 'TWN', 'TJK', 'TZA', 'THA', 'TLS', 'TGO', 'TKL', 'TON', 'TTO', 'TUN', 'TUR', 'TKM', 'TCA', 'TUV', 'UGA', 'UKR', 'ARE', 'GBR', 'USA', 'UMI', 'URY', 'UZB', 'VUT', 'VEN', 'VNM', 'VGB', 'VIR', 'WLF', 'ESH', 'YEM', 'ZMB', 'ZWE')]
(Background on this error at: https://sqlalche.me/e/20/f405)
]]></error>
			<system-err><![CDATA[INFO  [alembic.runtime.migration] Context impl PostgresqlImpl.
INFO  [alembic.runtime.migration] Will assume transactional DDL.
INFO  [alembic.runtime.migration] Running upgrade  -> 1af632eb25cf, empty message
]]></system-err>
		</testcase>
		<testcase classname="test_resource_projects.ProjectsResourceTestCase" name="test_projects_list" time="0.088" timestamp="2024-04-12T15:57:37" file="tests/test_resource_projects.py" line="9">
			<error type="ProgrammingError" message="(psycopg2.errors.DuplicateObject) type &quot;project_country&quot; already exists

[SQL: CREATE TYPE project_country AS ENUM ('AFG', 'ALA', 'ALB', 'DZA', 'ASM', 'AND', 'AGO', 'AIA', 'ATA', 'ATG', 'ARG', 'ARM', 'ABW', 'AUS', 'AUT', 'AZE', 'BHS', 'BHR', 'BGD', 'BRB', 'BLR', 'BEL', 'BLZ', 'BEN', 'BMU', 'BTN', 'BOL', 'BES', 'BIH', 'BWA', 'BVT', 'BRA', 'IOT', 'BRN', 'BGR', 'BFA', 'BDI', 'KHM', 'CMR', 'CAN', 'CPV', 'CYM', 'CAF', 'TCD', 'CHL', 'CHN', 'CXR', 'CCK', 'COL', 'COM', 'COG', 'COD', 'COK', 'CRI', 'CIV', 'HRV', 'CUB', 'CUW', 'CYP', 'CZE', 'DNK', 'DJI', 'DMA', 'DOM', 'ECU', 'EGY', 'SLV', 'GNQ', 'ERI', 'EST', 'ETH', 'FLK', 'FRO', 'FJI', 'FIN', 'FRA', 'GUF', 'PYF', 'ATF', 'GAB', 'GMB', 'GEO', 'DEU', 'GHA', 'GIB', 'GRC', 'GRL', 'GRD', 'GLP', 'GUM', 'GTM', 'GGY', 'GIN', 'GNB', 'GUY', 'HTI', 'HMD', 'VAT', 'HND', 'HKG', 'HUN', 'ISL', 'IND', 'IDN', 'IRN', 'IRQ', 'IRL', 'IMN', 'ISR', 'ITA', 'JAM', 'JPN', 'JEY', 'JOR', 'KAZ', 'KEN', 'KIR', 'PRK', 'KOR', 'XKX', 'KWT', 'KGZ', 'LAO', 'LVA', 'LBN', 'LSO', 'LBR', 'LBY', 'LIE', 'LTU', 'LUX', 'MAC', 'MKD', 'MDG', 'MWI', 'MYS', 'MDV', 'MLI', 'MLT', 'MHL', 'MTQ', 'MRT', 'MUS', 'MYT', 'MEX', 'FSM', 'MDA', 'MCO', 'MNG', 'MNE', 'MSR', 'MAR', 'MOZ', 'MMR', 'NAM', 'NRU', 'NPL', 'NLD', 'NCL', 'NZL', 'NIC', 'NER', 'NGA', 'NIU', 'NFK', 'MNP', 'NOR', 'OMN', 'PAK', 'PLW', 'PSE', 'PAN', 'PNG', 'PRY', 'PER', 'PHL', 'PCN', 'POL', 'PRT', 'PRI', 'QAT', 'REU', 'ROU', 'RUS', 'RWA', 'BLM', 'SHN', 'KNA', 'LCA', 'MAF', 'SPM', 'VCT', 'WSM', 'SMR', 'STP', 'SAU', 'SEN', 'SRB', 'SYC', 'SLE', 'SGP', 'SXM', 'SVK', 'SVN', 'SLB', 'SOM', 'ZAF', 'SGS', 'SSD', 'ESP', 'LKA', 'SDN', 'SUR', 'SJM', 'SWZ', 'SWE', 'CHE', 'SYR', 'TWN', 'TJK', 'TZA', 'THA', 'TLS', 'TGO', 'TKL', 'TON', 'TTO', 'TUN', 'TUR', 'TKM', 'TCA', 'TUV', 'UGA', 'UKR', 'ARE', 'GBR', 'USA', 'UMI', 'URY', 'UZB', 'VUT', 'VEN', 'VNM', 'VGB', 'VIR', 'WLF', 'ESH', 'YEM', 'ZMB', 'ZWE')]
(Background on this error at: https://sqlalche.me/e/20/f405)"><![CDATA[Traceback (most recent call last):
  File "/usr/src/app/.venv/lib/python3.9/site-packages/sqlalchemy/engine/base.py", line 1971, in _exec_single_context
    self.dialect.do_execute(
  File "/usr/src/app/.venv/lib/python3.9/site-packages/sqlalchemy/engine/default.py", line 919, in do_execute
    cursor.execute(statement, parameters)
psycopg2.errors.DuplicateObject: type "project_country" already exists


The above exception was the direct cause of the following exception:

Traceback (most recent call last):
  File "/usr/src/app/tests/base_test.py", line 64, in setUp
    upgrade()
  File "/usr/src/app/.venv/lib/python3.9/site-packages/flask_migrate/__init__.py", line 111, in wrapped
    f(*args, **kwargs)
  File "/usr/src/app/.venv/lib/python3.9/site-packages/flask_migrate/__init__.py", line 200, in upgrade
    command.upgrade(config, revision, sql=sql, tag=tag)
  File "/usr/src/app/.venv/lib/python3.9/site-packages/alembic/command.py", line 403, in upgrade
    script.run_env()
  File "/usr/src/app/.venv/lib/python3.9/site-packages/alembic/script/base.py", line 583, in run_env
    util.load_python_file(self.dir, "env.py")
  File "/usr/src/app/.venv/lib/python3.9/site-packages/alembic/util/pyfiles.py", line 95, in load_python_file
    module = load_module_py(module_id, path)
  File "/usr/src/app/.venv/lib/python3.9/site-packages/alembic/util/pyfiles.py", line 113, in load_module_py
    spec.loader.exec_module(module)  # type: ignore
  File "<frozen importlib._bootstrap_external>", line 850, in exec_module
  File "<frozen importlib._bootstrap>", line 228, in _call_with_frames_removed
  File "migrations/env.py", line 113, in <module>
    run_migrations_online()
  File "migrations/env.py", line 107, in run_migrations_online
    context.run_migrations()
  File "<string>", line 8, in run_migrations
  File "/usr/src/app/.venv/lib/python3.9/site-packages/alembic/runtime/environment.py", line 948, in run_migrations
    self.get_context().run_migrations(**kw)
  File "/usr/src/app/.venv/lib/python3.9/site-packages/alembic/runtime/migration.py", line 627, in run_migrations
    step.migration_fn(**kw)
  File "/usr/src/app/migrations/versions/1af632eb25cf_.py", line 65, in upgrade
    op.create_table('projects',
  File "<string>", line 8, in create_table
  File "<string>", line 3, in create_table
  File "/usr/src/app/.venv/lib/python3.9/site-packages/alembic/operations/ops.py", line 1311, in create_table
    return operations.invoke(op)
  File "/usr/src/app/.venv/lib/python3.9/site-packages/alembic/operations/base.py", line 445, in invoke
    return fn(self, operation)
  File "/usr/src/app/.venv/lib/python3.9/site-packages/alembic/operations/toimpl.py", line 131, in create_table
    operations.impl.create_table(table)
  File "/usr/src/app/.venv/lib/python3.9/site-packages/alembic/ddl/impl.py", line 363, in create_table
    table.dispatch.before_create(
  File "/usr/src/app/.venv/lib/python3.9/site-packages/sqlalchemy/event/attr.py", line 497, in __call__
    fn(*args, **kw)
  File "/usr/src/app/.venv/lib/python3.9/site-packages/sqlalchemy/util/langhelpers.py", line 852, in __call__
    return getattr(self.target, self.name)(*arg, **kw)
  File "/usr/src/app/.venv/lib/python3.9/site-packages/sqlalchemy/sql/sqltypes.py", line 1120, in _on_table_create
    t._on_table_create(target, bind, **kw)
  File "/usr/src/app/.venv/lib/python3.9/site-packages/sqlalchemy/dialects/postgresql/named_types.py", line 98, in _on_table_create
    self.create(bind=bind, checkfirst=checkfirst)
  File "/usr/src/app/.venv/lib/python3.9/site-packages/sqlalchemy/dialects/postgresql/named_types.py", line 338, in create
    super().create(bind, checkfirst=checkfirst)
  File "/usr/src/app/.venv/lib/python3.9/site-packages/sqlalchemy/dialects/postgresql/named_types.py", line 51, in create
    bind._run_ddl_visitor(self.DDLGenerator, self, checkfirst=checkfirst)
  File "/usr/src/app/.venv/lib/python3.9/site-packages/sqlalchemy/engine/base.py", line 2461, in _run_ddl_visitor
    visitorcallable(self.dialect, self, **kwargs).traverse_single(element)
  File "/usr/src/app/.venv/lib/python3.9/site-packages/sqlalchemy/sql/visitors.py", line 664, in traverse_single
    return meth(obj, **kw)
  File "/usr/src/app/.venv/lib/python3.9/site-packages/sqlalchemy/dialects/postgresql/named_types.py", line 153, in visit_enum
    self.connection.execute(CreateEnumType(enum))
  File "/usr/src/app/.venv/lib/python3.9/site-packages/sqlalchemy/engine/base.py", line 1422, in execute
    return meth(
  File "/usr/src/app/.venv/lib/python3.9/site-packages/sqlalchemy/sql/ddl.py", line 180, in _execute_on_connection
    return connection._execute_ddl(
  File "/usr/src/app/.venv/lib/python3.9/site-packages/sqlalchemy/engine/base.py", line 1533, in _execute_ddl
    ret = self._execute_context(
  File "/usr/src/app/.venv/lib/python3.9/site-packages/sqlalchemy/engine/base.py", line 1850, in _execute_context
    return self._exec_single_context(
  File "/usr/src/app/.venv/lib/python3.9/site-packages/sqlalchemy/engine/base.py", line 1990, in _exec_single_context
    self._handle_dbapi_exception(
  File "/usr/src/app/.venv/lib/python3.9/site-packages/sqlalchemy/engine/base.py", line 2357, in _handle_dbapi_exception
    raise sqlalchemy_exception.with_traceback(exc_info[2]) from e
  File "/usr/src/app/.venv/lib/python3.9/site-packages/sqlalchemy/engine/base.py", line 1971, in _exec_single_context
    self.dialect.do_execute(
  File "/usr/src/app/.venv/lib/python3.9/site-packages/sqlalchemy/engine/default.py", line 919, in do_execute
    cursor.execute(statement, parameters)
sqlalchemy.exc.ProgrammingError: (psycopg2.errors.DuplicateObject) type "project_country" already exists

[SQL: CREATE TYPE project_country AS ENUM ('AFG', 'ALA', 'ALB', 'DZA', 'ASM', 'AND', 'AGO', 'AIA', 'ATA', 'ATG', 'ARG', 'ARM', 'ABW', 'AUS', 'AUT', 'AZE', 'BHS', 'BHR', 'BGD', 'BRB', 'BLR', 'BEL', 'BLZ', 'BEN', 'BMU', 'BTN', 'BOL', 'BES', 'BIH', 'BWA', 'BVT', 'BRA', 'IOT', 'BRN', 'BGR', 'BFA', 'BDI', 'KHM', 'CMR', 'CAN', 'CPV', 'CYM', 'CAF', 'TCD', 'CHL', 'CHN', 'CXR', 'CCK', 'COL', 'COM', 'COG', 'COD', 'COK', 'CRI', 'CIV', 'HRV', 'CUB', 'CUW', 'CYP', 'CZE', 'DNK', 'DJI', 'DMA', 'DOM', 'ECU', 'EGY', 'SLV', 'GNQ', 'ERI', 'EST', 'ETH', 'FLK', 'FRO', 'FJI', 'FIN', 'FRA', 'GUF', 'PYF', 'ATF', 'GAB', 'GMB', 'GEO', 'DEU', 'GHA', 'GIB', 'GRC', 'GRL', 'GRD', 'GLP', 'GUM', 'GTM', 'GGY', 'GIN', 'GNB', 'GUY', 'HTI', 'HMD', 'VAT', 'HND', 'HKG', 'HUN', 'ISL', 'IND', 'IDN', 'IRN', 'IRQ', 'IRL', 'IMN', 'ISR', 'ITA', 'JAM', 'JPN', 'JEY', 'JOR', 'KAZ', 'KEN', 'KIR', 'PRK', 'KOR', 'XKX', 'KWT', 'KGZ', 'LAO', 'LVA', 'LBN', 'LSO', 'LBR', 'LBY', 'LIE', 'LTU', 'LUX', 'MAC', 'MKD', 'MDG', 'MWI', 'MYS', 'MDV', 'MLI', 'MLT', 'MHL', 'MTQ', 'MRT', 'MUS', 'MYT', 'MEX', 'FSM', 'MDA', 'MCO', 'MNG', 'MNE', 'MSR', 'MAR', 'MOZ', 'MMR', 'NAM', 'NRU', 'NPL', 'NLD', 'NCL', 'NZL', 'NIC', 'NER', 'NGA', 'NIU', 'NFK', 'MNP', 'NOR', 'OMN', 'PAK', 'PLW', 'PSE', 'PAN', 'PNG', 'PRY', 'PER', 'PHL', 'PCN', 'POL', 'PRT', 'PRI', 'QAT', 'REU', 'ROU', 'RUS', 'RWA', 'BLM', 'SHN', 'KNA', 'LCA', 'MAF', 'SPM', 'VCT', 'WSM', 'SMR', 'STP', 'SAU', 'SEN', 'SRB', 'SYC', 'SLE', 'SGP', 'SXM', 'SVK', 'SVN', 'SLB', 'SOM', 'ZAF', 'SGS', 'SSD', 'ESP', 'LKA', 'SDN', 'SUR', 'SJM', 'SWZ', 'SWE', 'CHE', 'SYR', 'TWN', 'TJK', 'TZA', 'THA', 'TLS', 'TGO', 'TKL', 'TON', 'TTO', 'TUN', 'TUR', 'TKM', 'TCA', 'TUV', 'UGA', 'UKR', 'ARE', 'GBR', 'USA', 'UMI', 'URY', 'UZB', 'VUT', 'VEN', 'VNM', 'VGB', 'VIR', 'WLF', 'ESH', 'YEM', 'ZMB', 'ZWE')]
(Background on this error at: https://sqlalche.me/e/20/f405)
]]></error>
			<system-err><![CDATA[INFO  [alembic.runtime.migration] Context impl PostgresqlImpl.
INFO  [alembic.runtime.migration] Will assume transactional DDL.
INFO  [alembic.runtime.migration] Running upgrade  -> 1af632eb25cf, empty message
]]></system-err>
		</testcase>
		<testcase classname="test_resource_projects.ProjectsResourceTestCase" name="test_projects_participants" time="0.070" timestamp="2024-04-12T15:57:37" file="tests/test_resource_projects.py" line="1666">
			<error type="ProgrammingError" message="(psycopg2.errors.DuplicateObject) type &quot;project_country&quot; already exists

[SQL: CREATE TYPE project_country AS ENUM ('AFG', 'ALA', 'ALB', 'DZA', 'ASM', 'AND', 'AGO', 'AIA', 'ATA', 'ATG', 'ARG', 'ARM', 'ABW', 'AUS', 'AUT', 'AZE', 'BHS', 'BHR', 'BGD', 'BRB', 'BLR', 'BEL', 'BLZ', 'BEN', 'BMU', 'BTN', 'BOL', 'BES', 'BIH', 'BWA', 'BVT', 'BRA', 'IOT', 'BRN', 'BGR', 'BFA', 'BDI', 'KHM', 'CMR', 'CAN', 'CPV', 'CYM', 'CAF', 'TCD', 'CHL', 'CHN', 'CXR', 'CCK', 'COL', 'COM', 'COG', 'COD', 'COK', 'CRI', 'CIV', 'HRV', 'CUB', 'CUW', 'CYP', 'CZE', 'DNK', 'DJI', 'DMA', 'DOM', 'ECU', 'EGY', 'SLV', 'GNQ', 'ERI', 'EST', 'ETH', 'FLK', 'FRO', 'FJI', 'FIN', 'FRA', 'GUF', 'PYF', 'ATF', 'GAB', 'GMB', 'GEO', 'DEU', 'GHA', 'GIB', 'GRC', 'GRL', 'GRD', 'GLP', 'GUM', 'GTM', 'GGY', 'GIN', 'GNB', 'GUY', 'HTI', 'HMD', 'VAT', 'HND', 'HKG', 'HUN', 'ISL', 'IND', 'IDN', 'IRN', 'IRQ', 'IRL', 'IMN', 'ISR', 'ITA', 'JAM', 'JPN', 'JEY', 'JOR', 'KAZ', 'KEN', 'KIR', 'PRK', 'KOR', 'XKX', 'KWT', 'KGZ', 'LAO', 'LVA', 'LBN', 'LSO', 'LBR', 'LBY', 'LIE', 'LTU', 'LUX', 'MAC', 'MKD', 'MDG', 'MWI', 'MYS', 'MDV', 'MLI', 'MLT', 'MHL', 'MTQ', 'MRT', 'MUS', 'MYT', 'MEX', 'FSM', 'MDA', 'MCO', 'MNG', 'MNE', 'MSR', 'MAR', 'MOZ', 'MMR', 'NAM', 'NRU', 'NPL', 'NLD', 'NCL', 'NZL', 'NIC', 'NER', 'NGA', 'NIU', 'NFK', 'MNP', 'NOR', 'OMN', 'PAK', 'PLW', 'PSE', 'PAN', 'PNG', 'PRY', 'PER', 'PHL', 'PCN', 'POL', 'PRT', 'PRI', 'QAT', 'REU', 'ROU', 'RUS', 'RWA', 'BLM', 'SHN', 'KNA', 'LCA', 'MAF', 'SPM', 'VCT', 'WSM', 'SMR', 'STP', 'SAU', 'SEN', 'SRB', 'SYC', 'SLE', 'SGP', 'SXM', 'SVK', 'SVN', 'SLB', 'SOM', 'ZAF', 'SGS', 'SSD', 'ESP', 'LKA', 'SDN', 'SUR', 'SJM', 'SWZ', 'SWE', 'CHE', 'SYR', 'TWN', 'TJK', 'TZA', 'THA', 'TLS', 'TGO', 'TKL', 'TON', 'TTO', 'TUN', 'TUR', 'TKM', 'TCA', 'TUV', 'UGA', 'UKR', 'ARE', 'GBR', 'USA', 'UMI', 'URY', 'UZB', 'VUT', 'VEN', 'VNM', 'VGB', 'VIR', 'WLF', 'ESH', 'YEM', 'ZMB', 'ZWE')]
(Background on this error at: https://sqlalche.me/e/20/f405)"><![CDATA[Traceback (most recent call last):
  File "/usr/src/app/.venv/lib/python3.9/site-packages/sqlalchemy/engine/base.py", line 1971, in _exec_single_context
    self.dialect.do_execute(
  File "/usr/src/app/.venv/lib/python3.9/site-packages/sqlalchemy/engine/default.py", line 919, in do_execute
    cursor.execute(statement, parameters)
psycopg2.errors.DuplicateObject: type "project_country" already exists


The above exception was the direct cause of the following exception:

Traceback (most recent call last):
  File "/usr/src/app/tests/base_test.py", line 64, in setUp
    upgrade()
  File "/usr/src/app/.venv/lib/python3.9/site-packages/flask_migrate/__init__.py", line 111, in wrapped
    f(*args, **kwargs)
  File "/usr/src/app/.venv/lib/python3.9/site-packages/flask_migrate/__init__.py", line 200, in upgrade
    command.upgrade(config, revision, sql=sql, tag=tag)
  File "/usr/src/app/.venv/lib/python3.9/site-packages/alembic/command.py", line 403, in upgrade
    script.run_env()
  File "/usr/src/app/.venv/lib/python3.9/site-packages/alembic/script/base.py", line 583, in run_env
    util.load_python_file(self.dir, "env.py")
  File "/usr/src/app/.venv/lib/python3.9/site-packages/alembic/util/pyfiles.py", line 95, in load_python_file
    module = load_module_py(module_id, path)
  File "/usr/src/app/.venv/lib/python3.9/site-packages/alembic/util/pyfiles.py", line 113, in load_module_py
    spec.loader.exec_module(module)  # type: ignore
  File "<frozen importlib._bootstrap_external>", line 850, in exec_module
  File "<frozen importlib._bootstrap>", line 228, in _call_with_frames_removed
  File "migrations/env.py", line 113, in <module>
    run_migrations_online()
  File "migrations/env.py", line 107, in run_migrations_online
    context.run_migrations()
  File "<string>", line 8, in run_migrations
  File "/usr/src/app/.venv/lib/python3.9/site-packages/alembic/runtime/environment.py", line 948, in run_migrations
    self.get_context().run_migrations(**kw)
  File "/usr/src/app/.venv/lib/python3.9/site-packages/alembic/runtime/migration.py", line 627, in run_migrations
    step.migration_fn(**kw)
  File "/usr/src/app/migrations/versions/1af632eb25cf_.py", line 65, in upgrade
    op.create_table('projects',
  File "<string>", line 8, in create_table
  File "<string>", line 3, in create_table
  File "/usr/src/app/.venv/lib/python3.9/site-packages/alembic/operations/ops.py", line 1311, in create_table
    return operations.invoke(op)
  File "/usr/src/app/.venv/lib/python3.9/site-packages/alembic/operations/base.py", line 445, in invoke
    return fn(self, operation)
  File "/usr/src/app/.venv/lib/python3.9/site-packages/alembic/operations/toimpl.py", line 131, in create_table
    operations.impl.create_table(table)
  File "/usr/src/app/.venv/lib/python3.9/site-packages/alembic/ddl/impl.py", line 363, in create_table
    table.dispatch.before_create(
  File "/usr/src/app/.venv/lib/python3.9/site-packages/sqlalchemy/event/attr.py", line 497, in __call__
    fn(*args, **kw)
  File "/usr/src/app/.venv/lib/python3.9/site-packages/sqlalchemy/util/langhelpers.py", line 852, in __call__
    return getattr(self.target, self.name)(*arg, **kw)
  File "/usr/src/app/.venv/lib/python3.9/site-packages/sqlalchemy/sql/sqltypes.py", line 1120, in _on_table_create
    t._on_table_create(target, bind, **kw)
  File "/usr/src/app/.venv/lib/python3.9/site-packages/sqlalchemy/dialects/postgresql/named_types.py", line 98, in _on_table_create
    self.create(bind=bind, checkfirst=checkfirst)
  File "/usr/src/app/.venv/lib/python3.9/site-packages/sqlalchemy/dialects/postgresql/named_types.py", line 338, in create
    super().create(bind, checkfirst=checkfirst)
  File "/usr/src/app/.venv/lib/python3.9/site-packages/sqlalchemy/dialects/postgresql/named_types.py", line 51, in create
    bind._run_ddl_visitor(self.DDLGenerator, self, checkfirst=checkfirst)
  File "/usr/src/app/.venv/lib/python3.9/site-packages/sqlalchemy/engine/base.py", line 2461, in _run_ddl_visitor
    visitorcallable(self.dialect, self, **kwargs).traverse_single(element)
  File "/usr/src/app/.venv/lib/python3.9/site-packages/sqlalchemy/sql/visitors.py", line 664, in traverse_single
    return meth(obj, **kw)
  File "/usr/src/app/.venv/lib/python3.9/site-packages/sqlalchemy/dialects/postgresql/named_types.py", line 153, in visit_enum
    self.connection.execute(CreateEnumType(enum))
  File "/usr/src/app/.venv/lib/python3.9/site-packages/sqlalchemy/engine/base.py", line 1422, in execute
    return meth(
  File "/usr/src/app/.venv/lib/python3.9/site-packages/sqlalchemy/sql/ddl.py", line 180, in _execute_on_connection
    return connection._execute_ddl(
  File "/usr/src/app/.venv/lib/python3.9/site-packages/sqlalchemy/engine/base.py", line 1533, in _execute_ddl
    ret = self._execute_context(
  File "/usr/src/app/.venv/lib/python3.9/site-packages/sqlalchemy/engine/base.py", line 1850, in _execute_context
    return self._exec_single_context(
  File "/usr/src/app/.venv/lib/python3.9/site-packages/sqlalchemy/engine/base.py", line 1990, in _exec_single_context
    self._handle_dbapi_exception(
  File "/usr/src/app/.venv/lib/python3.9/site-packages/sqlalchemy/engine/base.py", line 2357, in _handle_dbapi_exception
    raise sqlalchemy_exception.with_traceback(exc_info[2]) from e
  File "/usr/src/app/.venv/lib/python3.9/site-packages/sqlalchemy/engine/base.py", line 1971, in _exec_single_context
    self.dialect.do_execute(
  File "/usr/src/app/.venv/lib/python3.9/site-packages/sqlalchemy/engine/default.py", line 919, in do_execute
    cursor.execute(statement, parameters)
sqlalchemy.exc.ProgrammingError: (psycopg2.errors.DuplicateObject) type "project_country" already exists

[SQL: CREATE TYPE project_country AS ENUM ('AFG', 'ALA', 'ALB', 'DZA', 'ASM', 'AND', 'AGO', 'AIA', 'ATA', 'ATG', 'ARG', 'ARM', 'ABW', 'AUS', 'AUT', 'AZE', 'BHS', 'BHR', 'BGD', 'BRB', 'BLR', 'BEL', 'BLZ', 'BEN', 'BMU', 'BTN', 'BOL', 'BES', 'BIH', 'BWA', 'BVT', 'BRA', 'IOT', 'BRN', 'BGR', 'BFA', 'BDI', 'KHM', 'CMR', 'CAN', 'CPV', 'CYM', 'CAF', 'TCD', 'CHL', 'CHN', 'CXR', 'CCK', 'COL', 'COM', 'COG', 'COD', 'COK', 'CRI', 'CIV', 'HRV', 'CUB', 'CUW', 'CYP', 'CZE', 'DNK', 'DJI', 'DMA', 'DOM', 'ECU', 'EGY', 'SLV', 'GNQ', 'ERI', 'EST', 'ETH', 'FLK', 'FRO', 'FJI', 'FIN', 'FRA', 'GUF', 'PYF', 'ATF', 'GAB', 'GMB', 'GEO', 'DEU', 'GHA', 'GIB', 'GRC', 'GRL', 'GRD', 'GLP', 'GUM', 'GTM', 'GGY', 'GIN', 'GNB', 'GUY', 'HTI', 'HMD', 'VAT', 'HND', 'HKG', 'HUN', 'ISL', 'IND', 'IDN', 'IRN', 'IRQ', 'IRL', 'IMN', 'ISR', 'ITA', 'JAM', 'JPN', 'JEY', 'JOR', 'KAZ', 'KEN', 'KIR', 'PRK', 'KOR', 'XKX', 'KWT', 'KGZ', 'LAO', 'LVA', 'LBN', 'LSO', 'LBR', 'LBY', 'LIE', 'LTU', 'LUX', 'MAC', 'MKD', 'MDG', 'MWI', 'MYS', 'MDV', 'MLI', 'MLT', 'MHL', 'MTQ', 'MRT', 'MUS', 'MYT', 'MEX', 'FSM', 'MDA', 'MCO', 'MNG', 'MNE', 'MSR', 'MAR', 'MOZ', 'MMR', 'NAM', 'NRU', 'NPL', 'NLD', 'NCL', 'NZL', 'NIC', 'NER', 'NGA', 'NIU', 'NFK', 'MNP', 'NOR', 'OMN', 'PAK', 'PLW', 'PSE', 'PAN', 'PNG', 'PRY', 'PER', 'PHL', 'PCN', 'POL', 'PRT', 'PRI', 'QAT', 'REU', 'ROU', 'RUS', 'RWA', 'BLM', 'SHN', 'KNA', 'LCA', 'MAF', 'SPM', 'VCT', 'WSM', 'SMR', 'STP', 'SAU', 'SEN', 'SRB', 'SYC', 'SLE', 'SGP', 'SXM', 'SVK', 'SVN', 'SLB', 'SOM', 'ZAF', 'SGS', 'SSD', 'ESP', 'LKA', 'SDN', 'SUR', 'SJM', 'SWZ', 'SWE', 'CHE', 'SYR', 'TWN', 'TJK', 'TZA', 'THA', 'TLS', 'TGO', 'TKL', 'TON', 'TTO', 'TUN', 'TUR', 'TKM', 'TCA', 'TUV', 'UGA', 'UKR', 'ARE', 'GBR', 'USA', 'UMI', 'URY', 'UZB', 'VUT', 'VEN', 'VNM', 'VGB', 'VIR', 'WLF', 'ESH', 'YEM', 'ZMB', 'ZWE')]
(Background on this error at: https://sqlalche.me/e/20/f405)
]]></error>
			<system-err><![CDATA[INFO  [alembic.runtime.migration] Context impl PostgresqlImpl.
INFO  [alembic.runtime.migration] Will assume transactional DDL.
INFO  [alembic.runtime.migration] Running upgrade  -> 1af632eb25cf, empty message
]]></system-err>
		</testcase>
		<testcase classname="test_resource_projects.ProjectsResourceTestCase" name="test_projects_relationship_allocations" time="0.122" timestamp="2024-04-12T15:57:37" file="tests/test_resource_projects.py" line="1542">
			<error type="ProgrammingError" message="(psycopg2.errors.DuplicateObject) type &quot;project_country&quot; already exists

[SQL: CREATE TYPE project_country AS ENUM ('AFG', 'ALA', 'ALB', 'DZA', 'ASM', 'AND', 'AGO', 'AIA', 'ATA', 'ATG', 'ARG', 'ARM', 'ABW', 'AUS', 'AUT', 'AZE', 'BHS', 'BHR', 'BGD', 'BRB', 'BLR', 'BEL', 'BLZ', 'BEN', 'BMU', 'BTN', 'BOL', 'BES', 'BIH', 'BWA', 'BVT', 'BRA', 'IOT', 'BRN', 'BGR', 'BFA', 'BDI', 'KHM', 'CMR', 'CAN', 'CPV', 'CYM', 'CAF', 'TCD', 'CHL', 'CHN', 'CXR', 'CCK', 'COL', 'COM', 'COG', 'COD', 'COK', 'CRI', 'CIV', 'HRV', 'CUB', 'CUW', 'CYP', 'CZE', 'DNK', 'DJI', 'DMA', 'DOM', 'ECU', 'EGY', 'SLV', 'GNQ', 'ERI', 'EST', 'ETH', 'FLK', 'FRO', 'FJI', 'FIN', 'FRA', 'GUF', 'PYF', 'ATF', 'GAB', 'GMB', 'GEO', 'DEU', 'GHA', 'GIB', 'GRC', 'GRL', 'GRD', 'GLP', 'GUM', 'GTM', 'GGY', 'GIN', 'GNB', 'GUY', 'HTI', 'HMD', 'VAT', 'HND', 'HKG', 'HUN', 'ISL', 'IND', 'IDN', 'IRN', 'IRQ', 'IRL', 'IMN', 'ISR', 'ITA', 'JAM', 'JPN', 'JEY', 'JOR', 'KAZ', 'KEN', 'KIR', 'PRK', 'KOR', 'XKX', 'KWT', 'KGZ', 'LAO', 'LVA', 'LBN', 'LSO', 'LBR', 'LBY', 'LIE', 'LTU', 'LUX', 'MAC', 'MKD', 'MDG', 'MWI', 'MYS', 'MDV', 'MLI', 'MLT', 'MHL', 'MTQ', 'MRT', 'MUS', 'MYT', 'MEX', 'FSM', 'MDA', 'MCO', 'MNG', 'MNE', 'MSR', 'MAR', 'MOZ', 'MMR', 'NAM', 'NRU', 'NPL', 'NLD', 'NCL', 'NZL', 'NIC', 'NER', 'NGA', 'NIU', 'NFK', 'MNP', 'NOR', 'OMN', 'PAK', 'PLW', 'PSE', 'PAN', 'PNG', 'PRY', 'PER', 'PHL', 'PCN', 'POL', 'PRT', 'PRI', 'QAT', 'REU', 'ROU', 'RUS', 'RWA', 'BLM', 'SHN', 'KNA', 'LCA', 'MAF', 'SPM', 'VCT', 'WSM', 'SMR', 'STP', 'SAU', 'SEN', 'SRB', 'SYC', 'SLE', 'SGP', 'SXM', 'SVK', 'SVN', 'SLB', 'SOM', 'ZAF', 'SGS', 'SSD', 'ESP', 'LKA', 'SDN', 'SUR', 'SJM', 'SWZ', 'SWE', 'CHE', 'SYR', 'TWN', 'TJK', 'TZA', 'THA', 'TLS', 'TGO', 'TKL', 'TON', 'TTO', 'TUN', 'TUR', 'TKM', 'TCA', 'TUV', 'UGA', 'UKR', 'ARE', 'GBR', 'USA', 'UMI', 'URY', 'UZB', 'VUT', 'VEN', 'VNM', 'VGB', 'VIR', 'WLF', 'ESH', 'YEM', 'ZMB', 'ZWE')]
(Background on this error at: https://sqlalche.me/e/20/f405)"><![CDATA[Traceback (most recent call last):
  File "/usr/src/app/.venv/lib/python3.9/site-packages/sqlalchemy/engine/base.py", line 1971, in _exec_single_context
    self.dialect.do_execute(
  File "/usr/src/app/.venv/lib/python3.9/site-packages/sqlalchemy/engine/default.py", line 919, in do_execute
    cursor.execute(statement, parameters)
psycopg2.errors.DuplicateObject: type "project_country" already exists


The above exception was the direct cause of the following exception:

Traceback (most recent call last):
  File "/usr/src/app/tests/base_test.py", line 64, in setUp
    upgrade()
  File "/usr/src/app/.venv/lib/python3.9/site-packages/flask_migrate/__init__.py", line 111, in wrapped
    f(*args, **kwargs)
  File "/usr/src/app/.venv/lib/python3.9/site-packages/flask_migrate/__init__.py", line 200, in upgrade
    command.upgrade(config, revision, sql=sql, tag=tag)
  File "/usr/src/app/.venv/lib/python3.9/site-packages/alembic/command.py", line 403, in upgrade
    script.run_env()
  File "/usr/src/app/.venv/lib/python3.9/site-packages/alembic/script/base.py", line 583, in run_env
    util.load_python_file(self.dir, "env.py")
  File "/usr/src/app/.venv/lib/python3.9/site-packages/alembic/util/pyfiles.py", line 95, in load_python_file
    module = load_module_py(module_id, path)
  File "/usr/src/app/.venv/lib/python3.9/site-packages/alembic/util/pyfiles.py", line 113, in load_module_py
    spec.loader.exec_module(module)  # type: ignore
  File "<frozen importlib._bootstrap_external>", line 850, in exec_module
  File "<frozen importlib._bootstrap>", line 228, in _call_with_frames_removed
  File "migrations/env.py", line 113, in <module>
    run_migrations_online()
  File "migrations/env.py", line 107, in run_migrations_online
    context.run_migrations()
  File "<string>", line 8, in run_migrations
  File "/usr/src/app/.venv/lib/python3.9/site-packages/alembic/runtime/environment.py", line 948, in run_migrations
    self.get_context().run_migrations(**kw)
  File "/usr/src/app/.venv/lib/python3.9/site-packages/alembic/runtime/migration.py", line 627, in run_migrations
    step.migration_fn(**kw)
  File "/usr/src/app/migrations/versions/1af632eb25cf_.py", line 65, in upgrade
    op.create_table('projects',
  File "<string>", line 8, in create_table
  File "<string>", line 3, in create_table
  File "/usr/src/app/.venv/lib/python3.9/site-packages/alembic/operations/ops.py", line 1311, in create_table
    return operations.invoke(op)
  File "/usr/src/app/.venv/lib/python3.9/site-packages/alembic/operations/base.py", line 445, in invoke
    return fn(self, operation)
  File "/usr/src/app/.venv/lib/python3.9/site-packages/alembic/operations/toimpl.py", line 131, in create_table
    operations.impl.create_table(table)
  File "/usr/src/app/.venv/lib/python3.9/site-packages/alembic/ddl/impl.py", line 363, in create_table
    table.dispatch.before_create(
  File "/usr/src/app/.venv/lib/python3.9/site-packages/sqlalchemy/event/attr.py", line 497, in __call__
    fn(*args, **kw)
  File "/usr/src/app/.venv/lib/python3.9/site-packages/sqlalchemy/util/langhelpers.py", line 852, in __call__
    return getattr(self.target, self.name)(*arg, **kw)
  File "/usr/src/app/.venv/lib/python3.9/site-packages/sqlalchemy/sql/sqltypes.py", line 1120, in _on_table_create
    t._on_table_create(target, bind, **kw)
  File "/usr/src/app/.venv/lib/python3.9/site-packages/sqlalchemy/dialects/postgresql/named_types.py", line 98, in _on_table_create
    self.create(bind=bind, checkfirst=checkfirst)
  File "/usr/src/app/.venv/lib/python3.9/site-packages/sqlalchemy/dialects/postgresql/named_types.py", line 338, in create
    super().create(bind, checkfirst=checkfirst)
  File "/usr/src/app/.venv/lib/python3.9/site-packages/sqlalchemy/dialects/postgresql/named_types.py", line 51, in create
    bind._run_ddl_visitor(self.DDLGenerator, self, checkfirst=checkfirst)
  File "/usr/src/app/.venv/lib/python3.9/site-packages/sqlalchemy/engine/base.py", line 2461, in _run_ddl_visitor
    visitorcallable(self.dialect, self, **kwargs).traverse_single(element)
  File "/usr/src/app/.venv/lib/python3.9/site-packages/sqlalchemy/sql/visitors.py", line 664, in traverse_single
    return meth(obj, **kw)
  File "/usr/src/app/.venv/lib/python3.9/site-packages/sqlalchemy/dialects/postgresql/named_types.py", line 153, in visit_enum
    self.connection.execute(CreateEnumType(enum))
  File "/usr/src/app/.venv/lib/python3.9/site-packages/sqlalchemy/engine/base.py", line 1422, in execute
    return meth(
  File "/usr/src/app/.venv/lib/python3.9/site-packages/sqlalchemy/sql/ddl.py", line 180, in _execute_on_connection
    return connection._execute_ddl(
  File "/usr/src/app/.venv/lib/python3.9/site-packages/sqlalchemy/engine/base.py", line 1533, in _execute_ddl
    ret = self._execute_context(
  File "/usr/src/app/.venv/lib/python3.9/site-packages/sqlalchemy/engine/base.py", line 1850, in _execute_context
    return self._exec_single_context(
  File "/usr/src/app/.venv/lib/python3.9/site-packages/sqlalchemy/engine/base.py", line 1990, in _exec_single_context
    self._handle_dbapi_exception(
  File "/usr/src/app/.venv/lib/python3.9/site-packages/sqlalchemy/engine/base.py", line 2357, in _handle_dbapi_exception
    raise sqlalchemy_exception.with_traceback(exc_info[2]) from e
  File "/usr/src/app/.venv/lib/python3.9/site-packages/sqlalchemy/engine/base.py", line 1971, in _exec_single_context
    self.dialect.do_execute(
  File "/usr/src/app/.venv/lib/python3.9/site-packages/sqlalchemy/engine/default.py", line 919, in do_execute
    cursor.execute(statement, parameters)
sqlalchemy.exc.ProgrammingError: (psycopg2.errors.DuplicateObject) type "project_country" already exists

[SQL: CREATE TYPE project_country AS ENUM ('AFG', 'ALA', 'ALB', 'DZA', 'ASM', 'AND', 'AGO', 'AIA', 'ATA', 'ATG', 'ARG', 'ARM', 'ABW', 'AUS', 'AUT', 'AZE', 'BHS', 'BHR', 'BGD', 'BRB', 'BLR', 'BEL', 'BLZ', 'BEN', 'BMU', 'BTN', 'BOL', 'BES', 'BIH', 'BWA', 'BVT', 'BRA', 'IOT', 'BRN', 'BGR', 'BFA', 'BDI', 'KHM', 'CMR', 'CAN', 'CPV', 'CYM', 'CAF', 'TCD', 'CHL', 'CHN', 'CXR', 'CCK', 'COL', 'COM', 'COG', 'COD', 'COK', 'CRI', 'CIV', 'HRV', 'CUB', 'CUW', 'CYP', 'CZE', 'DNK', 'DJI', 'DMA', 'DOM', 'ECU', 'EGY', 'SLV', 'GNQ', 'ERI', 'EST', 'ETH', 'FLK', 'FRO', 'FJI', 'FIN', 'FRA', 'GUF', 'PYF', 'ATF', 'GAB', 'GMB', 'GEO', 'DEU', 'GHA', 'GIB', 'GRC', 'GRL', 'GRD', 'GLP', 'GUM', 'GTM', 'GGY', 'GIN', 'GNB', 'GUY', 'HTI', 'HMD', 'VAT', 'HND', 'HKG', 'HUN', 'ISL', 'IND', 'IDN', 'IRN', 'IRQ', 'IRL', 'IMN', 'ISR', 'ITA', 'JAM', 'JPN', 'JEY', 'JOR', 'KAZ', 'KEN', 'KIR', 'PRK', 'KOR', 'XKX', 'KWT', 'KGZ', 'LAO', 'LVA', 'LBN', 'LSO', 'LBR', 'LBY', 'LIE', 'LTU', 'LUX', 'MAC', 'MKD', 'MDG', 'MWI', 'MYS', 'MDV', 'MLI', 'MLT', 'MHL', 'MTQ', 'MRT', 'MUS', 'MYT', 'MEX', 'FSM', 'MDA', 'MCO', 'MNG', 'MNE', 'MSR', 'MAR', 'MOZ', 'MMR', 'NAM', 'NRU', 'NPL', 'NLD', 'NCL', 'NZL', 'NIC', 'NER', 'NGA', 'NIU', 'NFK', 'MNP', 'NOR', 'OMN', 'PAK', 'PLW', 'PSE', 'PAN', 'PNG', 'PRY', 'PER', 'PHL', 'PCN', 'POL', 'PRT', 'PRI', 'QAT', 'REU', 'ROU', 'RUS', 'RWA', 'BLM', 'SHN', 'KNA', 'LCA', 'MAF', 'SPM', 'VCT', 'WSM', 'SMR', 'STP', 'SAU', 'SEN', 'SRB', 'SYC', 'SLE', 'SGP', 'SXM', 'SVK', 'SVN', 'SLB', 'SOM', 'ZAF', 'SGS', 'SSD', 'ESP', 'LKA', 'SDN', 'SUR', 'SJM', 'SWZ', 'SWE', 'CHE', 'SYR', 'TWN', 'TJK', 'TZA', 'THA', 'TLS', 'TGO', 'TKL', 'TON', 'TTO', 'TUN', 'TUR', 'TKM', 'TCA', 'TUV', 'UGA', 'UKR', 'ARE', 'GBR', 'USA', 'UMI', 'URY', 'UZB', 'VUT', 'VEN', 'VNM', 'VGB', 'VIR', 'WLF', 'ESH', 'YEM', 'ZMB', 'ZWE')]
(Background on this error at: https://sqlalche.me/e/20/f405)
]]></error>
			<system-err><![CDATA[INFO  [alembic.runtime.migration] Context impl PostgresqlImpl.
INFO  [alembic.runtime.migration] Will assume transactional DDL.
INFO  [alembic.runtime.migration] Running upgrade  -> 1af632eb25cf, empty message
]]></system-err>
		</testcase>
		<testcase classname="test_resource_projects.ProjectsResourceTestCase" name="test_projects_relationship_categorisations" time="0.070" timestamp="2024-04-12T15:57:37" file="tests/test_resource_projects.py" line="1594">
			<error type="ProgrammingError" message="(psycopg2.errors.DuplicateObject) type &quot;project_country&quot; already exists

[SQL: CREATE TYPE project_country AS ENUM ('AFG', 'ALA', 'ALB', 'DZA', 'ASM', 'AND', 'AGO', 'AIA', 'ATA', 'ATG', 'ARG', 'ARM', 'ABW', 'AUS', 'AUT', 'AZE', 'BHS', 'BHR', 'BGD', 'BRB', 'BLR', 'BEL', 'BLZ', 'BEN', 'BMU', 'BTN', 'BOL', 'BES', 'BIH', 'BWA', 'BVT', 'BRA', 'IOT', 'BRN', 'BGR', 'BFA', 'BDI', 'KHM', 'CMR', 'CAN', 'CPV', 'CYM', 'CAF', 'TCD', 'CHL', 'CHN', 'CXR', 'CCK', 'COL', 'COM', 'COG', 'COD', 'COK', 'CRI', 'CIV', 'HRV', 'CUB', 'CUW', 'CYP', 'CZE', 'DNK', 'DJI', 'DMA', 'DOM', 'ECU', 'EGY', 'SLV', 'GNQ', 'ERI', 'EST', 'ETH', 'FLK', 'FRO', 'FJI', 'FIN', 'FRA', 'GUF', 'PYF', 'ATF', 'GAB', 'GMB', 'GEO', 'DEU', 'GHA', 'GIB', 'GRC', 'GRL', 'GRD', 'GLP', 'GUM', 'GTM', 'GGY', 'GIN', 'GNB', 'GUY', 'HTI', 'HMD', 'VAT', 'HND', 'HKG', 'HUN', 'ISL', 'IND', 'IDN', 'IRN', 'IRQ', 'IRL', 'IMN', 'ISR', 'ITA', 'JAM', 'JPN', 'JEY', 'JOR', 'KAZ', 'KEN', 'KIR', 'PRK', 'KOR', 'XKX', 'KWT', 'KGZ', 'LAO', 'LVA', 'LBN', 'LSO', 'LBR', 'LBY', 'LIE', 'LTU', 'LUX', 'MAC', 'MKD', 'MDG', 'MWI', 'MYS', 'MDV', 'MLI', 'MLT', 'MHL', 'MTQ', 'MRT', 'MUS', 'MYT', 'MEX', 'FSM', 'MDA', 'MCO', 'MNG', 'MNE', 'MSR', 'MAR', 'MOZ', 'MMR', 'NAM', 'NRU', 'NPL', 'NLD', 'NCL', 'NZL', 'NIC', 'NER', 'NGA', 'NIU', 'NFK', 'MNP', 'NOR', 'OMN', 'PAK', 'PLW', 'PSE', 'PAN', 'PNG', 'PRY', 'PER', 'PHL', 'PCN', 'POL', 'PRT', 'PRI', 'QAT', 'REU', 'ROU', 'RUS', 'RWA', 'BLM', 'SHN', 'KNA', 'LCA', 'MAF', 'SPM', 'VCT', 'WSM', 'SMR', 'STP', 'SAU', 'SEN', 'SRB', 'SYC', 'SLE', 'SGP', 'SXM', 'SVK', 'SVN', 'SLB', 'SOM', 'ZAF', 'SGS', 'SSD', 'ESP', 'LKA', 'SDN', 'SUR', 'SJM', 'SWZ', 'SWE', 'CHE', 'SYR', 'TWN', 'TJK', 'TZA', 'THA', 'TLS', 'TGO', 'TKL', 'TON', 'TTO', 'TUN', 'TUR', 'TKM', 'TCA', 'TUV', 'UGA', 'UKR', 'ARE', 'GBR', 'USA', 'UMI', 'URY', 'UZB', 'VUT', 'VEN', 'VNM', 'VGB', 'VIR', 'WLF', 'ESH', 'YEM', 'ZMB', 'ZWE')]
(Background on this error at: https://sqlalche.me/e/20/f405)"><![CDATA[Traceback (most recent call last):
  File "/usr/src/app/.venv/lib/python3.9/site-packages/sqlalchemy/engine/base.py", line 1971, in _exec_single_context
    self.dialect.do_execute(
  File "/usr/src/app/.venv/lib/python3.9/site-packages/sqlalchemy/engine/default.py", line 919, in do_execute
    cursor.execute(statement, parameters)
psycopg2.errors.DuplicateObject: type "project_country" already exists


The above exception was the direct cause of the following exception:

Traceback (most recent call last):
  File "/usr/src/app/tests/base_test.py", line 64, in setUp
    upgrade()
  File "/usr/src/app/.venv/lib/python3.9/site-packages/flask_migrate/__init__.py", line 111, in wrapped
    f(*args, **kwargs)
  File "/usr/src/app/.venv/lib/python3.9/site-packages/flask_migrate/__init__.py", line 200, in upgrade
    command.upgrade(config, revision, sql=sql, tag=tag)
  File "/usr/src/app/.venv/lib/python3.9/site-packages/alembic/command.py", line 403, in upgrade
    script.run_env()
  File "/usr/src/app/.venv/lib/python3.9/site-packages/alembic/script/base.py", line 583, in run_env
    util.load_python_file(self.dir, "env.py")
  File "/usr/src/app/.venv/lib/python3.9/site-packages/alembic/util/pyfiles.py", line 95, in load_python_file
    module = load_module_py(module_id, path)
  File "/usr/src/app/.venv/lib/python3.9/site-packages/alembic/util/pyfiles.py", line 113, in load_module_py
    spec.loader.exec_module(module)  # type: ignore
  File "<frozen importlib._bootstrap_external>", line 850, in exec_module
  File "<frozen importlib._bootstrap>", line 228, in _call_with_frames_removed
  File "migrations/env.py", line 113, in <module>
    run_migrations_online()
  File "migrations/env.py", line 107, in run_migrations_online
    context.run_migrations()
  File "<string>", line 8, in run_migrations
  File "/usr/src/app/.venv/lib/python3.9/site-packages/alembic/runtime/environment.py", line 948, in run_migrations
    self.get_context().run_migrations(**kw)
  File "/usr/src/app/.venv/lib/python3.9/site-packages/alembic/runtime/migration.py", line 627, in run_migrations
    step.migration_fn(**kw)
  File "/usr/src/app/migrations/versions/1af632eb25cf_.py", line 65, in upgrade
    op.create_table('projects',
  File "<string>", line 8, in create_table
  File "<string>", line 3, in create_table
  File "/usr/src/app/.venv/lib/python3.9/site-packages/alembic/operations/ops.py", line 1311, in create_table
    return operations.invoke(op)
  File "/usr/src/app/.venv/lib/python3.9/site-packages/alembic/operations/base.py", line 445, in invoke
    return fn(self, operation)
  File "/usr/src/app/.venv/lib/python3.9/site-packages/alembic/operations/toimpl.py", line 131, in create_table
    operations.impl.create_table(table)
  File "/usr/src/app/.venv/lib/python3.9/site-packages/alembic/ddl/impl.py", line 363, in create_table
    table.dispatch.before_create(
  File "/usr/src/app/.venv/lib/python3.9/site-packages/sqlalchemy/event/attr.py", line 497, in __call__
    fn(*args, **kw)
  File "/usr/src/app/.venv/lib/python3.9/site-packages/sqlalchemy/util/langhelpers.py", line 852, in __call__
    return getattr(self.target, self.name)(*arg, **kw)
  File "/usr/src/app/.venv/lib/python3.9/site-packages/sqlalchemy/sql/sqltypes.py", line 1120, in _on_table_create
    t._on_table_create(target, bind, **kw)
  File "/usr/src/app/.venv/lib/python3.9/site-packages/sqlalchemy/dialects/postgresql/named_types.py", line 98, in _on_table_create
    self.create(bind=bind, checkfirst=checkfirst)
  File "/usr/src/app/.venv/lib/python3.9/site-packages/sqlalchemy/dialects/postgresql/named_types.py", line 338, in create
    super().create(bind, checkfirst=checkfirst)
  File "/usr/src/app/.venv/lib/python3.9/site-packages/sqlalchemy/dialects/postgresql/named_types.py", line 51, in create
    bind._run_ddl_visitor(self.DDLGenerator, self, checkfirst=checkfirst)
  File "/usr/src/app/.venv/lib/python3.9/site-packages/sqlalchemy/engine/base.py", line 2461, in _run_ddl_visitor
    visitorcallable(self.dialect, self, **kwargs).traverse_single(element)
  File "/usr/src/app/.venv/lib/python3.9/site-packages/sqlalchemy/sql/visitors.py", line 664, in traverse_single
    return meth(obj, **kw)
  File "/usr/src/app/.venv/lib/python3.9/site-packages/sqlalchemy/dialects/postgresql/named_types.py", line 153, in visit_enum
    self.connection.execute(CreateEnumType(enum))
  File "/usr/src/app/.venv/lib/python3.9/site-packages/sqlalchemy/engine/base.py", line 1422, in execute
    return meth(
  File "/usr/src/app/.venv/lib/python3.9/site-packages/sqlalchemy/sql/ddl.py", line 180, in _execute_on_connection
    return connection._execute_ddl(
  File "/usr/src/app/.venv/lib/python3.9/site-packages/sqlalchemy/engine/base.py", line 1533, in _execute_ddl
    ret = self._execute_context(
  File "/usr/src/app/.venv/lib/python3.9/site-packages/sqlalchemy/engine/base.py", line 1850, in _execute_context
    return self._exec_single_context(
  File "/usr/src/app/.venv/lib/python3.9/site-packages/sqlalchemy/engine/base.py", line 1990, in _exec_single_context
    self._handle_dbapi_exception(
  File "/usr/src/app/.venv/lib/python3.9/site-packages/sqlalchemy/engine/base.py", line 2357, in _handle_dbapi_exception
    raise sqlalchemy_exception.with_traceback(exc_info[2]) from e
  File "/usr/src/app/.venv/lib/python3.9/site-packages/sqlalchemy/engine/base.py", line 1971, in _exec_single_context
    self.dialect.do_execute(
  File "/usr/src/app/.venv/lib/python3.9/site-packages/sqlalchemy/engine/default.py", line 919, in do_execute
    cursor.execute(statement, parameters)
sqlalchemy.exc.ProgrammingError: (psycopg2.errors.DuplicateObject) type "project_country" already exists

[SQL: CREATE TYPE project_country AS ENUM ('AFG', 'ALA', 'ALB', 'DZA', 'ASM', 'AND', 'AGO', 'AIA', 'ATA', 'ATG', 'ARG', 'ARM', 'ABW', 'AUS', 'AUT', 'AZE', 'BHS', 'BHR', 'BGD', 'BRB', 'BLR', 'BEL', 'BLZ', 'BEN', 'BMU', 'BTN', 'BOL', 'BES', 'BIH', 'BWA', 'BVT', 'BRA', 'IOT', 'BRN', 'BGR', 'BFA', 'BDI', 'KHM', 'CMR', 'CAN', 'CPV', 'CYM', 'CAF', 'TCD', 'CHL', 'CHN', 'CXR', 'CCK', 'COL', 'COM', 'COG', 'COD', 'COK', 'CRI', 'CIV', 'HRV', 'CUB', 'CUW', 'CYP', 'CZE', 'DNK', 'DJI', 'DMA', 'DOM', 'ECU', 'EGY', 'SLV', 'GNQ', 'ERI', 'EST', 'ETH', 'FLK', 'FRO', 'FJI', 'FIN', 'FRA', 'GUF', 'PYF', 'ATF', 'GAB', 'GMB', 'GEO', 'DEU', 'GHA', 'GIB', 'GRC', 'GRL', 'GRD', 'GLP', 'GUM', 'GTM', 'GGY', 'GIN', 'GNB', 'GUY', 'HTI', 'HMD', 'VAT', 'HND', 'HKG', 'HUN', 'ISL', 'IND', 'IDN', 'IRN', 'IRQ', 'IRL', 'IMN', 'ISR', 'ITA', 'JAM', 'JPN', 'JEY', 'JOR', 'KAZ', 'KEN', 'KIR', 'PRK', 'KOR', 'XKX', 'KWT', 'KGZ', 'LAO', 'LVA', 'LBN', 'LSO', 'LBR', 'LBY', 'LIE', 'LTU', 'LUX', 'MAC', 'MKD', 'MDG', 'MWI', 'MYS', 'MDV', 'MLI', 'MLT', 'MHL', 'MTQ', 'MRT', 'MUS', 'MYT', 'MEX', 'FSM', 'MDA', 'MCO', 'MNG', 'MNE', 'MSR', 'MAR', 'MOZ', 'MMR', 'NAM', 'NRU', 'NPL', 'NLD', 'NCL', 'NZL', 'NIC', 'NER', 'NGA', 'NIU', 'NFK', 'MNP', 'NOR', 'OMN', 'PAK', 'PLW', 'PSE', 'PAN', 'PNG', 'PRY', 'PER', 'PHL', 'PCN', 'POL', 'PRT', 'PRI', 'QAT', 'REU', 'ROU', 'RUS', 'RWA', 'BLM', 'SHN', 'KNA', 'LCA', 'MAF', 'SPM', 'VCT', 'WSM', 'SMR', 'STP', 'SAU', 'SEN', 'SRB', 'SYC', 'SLE', 'SGP', 'SXM', 'SVK', 'SVN', 'SLB', 'SOM', 'ZAF', 'SGS', 'SSD', 'ESP', 'LKA', 'SDN', 'SUR', 'SJM', 'SWZ', 'SWE', 'CHE', 'SYR', 'TWN', 'TJK', 'TZA', 'THA', 'TLS', 'TGO', 'TKL', 'TON', 'TTO', 'TUN', 'TUR', 'TKM', 'TCA', 'TUV', 'UGA', 'UKR', 'ARE', 'GBR', 'USA', 'UMI', 'URY', 'UZB', 'VUT', 'VEN', 'VNM', 'VGB', 'VIR', 'WLF', 'ESH', 'YEM', 'ZMB', 'ZWE')]
(Background on this error at: https://sqlalche.me/e/20/f405)
]]></error>
			<system-err><![CDATA[INFO  [alembic.runtime.migration] Context impl PostgresqlImpl.
INFO  [alembic.runtime.migration] Will assume transactional DDL.
INFO  [alembic.runtime.migration] Running upgrade  -> 1af632eb25cf, empty message
]]></system-err>
		</testcase>
		<testcase classname="test_resource_projects.ProjectsResourceTestCase" name="test_projects_relationship_participants" time="0.085" timestamp="2024-04-12T15:57:37" file="tests/test_resource_projects.py" line="1566">
			<error type="ProgrammingError" message="(psycopg2.errors.DuplicateObject) type &quot;project_country&quot; already exists

[SQL: CREATE TYPE project_country AS ENUM ('AFG', 'ALA', 'ALB', 'DZA', 'ASM', 'AND', 'AGO', 'AIA', 'ATA', 'ATG', 'ARG', 'ARM', 'ABW', 'AUS', 'AUT', 'AZE', 'BHS', 'BHR', 'BGD', 'BRB', 'BLR', 'BEL', 'BLZ', 'BEN', 'BMU', 'BTN', 'BOL', 'BES', 'BIH', 'BWA', 'BVT', 'BRA', 'IOT', 'BRN', 'BGR', 'BFA', 'BDI', 'KHM', 'CMR', 'CAN', 'CPV', 'CYM', 'CAF', 'TCD', 'CHL', 'CHN', 'CXR', 'CCK', 'COL', 'COM', 'COG', 'COD', 'COK', 'CRI', 'CIV', 'HRV', 'CUB', 'CUW', 'CYP', 'CZE', 'DNK', 'DJI', 'DMA', 'DOM', 'ECU', 'EGY', 'SLV', 'GNQ', 'ERI', 'EST', 'ETH', 'FLK', 'FRO', 'FJI', 'FIN', 'FRA', 'GUF', 'PYF', 'ATF', 'GAB', 'GMB', 'GEO', 'DEU', 'GHA', 'GIB', 'GRC', 'GRL', 'GRD', 'GLP', 'GUM', 'GTM', 'GGY', 'GIN', 'GNB', 'GUY', 'HTI', 'HMD', 'VAT', 'HND', 'HKG', 'HUN', 'ISL', 'IND', 'IDN', 'IRN', 'IRQ', 'IRL', 'IMN', 'ISR', 'ITA', 'JAM', 'JPN', 'JEY', 'JOR', 'KAZ', 'KEN', 'KIR', 'PRK', 'KOR', 'XKX', 'KWT', 'KGZ', 'LAO', 'LVA', 'LBN', 'LSO', 'LBR', 'LBY', 'LIE', 'LTU', 'LUX', 'MAC', 'MKD', 'MDG', 'MWI', 'MYS', 'MDV', 'MLI', 'MLT', 'MHL', 'MTQ', 'MRT', 'MUS', 'MYT', 'MEX', 'FSM', 'MDA', 'MCO', 'MNG', 'MNE', 'MSR', 'MAR', 'MOZ', 'MMR', 'NAM', 'NRU', 'NPL', 'NLD', 'NCL', 'NZL', 'NIC', 'NER', 'NGA', 'NIU', 'NFK', 'MNP', 'NOR', 'OMN', 'PAK', 'PLW', 'PSE', 'PAN', 'PNG', 'PRY', 'PER', 'PHL', 'PCN', 'POL', 'PRT', 'PRI', 'QAT', 'REU', 'ROU', 'RUS', 'RWA', 'BLM', 'SHN', 'KNA', 'LCA', 'MAF', 'SPM', 'VCT', 'WSM', 'SMR', 'STP', 'SAU', 'SEN', 'SRB', 'SYC', 'SLE', 'SGP', 'SXM', 'SVK', 'SVN', 'SLB', 'SOM', 'ZAF', 'SGS', 'SSD', 'ESP', 'LKA', 'SDN', 'SUR', 'SJM', 'SWZ', 'SWE', 'CHE', 'SYR', 'TWN', 'TJK', 'TZA', 'THA', 'TLS', 'TGO', 'TKL', 'TON', 'TTO', 'TUN', 'TUR', 'TKM', 'TCA', 'TUV', 'UGA', 'UKR', 'ARE', 'GBR', 'USA', 'UMI', 'URY', 'UZB', 'VUT', 'VEN', 'VNM', 'VGB', 'VIR', 'WLF', 'ESH', 'YEM', 'ZMB', 'ZWE')]
(Background on this error at: https://sqlalche.me/e/20/f405)"><![CDATA[Traceback (most recent call last):
  File "/usr/src/app/.venv/lib/python3.9/site-packages/sqlalchemy/engine/base.py", line 1971, in _exec_single_context
    self.dialect.do_execute(
  File "/usr/src/app/.venv/lib/python3.9/site-packages/sqlalchemy/engine/default.py", line 919, in do_execute
    cursor.execute(statement, parameters)
psycopg2.errors.DuplicateObject: type "project_country" already exists


The above exception was the direct cause of the following exception:

Traceback (most recent call last):
  File "/usr/src/app/tests/base_test.py", line 64, in setUp
    upgrade()
  File "/usr/src/app/.venv/lib/python3.9/site-packages/flask_migrate/__init__.py", line 111, in wrapped
    f(*args, **kwargs)
  File "/usr/src/app/.venv/lib/python3.9/site-packages/flask_migrate/__init__.py", line 200, in upgrade
    command.upgrade(config, revision, sql=sql, tag=tag)
  File "/usr/src/app/.venv/lib/python3.9/site-packages/alembic/command.py", line 403, in upgrade
    script.run_env()
  File "/usr/src/app/.venv/lib/python3.9/site-packages/alembic/script/base.py", line 583, in run_env
    util.load_python_file(self.dir, "env.py")
  File "/usr/src/app/.venv/lib/python3.9/site-packages/alembic/util/pyfiles.py", line 95, in load_python_file
    module = load_module_py(module_id, path)
  File "/usr/src/app/.venv/lib/python3.9/site-packages/alembic/util/pyfiles.py", line 113, in load_module_py
    spec.loader.exec_module(module)  # type: ignore
  File "<frozen importlib._bootstrap_external>", line 850, in exec_module
  File "<frozen importlib._bootstrap>", line 228, in _call_with_frames_removed
  File "migrations/env.py", line 113, in <module>
    run_migrations_online()
  File "migrations/env.py", line 107, in run_migrations_online
    context.run_migrations()
  File "<string>", line 8, in run_migrations
  File "/usr/src/app/.venv/lib/python3.9/site-packages/alembic/runtime/environment.py", line 948, in run_migrations
    self.get_context().run_migrations(**kw)
  File "/usr/src/app/.venv/lib/python3.9/site-packages/alembic/runtime/migration.py", line 627, in run_migrations
    step.migration_fn(**kw)
  File "/usr/src/app/migrations/versions/1af632eb25cf_.py", line 65, in upgrade
    op.create_table('projects',
  File "<string>", line 8, in create_table
  File "<string>", line 3, in create_table
  File "/usr/src/app/.venv/lib/python3.9/site-packages/alembic/operations/ops.py", line 1311, in create_table
    return operations.invoke(op)
  File "/usr/src/app/.venv/lib/python3.9/site-packages/alembic/operations/base.py", line 445, in invoke
    return fn(self, operation)
  File "/usr/src/app/.venv/lib/python3.9/site-packages/alembic/operations/toimpl.py", line 131, in create_table
    operations.impl.create_table(table)
  File "/usr/src/app/.venv/lib/python3.9/site-packages/alembic/ddl/impl.py", line 363, in create_table
    table.dispatch.before_create(
  File "/usr/src/app/.venv/lib/python3.9/site-packages/sqlalchemy/event/attr.py", line 497, in __call__
    fn(*args, **kw)
  File "/usr/src/app/.venv/lib/python3.9/site-packages/sqlalchemy/util/langhelpers.py", line 852, in __call__
    return getattr(self.target, self.name)(*arg, **kw)
  File "/usr/src/app/.venv/lib/python3.9/site-packages/sqlalchemy/sql/sqltypes.py", line 1120, in _on_table_create
    t._on_table_create(target, bind, **kw)
  File "/usr/src/app/.venv/lib/python3.9/site-packages/sqlalchemy/dialects/postgresql/named_types.py", line 98, in _on_table_create
    self.create(bind=bind, checkfirst=checkfirst)
  File "/usr/src/app/.venv/lib/python3.9/site-packages/sqlalchemy/dialects/postgresql/named_types.py", line 338, in create
    super().create(bind, checkfirst=checkfirst)
  File "/usr/src/app/.venv/lib/python3.9/site-packages/sqlalchemy/dialects/postgresql/named_types.py", line 51, in create
    bind._run_ddl_visitor(self.DDLGenerator, self, checkfirst=checkfirst)
  File "/usr/src/app/.venv/lib/python3.9/site-packages/sqlalchemy/engine/base.py", line 2461, in _run_ddl_visitor
    visitorcallable(self.dialect, self, **kwargs).traverse_single(element)
  File "/usr/src/app/.venv/lib/python3.9/site-packages/sqlalchemy/sql/visitors.py", line 664, in traverse_single
    return meth(obj, **kw)
  File "/usr/src/app/.venv/lib/python3.9/site-packages/sqlalchemy/dialects/postgresql/named_types.py", line 153, in visit_enum
    self.connection.execute(CreateEnumType(enum))
  File "/usr/src/app/.venv/lib/python3.9/site-packages/sqlalchemy/engine/base.py", line 1422, in execute
    return meth(
  File "/usr/src/app/.venv/lib/python3.9/site-packages/sqlalchemy/sql/ddl.py", line 180, in _execute_on_connection
    return connection._execute_ddl(
  File "/usr/src/app/.venv/lib/python3.9/site-packages/sqlalchemy/engine/base.py", line 1533, in _execute_ddl
    ret = self._execute_context(
  File "/usr/src/app/.venv/lib/python3.9/site-packages/sqlalchemy/engine/base.py", line 1850, in _execute_context
    return self._exec_single_context(
  File "/usr/src/app/.venv/lib/python3.9/site-packages/sqlalchemy/engine/base.py", line 1990, in _exec_single_context
    self._handle_dbapi_exception(
  File "/usr/src/app/.venv/lib/python3.9/site-packages/sqlalchemy/engine/base.py", line 2357, in _handle_dbapi_exception
    raise sqlalchemy_exception.with_traceback(exc_info[2]) from e
  File "/usr/src/app/.venv/lib/python3.9/site-packages/sqlalchemy/engine/base.py", line 1971, in _exec_single_context
    self.dialect.do_execute(
  File "/usr/src/app/.venv/lib/python3.9/site-packages/sqlalchemy/engine/default.py", line 919, in do_execute
    cursor.execute(statement, parameters)
sqlalchemy.exc.ProgrammingError: (psycopg2.errors.DuplicateObject) type "project_country" already exists

[SQL: CREATE TYPE project_country AS ENUM ('AFG', 'ALA', 'ALB', 'DZA', 'ASM', 'AND', 'AGO', 'AIA', 'ATA', 'ATG', 'ARG', 'ARM', 'ABW', 'AUS', 'AUT', 'AZE', 'BHS', 'BHR', 'BGD', 'BRB', 'BLR', 'BEL', 'BLZ', 'BEN', 'BMU', 'BTN', 'BOL', 'BES', 'BIH', 'BWA', 'BVT', 'BRA', 'IOT', 'BRN', 'BGR', 'BFA', 'BDI', 'KHM', 'CMR', 'CAN', 'CPV', 'CYM', 'CAF', 'TCD', 'CHL', 'CHN', 'CXR', 'CCK', 'COL', 'COM', 'COG', 'COD', 'COK', 'CRI', 'CIV', 'HRV', 'CUB', 'CUW', 'CYP', 'CZE', 'DNK', 'DJI', 'DMA', 'DOM', 'ECU', 'EGY', 'SLV', 'GNQ', 'ERI', 'EST', 'ETH', 'FLK', 'FRO', 'FJI', 'FIN', 'FRA', 'GUF', 'PYF', 'ATF', 'GAB', 'GMB', 'GEO', 'DEU', 'GHA', 'GIB', 'GRC', 'GRL', 'GRD', 'GLP', 'GUM', 'GTM', 'GGY', 'GIN', 'GNB', 'GUY', 'HTI', 'HMD', 'VAT', 'HND', 'HKG', 'HUN', 'ISL', 'IND', 'IDN', 'IRN', 'IRQ', 'IRL', 'IMN', 'ISR', 'ITA', 'JAM', 'JPN', 'JEY', 'JOR', 'KAZ', 'KEN', 'KIR', 'PRK', 'KOR', 'XKX', 'KWT', 'KGZ', 'LAO', 'LVA', 'LBN', 'LSO', 'LBR', 'LBY', 'LIE', 'LTU', 'LUX', 'MAC', 'MKD', 'MDG', 'MWI', 'MYS', 'MDV', 'MLI', 'MLT', 'MHL', 'MTQ', 'MRT', 'MUS', 'MYT', 'MEX', 'FSM', 'MDA', 'MCO', 'MNG', 'MNE', 'MSR', 'MAR', 'MOZ', 'MMR', 'NAM', 'NRU', 'NPL', 'NLD', 'NCL', 'NZL', 'NIC', 'NER', 'NGA', 'NIU', 'NFK', 'MNP', 'NOR', 'OMN', 'PAK', 'PLW', 'PSE', 'PAN', 'PNG', 'PRY', 'PER', 'PHL', 'PCN', 'POL', 'PRT', 'PRI', 'QAT', 'REU', 'ROU', 'RUS', 'RWA', 'BLM', 'SHN', 'KNA', 'LCA', 'MAF', 'SPM', 'VCT', 'WSM', 'SMR', 'STP', 'SAU', 'SEN', 'SRB', 'SYC', 'SLE', 'SGP', 'SXM', 'SVK', 'SVN', 'SLB', 'SOM', 'ZAF', 'SGS', 'SSD', 'ESP', 'LKA', 'SDN', 'SUR', 'SJM', 'SWZ', 'SWE', 'CHE', 'SYR', 'TWN', 'TJK', 'TZA', 'THA', 'TLS', 'TGO', 'TKL', 'TON', 'TTO', 'TUN', 'TUR', 'TKM', 'TCA', 'TUV', 'UGA', 'UKR', 'ARE', 'GBR', 'USA', 'UMI', 'URY', 'UZB', 'VUT', 'VEN', 'VNM', 'VGB', 'VIR', 'WLF', 'ESH', 'YEM', 'ZMB', 'ZWE')]
(Background on this error at: https://sqlalche.me/e/20/f405)
]]></error>
			<system-err><![CDATA[INFO  [alembic.runtime.migration] Context impl PostgresqlImpl.
INFO  [alembic.runtime.migration] Will assume transactional DDL.
INFO  [alembic.runtime.migration] Running upgrade  -> 1af632eb25cf, empty message
]]></system-err>
		</testcase>
		<testcase classname="test_resource_projects.ProjectsResourceTestCase" name="test_projects_single_missing_unknown_id" time="0.178" timestamp="2024-04-12T15:57:37" file="tests/test_resource_projects.py" line="1525">
			<error type="ProgrammingError" message="(psycopg2.errors.DuplicateObject) type &quot;project_country&quot; already exists

[SQL: CREATE TYPE project_country AS ENUM ('AFG', 'ALA', 'ALB', 'DZA', 'ASM', 'AND', 'AGO', 'AIA', 'ATA', 'ATG', 'ARG', 'ARM', 'ABW', 'AUS', 'AUT', 'AZE', 'BHS', 'BHR', 'BGD', 'BRB', 'BLR', 'BEL', 'BLZ', 'BEN', 'BMU', 'BTN', 'BOL', 'BES', 'BIH', 'BWA', 'BVT', 'BRA', 'IOT', 'BRN', 'BGR', 'BFA', 'BDI', 'KHM', 'CMR', 'CAN', 'CPV', 'CYM', 'CAF', 'TCD', 'CHL', 'CHN', 'CXR', 'CCK', 'COL', 'COM', 'COG', 'COD', 'COK', 'CRI', 'CIV', 'HRV', 'CUB', 'CUW', 'CYP', 'CZE', 'DNK', 'DJI', 'DMA', 'DOM', 'ECU', 'EGY', 'SLV', 'GNQ', 'ERI', 'EST', 'ETH', 'FLK', 'FRO', 'FJI', 'FIN', 'FRA', 'GUF', 'PYF', 'ATF', 'GAB', 'GMB', 'GEO', 'DEU', 'GHA', 'GIB', 'GRC', 'GRL', 'GRD', 'GLP', 'GUM', 'GTM', 'GGY', 'GIN', 'GNB', 'GUY', 'HTI', 'HMD', 'VAT', 'HND', 'HKG', 'HUN', 'ISL', 'IND', 'IDN', 'IRN', 'IRQ', 'IRL', 'IMN', 'ISR', 'ITA', 'JAM', 'JPN', 'JEY', 'JOR', 'KAZ', 'KEN', 'KIR', 'PRK', 'KOR', 'XKX', 'KWT', 'KGZ', 'LAO', 'LVA', 'LBN', 'LSO', 'LBR', 'LBY', 'LIE', 'LTU', 'LUX', 'MAC', 'MKD', 'MDG', 'MWI', 'MYS', 'MDV', 'MLI', 'MLT', 'MHL', 'MTQ', 'MRT', 'MUS', 'MYT', 'MEX', 'FSM', 'MDA', 'MCO', 'MNG', 'MNE', 'MSR', 'MAR', 'MOZ', 'MMR', 'NAM', 'NRU', 'NPL', 'NLD', 'NCL', 'NZL', 'NIC', 'NER', 'NGA', 'NIU', 'NFK', 'MNP', 'NOR', 'OMN', 'PAK', 'PLW', 'PSE', 'PAN', 'PNG', 'PRY', 'PER', 'PHL', 'PCN', 'POL', 'PRT', 'PRI', 'QAT', 'REU', 'ROU', 'RUS', 'RWA', 'BLM', 'SHN', 'KNA', 'LCA', 'MAF', 'SPM', 'VCT', 'WSM', 'SMR', 'STP', 'SAU', 'SEN', 'SRB', 'SYC', 'SLE', 'SGP', 'SXM', 'SVK', 'SVN', 'SLB', 'SOM', 'ZAF', 'SGS', 'SSD', 'ESP', 'LKA', 'SDN', 'SUR', 'SJM', 'SWZ', 'SWE', 'CHE', 'SYR', 'TWN', 'TJK', 'TZA', 'THA', 'TLS', 'TGO', 'TKL', 'TON', 'TTO', 'TUN', 'TUR', 'TKM', 'TCA', 'TUV', 'UGA', 'UKR', 'ARE', 'GBR', 'USA', 'UMI', 'URY', 'UZB', 'VUT', 'VEN', 'VNM', 'VGB', 'VIR', 'WLF', 'ESH', 'YEM', 'ZMB', 'ZWE')]
(Background on this error at: https://sqlalche.me/e/20/f405)"><![CDATA[Traceback (most recent call last):
  File "/usr/src/app/.venv/lib/python3.9/site-packages/sqlalchemy/engine/base.py", line 1971, in _exec_single_context
    self.dialect.do_execute(
  File "/usr/src/app/.venv/lib/python3.9/site-packages/sqlalchemy/engine/default.py", line 919, in do_execute
    cursor.execute(statement, parameters)
psycopg2.errors.DuplicateObject: type "project_country" already exists


The above exception was the direct cause of the following exception:

Traceback (most recent call last):
  File "/usr/src/app/tests/base_test.py", line 64, in setUp
    upgrade()
  File "/usr/src/app/.venv/lib/python3.9/site-packages/flask_migrate/__init__.py", line 111, in wrapped
    f(*args, **kwargs)
  File "/usr/src/app/.venv/lib/python3.9/site-packages/flask_migrate/__init__.py", line 200, in upgrade
    command.upgrade(config, revision, sql=sql, tag=tag)
  File "/usr/src/app/.venv/lib/python3.9/site-packages/alembic/command.py", line 403, in upgrade
    script.run_env()
  File "/usr/src/app/.venv/lib/python3.9/site-packages/alembic/script/base.py", line 583, in run_env
    util.load_python_file(self.dir, "env.py")
  File "/usr/src/app/.venv/lib/python3.9/site-packages/alembic/util/pyfiles.py", line 95, in load_python_file
    module = load_module_py(module_id, path)
  File "/usr/src/app/.venv/lib/python3.9/site-packages/alembic/util/pyfiles.py", line 113, in load_module_py
    spec.loader.exec_module(module)  # type: ignore
  File "<frozen importlib._bootstrap_external>", line 850, in exec_module
  File "<frozen importlib._bootstrap>", line 228, in _call_with_frames_removed
  File "migrations/env.py", line 113, in <module>
    run_migrations_online()
  File "migrations/env.py", line 107, in run_migrations_online
    context.run_migrations()
  File "<string>", line 8, in run_migrations
  File "/usr/src/app/.venv/lib/python3.9/site-packages/alembic/runtime/environment.py", line 948, in run_migrations
    self.get_context().run_migrations(**kw)
  File "/usr/src/app/.venv/lib/python3.9/site-packages/alembic/runtime/migration.py", line 627, in run_migrations
    step.migration_fn(**kw)
  File "/usr/src/app/migrations/versions/1af632eb25cf_.py", line 65, in upgrade
    op.create_table('projects',
  File "<string>", line 8, in create_table
  File "<string>", line 3, in create_table
  File "/usr/src/app/.venv/lib/python3.9/site-packages/alembic/operations/ops.py", line 1311, in create_table
    return operations.invoke(op)
  File "/usr/src/app/.venv/lib/python3.9/site-packages/alembic/operations/base.py", line 445, in invoke
    return fn(self, operation)
  File "/usr/src/app/.venv/lib/python3.9/site-packages/alembic/operations/toimpl.py", line 131, in create_table
    operations.impl.create_table(table)
  File "/usr/src/app/.venv/lib/python3.9/site-packages/alembic/ddl/impl.py", line 363, in create_table
    table.dispatch.before_create(
  File "/usr/src/app/.venv/lib/python3.9/site-packages/sqlalchemy/event/attr.py", line 497, in __call__
    fn(*args, **kw)
  File "/usr/src/app/.venv/lib/python3.9/site-packages/sqlalchemy/util/langhelpers.py", line 852, in __call__
    return getattr(self.target, self.name)(*arg, **kw)
  File "/usr/src/app/.venv/lib/python3.9/site-packages/sqlalchemy/sql/sqltypes.py", line 1120, in _on_table_create
    t._on_table_create(target, bind, **kw)
  File "/usr/src/app/.venv/lib/python3.9/site-packages/sqlalchemy/dialects/postgresql/named_types.py", line 98, in _on_table_create
    self.create(bind=bind, checkfirst=checkfirst)
  File "/usr/src/app/.venv/lib/python3.9/site-packages/sqlalchemy/dialects/postgresql/named_types.py", line 338, in create
    super().create(bind, checkfirst=checkfirst)
  File "/usr/src/app/.venv/lib/python3.9/site-packages/sqlalchemy/dialects/postgresql/named_types.py", line 51, in create
    bind._run_ddl_visitor(self.DDLGenerator, self, checkfirst=checkfirst)
  File "/usr/src/app/.venv/lib/python3.9/site-packages/sqlalchemy/engine/base.py", line 2461, in _run_ddl_visitor
    visitorcallable(self.dialect, self, **kwargs).traverse_single(element)
  File "/usr/src/app/.venv/lib/python3.9/site-packages/sqlalchemy/sql/visitors.py", line 664, in traverse_single
    return meth(obj, **kw)
  File "/usr/src/app/.venv/lib/python3.9/site-packages/sqlalchemy/dialects/postgresql/named_types.py", line 153, in visit_enum
    self.connection.execute(CreateEnumType(enum))
  File "/usr/src/app/.venv/lib/python3.9/site-packages/sqlalchemy/engine/base.py", line 1422, in execute
    return meth(
  File "/usr/src/app/.venv/lib/python3.9/site-packages/sqlalchemy/sql/ddl.py", line 180, in _execute_on_connection
    return connection._execute_ddl(
  File "/usr/src/app/.venv/lib/python3.9/site-packages/sqlalchemy/engine/base.py", line 1533, in _execute_ddl
    ret = self._execute_context(
  File "/usr/src/app/.venv/lib/python3.9/site-packages/sqlalchemy/engine/base.py", line 1850, in _execute_context
    return self._exec_single_context(
  File "/usr/src/app/.venv/lib/python3.9/site-packages/sqlalchemy/engine/base.py", line 1990, in _exec_single_context
    self._handle_dbapi_exception(
  File "/usr/src/app/.venv/lib/python3.9/site-packages/sqlalchemy/engine/base.py", line 2357, in _handle_dbapi_exception
    raise sqlalchemy_exception.with_traceback(exc_info[2]) from e
  File "/usr/src/app/.venv/lib/python3.9/site-packages/sqlalchemy/engine/base.py", line 1971, in _exec_single_context
    self.dialect.do_execute(
  File "/usr/src/app/.venv/lib/python3.9/site-packages/sqlalchemy/engine/default.py", line 919, in do_execute
    cursor.execute(statement, parameters)
sqlalchemy.exc.ProgrammingError: (psycopg2.errors.DuplicateObject) type "project_country" already exists

[SQL: CREATE TYPE project_country AS ENUM ('AFG', 'ALA', 'ALB', 'DZA', 'ASM', 'AND', 'AGO', 'AIA', 'ATA', 'ATG', 'ARG', 'ARM', 'ABW', 'AUS', 'AUT', 'AZE', 'BHS', 'BHR', 'BGD', 'BRB', 'BLR', 'BEL', 'BLZ', 'BEN', 'BMU', 'BTN', 'BOL', 'BES', 'BIH', 'BWA', 'BVT', 'BRA', 'IOT', 'BRN', 'BGR', 'BFA', 'BDI', 'KHM', 'CMR', 'CAN', 'CPV', 'CYM', 'CAF', 'TCD', 'CHL', 'CHN', 'CXR', 'CCK', 'COL', 'COM', 'COG', 'COD', 'COK', 'CRI', 'CIV', 'HRV', 'CUB', 'CUW', 'CYP', 'CZE', 'DNK', 'DJI', 'DMA', 'DOM', 'ECU', 'EGY', 'SLV', 'GNQ', 'ERI', 'EST', 'ETH', 'FLK', 'FRO', 'FJI', 'FIN', 'FRA', 'GUF', 'PYF', 'ATF', 'GAB', 'GMB', 'GEO', 'DEU', 'GHA', 'GIB', 'GRC', 'GRL', 'GRD', 'GLP', 'GUM', 'GTM', 'GGY', 'GIN', 'GNB', 'GUY', 'HTI', 'HMD', 'VAT', 'HND', 'HKG', 'HUN', 'ISL', 'IND', 'IDN', 'IRN', 'IRQ', 'IRL', 'IMN', 'ISR', 'ITA', 'JAM', 'JPN', 'JEY', 'JOR', 'KAZ', 'KEN', 'KIR', 'PRK', 'KOR', 'XKX', 'KWT', 'KGZ', 'LAO', 'LVA', 'LBN', 'LSO', 'LBR', 'LBY', 'LIE', 'LTU', 'LUX', 'MAC', 'MKD', 'MDG', 'MWI', 'MYS', 'MDV', 'MLI', 'MLT', 'MHL', 'MTQ', 'MRT', 'MUS', 'MYT', 'MEX', 'FSM', 'MDA', 'MCO', 'MNG', 'MNE', 'MSR', 'MAR', 'MOZ', 'MMR', 'NAM', 'NRU', 'NPL', 'NLD', 'NCL', 'NZL', 'NIC', 'NER', 'NGA', 'NIU', 'NFK', 'MNP', 'NOR', 'OMN', 'PAK', 'PLW', 'PSE', 'PAN', 'PNG', 'PRY', 'PER', 'PHL', 'PCN', 'POL', 'PRT', 'PRI', 'QAT', 'REU', 'ROU', 'RUS', 'RWA', 'BLM', 'SHN', 'KNA', 'LCA', 'MAF', 'SPM', 'VCT', 'WSM', 'SMR', 'STP', 'SAU', 'SEN', 'SRB', 'SYC', 'SLE', 'SGP', 'SXM', 'SVK', 'SVN', 'SLB', 'SOM', 'ZAF', 'SGS', 'SSD', 'ESP', 'LKA', 'SDN', 'SUR', 'SJM', 'SWZ', 'SWE', 'CHE', 'SYR', 'TWN', 'TJK', 'TZA', 'THA', 'TLS', 'TGO', 'TKL', 'TON', 'TTO', 'TUN', 'TUR', 'TKM', 'TCA', 'TUV', 'UGA', 'UKR', 'ARE', 'GBR', 'USA', 'UMI', 'URY', 'UZB', 'VUT', 'VEN', 'VNM', 'VGB', 'VIR', 'WLF', 'ESH', 'YEM', 'ZMB', 'ZWE')]
(Background on this error at: https://sqlalche.me/e/20/f405)
]]></error>
			<system-err><![CDATA[INFO  [alembic.runtime.migration] Context impl PostgresqlImpl.
INFO  [alembic.runtime.migration] Will assume transactional DDL.
INFO  [alembic.runtime.migration] Running upgrade  -> 1af632eb25cf, empty message
]]></system-err>
		</testcase>
	</testsuite>
</testsuites>
